Archive member included to satisfy reference by file (symbol)

.\CortexM3\ARM_GCC_541\Debug\PSOC_arm_project.a(UART.o)
                              .\CortexM3\ARM_GCC_541\Debug\main.o (UART_Start)
.\CortexM3\ARM_GCC_541\Debug\PSOC_arm_project.a(isr_rx.o)
                              .\CortexM3\ARM_GCC_541\Debug\main.o (isr_rx_StartEx)
.\CortexM3\ARM_GCC_541\Debug\PSOC_arm_project.a(UART_IntClock.o)
                              .\CortexM3\ARM_GCC_541\Debug\PSOC_arm_project.a(UART.o) (UART_IntClock_Start)
.\CortexM3\ARM_GCC_541\Debug\PSOC_arm_project.a(CyLib.o)
                              .\CortexM3\ARM_GCC_541\Debug\Cm3Start.o (CyResetStatus)
.\CortexM3\ARM_GCC_541\Debug\PSOC_arm_project.a(cyPm.o)
                              .\CortexM3\ARM_GCC_541\Debug\PSOC_arm_project.a(CyLib.o) (CyPmReadStatus)
.\CortexM3\ARM_GCC_541\Debug\PSOC_arm_project.a(PWM_1.o)
                              .\CortexM3\ARM_GCC_541\Debug\main.o (PWM_1_Start)
.\CortexM3\ARM_GCC_541\Debug\PSOC_arm_project.a(Timer_1.o)
                              .\CortexM3\ARM_GCC_541\Debug\main.o (Timer_1_WriteCounter)
.\CortexM3\ARM_GCC_541\Debug\PSOC_arm_project.a(median_timer.o)
                              .\CortexM3\ARM_GCC_541\Debug\main.o (median_timer_Start)
.\CortexM3\ARM_GCC_541\Debug\PSOC_arm_project.a(update_median_isr.o)
                              .\CortexM3\ARM_GCC_541\Debug\main.o (update_median_isr_StartEx)
.\CortexM3\ARM_GCC_541\Debug\PSOC_arm_project.a(PWM_0.o)
                              .\CortexM3\ARM_GCC_541\Debug\main.o (PWM_0_Start)
.\CortexM3\ARM_GCC_541\Debug\PSOC_arm_project.a(ADC_0.o)
                              .\CortexM3\ARM_GCC_541\Debug\main.o (ADC_0_Start)
.\CortexM3\ARM_GCC_541\Debug\PSOC_arm_project.a(ADC_0_INT.o)
                              .\CortexM3\ARM_GCC_541\Debug\PSOC_arm_project.a(ADC_0.o) (ADC_0_ISR)
.\CortexM3\ARM_GCC_541\Debug\PSOC_arm_project.a(AMux_0.o)
                              .\CortexM3\ARM_GCC_541\Debug\main.o (AMux_0_Start)
.\CortexM3\ARM_GCC_541\Debug\PSOC_arm_project.a(PWM_2.o)
                              .\CortexM3\ARM_GCC_541\Debug\main.o (PWM_2_Start)
.\CortexM3\ARM_GCC_541\Debug\PSOC_arm_project.a(PWM_3.o)
                              .\CortexM3\ARM_GCC_541\Debug\main.o (PWM_3_Start)
.\CortexM3\ARM_GCC_541\Debug\PSOC_arm_project.a(ADC_0_theACLK.o)
                              .\CortexM3\ARM_GCC_541\Debug\PSOC_arm_project.a(ADC_0.o) (ADC_0_theACLK_SetModeRegister)
.\CortexM3\ARM_GCC_541\Debug\PSOC_arm_project.a(EEPROM.o)
                              .\CortexM3\ARM_GCC_541\Debug\main.o (EEPROM_Start)
.\CortexM3\ARM_GCC_541\Debug\PSOC_arm_project.a(CyBootAsmGnu.o)
                              .\CortexM3\ARM_GCC_541\Debug\cyfitter_cfg.o (CyDelayCycles)
.\CortexM3\ARM_GCC_541\Debug\PSOC_arm_project.a(CyScBoostClk.o)
                              .\CortexM3\ARM_GCC_541\Debug\PSOC_arm_project.a(CyLib.o) (CyScBoostClk_Start)
.\CortexM3\ARM_GCC_541\Debug\PSOC_arm_project.a(CyFlash.o)
                              .\CortexM3\ARM_GCC_541\Debug\PSOC_arm_project.a(EEPROM.o) (dieTemperature)
.\CortexM3\ARM_GCC_541\Debug\PSOC_arm_project.a(CySpc.o)
                              .\CortexM3\ARM_GCC_541\Debug\PSOC_arm_project.a(EEPROM.o) (CySpcStart)
c:/program files (x86)/cypress/psoc creator/4.2/psoc creator/import/gnu/arm/5.4.1/bin/../lib/gcc/arm-none-eabi/5.4.1/armv7-m\libgcc.a(_arm_addsubdf3.o)
                              .\CortexM3\ARM_GCC_541\Debug\main.o (__aeabi_dsub)
c:/program files (x86)/cypress/psoc creator/4.2/psoc creator/import/gnu/arm/5.4.1/bin/../lib/gcc/arm-none-eabi/5.4.1/armv7-m\libgcc.a(_arm_muldivdf3.o)
                              .\CortexM3\ARM_GCC_541\Debug\main.o (__aeabi_dmul)
c:/program files (x86)/cypress/psoc creator/4.2/psoc creator/import/gnu/arm/5.4.1/bin/../lib/gcc/arm-none-eabi/5.4.1/armv7-m\libgcc.a(_arm_cmpdf2.o)
                              .\CortexM3\ARM_GCC_541\Debug\main.o (__aeabi_dcmplt)
c:/program files (x86)/cypress/psoc creator/4.2/psoc creator/import/gnu/arm/5.4.1/bin/../lib/gcc/arm-none-eabi/5.4.1/armv7-m\libgcc.a(_arm_fixdfsi.o)
                              .\CortexM3\ARM_GCC_541\Debug\main.o (__aeabi_d2iz)
c:/program files (x86)/cypress/psoc creator/4.2/psoc creator/import/gnu/arm/5.4.1/bin/../lib/gcc/arm-none-eabi/5.4.1/armv7-m\libgcc.a(_arm_addsubsf3.o)
                              .\CortexM3\ARM_GCC_541\Debug\PSOC_arm_project.a(ADC_0.o) (__aeabi_i2f)
c:/program files (x86)/cypress/psoc creator/4.2/psoc creator/import/gnu/arm/5.4.1/bin/../lib/gcc/arm-none-eabi/5.4.1/armv7-m\libgcc.a(_arm_muldivsf3.o)
                              .\CortexM3\ARM_GCC_541\Debug\PSOC_arm_project.a(ADC_0.o) (__aeabi_fmul)
c:/program files (x86)/cypress/psoc creator/4.2/psoc creator/import/gnu/arm/5.4.1/bin/../lib/gcc/arm-none-eabi/5.4.1/armv7-m\libgcc.a(_aeabi_ldivmod.o)
                              .\CortexM3\ARM_GCC_541\Debug\PSOC_arm_project.a(ADC_0.o) (__aeabi_ldivmod)
[...]
Memory Configuration

Name             Origin             Length             Attributes
rom              0x00000000         0x00040000         xr
ram              0x1fff8000         0x00010000         xrw
*default*        0x00000000         0xffffffff

Linker script and memory map

LOAD c:/program files (x86)/cypress/psoc creator/4.2/psoc creator/import/gnu/arm/5.4.1/bin/../lib/gcc/arm-none-eabi/5.4.1/armv7-m/crti.o
LOAD c:/program files (x86)/cypress/psoc creator/4.2/psoc creator/import/gnu/arm/5.4.1/bin/../lib/gcc/arm-none-eabi/5.4.1/armv7-m/crtbegin.o
LOAD c:/program files (x86)/cypress/psoc creator/4.2/psoc creator/import/gnu/arm/5.4.1/bin/../lib/gcc/arm-none-eabi/5.4.1/../../../../arm-none-eabi/lib/armv7-m/crt0.o
START GROUP
LOAD .\CortexM3\ARM_GCC_541\Debug\main.o
LOAD .\CortexM3\ARM_GCC_541\Debug\debug.o
LOAD .\CortexM3\ARM_GCC_541\Debug\cyfitter_cfg.o
LOAD .\CortexM3\ARM_GCC_541\Debug\cymetadata.o
LOAD .\CortexM3\ARM_GCC_541\Debug\Cm3Start.o
LOAD .\CortexM3\ARM_GCC_541\Debug\PSOC_arm_project.a
LOAD C:\Program Files (x86)\Cypress\PSoC Creator\4.2\PSoC Creator\psoc\content\cycomponentlibrary\CyComponentLibrary.cylib\CortexM3\ARM_GCC_541\Debug\CyComponentLibrary.a
LOAD c:/program files (x86)/cypress/psoc creator/4.2/psoc creator/import/gnu/arm/5.4.1/bin/../lib/gcc/arm-none-eabi/5.4.1/../../../../arm-none-eabi/lib/armv7-m\libm.a
END GROUP
START GROUP
LOAD c:/program files (x86)/cypress/psoc creator/4.2/psoc creator/import/gnu/arm/5.4.1/bin/../lib/gcc/arm-none-eabi/5.4.1/armv7-m\libgcc.a
LOAD c:/program files (x86)/cypress/psoc creator/4.2/psoc creator/import/gnu/arm/5.4.1/bin/../lib/gcc/arm-none-eabi/5.4.1/../../../../arm-none-eabi/lib/armv7-m\libg_nano.a
LOAD c:/program files (x86)/cypress/psoc creator/4.2/psoc creator/import/gnu/arm/5.4.1/bin/../lib/gcc/arm-none-eabi/5.4.1/../../../../arm-none-eabi/lib/armv7-m\libc_nano.a
END GROUP
START GROUP
LOAD c:/program files (x86)/cypress/psoc creator/4.2/psoc creator/import/gnu/arm/5.4.1/bin/../lib/gcc/arm-none-eabi/5.4.1/armv7-m\libgcc.a
LOAD c:/program files (x86)/cypress/psoc creator/4.2/psoc creator/import/gnu/arm/5.4.1/bin/../lib/gcc/arm-none-eabi/5.4.1/../../../../arm-none-eabi/lib/armv7-m\libc_nano.a
END GROUP
LOAD c:/program files (x86)/cypress/psoc creator/4.2/psoc creator/import/gnu/arm/5.4.1/bin/../lib/gcc/arm-none-eabi/5.4.1/armv7-m/crtend.o
LOAD c:/program files (x86)/cypress/psoc creator/4.2/psoc creator/import/gnu/arm/5.4.1/bin/../lib/gcc/arm-none-eabi/5.4.1/armv7-m/crtn.o
START GROUP
LOAD c:/program files (x86)/cypress/psoc creator/4.2/psoc creator/import/gnu/arm/5.4.1/bin/../lib/gcc/arm-none-eabi/5.4.1/armv7-m\libgcc.a
LOAD c:/program files (x86)/cypress/psoc creator/4.2/psoc creator/import/gnu/arm/5.4.1/bin/../lib/gcc/arm-none-eabi/5.4.1/../../../../arm-none-eabi/lib/armv7-m\libc.a
LOAD c:/program files (x86)/cypress/psoc creator/4.2/psoc creator/import/gnu/arm/5.4.1/bin/../lib/gcc/arm-none-eabi/5.4.1/../../../../arm-none-eabi/lib/armv7-m\libnosys.a
END GROUP
                0x00000000                CY_APPL_ORIGIN = 0x0
                0x00000100                CY_FLASH_ROW_SIZE = 0x100
                0x00000020                CY_ECC_ROW_SIZE = 0x20
                0x00000000                CY_EE_IN_BTLDR = 0x0
                0x00000000                CY_APPL_LOADABLE = 0x0
                0x00000800                CY_EE_SIZE = 0x800
                0x00000001                CY_APPL_NUM = 0x1
                0x00000001                CY_APPL_MAX = 0x1
                0x00000040                CY_METADATA_SIZE = 0x40
                0x00000000                CY_APPL_LOADABLE = 0x0
                0x00000000                CY_CHECKSUM_EXCLUDE_SIZE = ALIGN (0x0, CY_FLASH_ROW_SIZE)
                [!provide]                PROVIDE (__cy_heap_start, _end)
                0x00000001                PROVIDE (__cy_region_num, ((__cy_regions_end - __cy_regions) / 0x10))
                0x20008000                PROVIDE (__cy_stack, (ORIGIN (ram) + LENGTH (ram)))
                [!provide]                PROVIDE (__cy_heap_end, (__cy_stack - 0x800))

.cybootloader   0x00000000        0x0
 *(.cybootloader)
                0x00000000                appl1_start = CY_APPL_ORIGIN?CY_APPL_ORIGIN:ALIGN (CY_FLASH_ROW_SIZE)
                0x0001ff00                appl2_start = (appl1_start + ALIGN ((((LENGTH (rom) - appl1_start) - (0x2 * CY_FLASH_ROW_SIZE)) / 0x2), CY_FLASH_ROW_SIZE))
                0x00000000                appl_start = (CY_APPL_NUM == 0x1)?appl1_start:appl2_start
                0x00000000                ecc_offset = ((appl_start / CY_FLASH_ROW_SIZE) * CY_ECC_ROW_SIZE)
                0x00000000                ee_offset = (CY_APPL_LOADABLE && ! (CY_EE_IN_BTLDR))?((CY_EE_SIZE / CY_APPL_MAX) * (CY_APPL_NUM - 0x1)):0x0
                0x00000800                ee_size = (CY_APPL_LOADABLE && ! (CY_EE_IN_BTLDR))?(CY_EE_SIZE / CY_APPL_MAX):CY_EE_SIZE
                [!provide]                PROVIDE (CY_ECC_OFFSET, ecc_offset)

.text           0x00000000     0x6978
 CREATE_OBJECT_SYMBOLS
                0x00000000                PROVIDE (__cy_interrupt_vector, RomVectors)
 *(.romvectors)
 .romvectors    0x00000000       0x10 .\CortexM3\ARM_GCC_541\Debug\Cm3Start.o
                0x00000000                RomVectors
                0x00000001                ASSERT ((. != __cy_interrupt_vector), No interrupt vector)
                0x00000001                ASSERT (CY_APPL_ORIGIN?(SIZEOF (.cybootloader) <= CY_APPL_ORIGIN):0x1, Wrong image location)
                0x00000010                PROVIDE (__cy_reset, Reset)
 *(.text.Reset)
 .text.Reset    0x00000010       0x18 .\CortexM3\ARM_GCC_541\Debug\Cm3Start.o
                0x00000010                Reset
                0x00000001                ASSERT ((. != __cy_reset), No reset code)
 *(.dma_init)
                0x00000001                ASSERT ((((appl_start + .) <= 0x10000) || 0x1), DMA Init must be within the first 64k of flash)
 *(.text .text.* .gnu.linkonce.t.*)
 .text          0x00000028       0x5c c:/program files (x86)/cypress/psoc creator/4.2/psoc creator/import/gnu/arm/5.4.1/bin/../lib/gcc/arm-none-eabi/5.4.1/armv7-m/crtbegin.o
 .text.writePWM
                0x00000084       0x78 .\CortexM3\ARM_GCC_541\Debug\main.o
                0x00000084                writePWM
 .text.pulseCheck
                0x000000fc       0x54 .\CortexM3\ARM_GCC_541\Debug\main.o
                0x000000fc                pulseCheck
 .text.adc_update
                0x00000150      0x16c .\CortexM3\ARM_GCC_541\Debug\main.o
                0x00000150                adc_update
 .text.RxIsr    0x000002bc      0x31c .\CortexM3\ARM_GCC_541\Debug\main.o
                0x000002bc                RxIsr
 .text.main     0x000005d8      0x6c8 .\CortexM3\ARM_GCC_541\Debug\main.o
                0x000005d8                main
 .text.CYMEMZERO
                0x00000ca0       0x1c .\CortexM3\ARM_GCC_541\Debug\cyfitter_cfg.o
 .text.CYCONFIGCPY
                0x00000cbc       0x20 .\CortexM3\ARM_GCC_541\Debug\cyfitter_cfg.o
 .text.CyClockStartupError
                0x00000cdc        0xc .\CortexM3\ARM_GCC_541\Debug\cyfitter_cfg.o
 .text.cfg_write_bytes32
                0x00000ce8       0x74 .\CortexM3\ARM_GCC_541\Debug\cyfitter_cfg.o
 .text.ClockSetup
                0x00000d5c      0x158 .\CortexM3\ARM_GCC_541\Debug\cyfitter_cfg.o
 .text.AnalogSetDefault
                0x00000eb4       0xb0 .\CortexM3\ARM_GCC_541\Debug\cyfitter_cfg.o
 .text.AMux_0_Set
                0x00000f64       0xb8 .\CortexM3\ARM_GCC_541\Debug\cyfitter_cfg.o
                0x00000f64                AMux_0_Set
 .text.AMux_0_Unset
                0x0000101c       0xc4 .\CortexM3\ARM_GCC_541\Debug\cyfitter_cfg.o
                0x0000101c                AMux_0_Unset
 .text.cyfitter_cfg
                0x000010e0      0x17c .\CortexM3\ARM_GCC_541\Debug\cyfitter_cfg.o
                0x000010e0                cyfitter_cfg
 .text.IntDefaultHandler
                0x0000125c       0x14 .\CortexM3\ARM_GCC_541\Debug\Cm3Start.o
                0x0000125c                IntDefaultHandler
 .text._sbrk    0x00001270       0x54 .\CortexM3\ARM_GCC_541\Debug\Cm3Start.o
                0x00001270                _sbrk
 .text.Start_c  0x000012c4       0x98 .\CortexM3\ARM_GCC_541\Debug\Cm3Start.o
                0x000012c4                Start_c
 .text.initialize_psoc
                0x0000135c       0x90 .\CortexM3\ARM_GCC_541\Debug\Cm3Start.o
                0x0000135c                initialize_psoc
 .text.UART_Start
                0x000013ec       0x24 .\CortexM3\ARM_GCC_541\Debug\PSOC_arm_project.a(UART.o)
                0x000013ec                UART_Start
 .text.UART_Init
                0x00001410       0x40 .\CortexM3\ARM_GCC_541\Debug\PSOC_arm_project.a(UART.o)
                0x00001410                UART_Init
 .text.UART_Enable
                0x00001450       0x60 .\CortexM3\ARM_GCC_541\Debug\PSOC_arm_project.a(UART.o)
                0x00001450                UART_Enable
 .text.UART_ReadRxStatus
                0x000014b0       0x24 .\CortexM3\ARM_GCC_541\Debug\PSOC_arm_project.a(UART.o)
                0x000014b0                UART_ReadRxStatus
 .text.UART_ClearRxBuffer
                0x000014d4       0x44 .\CortexM3\ARM_GCC_541\Debug\PSOC_arm_project.a(UART.o)
                0x000014d4                UART_ClearRxBuffer
 .text.UART_PutChar
                0x00001518       0x34 .\CortexM3\ARM_GCC_541\Debug\PSOC_arm_project.a(UART.o)
                0x00001518                UART_PutChar
 .text.UART_PutString
                0x0000154c       0x44 .\CortexM3\ARM_GCC_541\Debug\PSOC_arm_project.a(UART.o)
                0x0000154c                UART_PutString
 .text.isr_rx_StartEx
                0x00001590       0x24 .\CortexM3\ARM_GCC_541\Debug\PSOC_arm_project.a(isr_rx.o)
                0x00001590                isr_rx_StartEx
 .text.isr_rx_SetVector
                0x000015b4       0x24 .\CortexM3\ARM_GCC_541\Debug\PSOC_arm_project.a(isr_rx.o)
                0x000015b4                isr_rx_SetVector
 .text.isr_rx_SetPriority
                0x000015d8       0x24 .\CortexM3\ARM_GCC_541\Debug\PSOC_arm_project.a(isr_rx.o)
                0x000015d8                isr_rx_SetPriority
 .text.isr_rx_Enable
                0x000015fc       0x18 .\CortexM3\ARM_GCC_541\Debug\PSOC_arm_project.a(isr_rx.o)
                0x000015fc                isr_rx_Enable
 .text.isr_rx_Disable
                0x00001614       0x18 .\CortexM3\ARM_GCC_541\Debug\PSOC_arm_project.a(isr_rx.o)
                0x00001614                isr_rx_Disable
 .text.UART_IntClock_Start
                0x0000162c       0x34 .\CortexM3\ARM_GCC_541\Debug\PSOC_arm_project.a(UART_IntClock.o)
                0x0000162c                UART_IntClock_Start
 .text.CyHalt   0x00001660       0x18 .\CortexM3\ARM_GCC_541\Debug\PSOC_arm_project.a(CyLib.o)
                0x00001660                CyHalt
 .text.CyDelay  0x00001678       0x44 .\CortexM3\ARM_GCC_541\Debug\PSOC_arm_project.a(CyLib.o)
                0x00001678                CyDelay
 .text.CyDelayUs
                0x000016bc       0x28 .\CortexM3\ARM_GCC_541\Debug\PSOC_arm_project.a(CyLib.o)
                0x000016bc                CyDelayUs
 .text.CyIntSetVector
                0x000016e4       0x50 .\CortexM3\ARM_GCC_541\Debug\PSOC_arm_project.a(CyLib.o)
                0x000016e4                CyIntSetVector
 .text.CyIntSetPriority
                0x00001734       0x48 .\CortexM3\ARM_GCC_541\Debug\PSOC_arm_project.a(CyLib.o)
                0x00001734                CyIntSetPriority
 .text.PWM_1_Start
                0x0000177c       0x24 .\CortexM3\ARM_GCC_541\Debug\PSOC_arm_project.a(PWM_1.o)
                0x0000177c                PWM_1_Start
 .text.PWM_1_Init
                0x000017a0       0x94 .\CortexM3\ARM_GCC_541\Debug\PSOC_arm_project.a(PWM_1.o)
                0x000017a0                PWM_1_Init
 .text.PWM_1_Enable
                0x00001834       0x20 .\CortexM3\ARM_GCC_541\Debug\PSOC_arm_project.a(PWM_1.o)
                0x00001834                PWM_1_Enable
 .text.PWM_1_WriteCounter
                0x00001854       0x20 .\CortexM3\ARM_GCC_541\Debug\PSOC_arm_project.a(PWM_1.o)
                0x00001854                PWM_1_WriteCounter
 .text.PWM_1_ClearFIFO
                0x00001874       0x1c .\CortexM3\ARM_GCC_541\Debug\PSOC_arm_project.a(PWM_1.o)
                0x00001874                PWM_1_ClearFIFO
 .text.PWM_1_WritePeriod
                0x00001890       0x20 .\CortexM3\ARM_GCC_541\Debug\PSOC_arm_project.a(PWM_1.o)
                0x00001890                PWM_1_WritePeriod
 .text.PWM_1_WriteCompare
                0x000018b0       0x20 .\CortexM3\ARM_GCC_541\Debug\PSOC_arm_project.a(PWM_1.o)
                0x000018b0                PWM_1_WriteCompare
 .text.PWM_1_SetInterruptMode
                0x000018d0       0x20 .\CortexM3\ARM_GCC_541\Debug\PSOC_arm_project.a(PWM_1.o)
                0x000018d0                PWM_1_SetInterruptMode
 .text.PWM_1_ReadStatusRegister
                0x000018f0       0x18 .\CortexM3\ARM_GCC_541\Debug\PSOC_arm_project.a(PWM_1.o)
                0x000018f0                PWM_1_ReadStatusRegister
 .text.PWM_1_ReadCapture
                0x00001908       0x18 .\CortexM3\ARM_GCC_541\Debug\PSOC_arm_project.a(PWM_1.o)
                0x00001908                PWM_1_ReadCapture
 .text.Timer_1_Init
                0x00001920       0x4c .\CortexM3\ARM_GCC_541\Debug\PSOC_arm_project.a(Timer_1.o)
                0x00001920                Timer_1_Init
 .text.Timer_1_Enable
                0x0000196c       0x20 .\CortexM3\ARM_GCC_541\Debug\PSOC_arm_project.a(Timer_1.o)
                0x0000196c                Timer_1_Enable
 .text.Timer_1_Start
                0x0000198c       0x24 .\CortexM3\ARM_GCC_541\Debug\PSOC_arm_project.a(Timer_1.o)
                0x0000198c                Timer_1_Start
 .text.Timer_1_SetInterruptMode
                0x000019b0       0x20 .\CortexM3\ARM_GCC_541\Debug\PSOC_arm_project.a(Timer_1.o)
                0x000019b0                Timer_1_SetInterruptMode
 .text.Timer_1_ReadStatusRegister
                0x000019d0       0x18 .\CortexM3\ARM_GCC_541\Debug\PSOC_arm_project.a(Timer_1.o)
                0x000019d0                Timer_1_ReadStatusRegister
 .text.Timer_1_WritePeriod
                0x000019e8       0x20 .\CortexM3\ARM_GCC_541\Debug\PSOC_arm_project.a(Timer_1.o)
                0x000019e8                Timer_1_WritePeriod
 .text.Timer_1_ReadCapture
                0x00001a08       0x18 .\CortexM3\ARM_GCC_541\Debug\PSOC_arm_project.a(Timer_1.o)
                0x00001a08                Timer_1_ReadCapture
 .text.Timer_1_WriteCounter
                0x00001a20       0x20 .\CortexM3\ARM_GCC_541\Debug\PSOC_arm_project.a(Timer_1.o)
                0x00001a20                Timer_1_WriteCounter
 .text.Timer_1_ReadCounter
                0x00001a40       0x20 .\CortexM3\ARM_GCC_541\Debug\PSOC_arm_project.a(Timer_1.o)
                0x00001a40                Timer_1_ReadCounter
 .text.Timer_1_ClearFIFO
                0x00001a60       0x1c .\CortexM3\ARM_GCC_541\Debug\PSOC_arm_project.a(Timer_1.o)
                0x00001a60                Timer_1_ClearFIFO
 .text.median_timer_Init
                0x00001a7c       0xa0 .\CortexM3\ARM_GCC_541\Debug\PSOC_arm_project.a(median_timer.o)
                0x00001a7c                median_timer_Init
 .text.median_timer_Enable
                0x00001b1c       0x48 .\CortexM3\ARM_GCC_541\Debug\PSOC_arm_project.a(median_timer.o)
                0x00001b1c                median_timer_Enable
 .text.median_timer_Start
                0x00001b64       0x24 .\CortexM3\ARM_GCC_541\Debug\PSOC_arm_project.a(median_timer.o)
                0x00001b64                median_timer_Start
 .text.median_timer_SetInterruptMode
                0x00001b88       0x20 .\CortexM3\ARM_GCC_541\Debug\PSOC_arm_project.a(median_timer.o)
                0x00001b88                median_timer_SetInterruptMode
 .text.median_timer_WritePeriod
                0x00001ba8       0x24 .\CortexM3\ARM_GCC_541\Debug\PSOC_arm_project.a(median_timer.o)
                0x00001ba8                median_timer_WritePeriod
 .text.median_timer_WriteCounter
                0x00001bcc       0x20 .\CortexM3\ARM_GCC_541\Debug\PSOC_arm_project.a(median_timer.o)
                0x00001bcc                median_timer_WriteCounter
 .text.update_median_isr_StartEx
                0x00001bec       0x24 .\CortexM3\ARM_GCC_541\Debug\PSOC_arm_project.a(update_median_isr.o)
                0x00001bec                update_median_isr_StartEx
 .text.update_median_isr_SetVector
                0x00001c10       0x24 .\CortexM3\ARM_GCC_541\Debug\PSOC_arm_project.a(update_median_isr.o)
                0x00001c10                update_median_isr_SetVector
 .text.update_median_isr_SetPriority
                0x00001c34       0x24 .\CortexM3\ARM_GCC_541\Debug\PSOC_arm_project.a(update_median_isr.o)
                0x00001c34                update_median_isr_SetPriority
 .text.update_median_isr_Enable
                0x00001c58       0x18 .\CortexM3\ARM_GCC_541\Debug\PSOC_arm_project.a(update_median_isr.o)
                0x00001c58                update_median_isr_Enable
 .text.update_median_isr_Disable
                0x00001c70       0x18 .\CortexM3\ARM_GCC_541\Debug\PSOC_arm_project.a(update_median_isr.o)
                0x00001c70                update_median_isr_Disable
 .text.update_median_isr_ClearPending
                0x00001c88       0x18 .\CortexM3\ARM_GCC_541\Debug\PSOC_arm_project.a(update_median_isr.o)
                0x00001c88                update_median_isr_ClearPending
 .text.PWM_0_Start
                0x00001ca0       0x24 .\CortexM3\ARM_GCC_541\Debug\PSOC_arm_project.a(PWM_0.o)
                0x00001ca0                PWM_0_Start
 .text.PWM_0_Init
                0x00001cc4       0x94 .\CortexM3\ARM_GCC_541\Debug\PSOC_arm_project.a(PWM_0.o)
                0x00001cc4                PWM_0_Init
 .text.PWM_0_Enable
                0x00001d58       0x20 .\CortexM3\ARM_GCC_541\Debug\PSOC_arm_project.a(PWM_0.o)
                0x00001d58                PWM_0_Enable
 .text.PWM_0_WriteCounter
                0x00001d78       0x20 .\CortexM3\ARM_GCC_541\Debug\PSOC_arm_project.a(PWM_0.o)
                0x00001d78                PWM_0_WriteCounter
 .text.PWM_0_ClearFIFO
                0x00001d98       0x1c .\CortexM3\ARM_GCC_541\Debug\PSOC_arm_project.a(PWM_0.o)
                0x00001d98                PWM_0_ClearFIFO
 .text.PWM_0_WritePeriod
                0x00001db4       0x20 .\CortexM3\ARM_GCC_541\Debug\PSOC_arm_project.a(PWM_0.o)
                0x00001db4                PWM_0_WritePeriod
 .text.PWM_0_WriteCompare
                0x00001dd4       0x20 .\CortexM3\ARM_GCC_541\Debug\PSOC_arm_project.a(PWM_0.o)
                0x00001dd4                PWM_0_WriteCompare
 .text.PWM_0_SetInterruptMode
                0x00001df4       0x20 .\CortexM3\ARM_GCC_541\Debug\PSOC_arm_project.a(PWM_0.o)
                0x00001df4                PWM_0_SetInterruptMode
 .text.PWM_0_ReadStatusRegister
                0x00001e14       0x18 .\CortexM3\ARM_GCC_541\Debug\PSOC_arm_project.a(PWM_0.o)
                0x00001e14                PWM_0_ReadStatusRegister
 .text.PWM_0_ReadCapture
                0x00001e2c       0x18 .\CortexM3\ARM_GCC_541\Debug\PSOC_arm_project.a(PWM_0.o)
                0x00001e2c                PWM_0_ReadCapture
 .text.ADC_0_Start
                0x00001e44       0x24 .\CortexM3\ARM_GCC_541\Debug\PSOC_arm_project.a(ADC_0.o)
                0x00001e44                ADC_0_Start
 .text.ADC_0_Init
                0x00001e68       0x48 .\CortexM3\ARM_GCC_541\Debug\PSOC_arm_project.a(ADC_0.o)
                0x00001e68                ADC_0_Init
 .text.ADC_0_Enable
                0x00001eb0       0xf4 .\CortexM3\ARM_GCC_541\Debug\PSOC_arm_project.a(ADC_0.o)
                0x00001eb0                ADC_0_Enable
 .text.ADC_0_SetResolution
                0x00001fa4       0x54 .\CortexM3\ARM_GCC_541\Debug\PSOC_arm_project.a(ADC_0.o)
                0x00001fa4                ADC_0_SetResolution
 .text.ADC_0_StartConvert
                0x00001ff8       0x20 .\CortexM3\ARM_GCC_541\Debug\PSOC_arm_project.a(ADC_0.o)
                0x00001ff8                ADC_0_StartConvert
 .text.ADC_0_IsEndConversion
                0x00002018       0x40 .\CortexM3\ARM_GCC_541\Debug\PSOC_arm_project.a(ADC_0.o)
                0x00002018                ADC_0_IsEndConversion
 .text.ADC_0_GetResult16
                0x00002058       0x30 .\CortexM3\ARM_GCC_541\Debug\PSOC_arm_project.a(ADC_0.o)
                0x00002058                ADC_0_GetResult16
 .text.ADC_0_CalcGain
                0x00002088       0x80 .\CortexM3\ARM_GCC_541\Debug\PSOC_arm_project.a(ADC_0.o)
 .text.ADC_0_ISR
                0x00002108        0xc .\CortexM3\ARM_GCC_541\Debug\PSOC_arm_project.a(ADC_0_INT.o)
                0x00002108                ADC_0_ISR
 .text.AMux_0_Start
                0x00002114       0x34 .\CortexM3\ARM_GCC_541\Debug\PSOC_arm_project.a(AMux_0.o)
                0x00002114                AMux_0_Start
 .text.AMux_0_FastSelect
                0x00002148       0x38 .\CortexM3\ARM_GCC_541\Debug\PSOC_arm_project.a(AMux_0.o)
                0x00002148                AMux_0_FastSelect
 .text.PWM_2_Start
                0x00002180       0x24 .\CortexM3\ARM_GCC_541\Debug\PSOC_arm_project.a(PWM_2.o)
                0x00002180                PWM_2_Start
 .text.PWM_2_Init
                0x000021a4       0x94 .\CortexM3\ARM_GCC_541\Debug\PSOC_arm_project.a(PWM_2.o)
                0x000021a4                PWM_2_Init
 .text.PWM_2_Enable
                0x00002238       0x20 .\CortexM3\ARM_GCC_541\Debug\PSOC_arm_project.a(PWM_2.o)
                0x00002238                PWM_2_Enable
 .text.PWM_2_WriteCounter
                0x00002258       0x20 .\CortexM3\ARM_GCC_541\Debug\PSOC_arm_project.a(PWM_2.o)
                0x00002258                PWM_2_WriteCounter
 .text.PWM_2_ClearFIFO
                0x00002278       0x1c .\CortexM3\ARM_GCC_541\Debug\PSOC_arm_project.a(PWM_2.o)
                0x00002278                PWM_2_ClearFIFO
 .text.PWM_2_WritePeriod
                0x00002294       0x20 .\CortexM3\ARM_GCC_541\Debug\PSOC_arm_project.a(PWM_2.o)
                0x00002294                PWM_2_WritePeriod
 .text.PWM_2_WriteCompare
                0x000022b4       0x20 .\CortexM3\ARM_GCC_541\Debug\PSOC_arm_project.a(PWM_2.o)
                0x000022b4                PWM_2_WriteCompare
 .text.PWM_2_SetInterruptMode
                0x000022d4       0x20 .\CortexM3\ARM_GCC_541\Debug\PSOC_arm_project.a(PWM_2.o)
                0x000022d4                PWM_2_SetInterruptMode
 .text.PWM_2_ReadStatusRegister
                0x000022f4       0x18 .\CortexM3\ARM_GCC_541\Debug\PSOC_arm_project.a(PWM_2.o)
                0x000022f4                PWM_2_ReadStatusRegister
 .text.PWM_2_ReadCapture
                0x0000230c       0x18 .\CortexM3\ARM_GCC_541\Debug\PSOC_arm_project.a(PWM_2.o)
                0x0000230c                PWM_2_ReadCapture
 .text.PWM_3_Start
                0x00002324       0x24 .\CortexM3\ARM_GCC_541\Debug\PSOC_arm_project.a(PWM_3.o)
                0x00002324                PWM_3_Start
 .text.PWM_3_Init
                0x00002348       0x94 .\CortexM3\ARM_GCC_541\Debug\PSOC_arm_project.a(PWM_3.o)
                0x00002348                PWM_3_Init
 .text.PWM_3_Enable
                0x000023dc       0x20 .\CortexM3\ARM_GCC_541\Debug\PSOC_arm_project.a(PWM_3.o)
                0x000023dc                PWM_3_Enable
 .text.PWM_3_WriteCounter
                0x000023fc       0x20 .\CortexM3\ARM_GCC_541\Debug\PSOC_arm_project.a(PWM_3.o)
                0x000023fc                PWM_3_WriteCounter
 .text.PWM_3_ClearFIFO
                0x0000241c       0x1c .\CortexM3\ARM_GCC_541\Debug\PSOC_arm_project.a(PWM_3.o)
                0x0000241c                PWM_3_ClearFIFO
 .text.PWM_3_WritePeriod
                0x00002438       0x20 .\CortexM3\ARM_GCC_541\Debug\PSOC_arm_project.a(PWM_3.o)
                0x00002438                PWM_3_WritePeriod
 .text.PWM_3_WriteCompare
                0x00002458       0x20 .\CortexM3\ARM_GCC_541\Debug\PSOC_arm_project.a(PWM_3.o)
                0x00002458                PWM_3_WriteCompare
 .text.PWM_3_SetInterruptMode
                0x00002478       0x20 .\CortexM3\ARM_GCC_541\Debug\PSOC_arm_project.a(PWM_3.o)
                0x00002478                PWM_3_SetInterruptMode
 .text.PWM_3_ReadStatusRegister
                0x00002498       0x18 .\CortexM3\ARM_GCC_541\Debug\PSOC_arm_project.a(PWM_3.o)
                0x00002498                PWM_3_ReadStatusRegister
 .text.PWM_3_ReadCapture
                0x000024b0       0x18 .\CortexM3\ARM_GCC_541\Debug\PSOC_arm_project.a(PWM_3.o)
                0x000024b0                PWM_3_ReadCapture
 .text.ADC_0_theACLK_SetModeRegister
                0x000024c8       0x34 .\CortexM3\ARM_GCC_541\Debug\PSOC_arm_project.a(ADC_0_theACLK.o)
                0x000024c8                ADC_0_theACLK_SetModeRegister
 .text.EEPROM_Enable
                0x000024fc       0x10 .\CortexM3\ARM_GCC_541\Debug\PSOC_arm_project.a(EEPROM.o)
                0x000024fc                EEPROM_Enable
 .text.EEPROM_Start
                0x0000250c        0xc .\CortexM3\ARM_GCC_541\Debug\PSOC_arm_project.a(EEPROM.o)
                0x0000250c                EEPROM_Start
 .text.EEPROM_ReadByte
                0x00002518       0x3c .\CortexM3\ARM_GCC_541\Debug\PSOC_arm_project.a(EEPROM.o)
                0x00002518                EEPROM_ReadByte
 .text.EEPROM_UpdateTemperature
                0x00002554       0x10 .\CortexM3\ARM_GCC_541\Debug\PSOC_arm_project.a(EEPROM.o)
                0x00002554                EEPROM_UpdateTemperature
 *fill*         0x00002564        0x4 
 .text          0x00002568       0x20 .\CortexM3\ARM_GCC_541\Debug\PSOC_arm_project.a(CyBootAsmGnu.o)
                0x00002568                CyDelayCycles
                0x00002578                CyEnterCriticalSection
                0x00002580                CyExitCriticalSection
 .text.CySetTempInt
                0x00002588       0x7c .\CortexM3\ARM_GCC_541\Debug\PSOC_arm_project.a(CyFlash.o)
 .text.CyFlashGetSpcAlgorithm
                0x00002604       0x70 .\CortexM3\ARM_GCC_541\Debug\PSOC_arm_project.a(CyFlash.o)
 .text.CySetTemp
                0x00002674       0x24 .\CortexM3\ARM_GCC_541\Debug\PSOC_arm_project.a(CyFlash.o)
                0x00002674                CySetTemp
 .text.CyEEPROM_Start
                0x00002698       0x8c .\CortexM3\ARM_GCC_541\Debug\PSOC_arm_project.a(CyFlash.o)
                0x00002698                CyEEPROM_Start
 .text.CyEEPROM_ReadReserve
                0x00002724       0x30 .\CortexM3\ARM_GCC_541\Debug\PSOC_arm_project.a(CyFlash.o)
                0x00002724                CyEEPROM_ReadReserve
 .text.CyEEPROM_ReadRelease
                0x00002754       0x20 .\CortexM3\ARM_GCC_541\Debug\PSOC_arm_project.a(CyFlash.o)
                0x00002754                CyEEPROM_ReadRelease
 .text.CySpcStart
                0x00002774       0x48 .\CortexM3\ARM_GCC_541\Debug\PSOC_arm_project.a(CySpc.o)
                0x00002774                CySpcStart
 .text.CySpcReadData
                0x000027bc       0x54 .\CortexM3\ARM_GCC_541\Debug\PSOC_arm_project.a(CySpc.o)
                0x000027bc                CySpcReadData
 .text.CySpcGetTemp
                0x00002810       0x64 .\CortexM3\ARM_GCC_541\Debug\PSOC_arm_project.a(CySpc.o)
                0x00002810                CySpcGetTemp
 .text.CySpcLock
                0x00002874       0x68 .\CortexM3\ARM_GCC_541\Debug\PSOC_arm_project.a(CySpc.o)
                0x00002874                CySpcLock
 .text.CySpcUnlock
                0x000028dc       0x50 .\CortexM3\ARM_GCC_541\Debug\PSOC_arm_project.a(CySpc.o)
                0x000028dc                CySpcUnlock
 .text.CySpcGetAlgorithm
                0x0000292c       0x44 .\CortexM3\ARM_GCC_541\Debug\PSOC_arm_project.a(CySpc.o)
                0x0000292c                CySpcGetAlgorithm
 .text          0x00002970      0x370 c:/program files (x86)/cypress/psoc creator/4.2/psoc creator/import/gnu/arm/5.4.1/bin/../lib/gcc/arm-none-eabi/5.4.1/armv7-m\libgcc.a(_arm_addsubdf3.o)
                0x00002970                __aeabi_drsub
                0x00002978                __aeabi_dsub
                0x00002978                __subdf3
                0x0000297c                __aeabi_dadd
                0x0000297c                __adddf3
                0x00002bf4                __floatunsidf
                0x00002bf4                __aeabi_ui2d
                0x00002c14                __floatsidf
                0x00002c14                __aeabi_i2d
                0x00002c38                __aeabi_f2d
                0x00002c38                __extendsfdf2
                0x00002c74                __floatundidf
                0x00002c74                __aeabi_ul2d
                0x00002c84                __floatdidf
                0x00002c84                __aeabi_l2d
 .text          0x00002ce0      0x424 c:/program files (x86)/cypress/psoc creator/4.2/psoc creator/import/gnu/arm/5.4.1/bin/../lib/gcc/arm-none-eabi/5.4.1/armv7-m\libgcc.a(_arm_muldivdf3.o)
                0x00002ce0                __aeabi_dmul
                0x00002ce0                __muldf3
                0x00002f34                __divdf3
                0x00002f34                __aeabi_ddiv
 .text          0x00003104      0x110 c:/program files (x86)/cypress/psoc creator/4.2/psoc creator/import/gnu/arm/5.4.1/bin/../lib/gcc/arm-none-eabi/5.4.1/armv7-m\libgcc.a(_arm_cmpdf2.o)
                0x00003104                __gtdf2
                0x00003104                __gedf2
                0x0000310c                __ltdf2
                0x0000310c                __ledf2
                0x00003114                __nedf2
                0x00003114                __eqdf2
                0x00003114                __cmpdf2
                0x00003190                __aeabi_cdrcmple
                0x000031a0                __aeabi_cdcmpeq
                0x000031a0                __aeabi_cdcmple
                0x000031b0                __aeabi_dcmpeq
                0x000031c4                __aeabi_dcmplt
                0x000031d8                __aeabi_dcmple
                0x000031ec                __aeabi_dcmpge
                0x00003200                __aeabi_dcmpgt
 .text          0x00003214       0x50 c:/program files (x86)/cypress/psoc creator/4.2/psoc creator/import/gnu/arm/5.4.1/bin/../lib/gcc/arm-none-eabi/5.4.1/armv7-m\libgcc.a(_arm_fixdfsi.o)
                0x00003214                __aeabi_d2iz
                0x00003214                __fixdfsi
 .text.__errno  0x00003264        0xc c:/program files (x86)/cypress/psoc creator/4.2/psoc creator/import/gnu/arm/5.4.1/bin/../lib/gcc/arm-none-eabi/5.4.1/../../../../arm-none-eabi/lib/armv7-m\libg_nano.a(lib_a-errno.o)
                0x00003264                __errno
 .text.__libc_init_array
                0x00003270       0x4c c:/program files (x86)/cypress/psoc creator/4.2/psoc creator/import/gnu/arm/5.4.1/bin/../lib/gcc/arm-none-eabi/5.4.1/../../../../arm-none-eabi/lib/armv7-m\libg_nano.a(lib_a-init.o)
                0x00003270                __libc_init_array
 .text.memcpy   0x000032bc       0x16 c:/program files (x86)/cypress/psoc creator/4.2/psoc creator/import/gnu/arm/5.4.1/bin/../lib/gcc/arm-none-eabi/5.4.1/../../../../arm-none-eabi/lib/armv7-m\libg_nano.a(lib_a-memcpy-stub.o)
                0x000032bc                memcpy
 .text.memset   0x000032d2       0x10 c:/program files (x86)/cypress/psoc creator/4.2/psoc creator/import/gnu/arm/5.4.1/bin/../lib/gcc/arm-none-eabi/5.4.1/../../../../arm-none-eabi/lib/armv7-m\libg_nano.a(lib_a-memset.o)
                0x000032d2                memset
 .text.__cvt    0x000032e2       0xc0 c:/program files (x86)/cypress/psoc creator/4.2/psoc creator/import/gnu/arm/5.4.1/bin/../lib/gcc/arm-none-eabi/5.4.1/../../../../arm-none-eabi/lib/armv7-m\libg_nano.a(lib_a-nano-vfprintf_float.o)
                0x000032e2                __cvt
 .text.__exponent
                0x000033a2       0x62 c:/program files (x86)/cypress/psoc creator/4.2/psoc creator/import/gnu/arm/5.4.1/bin/../lib/gcc/arm-none-eabi/5.4.1/../../../../arm-none-eabi/lib/armv7-m\libg_nano.a(lib_a-nano-vfprintf_float.o)
                0x000033a2                __exponent
 .text._printf_float
                0x00003404      0x488 c:/program files (x86)/cypress/psoc creator/4.2/psoc creator/import/gnu/arm/5.4.1/bin/../lib/gcc/arm-none-eabi/5.4.1/../../../../arm-none-eabi/lib/armv7-m\libg_nano.a(lib_a-nano-vfprintf_float.o)
                0x00003404                _printf_float
 .text._printf_common
                0x0000388c       0xec c:/program files (x86)/cypress/psoc creator/4.2/psoc creator/import/gnu/arm/5.4.1/bin/../lib/gcc/arm-none-eabi/5.4.1/../../../../arm-none-eabi/lib/armv7-m\libg_nano.a(lib_a-nano-vfprintf_i.o)
                0x0000388c                _printf_common
 .text._printf_i
                0x00003978      0x24c c:/program files (x86)/cypress/psoc creator/4.2/psoc creator/import/gnu/arm/5.4.1/bin/../lib/gcc/arm-none-eabi/5.4.1/../../../../arm-none-eabi/lib/armv7-m\libg_nano.a(lib_a-nano-vfprintf_i.o)
                0x00003978                _printf_i
 .text.sprintf  0x00003bc4       0x48 c:/program files (x86)/cypress/psoc creator/4.2/psoc creator/import/gnu/arm/5.4.1/bin/../lib/gcc/arm-none-eabi/5.4.1/../../../../arm-none-eabi/lib/armv7-m\libg_nano.a(lib_a-sprintf.o)
                0x00003bc4                siprintf
                0x00003bc4                sprintf
 .text          0x00003c0c       0x10 c:/program files (x86)/cypress/psoc creator/4.2/psoc creator/import/gnu/arm/5.4.1/bin/../lib/gcc/arm-none-eabi/5.4.1/../../../../arm-none-eabi/lib/armv7-m\libg_nano.a(lib_a-strlen.o)
                0x00003c0c                strlen
 .text.sulp     0x00003c1c       0x42 c:/program files (x86)/cypress/psoc creator/4.2/psoc creator/import/gnu/arm/5.4.1/bin/../lib/gcc/arm-none-eabi/5.4.1/../../../../arm-none-eabi/lib/armv7-m\libg_nano.a(lib_a-strtod.o)
 *fill*         0x00003c5e        0x2 
 .text._strtod_r
                0x00003c60      0xc00 c:/program files (x86)/cypress/psoc creator/4.2/psoc creator/import/gnu/arm/5.4.1/bin/../lib/gcc/arm-none-eabi/5.4.1/../../../../arm-none-eabi/lib/armv7-m\libg_nano.a(lib_a-strtod.o)
                0x00003c60                _strtod_r
 .text.strtod   0x00004860       0x10 c:/program files (x86)/cypress/psoc creator/4.2/psoc creator/import/gnu/arm/5.4.1/bin/../lib/gcc/arm-none-eabi/5.4.1/../../../../arm-none-eabi/lib/armv7-m\libg_nano.a(lib_a-strtod.o)
                0x00004860                strtod
 .text._strtol_r
                0x00004870      0x10c c:/program files (x86)/cypress/psoc creator/4.2/psoc creator/import/gnu/arm/5.4.1/bin/../lib/gcc/arm-none-eabi/5.4.1/../../../../arm-none-eabi/lib/armv7-m\libg_nano.a(lib_a-strtol.o)
                0x00004870                _strtol_r
 .text.strtol   0x0000497c       0x14 c:/program files (x86)/cypress/psoc creator/4.2/psoc creator/import/gnu/arm/5.4.1/bin/../lib/gcc/arm-none-eabi/5.4.1/../../../../arm-none-eabi/lib/armv7-m\libg_nano.a(lib_a-strtol.o)
                0x0000497c                strtol
 .text.quorem   0x00004990      0x116 c:/program files (x86)/cypress/psoc creator/4.2/psoc creator/import/gnu/arm/5.4.1/bin/../lib/gcc/arm-none-eabi/5.4.1/../../../../arm-none-eabi/lib/armv7-m\libg_nano.a(lib_a-dtoa.o)
 *fill*         0x00004aa6        0x2 
 .text._dtoa_r  0x00004aa8      0xb30 c:/program files (x86)/cypress/psoc creator/4.2/psoc creator/import/gnu/arm/5.4.1/bin/../lib/gcc/arm-none-eabi/5.4.1/../../../../arm-none-eabi/lib/armv7-m\libg_nano.a(lib_a-dtoa.o)
                0x00004aa8                _dtoa_r
 .text.rshift   0x000055d8       0x6c c:/program files (x86)/cypress/psoc creator/4.2/psoc creator/import/gnu/arm/5.4.1/bin/../lib/gcc/arm-none-eabi/5.4.1/../../../../arm-none-eabi/lib/armv7-m\libg_nano.a(lib_a-gdtoa-gethex.o)
 .text.__hexdig_fun
                0x00005644       0x2a c:/program files (x86)/cypress/psoc creator/4.2/psoc creator/import/gnu/arm/5.4.1/bin/../lib/gcc/arm-none-eabi/5.4.1/../../../../arm-none-eabi/lib/armv7-m\libg_nano.a(lib_a-gdtoa-gethex.o)
                0x00005644                __hexdig_fun
 .text.__gethex
                0x0000566e      0x43e c:/program files (x86)/cypress/psoc creator/4.2/psoc creator/import/gnu/arm/5.4.1/bin/../lib/gcc/arm-none-eabi/5.4.1/../../../../arm-none-eabi/lib/armv7-m\libg_nano.a(lib_a-gdtoa-gethex.o)
                0x0000566e                __gethex
 .text.L_shift  0x00005aac       0x24 c:/program files (x86)/cypress/psoc creator/4.2/psoc creator/import/gnu/arm/5.4.1/bin/../lib/gcc/arm-none-eabi/5.4.1/../../../../arm-none-eabi/lib/armv7-m\libg_nano.a(lib_a-gdtoa-hexnan.o)
 .text.__match  0x00005ad0       0x26 c:/program files (x86)/cypress/psoc creator/4.2/psoc creator/import/gnu/arm/5.4.1/bin/../lib/gcc/arm-none-eabi/5.4.1/../../../../arm-none-eabi/lib/armv7-m\libg_nano.a(lib_a-gdtoa-hexnan.o)
                0x00005ad0                __match
 .text.__hexnan
                0x00005af6      0x11c c:/program files (x86)/cypress/psoc creator/4.2/psoc creator/import/gnu/arm/5.4.1/bin/../lib/gcc/arm-none-eabi/5.4.1/../../../../arm-none-eabi/lib/armv7-m\libg_nano.a(lib_a-gdtoa-hexnan.o)
                0x00005af6                __hexnan
 *fill*         0x00005c12        0x2 
 .text._localeconv_r
                0x00005c14        0x8 c:/program files (x86)/cypress/psoc creator/4.2/psoc creator/import/gnu/arm/5.4.1/bin/../lib/gcc/arm-none-eabi/5.4.1/../../../../arm-none-eabi/lib/armv7-m\libg_nano.a(lib_a-locale.o)
                0x00005c14                _localeconv_r
 .text.malloc   0x00005c1c       0x10 c:/program files (x86)/cypress/psoc creator/4.2/psoc creator/import/gnu/arm/5.4.1/bin/../lib/gcc/arm-none-eabi/5.4.1/../../../../arm-none-eabi/lib/armv7-m\libg_nano.a(lib_a-malloc.o)
                0x00005c1c                malloc
 .text.memchr   0x00005c2c       0x1c c:/program files (x86)/cypress/psoc creator/4.2/psoc creator/import/gnu/arm/5.4.1/bin/../lib/gcc/arm-none-eabi/5.4.1/../../../../arm-none-eabi/lib/armv7-m\libg_nano.a(lib_a-memchr-stub.o)
                0x00005c2c                memchr
 .text._Balloc  0x00005c48       0x6a c:/program files (x86)/cypress/psoc creator/4.2/psoc creator/import/gnu/arm/5.4.1/bin/../lib/gcc/arm-none-eabi/5.4.1/../../../../arm-none-eabi/lib/armv7-m\libg_nano.a(lib_a-mprec.o)
                0x00005c48                _Balloc
 .text._Bfree   0x00005cb2       0x2e c:/program files (x86)/cypress/psoc creator/4.2/psoc creator/import/gnu/arm/5.4.1/bin/../lib/gcc/arm-none-eabi/5.4.1/../../../../arm-none-eabi/lib/armv7-m\libg_nano.a(lib_a-mprec.o)
                0x00005cb2                _Bfree
 .text.__multadd
                0x00005ce0       0x76 c:/program files (x86)/cypress/psoc creator/4.2/psoc creator/import/gnu/arm/5.4.1/bin/../lib/gcc/arm-none-eabi/5.4.1/../../../../arm-none-eabi/lib/armv7-m\libg_nano.a(lib_a-mprec.o)
                0x00005ce0                __multadd
 .text.__s2b    0x00005d56       0x7c c:/program files (x86)/cypress/psoc creator/4.2/psoc creator/import/gnu/arm/5.4.1/bin/../lib/gcc/arm-none-eabi/5.4.1/../../../../arm-none-eabi/lib/armv7-m\libg_nano.a(lib_a-mprec.o)
                0x00005d56                __s2b
 .text.__hi0bits
                0x00005dd2       0x40 c:/program files (x86)/cypress/psoc creator/4.2/psoc creator/import/gnu/arm/5.4.1/bin/../lib/gcc/arm-none-eabi/5.4.1/../../../../arm-none-eabi/lib/armv7-m\libg_nano.a(lib_a-mprec.o)
                0x00005dd2                __hi0bits
 .text.__lo0bits
                0x00005e12       0x5a c:/program files (x86)/cypress/psoc creator/4.2/psoc creator/import/gnu/arm/5.4.1/bin/../lib/gcc/arm-none-eabi/5.4.1/../../../../arm-none-eabi/lib/armv7-m\libg_nano.a(lib_a-mprec.o)
                0x00005e12                __lo0bits
 .text.__i2b    0x00005e6c       0x12 c:/program files (x86)/cypress/psoc creator/4.2/psoc creator/import/gnu/arm/5.4.1/bin/../lib/gcc/arm-none-eabi/5.4.1/../../../../arm-none-eabi/lib/armv7-m\libg_nano.a(lib_a-mprec.o)
                0x00005e6c                __i2b
 .text.__multiply
                0x00005e7e      0x120 c:/program files (x86)/cypress/psoc creator/4.2/psoc creator/import/gnu/arm/5.4.1/bin/../lib/gcc/arm-none-eabi/5.4.1/../../../../arm-none-eabi/lib/armv7-m\libg_nano.a(lib_a-mprec.o)
                0x00005e7e                __multiply
 *fill*         0x00005f9e        0x2 
 .text.__pow5mult
                0x00005fa0       0x9c c:/program files (x86)/cypress/psoc creator/4.2/psoc creator/import/gnu/arm/5.4.1/bin/../lib/gcc/arm-none-eabi/5.4.1/../../../../arm-none-eabi/lib/armv7-m\libg_nano.a(lib_a-mprec.o)
                0x00005fa0                __pow5mult
 .text.__lshift
                0x0000603c       0xa2 c:/program files (x86)/cypress/psoc creator/4.2/psoc creator/import/gnu/arm/5.4.1/bin/../lib/gcc/arm-none-eabi/5.4.1/../../../../arm-none-eabi/lib/armv7-m\libg_nano.a(lib_a-mprec.o)
                0x0000603c                __lshift
 .text.__mcmp   0x000060de       0x38 c:/program files (x86)/cypress/psoc creator/4.2/psoc creator/import/gnu/arm/5.4.1/bin/../lib/gcc/arm-none-eabi/5.4.1/../../../../arm-none-eabi/lib/armv7-m\libg_nano.a(lib_a-mprec.o)
                0x000060de                __mcmp
 .text.__mdiff  0x00006116       0xbe c:/program files (x86)/cypress/psoc creator/4.2/psoc creator/import/gnu/arm/5.4.1/bin/../lib/gcc/arm-none-eabi/5.4.1/../../../../arm-none-eabi/lib/armv7-m\libg_nano.a(lib_a-mprec.o)
                0x00006116                __mdiff
 .text.__ulp    0x000061d4       0x48 c:/program files (x86)/cypress/psoc creator/4.2/psoc creator/import/gnu/arm/5.4.1/bin/../lib/gcc/arm-none-eabi/5.4.1/../../../../arm-none-eabi/lib/armv7-m\libg_nano.a(lib_a-mprec.o)
                0x000061d4                __ulp
 .text.__b2d    0x0000621c       0x9a c:/program files (x86)/cypress/psoc creator/4.2/psoc creator/import/gnu/arm/5.4.1/bin/../lib/gcc/arm-none-eabi/5.4.1/../../../../arm-none-eabi/lib/armv7-m\libg_nano.a(lib_a-mprec.o)
                0x0000621c                __b2d
 .text.__d2b    0x000062b6       0x9c c:/program files (x86)/cypress/psoc creator/4.2/psoc creator/import/gnu/arm/5.4.1/bin/../lib/gcc/arm-none-eabi/5.4.1/../../../../arm-none-eabi/lib/armv7-m\libg_nano.a(lib_a-mprec.o)
                0x000062b6                __d2b
 .text.__ratio  0x00006352       0x50 c:/program files (x86)/cypress/psoc creator/4.2/psoc creator/import/gnu/arm/5.4.1/bin/../lib/gcc/arm-none-eabi/5.4.1/../../../../arm-none-eabi/lib/armv7-m\libg_nano.a(lib_a-mprec.o)
                0x00006352                __ratio
 .text.__copybits
                0x000063a2       0x34 c:/program files (x86)/cypress/psoc creator/4.2/psoc creator/import/gnu/arm/5.4.1/bin/../lib/gcc/arm-none-eabi/5.4.1/../../../../arm-none-eabi/lib/armv7-m\libg_nano.a(lib_a-mprec.o)
                0x000063a2                __copybits
 .text.__any_on
                0x000063d6       0x44 c:/program files (x86)/cypress/psoc creator/4.2/psoc creator/import/gnu/arm/5.4.1/bin/../lib/gcc/arm-none-eabi/5.4.1/../../../../arm-none-eabi/lib/armv7-m\libg_nano.a(lib_a-mprec.o)
                0x000063d6                __any_on
 .text._calloc_r
                0x0000641a       0x1c c:/program files (x86)/cypress/psoc creator/4.2/psoc creator/import/gnu/arm/5.4.1/bin/../lib/gcc/arm-none-eabi/5.4.1/../../../../arm-none-eabi/lib/armv7-m\libg_nano.a(lib_a-nano-callocr.o)
                0x0000641a                _calloc_r
 *fill*         0x00006436        0x2 
 .text._free_r  0x00006438       0x98 c:/program files (x86)/cypress/psoc creator/4.2/psoc creator/import/gnu/arm/5.4.1/bin/../lib/gcc/arm-none-eabi/5.4.1/../../../../arm-none-eabi/lib/armv7-m\libg_nano.a(lib_a-nano-freer.o)
                0x00006438                _free_r
 .text._malloc_r
                0x000064d0       0xbc c:/program files (x86)/cypress/psoc creator/4.2/psoc creator/import/gnu/arm/5.4.1/bin/../lib/gcc/arm-none-eabi/5.4.1/../../../../arm-none-eabi/lib/armv7-m\libg_nano.a(lib_a-nano-mallocr.o)
                0x000064d0                _malloc_r
 .text.__ssputs_r
                0x0000658c       0xb2 c:/program files (x86)/cypress/psoc creator/4.2/psoc creator/import/gnu/arm/5.4.1/bin/../lib/gcc/arm-none-eabi/5.4.1/../../../../arm-none-eabi/lib/armv7-m\libg_nano.a(lib_a-nano-svfprintf.o)
                0x0000658c                __ssputs_r
 *fill*         0x0000663e        0x2 
 .text._svfprintf_r
                0x00006640      0x1e8 c:/program files (x86)/cypress/psoc creator/4.2/psoc creator/import/gnu/arm/5.4.1/bin/../lib/gcc/arm-none-eabi/5.4.1/../../../../arm-none-eabi/lib/armv7-m\libg_nano.a(lib_a-nano-svfprintf.o)
                0x00006640                _svfiprintf_r
                0x00006640                _svfprintf_r
 .text._sbrk_r  0x00006828       0x20 c:/program files (x86)/cypress/psoc creator/4.2/psoc creator/import/gnu/arm/5.4.1/bin/../lib/gcc/arm-none-eabi/5.4.1/../../../../arm-none-eabi/lib/armv7-m\libg_nano.a(lib_a-sbrkr.o)
                0x00006828                _sbrk_r
 .text.strncmp  0x00006848       0x2a c:/program files (x86)/cypress/psoc creator/4.2/psoc creator/import/gnu/arm/5.4.1/bin/../lib/gcc/arm-none-eabi/5.4.1/../../../../arm-none-eabi/lib/armv7-m\libg_nano.a(lib_a-strncmp.o)
                0x00006848                strncmp
 .text.memmove  0x00006872       0x36 c:/program files (x86)/cypress/psoc creator/4.2/psoc creator/import/gnu/arm/5.4.1/bin/../lib/gcc/arm-none-eabi/5.4.1/../../../../arm-none-eabi/lib/armv7-m\libg_nano.a(lib_a-memmove.o)
                0x00006872                memmove
 .text.__malloc_lock
                0x000068a8        0x2 c:/program files (x86)/cypress/psoc creator/4.2/psoc creator/import/gnu/arm/5.4.1/bin/../lib/gcc/arm-none-eabi/5.4.1/../../../../arm-none-eabi/lib/armv7-m\libg_nano.a(lib_a-mlock.o)
                0x000068a8                __malloc_lock
 .text.__malloc_unlock
                0x000068aa        0x2 c:/program files (x86)/cypress/psoc creator/4.2/psoc creator/import/gnu/arm/5.4.1/bin/../lib/gcc/arm-none-eabi/5.4.1/../../../../arm-none-eabi/lib/armv7-m\libg_nano.a(lib_a-mlock.o)
                0x000068aa                __malloc_unlock
 .text._realloc_r
                0x000068ac       0x4c c:/program files (x86)/cypress/psoc creator/4.2/psoc creator/import/gnu/arm/5.4.1/bin/../lib/gcc/arm-none-eabi/5.4.1/../../../../arm-none-eabi/lib/armv7-m\libg_nano.a(lib_a-nano-reallocr.o)
                0x000068ac                _realloc_r
 .text._malloc_usable_size_r
                0x000068f8       0x14 c:/program files (x86)/cypress/psoc creator/4.2/psoc creator/import/gnu/arm/5.4.1/bin/../lib/gcc/arm-none-eabi/5.4.1/../../../../arm-none-eabi/lib/armv7-m\libg_nano.a(lib_a-nano-msizer.o)
                0x000068f8                _malloc_usable_size_r
 .text          0x0000690c       0x2c c:/program files (x86)/cypress/psoc creator/4.2/psoc creator/import/gnu/arm/5.4.1/bin/../lib/gcc/arm-none-eabi/5.4.1/armv7-m\libgcc.a(_arm_unorddf2.o)
                0x0000690c                __unorddf2
                0x0000690c                __aeabi_dcmpun
 .text          0x00006938       0x40 c:/program files (x86)/cypress/psoc creator/4.2/psoc creator/import/gnu/arm/5.4.1/bin/../lib/gcc/arm-none-eabi/5.4.1/armv7-m\libgcc.a(_arm_fixunsdfsi.o)
                0x00006938                __aeabi_d2uiz
                0x00006938                __fixunsdfsi
 *(.plt)
 *(.gnu.warning)
 *(.glue_7t)
 .glue_7t       0x00006978        0x0 linker stubs
 *(.glue_7)
 .glue_7        0x00006978        0x0 linker stubs
 *(.vfp11_veneer)
 .vfp11_veneer  0x00006978        0x0 linker stubs
 *(.bootloader)
 *(.ARM.extab* .gnu.linkonce.armextab.*)
 *(.gcc_except_table)

.v4_bx          0x00006978        0x0
 .v4_bx         0x00006978        0x0 linker stubs

.iplt           0x00006978        0x0
 .iplt          0x00006978        0x0 c:/program files (x86)/cypress/psoc creator/4.2/psoc creator/import/gnu/arm/5.4.1/bin/../lib/gcc/arm-none-eabi/5.4.1/armv7-m/crtbegin.o

.eh_frame_hdr
 *(.eh_frame_hdr)

.eh_frame       0x00006978        0x4
 *(.eh_frame)
 .eh_frame      0x00006978        0x0 c:/program files (x86)/cypress/psoc creator/4.2/psoc creator/import/gnu/arm/5.4.1/bin/../lib/gcc/arm-none-eabi/5.4.1/armv7-m/crtbegin.o
 .eh_frame      0x00006978        0x4 c:/program files (x86)/cypress/psoc creator/4.2/psoc creator/import/gnu/arm/5.4.1/bin/../lib/gcc/arm-none-eabi/5.4.1/armv7-m/crtend.o
                [!provide]                PROVIDE (__exidx_start, .)

.ARM.exidx
 *(.ARM.exidx* .gnu.linkonce.armexidx.*)
                0x0000697c                __exidx_end = .

.rodata         0x00006980      0x428
 *(.rodata .rodata.* .gnu.linkonce.r.*)
 .rodata        0x00006980       0xe2 .\CortexM3\ARM_GCC_541\Debug\main.o
 *fill*         0x00006a62        0x2 
 .rodata        0x00006a64       0x5e .\CortexM3\ARM_GCC_541\Debug\cyfitter_cfg.o
 .rodata.str1.1
                0x00006ac2        0x2 c:/program files (x86)/cypress/psoc creator/4.2/psoc creator/import/gnu/arm/5.4.1/bin/../lib/gcc/arm-none-eabi/5.4.1/../../../../arm-none-eabi/lib/armv7-m\libg_nano.a(lib_a-impure.o)
 .rodata.str1.1
                0x00006ac4       0x12 c:/program files (x86)/cypress/psoc creator/4.2/psoc creator/import/gnu/arm/5.4.1/bin/../lib/gcc/arm-none-eabi/5.4.1/../../../../arm-none-eabi/lib/armv7-m\libg_nano.a(lib_a-nano-vfprintf_float.o)
 .rodata.str1.1
                0x00006ad6       0x22 c:/program files (x86)/cypress/psoc creator/4.2/psoc creator/import/gnu/arm/5.4.1/bin/../lib/gcc/arm-none-eabi/5.4.1/../../../../arm-none-eabi/lib/armv7-m\libg_nano.a(lib_a-nano-vfprintf_i.o)
 .rodata.fpinan.5401
                0x00006af8       0x14 c:/program files (x86)/cypress/psoc creator/4.2/psoc creator/import/gnu/arm/5.4.1/bin/../lib/gcc/arm-none-eabi/5.4.1/../../../../arm-none-eabi/lib/armv7-m\libg_nano.a(lib_a-strtod.o)
 .rodata.str1.1
                0x00006b0c       0x22 c:/program files (x86)/cypress/psoc creator/4.2/psoc creator/import/gnu/arm/5.4.1/bin/../lib/gcc/arm-none-eabi/5.4.1/../../../../arm-none-eabi/lib/armv7-m\libg_nano.a(lib_a-strtod.o)
                                  0xc (size before relaxing)
 .rodata.fpi.5365
                0x00006b0c       0x14 c:/program files (x86)/cypress/psoc creator/4.2/psoc creator/import/gnu/arm/5.4.1/bin/../lib/gcc/arm-none-eabi/5.4.1/../../../../arm-none-eabi/lib/armv7-m\libg_nano.a(lib_a-strtod.o)
 .rodata.tinytens
                0x00006b20       0x28 c:/program files (x86)/cypress/psoc creator/4.2/psoc creator/import/gnu/arm/5.4.1/bin/../lib/gcc/arm-none-eabi/5.4.1/../../../../arm-none-eabi/lib/armv7-m\libg_nano.a(lib_a-strtod.o)
 .rodata._ctype_
                0x00006b48      0x101 c:/program files (x86)/cypress/psoc creator/4.2/psoc creator/import/gnu/arm/5.4.1/bin/../lib/gcc/arm-none-eabi/5.4.1/../../../../arm-none-eabi/lib/armv7-m\libg_nano.a(lib_a-ctype_.o)
                0x00006b48                _ctype_
 .rodata.str1.1
                0x00006c49        0xd c:/program files (x86)/cypress/psoc creator/4.2/psoc creator/import/gnu/arm/5.4.1/bin/../lib/gcc/arm-none-eabi/5.4.1/../../../../arm-none-eabi/lib/armv7-m\libg_nano.a(lib_a-dtoa.o)
                                  0xf (size before relaxing)
 .rodata.str1.1
                0x00006c56        0x8 c:/program files (x86)/cypress/psoc creator/4.2/psoc creator/import/gnu/arm/5.4.1/bin/../lib/gcc/arm-none-eabi/5.4.1/../../../../arm-none-eabi/lib/armv7-m\libg_nano.a(lib_a-locale.o)
                                  0xb (size before relaxing)
 *fill*         0x00006c5e        0x2 
 .rodata.__mprec_tens
                0x00006c60       0xc8 c:/program files (x86)/cypress/psoc creator/4.2/psoc creator/import/gnu/arm/5.4.1/bin/../lib/gcc/arm-none-eabi/5.4.1/../../../../arm-none-eabi/lib/armv7-m\libg_nano.a(lib_a-mprec.o)
                0x00006c60                __mprec_tens
 .rodata.p05.5408
                0x00006d28        0xc c:/program files (x86)/cypress/psoc creator/4.2/psoc creator/import/gnu/arm/5.4.1/bin/../lib/gcc/arm-none-eabi/5.4.1/../../../../arm-none-eabi/lib/armv7-m\libg_nano.a(lib_a-mprec.o)
 *fill*         0x00006d34        0x4 
 .rodata.__mprec_bigtens
                0x00006d38       0x28 c:/program files (x86)/cypress/psoc creator/4.2/psoc creator/import/gnu/arm/5.4.1/bin/../lib/gcc/arm-none-eabi/5.4.1/../../../../arm-none-eabi/lib/armv7-m\libg_nano.a(lib_a-mprec.o)
                0x00006d38                __mprec_bigtens
 .rodata.str1.1
                0x00006d60       0x11 c:/program files (x86)/cypress/psoc creator/4.2/psoc creator/import/gnu/arm/5.4.1/bin/../lib/gcc/arm-none-eabi/5.4.1/../../../../arm-none-eabi/lib/armv7-m\libg_nano.a(lib_a-nano-svfprintf.o)
                0x00006d74                . = ALIGN (0x4)
 *fill*         0x00006d71        0x3 
 *(.init)
 .init          0x00006d74        0x4 c:/program files (x86)/cypress/psoc creator/4.2/psoc creator/import/gnu/arm/5.4.1/bin/../lib/gcc/arm-none-eabi/5.4.1/armv7-m/crti.o
                0x00006d74                _init
 .init          0x00006d78        0x8 c:/program files (x86)/cypress/psoc creator/4.2/psoc creator/import/gnu/arm/5.4.1/bin/../lib/gcc/arm-none-eabi/5.4.1/armv7-m/crtn.o
                0x00006d80                . = ALIGN (0x4)
                0x00006d80                __preinit_array_start = .
 *(.preinit_array)
                0x00006d80                __preinit_array_end = .
                0x00006d80                . = ALIGN (0x4)
                0x00006d80                __init_array_start = .
 *(SORT(.init_array.*))
 *(.init_array)
 .init_array    0x00006d80        0x4 c:/program files (x86)/cypress/psoc creator/4.2/psoc creator/import/gnu/arm/5.4.1/bin/../lib/gcc/arm-none-eabi/5.4.1/armv7-m/crtbegin.o
 .init_array    0x00006d84        0x4 .\CortexM3\ARM_GCC_541\Debug\Cm3Start.o
                0x00006d88                __init_array_end = .
                0x00006d88                . = ALIGN (0x4)
 *(.fini)
 .fini          0x00006d88        0x4 c:/program files (x86)/cypress/psoc creator/4.2/psoc creator/import/gnu/arm/5.4.1/bin/../lib/gcc/arm-none-eabi/5.4.1/armv7-m/crti.o
                0x00006d88                _fini
 .fini          0x00006d8c        0x8 c:/program files (x86)/cypress/psoc creator/4.2/psoc creator/import/gnu/arm/5.4.1/bin/../lib/gcc/arm-none-eabi/5.4.1/armv7-m/crtn.o
                0x00006d94                . = ALIGN (0x4)
                0x00006d94                __fini_array_start = .
 *(.fini_array)
 .fini_array    0x00006d94        0x4 c:/program files (x86)/cypress/psoc creator/4.2/psoc creator/import/gnu/arm/5.4.1/bin/../lib/gcc/arm-none-eabi/5.4.1/armv7-m/crtbegin.o
 *(SORT(.fini_array.*))
                0x00006d98                __fini_array_end = .
                0x00006d98                . = ALIGN (0x4)
 *crtbegin.o(.ctors)
 *(EXCLUDE_FILE(*crtend.o) .ctors)
 *(SORT(.ctors.*))
 *crtend.o(.ctors)
                0x00006d98                . = ALIGN (0x4)
 *crtbegin.o(.dtors)
 *(EXCLUDE_FILE(*crtend.o) .dtors)
 *(SORT(.dtors.*))
 *crtend.o(.dtors)
                0x00006d98                . = ALIGN (0x4)
                0x00006d98                __cy_regions = .
                0x00006d98        0x4 LONG 0x6da8 __cy_region_init_ram
                0x00006d9c        0x4 LONG 0x1fff80c8 __cy_region_start_data
                0x00006da0        0x4 LONG 0xd8 __cy_region_init_size_ram
                0x00006da4        0x4 LONG 0x398 __cy_region_zero_size_ram
                0x00006da8                __cy_regions_end = .
                0x00006da8                . = ALIGN (0x8)
                0x00006da8                _etext = .

.cy_checksum_exclude
                0x00006da8        0x0
 *(.cy_checksum_exclude)

.ramvectors     0x1fff8000       0xc0
                0x1fff8000                __cy_region_start_ram = .
 *(.ramvectors)
 .ramvectors    0x1fff8000       0xc0 .\CortexM3\ARM_GCC_541\Debug\Cm3Start.o
                0x1fff8000                CyRamVectors

.noinit         0x1fff80c0        0x5
 *(.noinit)
 .noinit        0x1fff80c0        0x4 .\CortexM3\ARM_GCC_541\Debug\Cm3Start.o
 .noinit        0x1fff80c4        0x1 .\CortexM3\ARM_GCC_541\Debug\PSOC_arm_project.a(CyLib.o)
                0x1fff80c4                CyResetStatus

.data           0x1fff80c8       0xd8 load address 0x00006da8
                0x1fff80c8                __cy_region_start_data = .
 *(.jcr)
 .jcr           0x1fff80c8        0x0 c:/program files (x86)/cypress/psoc creator/4.2/psoc creator/import/gnu/arm/5.4.1/bin/../lib/gcc/arm-none-eabi/5.4.1/armv7-m/crtbegin.o
 .jcr           0x1fff80c8        0x4 c:/program files (x86)/cypress/psoc creator/4.2/psoc creator/import/gnu/arm/5.4.1/bin/../lib/gcc/arm-none-eabi/5.4.1/armv7-m/crtend.o
 *(.got.plt)
 *(.got)
 *(.shdata)
 *(.data .data.* .gnu.linkonce.d.*)
 *fill*         0x1fff80cc        0x4 
 .data          0x1fff80d0       0x18 .\CortexM3\ARM_GCC_541\Debug\main.o
                0x1fff80d0                pid
 .data          0x1fff80e8        0x4 .\CortexM3\ARM_GCC_541\Debug\Cm3Start.o
 .data          0x1fff80ec       0x10 .\CortexM3\ARM_GCC_541\Debug\PSOC_arm_project.a(CyLib.o)
                0x1fff80ec                cydelay_freq_hz
                0x1fff80f0                cydelay_freq_khz
                0x1fff80f4                cydelay_freq_mhz
                0x1fff80f8                cydelay_32k_ms
 .data          0x1fff80fc        0x1 .\CortexM3\ARM_GCC_541\Debug\PSOC_arm_project.a(AMux_0.o)
 *fill*         0x1fff80fd        0x3 
 .data.impure_data
                0x1fff8100       0x60 c:/program files (x86)/cypress/psoc creator/4.2/psoc creator/import/gnu/arm/5.4.1/bin/../lib/gcc/arm-none-eabi/5.4.1/../../../../arm-none-eabi/lib/armv7-m\libg_nano.a(lib_a-impure.o)
 .data._impure_ptr
                0x1fff8160        0x4 c:/program files (x86)/cypress/psoc creator/4.2/psoc creator/import/gnu/arm/5.4.1/bin/../lib/gcc/arm-none-eabi/5.4.1/../../../../arm-none-eabi/lib/armv7-m\libg_nano.a(lib_a-impure.o)
                0x1fff8160                _impure_ptr
 .data.__ctype_ptr__
                0x1fff8164        0x4 c:/program files (x86)/cypress/psoc creator/4.2/psoc creator/import/gnu/arm/5.4.1/bin/../lib/gcc/arm-none-eabi/5.4.1/../../../../arm-none-eabi/lib/armv7-m\libg_nano.a(lib_a-ctype_.o)
                0x1fff8164                __ctype_ptr__
 .data.lconv    0x1fff8168       0x38 c:/program files (x86)/cypress/psoc creator/4.2/psoc creator/import/gnu/arm/5.4.1/bin/../lib/gcc/arm-none-eabi/5.4.1/../../../../arm-none-eabi/lib/armv7-m\libg_nano.a(lib_a-locale.o)
                0x1fff81a0                . = ALIGN (0x8)
 *(.ram)
                0x1fff81a0                _edata = .

.igot.plt       0x1fff81a0        0x0 load address 0x00006e80
 .igot.plt      0x1fff81a0        0x0 c:/program files (x86)/cypress/psoc creator/4.2/psoc creator/import/gnu/arm/5.4.1/bin/../lib/gcc/arm-none-eabi/5.4.1/armv7-m/crtbegin.o

.bss            0x1fff81a0      0x398 load address 0x00006e80
                0x1fff81a0                PROVIDE (__bss_start__, .)
 *(.shbss)
 *(.bss .bss.* .gnu.linkonce.b.*)
 .bss           0x1fff81a0       0x1c c:/program files (x86)/cypress/psoc creator/4.2/psoc creator/import/gnu/arm/5.4.1/bin/../lib/gcc/arm-none-eabi/5.4.1/armv7-m/crtbegin.o
 .bss           0x1fff81bc       0x78 .\CortexM3\ARM_GCC_541\Debug\main.o
                0x1fff81bc                errorStatus
                0x1fff81c0                data_read_mode
                0x1fff81c4                cyl_set
                0x1fff81c8                dts_ct
                0x1fff81cc                offsets
                0x1fff81ec                nn
                0x1fff81f0                tt
                0x1fff81f4                start_calib
                0x1fff81f8                cyl_no
                0x1fff81fc                moving_median
 .bss           0x1fff8234        0x6 .\CortexM3\ARM_GCC_541\Debug\cyfitter_cfg.o
 .bss           0x1fff823a        0x2 .\CortexM3\ARM_GCC_541\Debug\PSOC_arm_project.a(UART.o)
                0x1fff823a                UART_initVar
 .bss           0x1fff823c        0x1 .\CortexM3\ARM_GCC_541\Debug\PSOC_arm_project.a(PWM_1.o)
                0x1fff823c                PWM_1_initVar
 .bss           0x1fff823d        0x1 .\CortexM3\ARM_GCC_541\Debug\PSOC_arm_project.a(Timer_1.o)
                0x1fff823d                Timer_1_initVar
 .bss           0x1fff823e        0x1 .\CortexM3\ARM_GCC_541\Debug\PSOC_arm_project.a(median_timer.o)
                0x1fff823e                median_timer_initVar
 .bss           0x1fff823f        0x1 .\CortexM3\ARM_GCC_541\Debug\PSOC_arm_project.a(PWM_0.o)
                0x1fff823f                PWM_0_initVar
 .bss           0x1fff8240        0x1 .\CortexM3\ARM_GCC_541\Debug\PSOC_arm_project.a(ADC_0.o)
                0x1fff8240                ADC_0_initVar
 .bss           0x1fff8241        0x1 .\CortexM3\ARM_GCC_541\Debug\PSOC_arm_project.a(PWM_2.o)
                0x1fff8241                PWM_2_initVar
 .bss           0x1fff8242        0x1 .\CortexM3\ARM_GCC_541\Debug\PSOC_arm_project.a(PWM_3.o)
                0x1fff8242                PWM_3_initVar
 *fill*         0x1fff8243        0x1 
 .bss           0x1fff8244        0x8 .\CortexM3\ARM_GCC_541\Debug\PSOC_arm_project.a(CySpc.o)
                0x1fff8244                SpcLockState
 .bss.__malloc_sbrk_start
                0x1fff824c        0x4 c:/program files (x86)/cypress/psoc creator/4.2/psoc creator/import/gnu/arm/5.4.1/bin/../lib/gcc/arm-none-eabi/5.4.1/../../../../arm-none-eabi/lib/armv7-m\libg_nano.a(lib_a-nano-mallocr.o)
                0x1fff824c                __malloc_sbrk_start
 .bss.__malloc_free_list
                0x1fff8250        0x4 c:/program files (x86)/cypress/psoc creator/4.2/psoc creator/import/gnu/arm/5.4.1/bin/../lib/gcc/arm-none-eabi/5.4.1/../../../../arm-none-eabi/lib/armv7-m\libg_nano.a(lib_a-nano-mallocr.o)
                0x1fff8250                __malloc_free_list
 *(COMMON)
 *fill*         0x1fff8254        0x4 
 COMMON         0x1fff8258      0x2c8 .\CortexM3\ARM_GCC_541\Debug\main.o
                0x1fff8258                tmp
                0x1fff825c                cyl_tmp
                0x1fff8260                new_pos
                0x1fff8270                pos
                0x1fff8280                temp
                0x1fff8298                prev_err
                0x1fff82b8                pulse_temp
                0x1fff82c8                pulse
                0x1fff82d8                err
                0x1fff82f8                pid_integral
                0x1fff8318                psoc_id
                0x1fff831c                help
                0x1fff8380                dts
                0x1fff8470                sendValue
                0x1fff84d8                der
                0x1fff84f8                tempArray
                0x1fff8508                adcValue
                0x1fff8510                new_pos_set
 COMMON         0x1fff8520        0xc .\CortexM3\ARM_GCC_541\Debug\PSOC_arm_project.a(ADC_0.o)
                0x1fff8520                ADC_0_offset
                0x1fff8522                ADC_0_countsPerVolt
                0x1fff8524                ADC_0_shift
                0x1fff8528                ADC_0_countsPer10Volt
 COMMON         0x1fff852c        0x2 .\CortexM3\ARM_GCC_541\Debug\PSOC_arm_project.a(CyFlash.o)
                0x1fff852c                dieTemperature
 *fill*         0x1fff852e        0x2 
 COMMON         0x1fff8530        0x4 c:/program files (x86)/cypress/psoc creator/4.2/psoc creator/import/gnu/arm/5.4.1/bin/../lib/gcc/arm-none-eabi/5.4.1/../../../../arm-none-eabi/lib/armv7-m\libg_nano.a(lib_a-reent.o)
                0x1fff8530                errno
                0x1fff8538                . = ALIGN (0x8)
 *fill*         0x1fff8534        0x4 
 *(.ram.b)
                0x1fff8538                _end = .
                0x1fff8538                __end = .
                0x1fff8538                PROVIDE (end, .)
                0x1fff8538                PROVIDE (__bss_end__, .)
                0x00006da8                __cy_region_init_ram = LOADADDR (.data)
                0x000000d8                __cy_region_init_size_ram = (_edata - ADDR (.data))
                0x00000398                __cy_region_zero_size_ram = (_end - _edata)

.heap           0x1fff8538      0x300 load address 0x00006e80
                0x1fff8538                . = _end
                0x1fff8838                . = (. + 0x300)
 *fill*         0x1fff8538      0x300 
                0x1fff8838                __cy_heap_limit = .

.stack          0x20007800      0x800
                0x20007800                __cy_stack_limit = .
                0x20008000                . = (. + 0x800)
 *fill*         0x20007800      0x800 
                0x00000001                ASSERT ((__cy_stack_limit >= __cy_heap_limit), region RAM overflowed with stack)
                0x00000000                cy_checksum_exclude_size = (CY_APPL_LOADABLE == 0x1)?SIZEOF (.cy_checksum_exclude):0x0
                0x00000001                ASSERT ((cy_checksum_exclude_size <= CY_CHECKSUM_EXCLUDE_SIZE), CY_BOOT: Section .cy_checksum_exclude size exceedes specified limit.)

.cyloadermeta
 *(.cyloadermeta)

.cyloadablemeta
 *(.cyloadablemeta)

.cyconfigecc    0x80000000      0x848
 *(.cyconfigecc)
 .cyconfigecc   0x80000000      0x848 .\CortexM3\ARM_GCC_541\Debug\cymetadata.o
                0x80000000                cy_meta_configecc

.cycustnvl      0x90000000        0x4
 *(.cycustnvl)
 .cycustnvl     0x90000000        0x4 .\CortexM3\ARM_GCC_541\Debug\cymetadata.o
                0x90000000                cy_meta_custnvl

.cywolatch      0x90100000        0x4
 *(.cywolatch)
 .cywolatch     0x90100000        0x4 .\CortexM3\ARM_GCC_541\Debug\cymetadata.o
                0x90100000                cy_meta_wonvl

.cyeeprom       0x90200000        0x0
 *(.cyeeprom)
                0x00000001                ASSERT ((. <= ((0x90200000 + ee_offset) + ee_size)), .cyeeprom data will not fit in EEPROM)

.cyflashprotect
                0x90400000      0x100
 *(.cyflashprotect)
 .cyflashprotect
                0x90400000      0x100 .\CortexM3\ARM_GCC_541\Debug\cymetadata.o
                0x90400000                cy_meta_flashprotect

.cymeta         0x90500000        0xc
 *(.cymeta)
 .cymeta        0x90500000        0xc .\CortexM3\ARM_GCC_541\Debug\cymetadata.o
                0x90500000                cy_metadata

.rel.dyn        0x00006e80        0x0 load address 0x9050000c
 .rel.iplt      0x00006e80        0x0 c:/program files (x86)/cypress/psoc creator/4.2/psoc creator/import/gnu/arm/5.4.1/bin/../lib/gcc/arm-none-eabi/5.4.1/armv7-m/crtbegin.o

.stab
 *(.stab)

.stabstr
 *(.stabstr)

.debug
 *(.debug)

.line
 *(.line)

.debug_srcinfo
 *(.debug_srcinfo)

.debug_sfnames
 *(.debug_sfnames)

.debug_aranges  0x00000000      0xdd0
 *(.debug_aranges)
 .debug_aranges
                0x00000000       0x40 .\CortexM3\ARM_GCC_541\Debug\main.o
 .debug_aranges
                0x00000040       0x20 .\CortexM3\ARM_GCC_541\Debug\debug.o
 .debug_aranges
                0x00000060       0x70 .\CortexM3\ARM_GCC_541\Debug\cyfitter_cfg.o
 .debug_aranges
                0x000000d0       0x18 .\CortexM3\ARM_GCC_541\Debug\cymetadata.o
 .debug_aranges
                0x000000e8       0x48 .\CortexM3\ARM_GCC_541\Debug\Cm3Start.o
 .debug_aranges
                0x00000130       0xf0 .\CortexM3\ARM_GCC_541\Debug\PSOC_arm_project.a(UART.o)
 .debug_aranges
                0x00000220       0x80 .\CortexM3\ARM_GCC_541\Debug\PSOC_arm_project.a(isr_rx.o)
 .debug_aranges
                0x000002a0       0x70 .\CortexM3\ARM_GCC_541\Debug\PSOC_arm_project.a(UART_IntClock.o)
 .debug_aranges
                0x00000310      0x2a8 .\CortexM3\ARM_GCC_541\Debug\PSOC_arm_project.a(CyLib.o)
 .debug_aranges
                0x000005b8       0x98 .\CortexM3\ARM_GCC_541\Debug\PSOC_arm_project.a(cyPm.o)
 .debug_aranges
                0x00000650       0x98 .\CortexM3\ARM_GCC_541\Debug\PSOC_arm_project.a(PWM_1.o)
 .debug_aranges
                0x000006e8       0x90 .\CortexM3\ARM_GCC_541\Debug\PSOC_arm_project.a(Timer_1.o)
 .debug_aranges
                0x00000778       0x88 .\CortexM3\ARM_GCC_541\Debug\PSOC_arm_project.a(median_timer.o)
 .debug_aranges
                0x00000800       0x80 .\CortexM3\ARM_GCC_541\Debug\PSOC_arm_project.a(update_median_isr.o)
 .debug_aranges
                0x00000880       0x98 .\CortexM3\ARM_GCC_541\Debug\PSOC_arm_project.a(PWM_0.o)
 .debug_aranges
                0x00000918       0xa8 .\CortexM3\ARM_GCC_541\Debug\PSOC_arm_project.a(ADC_0.o)
 .debug_aranges
                0x000009c0       0x20 .\CortexM3\ARM_GCC_541\Debug\PSOC_arm_project.a(ADC_0_INT.o)
 .debug_aranges
                0x000009e0       0x30 .\CortexM3\ARM_GCC_541\Debug\PSOC_arm_project.a(AMux_0.o)
 .debug_aranges
                0x00000a10       0x98 .\CortexM3\ARM_GCC_541\Debug\PSOC_arm_project.a(PWM_2.o)
 .debug_aranges
                0x00000aa8       0x98 .\CortexM3\ARM_GCC_541\Debug\PSOC_arm_project.a(PWM_3.o)
 .debug_aranges
                0x00000b40       0x80 .\CortexM3\ARM_GCC_541\Debug\PSOC_arm_project.a(ADC_0_theACLK.o)
 .debug_aranges
                0x00000bc0       0x78 .\CortexM3\ARM_GCC_541\Debug\PSOC_arm_project.a(EEPROM.o)
 .debug_aranges
                0x00000c38       0x20 .\CortexM3\ARM_GCC_541\Debug\PSOC_arm_project.a(CyBootAsmGnu.o)
 .debug_aranges
                0x00000c58       0x80 .\CortexM3\ARM_GCC_541\Debug\PSOC_arm_project.a(CyScBoostClk.o)
 .debug_aranges
                0x00000cd8       0x80 .\CortexM3\ARM_GCC_541\Debug\PSOC_arm_project.a(CyFlash.o)
 .debug_aranges
                0x00000d58       0x78 .\CortexM3\ARM_GCC_541\Debug\PSOC_arm_project.a(CySpc.o)

.debug_pubnames
 *(.debug_pubnames)

.debug_info     0x00000000     0x5786
 *(.debug_info .gnu.linkonce.wi.*)
 .debug_info    0x00000000      0x608 .\CortexM3\ARM_GCC_541\Debug\main.o
 .debug_info    0x00000608      0x10c .\CortexM3\ARM_GCC_541\Debug\debug.o
 .debug_info    0x00000714      0x5ef .\CortexM3\ARM_GCC_541\Debug\cyfitter_cfg.o
 .debug_info    0x00000d03      0x139 .\CortexM3\ARM_GCC_541\Debug\cymetadata.o
 .debug_info    0x00000e3c      0x32b .\CortexM3\ARM_GCC_541\Debug\Cm3Start.o
 .debug_info    0x00001167      0x50a .\CortexM3\ARM_GCC_541\Debug\PSOC_arm_project.a(UART.o)
 .debug_info    0x00001671      0x241 .\CortexM3\ARM_GCC_541\Debug\PSOC_arm_project.a(isr_rx.o)
 .debug_info    0x000018b2      0x25d .\CortexM3\ARM_GCC_541\Debug\PSOC_arm_project.a(UART_IntClock.o)
 .debug_info    0x00001b0f      0xe88 .\CortexM3\ARM_GCC_541\Debug\PSOC_arm_project.a(CyLib.o)
 .debug_info    0x00002997      0x57a .\CortexM3\ARM_GCC_541\Debug\PSOC_arm_project.a(cyPm.o)
 .debug_info    0x00002f11      0x2a7 .\CortexM3\ARM_GCC_541\Debug\PSOC_arm_project.a(PWM_1.o)
 .debug_info    0x000031b8      0x25b .\CortexM3\ARM_GCC_541\Debug\PSOC_arm_project.a(Timer_1.o)
 .debug_info    0x00003413      0x245 .\CortexM3\ARM_GCC_541\Debug\PSOC_arm_project.a(median_timer.o)
 .debug_info    0x00003658      0x241 .\CortexM3\ARM_GCC_541\Debug\PSOC_arm_project.a(update_median_isr.o)
 .debug_info    0x00003899      0x2a7 .\CortexM3\ARM_GCC_541\Debug\PSOC_arm_project.a(PWM_0.o)
 .debug_info    0x00003b40      0x47f .\CortexM3\ARM_GCC_541\Debug\PSOC_arm_project.a(ADC_0.o)
 .debug_info    0x00003fbf       0x92 .\CortexM3\ARM_GCC_541\Debug\PSOC_arm_project.a(ADC_0_INT.o)
 .debug_info    0x00004051       0xf7 .\CortexM3\ARM_GCC_541\Debug\PSOC_arm_project.a(AMux_0.o)
 .debug_info    0x00004148      0x2a7 .\CortexM3\ARM_GCC_541\Debug\PSOC_arm_project.a(PWM_2.o)
 .debug_info    0x000043ef      0x2a7 .\CortexM3\ARM_GCC_541\Debug\PSOC_arm_project.a(PWM_3.o)
 .debug_info    0x00004696      0x299 .\CortexM3\ARM_GCC_541\Debug\PSOC_arm_project.a(ADC_0_theACLK.o)
 .debug_info    0x0000492f      0x359 .\CortexM3\ARM_GCC_541\Debug\PSOC_arm_project.a(EEPROM.o)
 .debug_info    0x00004c88       0x9a .\CortexM3\ARM_GCC_541\Debug\PSOC_arm_project.a(CyBootAsmGnu.o)
 .debug_info    0x00004d22      0x299 .\CortexM3\ARM_GCC_541\Debug\PSOC_arm_project.a(CyScBoostClk.o)
 .debug_info    0x00004fbb      0x371 .\CortexM3\ARM_GCC_541\Debug\PSOC_arm_project.a(CyFlash.o)
 .debug_info    0x0000532c      0x45a .\CortexM3\ARM_GCC_541\Debug\PSOC_arm_project.a(CySpc.o)

.debug_abbrev   0x00000000     0x1dc7
 *(.debug_abbrev)
 .debug_abbrev  0x00000000      0x13f .\CortexM3\ARM_GCC_541\Debug\main.o
 .debug_abbrev  0x0000013f       0xa1 .\CortexM3\ARM_GCC_541\Debug\debug.o
 .debug_abbrev  0x000001e0      0x1b9 .\CortexM3\ARM_GCC_541\Debug\cyfitter_cfg.o
 .debug_abbrev  0x00000399       0x77 .\CortexM3\ARM_GCC_541\Debug\cymetadata.o
 .debug_abbrev  0x00000410      0x1d6 .\CortexM3\ARM_GCC_541\Debug\Cm3Start.o
 .debug_abbrev  0x000005e6      0x163 .\CortexM3\ARM_GCC_541\Debug\PSOC_arm_project.a(UART.o)
 .debug_abbrev  0x00000749      0x172 .\CortexM3\ARM_GCC_541\Debug\PSOC_arm_project.a(isr_rx.o)
 .debug_abbrev  0x000008bb      0x11d .\CortexM3\ARM_GCC_541\Debug\PSOC_arm_project.a(UART_IntClock.o)
 .debug_abbrev  0x000009d8      0x217 .\CortexM3\ARM_GCC_541\Debug\PSOC_arm_project.a(CyLib.o)
 .debug_abbrev  0x00000bef      0x161 .\CortexM3\ARM_GCC_541\Debug\PSOC_arm_project.a(cyPm.o)
 .debug_abbrev  0x00000d50      0x12e .\CortexM3\ARM_GCC_541\Debug\PSOC_arm_project.a(PWM_1.o)
 .debug_abbrev  0x00000e7e      0x11b .\CortexM3\ARM_GCC_541\Debug\PSOC_arm_project.a(Timer_1.o)
 .debug_abbrev  0x00000f99       0xe9 .\CortexM3\ARM_GCC_541\Debug\PSOC_arm_project.a(median_timer.o)
 .debug_abbrev  0x00001082      0x172 .\CortexM3\ARM_GCC_541\Debug\PSOC_arm_project.a(update_median_isr.o)
 .debug_abbrev  0x000011f4      0x12e .\CortexM3\ARM_GCC_541\Debug\PSOC_arm_project.a(PWM_0.o)
 .debug_abbrev  0x00001322      0x173 .\CortexM3\ARM_GCC_541\Debug\PSOC_arm_project.a(ADC_0.o)
 .debug_abbrev  0x00001495       0x42 .\CortexM3\ARM_GCC_541\Debug\PSOC_arm_project.a(ADC_0_INT.o)
 .debug_abbrev  0x000014d7       0x87 .\CortexM3\ARM_GCC_541\Debug\PSOC_arm_project.a(AMux_0.o)
 .debug_abbrev  0x0000155e      0x12e .\CortexM3\ARM_GCC_541\Debug\PSOC_arm_project.a(PWM_2.o)
 .debug_abbrev  0x0000168c      0x12e .\CortexM3\ARM_GCC_541\Debug\PSOC_arm_project.a(PWM_3.o)
 .debug_abbrev  0x000017ba      0x11d .\CortexM3\ARM_GCC_541\Debug\PSOC_arm_project.a(ADC_0_theACLK.o)
 .debug_abbrev  0x000018d7      0x117 .\CortexM3\ARM_GCC_541\Debug\PSOC_arm_project.a(EEPROM.o)
 .debug_abbrev  0x000019ee       0x14 .\CortexM3\ARM_GCC_541\Debug\PSOC_arm_project.a(CyBootAsmGnu.o)
 .debug_abbrev  0x00001a02      0x11d .\CortexM3\ARM_GCC_541\Debug\PSOC_arm_project.a(CyScBoostClk.o)
 .debug_abbrev  0x00001b1f      0x13c .\CortexM3\ARM_GCC_541\Debug\PSOC_arm_project.a(CyFlash.o)
 .debug_abbrev  0x00001c5b      0x16c .\CortexM3\ARM_GCC_541\Debug\PSOC_arm_project.a(CySpc.o)

.debug_line     0x00000000     0x3470
 *(.debug_line)
 .debug_line    0x00000000      0x3ca .\CortexM3\ARM_GCC_541\Debug\main.o
 .debug_line    0x000003ca      0x16e .\CortexM3\ARM_GCC_541\Debug\debug.o
 .debug_line    0x00000538      0x26e .\CortexM3\ARM_GCC_541\Debug\cyfitter_cfg.o
 .debug_line    0x000007a6      0x141 .\CortexM3\ARM_GCC_541\Debug\cymetadata.o
 .debug_line    0x000008e7      0x1dc .\CortexM3\ARM_GCC_541\Debug\Cm3Start.o
 .debug_line    0x00000ac3      0x2e0 .\CortexM3\ARM_GCC_541\Debug\PSOC_arm_project.a(UART.o)
 .debug_line    0x00000da3      0x151 .\CortexM3\ARM_GCC_541\Debug\PSOC_arm_project.a(isr_rx.o)
 .debug_line    0x00000ef4      0x1ac .\CortexM3\ARM_GCC_541\Debug\PSOC_arm_project.a(UART_IntClock.o)
 .debug_line    0x000010a0      0x8b5 .\CortexM3\ARM_GCC_541\Debug\PSOC_arm_project.a(CyLib.o)
 .debug_line    0x00001955      0x38e .\CortexM3\ARM_GCC_541\Debug\PSOC_arm_project.a(cyPm.o)
 .debug_line    0x00001ce3      0x189 .\CortexM3\ARM_GCC_541\Debug\PSOC_arm_project.a(PWM_1.o)
 .debug_line    0x00001e6c      0x170 .\CortexM3\ARM_GCC_541\Debug\PSOC_arm_project.a(Timer_1.o)
 .debug_line    0x00001fdc      0x164 .\CortexM3\ARM_GCC_541\Debug\PSOC_arm_project.a(median_timer.o)
 .debug_line    0x00002140      0x15c .\CortexM3\ARM_GCC_541\Debug\PSOC_arm_project.a(update_median_isr.o)
 .debug_line    0x0000229c      0x189 .\CortexM3\ARM_GCC_541\Debug\PSOC_arm_project.a(PWM_0.o)
 .debug_line    0x00002425      0x207 .\CortexM3\ARM_GCC_541\Debug\PSOC_arm_project.a(ADC_0.o)
 .debug_line    0x0000262c       0x55 .\CortexM3\ARM_GCC_541\Debug\PSOC_arm_project.a(ADC_0_INT.o)
 .debug_line    0x00002681       0x9b .\CortexM3\ARM_GCC_541\Debug\PSOC_arm_project.a(AMux_0.o)
 .debug_line    0x0000271c      0x189 .\CortexM3\ARM_GCC_541\Debug\PSOC_arm_project.a(PWM_2.o)
 .debug_line    0x000028a5      0x189 .\CortexM3\ARM_GCC_541\Debug\PSOC_arm_project.a(PWM_3.o)
 .debug_line    0x00002a2e      0x1d0 .\CortexM3\ARM_GCC_541\Debug\PSOC_arm_project.a(ADC_0_theACLK.o)
 .debug_line    0x00002bfe      0x226 .\CortexM3\ARM_GCC_541\Debug\PSOC_arm_project.a(EEPROM.o)
 .debug_line    0x00002e24       0x66 .\CortexM3\ARM_GCC_541\Debug\PSOC_arm_project.a(CyBootAsmGnu.o)
 .debug_line    0x00002e8a      0x1cf .\CortexM3\ARM_GCC_541\Debug\PSOC_arm_project.a(CyScBoostClk.o)
 .debug_line    0x00003059      0x205 .\CortexM3\ARM_GCC_541\Debug\PSOC_arm_project.a(CyFlash.o)
 .debug_line    0x0000325e      0x212 .\CortexM3\ARM_GCC_541\Debug\PSOC_arm_project.a(CySpc.o)

.debug_frame    0x00000000     0x414c
 *(.debug_frame)
 .debug_frame   0x00000000       0xe0 .\CortexM3\ARM_GCC_541\Debug\main.o
 .debug_frame   0x000000e0       0x38 .\CortexM3\ARM_GCC_541\Debug\debug.o
 .debug_frame   0x00000118      0x1bc .\CortexM3\ARM_GCC_541\Debug\cyfitter_cfg.o
 .debug_frame   0x000002d4       0xd8 .\CortexM3\ARM_GCC_541\Debug\Cm3Start.o
 .debug_frame   0x000003ac      0x42c .\CortexM3\ARM_GCC_541\Debug\PSOC_arm_project.a(UART.o)
 .debug_frame   0x000007d8      0x1e8 .\CortexM3\ARM_GCC_541\Debug\PSOC_arm_project.a(isr_rx.o)
 .debug_frame   0x000009c0      0x1b4 .\CortexM3\ARM_GCC_541\Debug\PSOC_arm_project.a(UART_IntClock.o)
 .debug_frame   0x00000b74      0xc34 .\CortexM3\ARM_GCC_541\Debug\PSOC_arm_project.a(CyLib.o)
 .debug_frame   0x000017a8      0x234 .\CortexM3\ARM_GCC_541\Debug\PSOC_arm_project.a(cyPm.o)
 .debug_frame   0x000019dc      0x25c .\CortexM3\ARM_GCC_541\Debug\PSOC_arm_project.a(PWM_1.o)
 .debug_frame   0x00001c38      0x230 .\CortexM3\ARM_GCC_541\Debug\PSOC_arm_project.a(Timer_1.o)
 .debug_frame   0x00001e68      0x208 .\CortexM3\ARM_GCC_541\Debug\PSOC_arm_project.a(median_timer.o)
 .debug_frame   0x00002070      0x1e8 .\CortexM3\ARM_GCC_541\Debug\PSOC_arm_project.a(update_median_isr.o)
 .debug_frame   0x00002258      0x25c .\CortexM3\ARM_GCC_541\Debug\PSOC_arm_project.a(PWM_0.o)
 .debug_frame   0x000024b4      0x2bc .\CortexM3\ARM_GCC_541\Debug\PSOC_arm_project.a(ADC_0.o)
 .debug_frame   0x00002770       0x34 .\CortexM3\ARM_GCC_541\Debug\PSOC_arm_project.a(ADC_0_INT.o)
 .debug_frame   0x000027a4       0x7c .\CortexM3\ARM_GCC_541\Debug\PSOC_arm_project.a(AMux_0.o)
 .debug_frame   0x00002820      0x25c .\CortexM3\ARM_GCC_541\Debug\PSOC_arm_project.a(PWM_2.o)
 .debug_frame   0x00002a7c      0x25c .\CortexM3\ARM_GCC_541\Debug\PSOC_arm_project.a(PWM_3.o)
 .debug_frame   0x00002cd8      0x200 .\CortexM3\ARM_GCC_541\Debug\PSOC_arm_project.a(ADC_0_theACLK.o)
 .debug_frame   0x00002ed8      0x1c0 .\CortexM3\ARM_GCC_541\Debug\PSOC_arm_project.a(EEPROM.o)
 .debug_frame   0x00003098      0x200 .\CortexM3\ARM_GCC_541\Debug\PSOC_arm_project.a(CyScBoostClk.o)
 .debug_frame   0x00003298      0x210 .\CortexM3\ARM_GCC_541\Debug\PSOC_arm_project.a(CyFlash.o)
 .debug_frame   0x000034a8      0x1f8 .\CortexM3\ARM_GCC_541\Debug\PSOC_arm_project.a(CySpc.o)
 .debug_frame   0x000036a0       0x44 c:/program files (x86)/cypress/psoc creator/4.2/psoc creator/import/gnu/arm/5.4.1/bin/../lib/gcc/arm-none-eabi/5.4.1/armv7-m\libgcc.a(_aeabi_ldivmod.o)
 .debug_frame   0x000036e4       0x38 c:/program files (x86)/cypress/psoc creator/4.2/psoc creator/import/gnu/arm/5.4.1/bin/../lib/gcc/arm-none-eabi/5.4.1/armv7-m\libgcc.a(_udivmoddi4.o)
 .debug_frame   0x0000371c       0x20 c:/program files (x86)/cypress/psoc creator/4.2/psoc creator/import/gnu/arm/5.4.1/bin/../lib/gcc/arm-none-eabi/5.4.1/../../../../arm-none-eabi/lib/armv7-m\libg_nano.a(lib_a-errno.o)
 .debug_frame   0x0000373c       0x28 c:/program files (x86)/cypress/psoc creator/4.2/psoc creator/import/gnu/arm/5.4.1/bin/../lib/gcc/arm-none-eabi/5.4.1/../../../../arm-none-eabi/lib/armv7-m\libg_nano.a(lib_a-exit.o)
 .debug_frame   0x00003764       0x2c c:/program files (x86)/cypress/psoc creator/4.2/psoc creator/import/gnu/arm/5.4.1/bin/../lib/gcc/arm-none-eabi/5.4.1/../../../../arm-none-eabi/lib/armv7-m\libg_nano.a(lib_a-init.o)
 .debug_frame   0x00003790       0x28 c:/program files (x86)/cypress/psoc creator/4.2/psoc creator/import/gnu/arm/5.4.1/bin/../lib/gcc/arm-none-eabi/5.4.1/../../../../arm-none-eabi/lib/armv7-m\libg_nano.a(lib_a-memcpy-stub.o)
 .debug_frame   0x000037b8       0x20 c:/program files (x86)/cypress/psoc creator/4.2/psoc creator/import/gnu/arm/5.4.1/bin/../lib/gcc/arm-none-eabi/5.4.1/../../../../arm-none-eabi/lib/armv7-m\libg_nano.a(lib_a-memset.o)
 .debug_frame   0x000037d8       0x8c c:/program files (x86)/cypress/psoc creator/4.2/psoc creator/import/gnu/arm/5.4.1/bin/../lib/gcc/arm-none-eabi/5.4.1/../../../../arm-none-eabi/lib/armv7-m\libg_nano.a(lib_a-nano-vfprintf_float.o)
 .debug_frame   0x00003864       0x60 c:/program files (x86)/cypress/psoc creator/4.2/psoc creator/import/gnu/arm/5.4.1/bin/../lib/gcc/arm-none-eabi/5.4.1/../../../../arm-none-eabi/lib/armv7-m\libg_nano.a(lib_a-nano-vfprintf_i.o)
 .debug_frame   0x000038c4       0x70 c:/program files (x86)/cypress/psoc creator/4.2/psoc creator/import/gnu/arm/5.4.1/bin/../lib/gcc/arm-none-eabi/5.4.1/../../../../arm-none-eabi/lib/armv7-m\libg_nano.a(lib_a-sprintf.o)
 .debug_frame   0x00003934       0x98 c:/program files (x86)/cypress/psoc creator/4.2/psoc creator/import/gnu/arm/5.4.1/bin/../lib/gcc/arm-none-eabi/5.4.1/../../../../arm-none-eabi/lib/armv7-m\libg_nano.a(lib_a-strtod.o)
 .debug_frame   0x000039cc       0x44 c:/program files (x86)/cypress/psoc creator/4.2/psoc creator/import/gnu/arm/5.4.1/bin/../lib/gcc/arm-none-eabi/5.4.1/../../../../arm-none-eabi/lib/armv7-m\libg_nano.a(lib_a-strtol.o)
 .debug_frame   0x00003a10       0x6c c:/program files (x86)/cypress/psoc creator/4.2/psoc creator/import/gnu/arm/5.4.1/bin/../lib/gcc/arm-none-eabi/5.4.1/../../../../arm-none-eabi/lib/armv7-m\libg_nano.a(lib_a-dtoa.o)
 .debug_frame   0x00003a7c       0x70 c:/program files (x86)/cypress/psoc creator/4.2/psoc creator/import/gnu/arm/5.4.1/bin/../lib/gcc/arm-none-eabi/5.4.1/../../../../arm-none-eabi/lib/armv7-m\libg_nano.a(lib_a-gdtoa-gethex.o)
 .debug_frame   0x00003aec       0x74 c:/program files (x86)/cypress/psoc creator/4.2/psoc creator/import/gnu/arm/5.4.1/bin/../lib/gcc/arm-none-eabi/5.4.1/../../../../arm-none-eabi/lib/armv7-m\libg_nano.a(lib_a-gdtoa-hexnan.o)
 .debug_frame   0x00003b60       0x98 c:/program files (x86)/cypress/psoc creator/4.2/psoc creator/import/gnu/arm/5.4.1/bin/../lib/gcc/arm-none-eabi/5.4.1/../../../../arm-none-eabi/lib/armv7-m\libg_nano.a(lib_a-locale.o)
 .debug_frame   0x00003bf8       0x30 c:/program files (x86)/cypress/psoc creator/4.2/psoc creator/import/gnu/arm/5.4.1/bin/../lib/gcc/arm-none-eabi/5.4.1/../../../../arm-none-eabi/lib/armv7-m\libg_nano.a(lib_a-malloc.o)
 .debug_frame   0x00003c28       0x28 c:/program files (x86)/cypress/psoc creator/4.2/psoc creator/import/gnu/arm/5.4.1/bin/../lib/gcc/arm-none-eabi/5.4.1/../../../../arm-none-eabi/lib/armv7-m\libg_nano.a(lib_a-memchr-stub.o)
 .debug_frame   0x00003c50      0x234 c:/program files (x86)/cypress/psoc creator/4.2/psoc creator/import/gnu/arm/5.4.1/bin/../lib/gcc/arm-none-eabi/5.4.1/../../../../arm-none-eabi/lib/armv7-m\libg_nano.a(lib_a-mprec.o)
 .debug_frame   0x00003e84       0x2c c:/program files (x86)/cypress/psoc creator/4.2/psoc creator/import/gnu/arm/5.4.1/bin/../lib/gcc/arm-none-eabi/5.4.1/../../../../arm-none-eabi/lib/armv7-m\libg_nano.a(lib_a-nano-callocr.o)
 .debug_frame   0x00003eb0       0x38 c:/program files (x86)/cypress/psoc creator/4.2/psoc creator/import/gnu/arm/5.4.1/bin/../lib/gcc/arm-none-eabi/5.4.1/../../../../arm-none-eabi/lib/armv7-m\libg_nano.a(lib_a-nano-freer.o)
 .debug_frame   0x00003ee8       0x2c c:/program files (x86)/cypress/psoc creator/4.2/psoc creator/import/gnu/arm/5.4.1/bin/../lib/gcc/arm-none-eabi/5.4.1/../../../../arm-none-eabi/lib/armv7-m\libg_nano.a(lib_a-nano-mallocr.o)
 .debug_frame   0x00003f14       0x90 c:/program files (x86)/cypress/psoc creator/4.2/psoc creator/import/gnu/arm/5.4.1/bin/../lib/gcc/arm-none-eabi/5.4.1/../../../../arm-none-eabi/lib/armv7-m\libg_nano.a(lib_a-nano-svfprintf.o)
 .debug_frame   0x00003fa4       0x2c c:/program files (x86)/cypress/psoc creator/4.2/psoc creator/import/gnu/arm/5.4.1/bin/../lib/gcc/arm-none-eabi/5.4.1/../../../../arm-none-eabi/lib/armv7-m\libg_nano.a(lib_a-sbrkr.o)
 .debug_frame   0x00003fd0       0x20 c:/program files (x86)/cypress/psoc creator/4.2/psoc creator/import/gnu/arm/5.4.1/bin/../lib/gcc/arm-none-eabi/5.4.1/../../../../arm-none-eabi/lib/armv7-m\libg_nano.a(lib_a-sf_nan.o)
 .debug_frame   0x00003ff0       0x20 c:/program files (x86)/cypress/psoc creator/4.2/psoc creator/import/gnu/arm/5.4.1/bin/../lib/gcc/arm-none-eabi/5.4.1/../../../../arm-none-eabi/lib/armv7-m\libg_nano.a(lib_a-strcmp.o)
 .debug_frame   0x00004010       0x2c c:/program files (x86)/cypress/psoc creator/4.2/psoc creator/import/gnu/arm/5.4.1/bin/../lib/gcc/arm-none-eabi/5.4.1/../../../../arm-none-eabi/lib/armv7-m\libg_nano.a(lib_a-strncmp.o)
 .debug_frame   0x0000403c       0x28 c:/program files (x86)/cypress/psoc creator/4.2/psoc creator/import/gnu/arm/5.4.1/bin/../lib/gcc/arm-none-eabi/5.4.1/../../../../arm-none-eabi/lib/armv7-m\libg_nano.a(lib_a-memmove.o)
 .debug_frame   0x00004064       0x30 c:/program files (x86)/cypress/psoc creator/4.2/psoc creator/import/gnu/arm/5.4.1/bin/../lib/gcc/arm-none-eabi/5.4.1/../../../../arm-none-eabi/lib/armv7-m\libg_nano.a(lib_a-mlock.o)
 .debug_frame   0x00004094       0x3c c:/program files (x86)/cypress/psoc creator/4.2/psoc creator/import/gnu/arm/5.4.1/bin/../lib/gcc/arm-none-eabi/5.4.1/../../../../arm-none-eabi/lib/armv7-m\libg_nano.a(lib_a-nano-reallocr.o)
 .debug_frame   0x000040d0       0x5c c:/program files (x86)/cypress/psoc creator/4.2/psoc creator/import/gnu/arm/5.4.1/bin/../lib/gcc/arm-none-eabi/5.4.1/../../../../arm-none-eabi/lib/armv7-m\libg_nano.a(lib_a-reent.o)
 .debug_frame   0x0000412c       0x20 c:/program files (x86)/cypress/psoc creator/4.2/psoc creator/import/gnu/arm/5.4.1/bin/../lib/gcc/arm-none-eabi/5.4.1/../../../../arm-none-eabi/lib/armv7-m\libg_nano.a(lib_a-nano-msizer.o)

.debug_str      0x00000000     0x2b11
 *(.debug_str)
 .debug_str     0x00000000      0x305 .\CortexM3\ARM_GCC_541\Debug\main.o
                                0x35b (size before relaxing)
 .debug_str     0x00000305       0x14 .\CortexM3\ARM_GCC_541\Debug\debug.o
                                0x1b8 (size before relaxing)
 .debug_str     0x00000319      0x23f .\CortexM3\ARM_GCC_541\Debug\cyfitter_cfg.o
                                0x3ea (size before relaxing)
 .debug_str     0x00000558       0x7f .\CortexM3\ARM_GCC_541\Debug\cymetadata.o
                                0x1ee (size before relaxing)
 .debug_str     0x000005d7      0x123 .\CortexM3\ARM_GCC_541\Debug\Cm3Start.o
                                0x2e1 (size before relaxing)
 .debug_str     0x000006fa      0x270 .\CortexM3\ARM_GCC_541\Debug\PSOC_arm_project.a(UART.o)
                                0x42b (size before relaxing)
 .debug_str     0x0000096a      0x10c .\CortexM3\ARM_GCC_541\Debug\PSOC_arm_project.a(isr_rx.o)
                                0x2be (size before relaxing)
 .debug_str     0x00000a76      0x1b0 .\CortexM3\ARM_GCC_541\Debug\PSOC_arm_project.a(UART_IntClock.o)
                                0x340 (size before relaxing)
 .debug_str     0x00000c26      0x7fe .\CortexM3\ARM_GCC_541\Debug\PSOC_arm_project.a(CyLib.o)
                                0xa18 (size before relaxing)
 .debug_str     0x00001424      0x371 .\CortexM3\ARM_GCC_541\Debug\PSOC_arm_project.a(cyPm.o)
                                0x54d (size before relaxing)
 .debug_str     0x00001795      0x196 .\CortexM3\ARM_GCC_541\Debug\PSOC_arm_project.a(PWM_1.o)
                                0x33b (size before relaxing)
 .debug_str     0x0000192b      0x17a .\CortexM3\ARM_GCC_541\Debug\PSOC_arm_project.a(Timer_1.o)
                                0x33c (size before relaxing)
 .debug_str     0x00001aa5      0x1ad .\CortexM3\ARM_GCC_541\Debug\PSOC_arm_project.a(median_timer.o)
                                0x36f (size before relaxing)
 .debug_str     0x00001c52      0x18e .\CortexM3\ARM_GCC_541\Debug\PSOC_arm_project.a(update_median_isr.o)
                                0x358 (size before relaxing)
 .debug_str     0x00001de0      0x165 .\CortexM3\ARM_GCC_541\Debug\PSOC_arm_project.a(PWM_0.o)
                                0x33b (size before relaxing)
 .debug_str     0x00001f45      0x1e7 .\CortexM3\ARM_GCC_541\Debug\PSOC_arm_project.a(ADC_0.o)
                                0x3e7 (size before relaxing)
 .debug_str     0x0000212c       0x2d .\CortexM3\ARM_GCC_541\Debug\PSOC_arm_project.a(ADC_0_INT.o)
                                0x19d (size before relaxing)
 .debug_str     0x00002159       0x6c .\CortexM3\ARM_GCC_541\Debug\PSOC_arm_project.a(AMux_0.o)
                                0x1ea (size before relaxing)
 .debug_str     0x000021c5      0x165 .\CortexM3\ARM_GCC_541\Debug\PSOC_arm_project.a(PWM_2.o)
                                0x33b (size before relaxing)
 .debug_str     0x0000232a      0x165 .\CortexM3\ARM_GCC_541\Debug\PSOC_arm_project.a(PWM_3.o)
                                0x33b (size before relaxing)
 .debug_str     0x0000248f      0x1a6 .\CortexM3\ARM_GCC_541\Debug\PSOC_arm_project.a(ADC_0_theACLK.o)
                                0x387 (size before relaxing)
 .debug_str     0x00002635      0x117 .\CortexM3\ARM_GCC_541\Debug\PSOC_arm_project.a(EEPROM.o)
                                0x2ee (size before relaxing)
 .debug_str     0x0000274c      0x18f .\CortexM3\ARM_GCC_541\Debug\PSOC_arm_project.a(CyScBoostClk.o)
                                0x379 (size before relaxing)
 .debug_str     0x000028db      0x124 .\CortexM3\ARM_GCC_541\Debug\PSOC_arm_project.a(CyFlash.o)
                                0x300 (size before relaxing)
 .debug_str     0x000029ff      0x112 .\CortexM3\ARM_GCC_541\Debug\PSOC_arm_project.a(CySpc.o)
                                0x2fd (size before relaxing)

.debug_loc
 *(.debug_loc)

.debug_macinfo
 *(.debug_macinfo)

.debug_ranges   0x00000000      0xc18
 *(.debug_ranges)
 .debug_ranges  0x00000000       0x30 .\CortexM3\ARM_GCC_541\Debug\main.o
 .debug_ranges  0x00000030       0x10 .\CortexM3\ARM_GCC_541\Debug\debug.o
 .debug_ranges  0x00000040       0x60 .\CortexM3\ARM_GCC_541\Debug\cyfitter_cfg.o
 .debug_ranges  0x000000a0       0x38 .\CortexM3\ARM_GCC_541\Debug\Cm3Start.o
 .debug_ranges  0x000000d8       0xe0 .\CortexM3\ARM_GCC_541\Debug\PSOC_arm_project.a(UART.o)
 .debug_ranges  0x000001b8       0x70 .\CortexM3\ARM_GCC_541\Debug\PSOC_arm_project.a(isr_rx.o)
 .debug_ranges  0x00000228       0x60 .\CortexM3\ARM_GCC_541\Debug\PSOC_arm_project.a(UART_IntClock.o)
 .debug_ranges  0x00000288      0x298 .\CortexM3\ARM_GCC_541\Debug\PSOC_arm_project.a(CyLib.o)
 .debug_ranges  0x00000520       0x88 .\CortexM3\ARM_GCC_541\Debug\PSOC_arm_project.a(cyPm.o)
 .debug_ranges  0x000005a8       0x88 .\CortexM3\ARM_GCC_541\Debug\PSOC_arm_project.a(PWM_1.o)
 .debug_ranges  0x00000630       0x80 .\CortexM3\ARM_GCC_541\Debug\PSOC_arm_project.a(Timer_1.o)
 .debug_ranges  0x000006b0       0x78 .\CortexM3\ARM_GCC_541\Debug\PSOC_arm_project.a(median_timer.o)
 .debug_ranges  0x00000728       0x70 .\CortexM3\ARM_GCC_541\Debug\PSOC_arm_project.a(update_median_isr.o)
 .debug_ranges  0x00000798       0x88 .\CortexM3\ARM_GCC_541\Debug\PSOC_arm_project.a(PWM_0.o)
 .debug_ranges  0x00000820       0x98 .\CortexM3\ARM_GCC_541\Debug\PSOC_arm_project.a(ADC_0.o)
 .debug_ranges  0x000008b8       0x10 .\CortexM3\ARM_GCC_541\Debug\PSOC_arm_project.a(ADC_0_INT.o)
 .debug_ranges  0x000008c8       0x20 .\CortexM3\ARM_GCC_541\Debug\PSOC_arm_project.a(AMux_0.o)
 .debug_ranges  0x000008e8       0x88 .\CortexM3\ARM_GCC_541\Debug\PSOC_arm_project.a(PWM_2.o)
 .debug_ranges  0x00000970       0x88 .\CortexM3\ARM_GCC_541\Debug\PSOC_arm_project.a(PWM_3.o)
 .debug_ranges  0x000009f8       0x70 .\CortexM3\ARM_GCC_541\Debug\PSOC_arm_project.a(ADC_0_theACLK.o)
 .debug_ranges  0x00000a68       0x68 .\CortexM3\ARM_GCC_541\Debug\PSOC_arm_project.a(EEPROM.o)
 .debug_ranges  0x00000ad0       0x70 .\CortexM3\ARM_GCC_541\Debug\PSOC_arm_project.a(CyScBoostClk.o)
 .debug_ranges  0x00000b40       0x70 .\CortexM3\ARM_GCC_541\Debug\PSOC_arm_project.a(CyFlash.o)
 .debug_ranges  0x00000bb0       0x68 .\CortexM3\ARM_GCC_541\Debug\PSOC_arm_project.a(CySpc.o)

.comment        0x00000000       0x6e
 .comment       0x00000000       0x6e .\CortexM3\ARM_GCC_541\Debug\main.o
                                 0x6f (size before relaxing)
 .comment       0x0000006e       0x6f .\CortexM3\ARM_GCC_541\Debug\debug.o
 .comment       0x0000006e       0x6f .\CortexM3\ARM_GCC_541\Debug\cyfitter_cfg.o
 .comment       0x0000006e       0x6f .\CortexM3\ARM_GCC_541\Debug\cymetadata.o
 .comment       0x0000006e       0x6f .\CortexM3\ARM_GCC_541\Debug\Cm3Start.o
 .comment       0x0000006e       0x6f .\CortexM3\ARM_GCC_541\Debug\PSOC_arm_project.a(UART.o)
 .comment       0x0000006e       0x6f .\CortexM3\ARM_GCC_541\Debug\PSOC_arm_project.a(isr_rx.o)
 .comment       0x0000006e       0x6f .\CortexM3\ARM_GCC_541\Debug\PSOC_arm_project.a(UART_IntClock.o)
 .comment       0x0000006e       0x6f .\CortexM3\ARM_GCC_541\Debug\PSOC_arm_project.a(CyLib.o)
 .comment       0x0000006e       0x6f .\CortexM3\ARM_GCC_541\Debug\PSOC_arm_project.a(cyPm.o)
 .comment       0x0000006e       0x6f .\CortexM3\ARM_GCC_541\Debug\PSOC_arm_project.a(PWM_1.o)
 .comment       0x0000006e       0x6f .\CortexM3\ARM_GCC_541\Debug\PSOC_arm_project.a(Timer_1.o)
 .comment       0x0000006e       0x6f .\CortexM3\ARM_GCC_541\Debug\PSOC_arm_project.a(median_timer.o)
 .comment       0x0000006e       0x6f .\CortexM3\ARM_GCC_541\Debug\PSOC_arm_project.a(update_median_isr.o)
 .comment       0x0000006e       0x6f .\CortexM3\ARM_GCC_541\Debug\PSOC_arm_project.a(PWM_0.o)
 .comment       0x0000006e       0x6f .\CortexM3\ARM_GCC_541\Debug\PSOC_arm_project.a(ADC_0.o)