Archive member included to satisfy reference by file (symbol)

.\CortexM3\ARM_GCC_541\Debug\PSOC_arm_project.a(UART.o)
                              .\CortexM3\ARM_GCC_541\Debug\main.o (UART_Start)
.\CortexM3\ARM_GCC_541\Debug\PSOC_arm_project.a(isr_rx.o)
                              .\CortexM3\ARM_GCC_541\Debug\main.o (isr_rx_StartEx)
.\CortexM3\ARM_GCC_541\Debug\PSOC_arm_project.a(UART_IntClock.o)
                              .\CortexM3\ARM_GCC_541\Debug\PSOC_arm_project.a(UART.o) (UART_IntClock_Start)
.\CortexM3\ARM_GCC_541\Debug\PSOC_arm_project.a(CyLib.o)
                              .\CortexM3\ARM_GCC_541\Debug\Cm3Start.o (CyResetStatus)
.\CortexM3\ARM_GCC_541\Debug\PSOC_arm_project.a(cyPm.o)
                              .\CortexM3\ARM_GCC_541\Debug\PSOC_arm_project.a(CyLib.o) (CyPmReadStatus)
.\CortexM3\ARM_GCC_541\Debug\PSOC_arm_project.a(PWM_1.o)
                              .\CortexM3\ARM_GCC_541\Debug\main.o (PWM_1_Start)
.\CortexM3\ARM_GCC_541\Debug\PSOC_arm_project.a(Timer_1.o)
                              .\CortexM3\ARM_GCC_541\Debug\main.o (Timer_1_WriteCounter)
.\CortexM3\ARM_GCC_541\Debug\PSOC_arm_project.a(median_timer.o)
                              .\CortexM3\ARM_GCC_541\Debug\main.o (median_timer_Start)
.\CortexM3\ARM_GCC_541\Debug\PSOC_arm_project.a(update_median_isr.o)
                              .\CortexM3\ARM_GCC_541\Debug\main.o (update_median_isr_StartEx)
.\CortexM3\ARM_GCC_541\Debug\PSOC_arm_project.a(PWM_0.o)
                              .\CortexM3\ARM_GCC_541\Debug\main.o (PWM_0_Start)
.\CortexM3\ARM_GCC_541\Debug\PSOC_arm_project.a(ADC_0.o)
                              .\CortexM3\ARM_GCC_541\Debug\main.o (ADC_0_Start)
.\CortexM3\ARM_GCC_541\Debug\PSOC_arm_project.a(ADC_0_INT.o)
                              .\CortexM3\ARM_GCC_541\Debug\PSOC_arm_project.a(ADC_0.o) (ADC_0_ISR)
.\CortexM3\ARM_GCC_541\Debug\PSOC_arm_project.a(AMux_0.o)
                              .\CortexM3\ARM_GCC_541\Debug\main.o (AMux_0_Start)
.\CortexM3\ARM_GCC_541\Debug\PSOC_arm_project.a(PWM_2.o)
                              .\CortexM3\ARM_GCC_541\Debug\main.o (PWM_2_Start)
.\CortexM3\ARM_GCC_541\Debug\PSOC_arm_project.a(PWM_3.o)
                              .\CortexM3\ARM_GCC_541\Debug\main.o (PWM_3_Start)
.\CortexM3\ARM_GCC_541\Debug\PSOC_arm_project.a(ADC_0_theACLK.o)
                              .\CortexM3\ARM_GCC_541\Debug\PSOC_arm_project.a(ADC_0.o) (ADC_0_theACLK_SetModeRegister)
.\CortexM3\ARM_GCC_541\Debug\PSOC_arm_project.a(CyBootAsmGnu.o)
                              .\CortexM3\ARM_GCC_541\Debug\cyfitter_cfg.o (CyDelayCycles)
.\CortexM3\ARM_GCC_541\Debug\PSOC_arm_project.a(CyScBoostClk.o)
                              .\CortexM3\ARM_GCC_541\Debug\PSOC_arm_project.a(CyLib.o) (CyScBoostClk_Start)
.\CortexM3\ARM_GCC_541\Debug\PSOC_arm_project.a(CyFlash.o)
                              .\CortexM3\ARM_GCC_541\Debug\PSOC_arm_project.a(cyPm.o) (CyFlash_SetWaitCycles)
.\CortexM3\ARM_GCC_541\Debug\PSOC_arm_project.a(CySpc.o)
                              .\CortexM3\ARM_GCC_541\Debug\PSOC_arm_project.a(CyFlash.o) (CySpcStart)
c:/program files (x86)/cypress/psoc creator/4.2/psoc creator/import/gnu/arm/5.4.1/bin/../lib/gcc/arm-none-eabi/5.4.1/armv7-m\libgcc.a(_arm_addsubdf3.o)
                              .\CortexM3\ARM_GCC_541\Debug\main.o (__aeabi_dsub)
c:/program files (x86)/cypress/psoc creator/4.2/psoc creator/import/gnu/arm/5.4.1/bin/../lib/gcc/arm-none-eabi/5.4.1/armv7-m\libgcc.a(_arm_muldivdf3.o)
                              .\CortexM3\ARM_GCC_541\Debug\main.o (__aeabi_dmul)
c:/program files (x86)/cypress/psoc creator/4.2/psoc creator/import/gnu/arm/5.4.1/bin/../lib/gcc/arm-none-eabi/5.4.1/armv7-m\libgcc.a(_arm_fixdfsi.o)
                              .\CortexM3\ARM_GCC_541\Debug\main.o (__aeabi_d2iz)
c:/program files (x86)/cypress/psoc creator/4.2/psoc creator/import/gnu/arm/5.4.1/bin/../lib/gcc/arm-none-eabi/5.4.1/armv7-m\libgcc.a(_arm_addsubsf3.o)
                              .\CortexM3\ARM_GCC_541\Debug\PSOC_arm_project.a(ADC_0.o) (__aeabi_i2f)
c:/program files (x86)/cypress/psoc creator/4.2/psoc creator/import/gnu/arm/5.4.1/bin/../lib/gcc/arm-none-eabi/5.4.1/armv7-m\libgcc.a(_arm_muldivsf3.o)
                              .\CortexM3\ARM_GCC_541\Debug\PSOC_arm_project.a(ADC_0.o) (__aeabi_fmul)
c:/program files (x86)/cypress/psoc creator/4.2/psoc creator/import/gnu/arm/5.4.1/bin/../lib/gcc/arm-none-eabi/5.4.1/armv7-m\libgcc.a(_aeabi_ldivmod.o)
                              .\CortexM3\ARM_GCC_541\Debug\PSOC_arm_project.a(ADC_0.o) (__aeabi_ldivmod)
c:/program files (x86)/cypress/psoc creator/4.2/psoc creator/import/gnu/arm/5.4.1/bin/../lib/gcc/arm-none-eabi/5.4.1/armv7-m\libgcc.a(_udivmoddi4.o)
                              c:/program files (x86)/cypress/psoc creator/4.2/psoc creator/import/gnu/arm/5.4.1/bin/../lib/gcc/arm-none-eabi/5.4.1/armv7-m\libgcc.a(_aeabi_ldivmod.o) (__udivmoddi4)
[...]
Memory Configuration

Name             Origin             Length             Attributes
rom              0x00000000         0x00040000         xr
ram              0x1fff8000         0x00010000         xrw
*default*        0x00000000         0xffffffff

Linker script and memory map

LOAD c:/program files (x86)/cypress/psoc creator/4.2/psoc creator/import/gnu/arm/5.4.1/bin/../lib/gcc/arm-none-eabi/5.4.1/armv7-m/crti.o
LOAD c:/program files (x86)/cypress/psoc creator/4.2/psoc creator/import/gnu/arm/5.4.1/bin/../lib/gcc/arm-none-eabi/5.4.1/armv7-m/crtbegin.o
LOAD c:/program files (x86)/cypress/psoc creator/4.2/psoc creator/import/gnu/arm/5.4.1/bin/../lib/gcc/arm-none-eabi/5.4.1/../../../../arm-none-eabi/lib/armv7-m/crt0.o
START GROUP
LOAD .\CortexM3\ARM_GCC_541\Debug\main.o
LOAD .\CortexM3\ARM_GCC_541\Debug\debug.o
LOAD .\CortexM3\ARM_GCC_541\Debug\cyfitter_cfg.o
LOAD .\CortexM3\ARM_GCC_541\Debug\cymetadata.o
LOAD .\CortexM3\ARM_GCC_541\Debug\Cm3Start.o
LOAD .\CortexM3\ARM_GCC_541\Debug\PSOC_arm_project.a
LOAD C:\Program Files (x86)\Cypress\PSoC Creator\4.2\PSoC Creator\psoc\content\cycomponentlibrary\CyComponentLibrary.cylib\CortexM3\ARM_GCC_541\Debug\CyComponentLibrary.a
LOAD c:/program files (x86)/cypress/psoc creator/4.2/psoc creator/import/gnu/arm/5.4.1/bin/../lib/gcc/arm-none-eabi/5.4.1/../../../../arm-none-eabi/lib/armv7-m\libm.a
END GROUP
START GROUP
LOAD c:/program files (x86)/cypress/psoc creator/4.2/psoc creator/import/gnu/arm/5.4.1/bin/../lib/gcc/arm-none-eabi/5.4.1/armv7-m\libgcc.a
LOAD c:/program files (x86)/cypress/psoc creator/4.2/psoc creator/import/gnu/arm/5.4.1/bin/../lib/gcc/arm-none-eabi/5.4.1/../../../../arm-none-eabi/lib/armv7-m\libg_nano.a
LOAD c:/program files (x86)/cypress/psoc creator/4.2/psoc creator/import/gnu/arm/5.4.1/bin/../lib/gcc/arm-none-eabi/5.4.1/../../../../arm-none-eabi/lib/armv7-m\libc_nano.a
END GROUP
START GROUP
LOAD c:/program files (x86)/cypress/psoc creator/4.2/psoc creator/import/gnu/arm/5.4.1/bin/../lib/gcc/arm-none-eabi/5.4.1/armv7-m\libgcc.a
LOAD c:/program files (x86)/cypress/psoc creator/4.2/psoc creator/import/gnu/arm/5.4.1/bin/../lib/gcc/arm-none-eabi/5.4.1/../../../../arm-none-eabi/lib/armv7-m\libc_nano.a
END GROUP
LOAD c:/program files (x86)/cypress/psoc creator/4.2/psoc creator/import/gnu/arm/5.4.1/bin/../lib/gcc/arm-none-eabi/5.4.1/armv7-m/crtend.o
LOAD c:/program files (x86)/cypress/psoc creator/4.2/psoc creator/import/gnu/arm/5.4.1/bin/../lib/gcc/arm-none-eabi/5.4.1/armv7-m/crtn.o
START GROUP
LOAD c:/program files (x86)/cypress/psoc creator/4.2/psoc creator/import/gnu/arm/5.4.1/bin/../lib/gcc/arm-none-eabi/5.4.1/armv7-m\libgcc.a
LOAD c:/program files (x86)/cypress/psoc creator/4.2/psoc creator/import/gnu/arm/5.4.1/bin/../lib/gcc/arm-none-eabi/5.4.1/../../../../arm-none-eabi/lib/armv7-m\libc.a
LOAD c:/program files (x86)/cypress/psoc creator/4.2/psoc creator/import/gnu/arm/5.4.1/bin/../lib/gcc/arm-none-eabi/5.4.1/../../../../arm-none-eabi/lib/armv7-m\libnosys.a
END GROUP
                0x00000000                CY_APPL_ORIGIN = 0x0
                0x00000100                CY_FLASH_ROW_SIZE = 0x100
                0x00000020                CY_ECC_ROW_SIZE = 0x20
                0x00000000                CY_EE_IN_BTLDR = 0x0
                0x00000000                CY_APPL_LOADABLE = 0x0
                0x00000800                CY_EE_SIZE = 0x800
                0x00000001                CY_APPL_NUM = 0x1
                0x00000001                CY_APPL_MAX = 0x1
                0x00000040                CY_METADATA_SIZE = 0x40
                0x00000000                CY_APPL_LOADABLE = 0x0
                0x00000000                CY_CHECKSUM_EXCLUDE_SIZE = ALIGN (0x0, CY_FLASH_ROW_SIZE)
                [!provide]                PROVIDE (__cy_heap_start, _end)
                0x00000001                PROVIDE (__cy_region_num, ((__cy_regions_end - __cy_regions) / 0x10))
                0x20008000                PROVIDE (__cy_stack, (ORIGIN (ram) + LENGTH (ram)))
                [!provide]                PROVIDE (__cy_heap_end, (__cy_stack - 0x800))

.cybootloader   0x00000000        0x0
 *(.cybootloader)
                0x00000000                appl1_start = CY_APPL_ORIGIN?CY_APPL_ORIGIN:ALIGN (CY_FLASH_ROW_SIZE)
                0x0001ff00                appl2_start = (appl1_start + ALIGN ((((LENGTH (rom) - appl1_start) - (0x2 * CY_FLASH_ROW_SIZE)) / 0x2), CY_FLASH_ROW_SIZE))
                0x00000000                appl_start = (CY_APPL_NUM == 0x1)?appl1_start:appl2_start
                0x00000000                ecc_offset = ((appl_start / CY_FLASH_ROW_SIZE) * CY_ECC_ROW_SIZE)
                0x00000000                ee_offset = (CY_APPL_LOADABLE && ! (CY_EE_IN_BTLDR))?((CY_EE_SIZE / CY_APPL_MAX) * (CY_APPL_NUM - 0x1)):0x0
                0x00000800                ee_size = (CY_APPL_LOADABLE && ! (CY_EE_IN_BTLDR))?(CY_EE_SIZE / CY_APPL_MAX):CY_EE_SIZE
                [!provide]                PROVIDE (CY_ECC_OFFSET, ecc_offset)

.text           0x00000000     0x6260
 CREATE_OBJECT_SYMBOLS
                0x00000000                PROVIDE (__cy_interrupt_vector, RomVectors)
 *(.romvectors)
 .romvectors    0x00000000       0x10 .\CortexM3\ARM_GCC_541\Debug\Cm3Start.o
                0x00000000                RomVectors
                0x00000001                ASSERT ((. != __cy_interrupt_vector), No interrupt vector)
                0x00000001                ASSERT (CY_APPL_ORIGIN?(SIZEOF (.cybootloader) <= CY_APPL_ORIGIN):0x1, Wrong image location)
                0x00000010                PROVIDE (__cy_reset, Reset)
 *(.text.Reset)
 .text.Reset    0x00000010       0x18 .\CortexM3\ARM_GCC_541\Debug\Cm3Start.o
                0x00000010                Reset
                0x00000001                ASSERT ((. != __cy_reset), No reset code)
 *(.dma_init)
                0x00000001                ASSERT ((((appl_start + .) <= 0x10000) || 0x1), DMA Init must be within the first 64k of flash)
 *(.text .text.* .gnu.linkonce.t.*)
 .text          0x00000028       0x5c c:/program files (x86)/cypress/psoc creator/4.2/psoc creator/import/gnu/arm/5.4.1/bin/../lib/gcc/arm-none-eabi/5.4.1/armv7-m/crtbegin.o
 .text.writePWM
                0x00000084       0x78 .\CortexM3\ARM_GCC_541\Debug\main.o
                0x00000084                writePWM
 .text.pulseCheck
                0x000000fc       0x54 .\CortexM3\ARM_GCC_541\Debug\main.o
                0x000000fc                pulseCheck
 .text.adc_update
                0x00000150      0x16c .\CortexM3\ARM_GCC_541\Debug\main.o
                0x00000150                adc_update
 .text.RxIsr    0x000002bc      0x314 .\CortexM3\ARM_GCC_541\Debug\main.o
                0x000002bc                RxIsr
 .text.main     0x000005d0      0x470 .\CortexM3\ARM_GCC_541\Debug\main.o
                0x000005d0                main
 .text.CYMEMZERO
                0x00000a40       0x1c .\CortexM3\ARM_GCC_541\Debug\cyfitter_cfg.o
 .text.CYCONFIGCPY
                0x00000a5c       0x20 .\CortexM3\ARM_GCC_541\Debug\cyfitter_cfg.o
 .text.CyClockStartupError
                0x00000a7c        0xc .\CortexM3\ARM_GCC_541\Debug\cyfitter_cfg.o
 .text.cfg_write_bytes32
                0x00000a88       0x74 .\CortexM3\ARM_GCC_541\Debug\cyfitter_cfg.o
 .text.ClockSetup
                0x00000afc      0x158 .\CortexM3\ARM_GCC_541\Debug\cyfitter_cfg.o
 .text.AnalogSetDefault
                0x00000c54       0x9c .\CortexM3\ARM_GCC_541\Debug\cyfitter_cfg.o
 .text.AMux_0_Set
                0x00000cf0       0xb8 .\CortexM3\ARM_GCC_541\Debug\cyfitter_cfg.o
                0x00000cf0                AMux_0_Set
 .text.AMux_0_Unset
                0x00000da8       0xc4 .\CortexM3\ARM_GCC_541\Debug\cyfitter_cfg.o
                0x00000da8                AMux_0_Unset
 .text.cyfitter_cfg
                0x00000e6c      0x190 .\CortexM3\ARM_GCC_541\Debug\cyfitter_cfg.o
                0x00000e6c                cyfitter_cfg
 .text.IntDefaultHandler
                0x00000ffc       0x14 .\CortexM3\ARM_GCC_541\Debug\Cm3Start.o
                0x00000ffc                IntDefaultHandler
 .text._sbrk    0x00001010       0x54 .\CortexM3\ARM_GCC_541\Debug\Cm3Start.o
                0x00001010                _sbrk
 .text.Start_c  0x00001064       0x98 .\CortexM3\ARM_GCC_541\Debug\Cm3Start.o
                0x00001064                Start_c
 .text.initialize_psoc
                0x000010fc       0x90 .\CortexM3\ARM_GCC_541\Debug\Cm3Start.o
                0x000010fc                initialize_psoc
 .text.UART_Start
                0x0000118c       0x24 .\CortexM3\ARM_GCC_541\Debug\PSOC_arm_project.a(UART.o)
                0x0000118c                UART_Start
 .text.UART_Init
                0x000011b0       0x40 .\CortexM3\ARM_GCC_541\Debug\PSOC_arm_project.a(UART.o)
                0x000011b0                UART_Init
 .text.UART_Enable
                0x000011f0       0x60 .\CortexM3\ARM_GCC_541\Debug\PSOC_arm_project.a(UART.o)
                0x000011f0                UART_Enable
 .text.UART_PutChar
                0x00001250       0x34 .\CortexM3\ARM_GCC_541\Debug\PSOC_arm_project.a(UART.o)
                0x00001250                UART_PutChar
 .text.UART_PutString
                0x00001284       0x44 .\CortexM3\ARM_GCC_541\Debug\PSOC_arm_project.a(UART.o)
                0x00001284                UART_PutString
 .text.isr_rx_StartEx
                0x000012c8       0x24 .\CortexM3\ARM_GCC_541\Debug\PSOC_arm_project.a(isr_rx.o)
                0x000012c8                isr_rx_StartEx
 .text.isr_rx_SetVector
                0x000012ec       0x24 .\CortexM3\ARM_GCC_541\Debug\PSOC_arm_project.a(isr_rx.o)
                0x000012ec                isr_rx_SetVector
 .text.isr_rx_SetPriority
                0x00001310       0x24 .\CortexM3\ARM_GCC_541\Debug\PSOC_arm_project.a(isr_rx.o)
                0x00001310                isr_rx_SetPriority
 .text.isr_rx_Enable
                0x00001334       0x18 .\CortexM3\ARM_GCC_541\Debug\PSOC_arm_project.a(isr_rx.o)
                0x00001334                isr_rx_Enable
 .text.isr_rx_Disable
                0x0000134c       0x18 .\CortexM3\ARM_GCC_541\Debug\PSOC_arm_project.a(isr_rx.o)
                0x0000134c                isr_rx_Disable
 .text.UART_IntClock_Start
                0x00001364       0x34 .\CortexM3\ARM_GCC_541\Debug\PSOC_arm_project.a(UART_IntClock.o)
                0x00001364                UART_IntClock_Start
 .text.CyHalt   0x00001398       0x18 .\CortexM3\ARM_GCC_541\Debug\PSOC_arm_project.a(CyLib.o)
                0x00001398                CyHalt
 .text.CyDelay  0x000013b0       0x44 .\CortexM3\ARM_GCC_541\Debug\PSOC_arm_project.a(CyLib.o)
                0x000013b0                CyDelay
 .text.CyDelayUs
                0x000013f4       0x28 .\CortexM3\ARM_GCC_541\Debug\PSOC_arm_project.a(CyLib.o)
                0x000013f4                CyDelayUs
 .text.CyIntSetVector
                0x0000141c       0x50 .\CortexM3\ARM_GCC_541\Debug\PSOC_arm_project.a(CyLib.o)
                0x0000141c                CyIntSetVector
 .text.CyIntSetPriority
                0x0000146c       0x48 .\CortexM3\ARM_GCC_541\Debug\PSOC_arm_project.a(CyLib.o)
                0x0000146c                CyIntSetPriority
 .text.PWM_1_Start
                0x000014b4       0x24 .\CortexM3\ARM_GCC_541\Debug\PSOC_arm_project.a(PWM_1.o)
                0x000014b4                PWM_1_Start
 .text.PWM_1_Init
                0x000014d8       0x98 .\CortexM3\ARM_GCC_541\Debug\PSOC_arm_project.a(PWM_1.o)
                0x000014d8                PWM_1_Init
 .text.PWM_1_Enable
                0x00001570       0x20 .\CortexM3\ARM_GCC_541\Debug\PSOC_arm_project.a(PWM_1.o)
                0x00001570                PWM_1_Enable
 .text.PWM_1_WriteCounter
                0x00001590       0x20 .\CortexM3\ARM_GCC_541\Debug\PSOC_arm_project.a(PWM_1.o)
                0x00001590                PWM_1_WriteCounter
 .text.PWM_1_ClearFIFO
                0x000015b0       0x1c .\CortexM3\ARM_GCC_541\Debug\PSOC_arm_project.a(PWM_1.o)
                0x000015b0                PWM_1_ClearFIFO
 .text.PWM_1_WritePeriod
                0x000015cc       0x20 .\CortexM3\ARM_GCC_541\Debug\PSOC_arm_project.a(PWM_1.o)
                0x000015cc                PWM_1_WritePeriod
 .text.PWM_1_WriteCompare
                0x000015ec       0x20 .\CortexM3\ARM_GCC_541\Debug\PSOC_arm_project.a(PWM_1.o)
                0x000015ec                PWM_1_WriteCompare
 .text.PWM_1_SetInterruptMode
                0x0000160c       0x20 .\CortexM3\ARM_GCC_541\Debug\PSOC_arm_project.a(PWM_1.o)
                0x0000160c                PWM_1_SetInterruptMode
 .text.PWM_1_ReadStatusRegister
                0x0000162c       0x18 .\CortexM3\ARM_GCC_541\Debug\PSOC_arm_project.a(PWM_1.o)
                0x0000162c                PWM_1_ReadStatusRegister
 .text.PWM_1_ReadCapture
                0x00001644       0x18 .\CortexM3\ARM_GCC_541\Debug\PSOC_arm_project.a(PWM_1.o)
                0x00001644                PWM_1_ReadCapture
 .text.Timer_1_Init
                0x0000165c       0x4c .\CortexM3\ARM_GCC_541\Debug\PSOC_arm_project.a(Timer_1.o)
                0x0000165c                Timer_1_Init
 .text.Timer_1_Enable
                0x000016a8       0x20 .\CortexM3\ARM_GCC_541\Debug\PSOC_arm_project.a(Timer_1.o)
                0x000016a8                Timer_1_Enable
 .text.Timer_1_Start
                0x000016c8       0x24 .\CortexM3\ARM_GCC_541\Debug\PSOC_arm_project.a(Timer_1.o)
                0x000016c8                Timer_1_Start
 .text.Timer_1_SetInterruptMode
                0x000016ec       0x20 .\CortexM3\ARM_GCC_541\Debug\PSOC_arm_project.a(Timer_1.o)
                0x000016ec                Timer_1_SetInterruptMode
 .text.Timer_1_ReadStatusRegister
                0x0000170c       0x18 .\CortexM3\ARM_GCC_541\Debug\PSOC_arm_project.a(Timer_1.o)
                0x0000170c                Timer_1_ReadStatusRegister
 .text.Timer_1_WritePeriod
                0x00001724       0x20 .\CortexM3\ARM_GCC_541\Debug\PSOC_arm_project.a(Timer_1.o)
                0x00001724                Timer_1_WritePeriod
 .text.Timer_1_ReadCapture
                0x00001744       0x18 .\CortexM3\ARM_GCC_541\Debug\PSOC_arm_project.a(Timer_1.o)
                0x00001744                Timer_1_ReadCapture
 .text.Timer_1_WriteCounter
                0x0000175c       0x20 .\CortexM3\ARM_GCC_541\Debug\PSOC_arm_project.a(Timer_1.o)
                0x0000175c                Timer_1_WriteCounter
 .text.Timer_1_ReadCounter
                0x0000177c       0x20 .\CortexM3\ARM_GCC_541\Debug\PSOC_arm_project.a(Timer_1.o)
                0x0000177c                Timer_1_ReadCounter
 .text.Timer_1_ClearFIFO
                0x0000179c       0x1c .\CortexM3\ARM_GCC_541\Debug\PSOC_arm_project.a(Timer_1.o)
                0x0000179c                Timer_1_ClearFIFO
 .text.median_timer_Init
                0x000017b8       0xa0 .\CortexM3\ARM_GCC_541\Debug\PSOC_arm_project.a(median_timer.o)
                0x000017b8                median_timer_Init
 .text.median_timer_Enable
                0x00001858       0x48 .\CortexM3\ARM_GCC_541\Debug\PSOC_arm_project.a(median_timer.o)
                0x00001858                median_timer_Enable
 .text.median_timer_Start
                0x000018a0       0x24 .\CortexM3\ARM_GCC_541\Debug\PSOC_arm_project.a(median_timer.o)
                0x000018a0                median_timer_Start
 .text.median_timer_SetInterruptMode
                0x000018c4       0x20 .\CortexM3\ARM_GCC_541\Debug\PSOC_arm_project.a(median_timer.o)
                0x000018c4                median_timer_SetInterruptMode
 .text.median_timer_WritePeriod
                0x000018e4       0x24 .\CortexM3\ARM_GCC_541\Debug\PSOC_arm_project.a(median_timer.o)
                0x000018e4                median_timer_WritePeriod
 .text.median_timer_WriteCounter
                0x00001908       0x20 .\CortexM3\ARM_GCC_541\Debug\PSOC_arm_project.a(median_timer.o)
                0x00001908                median_timer_WriteCounter
 .text.update_median_isr_StartEx
                0x00001928       0x24 .\CortexM3\ARM_GCC_541\Debug\PSOC_arm_project.a(update_median_isr.o)
                0x00001928                update_median_isr_StartEx
 .text.update_median_isr_SetVector
                0x0000194c       0x24 .\CortexM3\ARM_GCC_541\Debug\PSOC_arm_project.a(update_median_isr.o)
                0x0000194c                update_median_isr_SetVector
 .text.update_median_isr_SetPriority
                0x00001970       0x24 .\CortexM3\ARM_GCC_541\Debug\PSOC_arm_project.a(update_median_isr.o)
                0x00001970                update_median_isr_SetPriority
 .text.update_median_isr_Enable
                0x00001994       0x18 .\CortexM3\ARM_GCC_541\Debug\PSOC_arm_project.a(update_median_isr.o)
                0x00001994                update_median_isr_Enable
 .text.update_median_isr_Disable
                0x000019ac       0x18 .\CortexM3\ARM_GCC_541\Debug\PSOC_arm_project.a(update_median_isr.o)
                0x000019ac                update_median_isr_Disable
 .text.update_median_isr_ClearPending
                0x000019c4       0x18 .\CortexM3\ARM_GCC_541\Debug\PSOC_arm_project.a(update_median_isr.o)
                0x000019c4                update_median_isr_ClearPending
 .text.PWM_0_Start
                0x000019dc       0x24 .\CortexM3\ARM_GCC_541\Debug\PSOC_arm_project.a(PWM_0.o)
                0x000019dc                PWM_0_Start
 .text.PWM_0_Init
                0x00001a00       0x94 .\CortexM3\ARM_GCC_541\Debug\PSOC_arm_project.a(PWM_0.o)
                0x00001a00                PWM_0_Init
 .text.PWM_0_Enable
                0x00001a94       0x20 .\CortexM3\ARM_GCC_541\Debug\PSOC_arm_project.a(PWM_0.o)
                0x00001a94                PWM_0_Enable
 .text.PWM_0_WriteCounter
                0x00001ab4       0x20 .\CortexM3\ARM_GCC_541\Debug\PSOC_arm_project.a(PWM_0.o)
                0x00001ab4                PWM_0_WriteCounter
 .text.PWM_0_ClearFIFO
                0x00001ad4       0x1c .\CortexM3\ARM_GCC_541\Debug\PSOC_arm_project.a(PWM_0.o)
                0x00001ad4                PWM_0_ClearFIFO
 .text.PWM_0_WritePeriod
                0x00001af0       0x20 .\CortexM3\ARM_GCC_541\Debug\PSOC_arm_project.a(PWM_0.o)
                0x00001af0                PWM_0_WritePeriod
 .text.PWM_0_WriteCompare
                0x00001b10       0x20 .\CortexM3\ARM_GCC_541\Debug\PSOC_arm_project.a(PWM_0.o)
                0x00001b10                PWM_0_WriteCompare
 .text.PWM_0_SetInterruptMode
                0x00001b30       0x20 .\CortexM3\ARM_GCC_541\Debug\PSOC_arm_project.a(PWM_0.o)
                0x00001b30                PWM_0_SetInterruptMode
 .text.PWM_0_ReadStatusRegister
                0x00001b50       0x18 .\CortexM3\ARM_GCC_541\Debug\PSOC_arm_project.a(PWM_0.o)
                0x00001b50                PWM_0_ReadStatusRegister
 .text.PWM_0_ReadCapture
                0x00001b68       0x18 .\CortexM3\ARM_GCC_541\Debug\PSOC_arm_project.a(PWM_0.o)
                0x00001b68                PWM_0_ReadCapture
 .text.ADC_0_Start
                0x00001b80       0x24 .\CortexM3\ARM_GCC_541\Debug\PSOC_arm_project.a(ADC_0.o)
                0x00001b80                ADC_0_Start
 .text.ADC_0_Init
                0x00001ba4       0x48 .\CortexM3\ARM_GCC_541\Debug\PSOC_arm_project.a(ADC_0.o)
                0x00001ba4                ADC_0_Init
 .text.ADC_0_Enable
                0x00001bec       0xf4 .\CortexM3\ARM_GCC_541\Debug\PSOC_arm_project.a(ADC_0.o)
                0x00001bec                ADC_0_Enable
 .text.ADC_0_SetResolution
                0x00001ce0       0x54 .\CortexM3\ARM_GCC_541\Debug\PSOC_arm_project.a(ADC_0.o)
                0x00001ce0                ADC_0_SetResolution
 .text.ADC_0_StartConvert
                0x00001d34       0x20 .\CortexM3\ARM_GCC_541\Debug\PSOC_arm_project.a(ADC_0.o)
                0x00001d34                ADC_0_StartConvert
 .text.ADC_0_IsEndConversion
                0x00001d54       0x40 .\CortexM3\ARM_GCC_541\Debug\PSOC_arm_project.a(ADC_0.o)
                0x00001d54                ADC_0_IsEndConversion
 .text.ADC_0_GetResult16
                0x00001d94       0x30 .\CortexM3\ARM_GCC_541\Debug\PSOC_arm_project.a(ADC_0.o)
                0x00001d94                ADC_0_GetResult16
 .text.ADC_0_CalcGain
                0x00001dc4       0x80 .\CortexM3\ARM_GCC_541\Debug\PSOC_arm_project.a(ADC_0.o)
 .text.ADC_0_ISR
                0x00001e44        0xc .\CortexM3\ARM_GCC_541\Debug\PSOC_arm_project.a(ADC_0_INT.o)
                0x00001e44                ADC_0_ISR
 .text.AMux_0_Start
                0x00001e50       0x34 .\CortexM3\ARM_GCC_541\Debug\PSOC_arm_project.a(AMux_0.o)
                0x00001e50                AMux_0_Start
 .text.AMux_0_FastSelect
                0x00001e84       0x38 .\CortexM3\ARM_GCC_541\Debug\PSOC_arm_project.a(AMux_0.o)
                0x00001e84                AMux_0_FastSelect
 .text.PWM_2_Start
                0x00001ebc       0x24 .\CortexM3\ARM_GCC_541\Debug\PSOC_arm_project.a(PWM_2.o)
                0x00001ebc                PWM_2_Start
 .text.PWM_2_Init
                0x00001ee0       0x94 .\CortexM3\ARM_GCC_541\Debug\PSOC_arm_project.a(PWM_2.o)
                0x00001ee0                PWM_2_Init
 .text.PWM_2_Enable
                0x00001f74       0x20 .\CortexM3\ARM_GCC_541\Debug\PSOC_arm_project.a(PWM_2.o)
                0x00001f74                PWM_2_Enable
 .text.PWM_2_WriteCounter
                0x00001f94       0x20 .\CortexM3\ARM_GCC_541\Debug\PSOC_arm_project.a(PWM_2.o)
                0x00001f94                PWM_2_WriteCounter
 .text.PWM_2_ClearFIFO
                0x00001fb4       0x1c .\CortexM3\ARM_GCC_541\Debug\PSOC_arm_project.a(PWM_2.o)
                0x00001fb4                PWM_2_ClearFIFO
 .text.PWM_2_WritePeriod
                0x00001fd0       0x20 .\CortexM3\ARM_GCC_541\Debug\PSOC_arm_project.a(PWM_2.o)
                0x00001fd0                PWM_2_WritePeriod
 .text.PWM_2_WriteCompare
                0x00001ff0       0x20 .\CortexM3\ARM_GCC_541\Debug\PSOC_arm_project.a(PWM_2.o)
                0x00001ff0                PWM_2_WriteCompare
 .text.PWM_2_SetInterruptMode
                0x00002010       0x20 .\CortexM3\ARM_GCC_541\Debug\PSOC_arm_project.a(PWM_2.o)
                0x00002010                PWM_2_SetInterruptMode
 .text.PWM_2_ReadStatusRegister
                0x00002030       0x18 .\CortexM3\ARM_GCC_541\Debug\PSOC_arm_project.a(PWM_2.o)
                0x00002030                PWM_2_ReadStatusRegister
 .text.PWM_2_ReadCapture
                0x00002048       0x18 .\CortexM3\ARM_GCC_541\Debug\PSOC_arm_project.a(PWM_2.o)
                0x00002048                PWM_2_ReadCapture
 .text.PWM_3_Start
                0x00002060       0x24 .\CortexM3\ARM_GCC_541\Debug\PSOC_arm_project.a(PWM_3.o)
                0x00002060                PWM_3_Start
 .text.PWM_3_Init
                0x00002084       0x94 .\CortexM3\ARM_GCC_541\Debug\PSOC_arm_project.a(PWM_3.o)
                0x00002084                PWM_3_Init
 .text.PWM_3_Enable
                0x00002118       0x20 .\CortexM3\ARM_GCC_541\Debug\PSOC_arm_project.a(PWM_3.o)
                0x00002118                PWM_3_Enable
 .text.PWM_3_WriteCounter
                0x00002138       0x20 .\CortexM3\ARM_GCC_541\Debug\PSOC_arm_project.a(PWM_3.o)
                0x00002138                PWM_3_WriteCounter
 .text.PWM_3_ClearFIFO
                0x00002158       0x1c .\CortexM3\ARM_GCC_541\Debug\PSOC_arm_project.a(PWM_3.o)
                0x00002158                PWM_3_ClearFIFO
 .text.PWM_3_WritePeriod
                0x00002174       0x20 .\CortexM3\ARM_GCC_541\Debug\PSOC_arm_project.a(PWM_3.o)
                0x00002174                PWM_3_WritePeriod
 .text.PWM_3_WriteCompare
                0x00002194       0x20 .\CortexM3\ARM_GCC_541\Debug\PSOC_arm_project.a(PWM_3.o)
                0x00002194                PWM_3_WriteCompare
 .text.PWM_3_SetInterruptMode
                0x000021b4       0x20 .\CortexM3\ARM_GCC_541\Debug\PSOC_arm_project.a(PWM_3.o)
                0x000021b4                PWM_3_SetInterruptMode
 .text.PWM_3_ReadStatusRegister
                0x000021d4       0x18 .\CortexM3\ARM_GCC_541\Debug\PSOC_arm_project.a(PWM_3.o)
                0x000021d4                PWM_3_ReadStatusRegister
 .text.PWM_3_ReadCapture
                0x000021ec       0x18 .\CortexM3\ARM_GCC_541\Debug\PSOC_arm_project.a(PWM_3.o)
                0x000021ec                PWM_3_ReadCapture
 .text.ADC_0_theACLK_SetModeRegister
                0x00002204       0x34 .\CortexM3\ARM_GCC_541\Debug\PSOC_arm_project.a(ADC_0_theACLK.o)
                0x00002204                ADC_0_theACLK_SetModeRegister
 .text          0x00002238       0x20 .\CortexM3\ARM_GCC_541\Debug\PSOC_arm_project.a(CyBootAsmGnu.o)
                0x00002238                CyDelayCycles
                0x00002248                CyEnterCriticalSection
                0x00002250                CyExitCriticalSection
 .text          0x00002258      0x370 c:/program files (x86)/cypress/psoc creator/4.2/psoc creator/import/gnu/arm/5.4.1/bin/../lib/gcc/arm-none-eabi/5.4.1/armv7-m\libgcc.a(_arm_addsubdf3.o)
                0x00002258                __aeabi_drsub
                0x00002260                __aeabi_dsub
                0x00002260                __subdf3
                0x00002264                __aeabi_dadd
                0x00002264                __adddf3
                0x000024dc                __floatunsidf
                0x000024dc                __aeabi_ui2d
                0x000024fc                __floatsidf
                0x000024fc                __aeabi_i2d
                0x00002520                __aeabi_f2d
                0x00002520                __extendsfdf2
                0x0000255c                __floatundidf
                0x0000255c                __aeabi_ul2d
                0x0000256c                __floatdidf
                0x0000256c                __aeabi_l2d
 .text          0x000025c8      0x424 c:/program files (x86)/cypress/psoc creator/4.2/psoc creator/import/gnu/arm/5.4.1/bin/../lib/gcc/arm-none-eabi/5.4.1/armv7-m\libgcc.a(_arm_muldivdf3.o)
                0x000025c8                __aeabi_dmul
                0x000025c8                __muldf3
                0x0000281c                __divdf3
                0x0000281c                __aeabi_ddiv
 .text          0x000029ec       0x50 c:/program files (x86)/cypress/psoc creator/4.2/psoc creator/import/gnu/arm/5.4.1/bin/../lib/gcc/arm-none-eabi/5.4.1/armv7-m\libgcc.a(_arm_fixdfsi.o)
                0x000029ec                __aeabi_d2iz
                0x000029ec                __fixdfsi
 .text.__errno  0x00002a3c        0xc c:/program files (x86)/cypress/psoc creator/4.2/psoc creator/import/gnu/arm/5.4.1/bin/../lib/gcc/arm-none-eabi/5.4.1/../../../../arm-none-eabi/lib/armv7-m\libg_nano.a(lib_a-errno.o)
                0x00002a3c                __errno
 .text.__libc_init_array
                0x00002a48       0x4c c:/program files (x86)/cypress/psoc creator/4.2/psoc creator/import/gnu/arm/5.4.1/bin/../lib/gcc/arm-none-eabi/5.4.1/../../../../arm-none-eabi/lib/armv7-m\libg_nano.a(lib_a-init.o)
                0x00002a48                __libc_init_array
 .text.memcpy   0x00002a94       0x16 c:/program files (x86)/cypress/psoc creator/4.2/psoc creator/import/gnu/arm/5.4.1/bin/../lib/gcc/arm-none-eabi/5.4.1/../../../../arm-none-eabi/lib/armv7-m\libg_nano.a(lib_a-memcpy-stub.o)
                0x00002a94                memcpy
 .text.memset   0x00002aaa       0x10 c:/program files (x86)/cypress/psoc creator/4.2/psoc creator/import/gnu/arm/5.4.1/bin/../lib/gcc/arm-none-eabi/5.4.1/../../../../arm-none-eabi/lib/armv7-m\libg_nano.a(lib_a-memset.o)
                0x00002aaa                memset
 .text.__cvt    0x00002aba       0xc0 c:/program files (x86)/cypress/psoc creator/4.2/psoc creator/import/gnu/arm/5.4.1/bin/../lib/gcc/arm-none-eabi/5.4.1/../../../../arm-none-eabi/lib/armv7-m\libg_nano.a(lib_a-nano-vfprintf_float.o)
                0x00002aba                __cvt
 .text.__exponent
                0x00002b7a       0x62 c:/program files (x86)/cypress/psoc creator/4.2/psoc creator/import/gnu/arm/5.4.1/bin/../lib/gcc/arm-none-eabi/5.4.1/../../../../arm-none-eabi/lib/armv7-m\libg_nano.a(lib_a-nano-vfprintf_float.o)
                0x00002b7a                __exponent
 .text._printf_float
                0x00002bdc      0x488 c:/program files (x86)/cypress/psoc creator/4.2/psoc creator/import/gnu/arm/5.4.1/bin/../lib/gcc/arm-none-eabi/5.4.1/../../../../arm-none-eabi/lib/armv7-m\libg_nano.a(lib_a-nano-vfprintf_float.o)
                0x00002bdc                _printf_float
 .text._printf_common
                0x00003064       0xec c:/program files (x86)/cypress/psoc creator/4.2/psoc creator/import/gnu/arm/5.4.1/bin/../lib/gcc/arm-none-eabi/5.4.1/../../../../arm-none-eabi/lib/armv7-m\libg_nano.a(lib_a-nano-vfprintf_i.o)
                0x00003064                _printf_common
 .text._printf_i
                0x00003150      0x24c c:/program files (x86)/cypress/psoc creator/4.2/psoc creator/import/gnu/arm/5.4.1/bin/../lib/gcc/arm-none-eabi/5.4.1/../../../../arm-none-eabi/lib/armv7-m\libg_nano.a(lib_a-nano-vfprintf_i.o)
                0x00003150                _printf_i
 .text.sprintf  0x0000339c       0x48 c:/program files (x86)/cypress/psoc creator/4.2/psoc creator/import/gnu/arm/5.4.1/bin/../lib/gcc/arm-none-eabi/5.4.1/../../../../arm-none-eabi/lib/armv7-m\libg_nano.a(lib_a-sprintf.o)
                0x0000339c                siprintf
                0x0000339c                sprintf
 .text          0x000033e4       0x10 c:/program files (x86)/cypress/psoc creator/4.2/psoc creator/import/gnu/arm/5.4.1/bin/../lib/gcc/arm-none-eabi/5.4.1/../../../../arm-none-eabi/lib/armv7-m\libg_nano.a(lib_a-strlen.o)
                0x000033e4                strlen
 .text.sulp     0x000033f4       0x42 c:/program files (x86)/cypress/psoc creator/4.2/psoc creator/import/gnu/arm/5.4.1/bin/../lib/gcc/arm-none-eabi/5.4.1/../../../../arm-none-eabi/lib/armv7-m\libg_nano.a(lib_a-strtod.o)
 *fill*         0x00003436        0x2 
 .text._strtod_r
                0x00003438      0xc00 c:/program files (x86)/cypress/psoc creator/4.2/psoc creator/import/gnu/arm/5.4.1/bin/../lib/gcc/arm-none-eabi/5.4.1/../../../../arm-none-eabi/lib/armv7-m\libg_nano.a(lib_a-strtod.o)
                0x00003438                _strtod_r
 .text.strtod   0x00004038       0x10 c:/program files (x86)/cypress/psoc creator/4.2/psoc creator/import/gnu/arm/5.4.1/bin/../lib/gcc/arm-none-eabi/5.4.1/../../../../arm-none-eabi/lib/armv7-m\libg_nano.a(lib_a-strtod.o)
                0x00004038                strtod
 .text._strtol_r
                0x00004048      0x10c c:/program files (x86)/cypress/psoc creator/4.2/psoc creator/import/gnu/arm/5.4.1/bin/../lib/gcc/arm-none-eabi/5.4.1/../../../../arm-none-eabi/lib/armv7-m\libg_nano.a(lib_a-strtol.o)
                0x00004048                _strtol_r
 .text.strtol   0x00004154       0x14 c:/program files (x86)/cypress/psoc creator/4.2/psoc creator/import/gnu/arm/5.4.1/bin/../lib/gcc/arm-none-eabi/5.4.1/../../../../arm-none-eabi/lib/armv7-m\libg_nano.a(lib_a-strtol.o)
                0x00004154                strtol
 .text.quorem   0x00004168      0x116 c:/program files (x86)/cypress/psoc creator/4.2/psoc creator/import/gnu/arm/5.4.1/bin/../lib/gcc/arm-none-eabi/5.4.1/../../../../arm-none-eabi/lib/armv7-m\libg_nano.a(lib_a-dtoa.o)
 *fill*         0x0000427e        0x2 
 .text._dtoa_r  0x00004280      0xb30 c:/program files (x86)/cypress/psoc creator/4.2/psoc creator/import/gnu/arm/5.4.1/bin/../lib/gcc/arm-none-eabi/5.4.1/../../../../arm-none-eabi/lib/armv7-m\libg_nano.a(lib_a-dtoa.o)
                0x00004280                _dtoa_r
 .text.rshift   0x00004db0       0x6c c:/program files (x86)/cypress/psoc creator/4.2/psoc creator/import/gnu/arm/5.4.1/bin/../lib/gcc/arm-none-eabi/5.4.1/../../../../arm-none-eabi/lib/armv7-m\libg_nano.a(lib_a-gdtoa-gethex.o)
 .text.__hexdig_fun
                0x00004e1c       0x2a c:/program files (x86)/cypress/psoc creator/4.2/psoc creator/import/gnu/arm/5.4.1/bin/../lib/gcc/arm-none-eabi/5.4.1/../../../../arm-none-eabi/lib/armv7-m\libg_nano.a(lib_a-gdtoa-gethex.o)
                0x00004e1c                __hexdig_fun
 .text.__gethex
                0x00004e46      0x43e c:/program files (x86)/cypress/psoc creator/4.2/psoc creator/import/gnu/arm/5.4.1/bin/../lib/gcc/arm-none-eabi/5.4.1/../../../../arm-none-eabi/lib/armv7-m\libg_nano.a(lib_a-gdtoa-gethex.o)
                0x00004e46                __gethex
 .text.L_shift  0x00005284       0x24 c:/program files (x86)/cypress/psoc creator/4.2/psoc creator/import/gnu/arm/5.4.1/bin/../lib/gcc/arm-none-eabi/5.4.1/../../../../arm-none-eabi/lib/armv7-m\libg_nano.a(lib_a-gdtoa-hexnan.o)
 .text.__match  0x000052a8       0x26 c:/program files (x86)/cypress/psoc creator/4.2/psoc creator/import/gnu/arm/5.4.1/bin/../lib/gcc/arm-none-eabi/5.4.1/../../../../arm-none-eabi/lib/armv7-m\libg_nano.a(lib_a-gdtoa-hexnan.o)
                0x000052a8                __match
 .text.__hexnan
                0x000052ce      0x11c c:/program files (x86)/cypress/psoc creator/4.2/psoc creator/import/gnu/arm/5.4.1/bin/../lib/gcc/arm-none-eabi/5.4.1/../../../../arm-none-eabi/lib/armv7-m\libg_nano.a(lib_a-gdtoa-hexnan.o)
                0x000052ce                __hexnan
 *fill*         0x000053ea        0x2 
 .text._localeconv_r
                0x000053ec        0x8 c:/program files (x86)/cypress/psoc creator/4.2/psoc creator/import/gnu/arm/5.4.1/bin/../lib/gcc/arm-none-eabi/5.4.1/../../../../arm-none-eabi/lib/armv7-m\libg_nano.a(lib_a-locale.o)
                0x000053ec                _localeconv_r
 .text.malloc   0x000053f4       0x10 c:/program files (x86)/cypress/psoc creator/4.2/psoc creator/import/gnu/arm/5.4.1/bin/../lib/gcc/arm-none-eabi/5.4.1/../../../../arm-none-eabi/lib/armv7-m\libg_nano.a(lib_a-malloc.o)
                0x000053f4                malloc
 .text.memchr   0x00005404       0x1c c:/program files (x86)/cypress/psoc creator/4.2/psoc creator/import/gnu/arm/5.4.1/bin/../lib/gcc/arm-none-eabi/5.4.1/../../../../arm-none-eabi/lib/armv7-m\libg_nano.a(lib_a-memchr-stub.o)
                0x00005404                memchr
 .text._Balloc  0x00005420       0x6a c:/program files (x86)/cypress/psoc creator/4.2/psoc creator/import/gnu/arm/5.4.1/bin/../lib/gcc/arm-none-eabi/5.4.1/../../../../arm-none-eabi/lib/armv7-m\libg_nano.a(lib_a-mprec.o)
                0x00005420                _Balloc
 .text._Bfree   0x0000548a       0x2e c:/program files (x86)/cypress/psoc creator/4.2/psoc creator/import/gnu/arm/5.4.1/bin/../lib/gcc/arm-none-eabi/5.4.1/../../../../arm-none-eabi/lib/armv7-m\libg_nano.a(lib_a-mprec.o)
                0x0000548a                _Bfree
 .text.__multadd
                0x000054b8       0x76 c:/program files (x86)/cypress/psoc creator/4.2/psoc creator/import/gnu/arm/5.4.1/bin/../lib/gcc/arm-none-eabi/5.4.1/../../../../arm-none-eabi/lib/armv7-m\libg_nano.a(lib_a-mprec.o)
                0x000054b8                __multadd
 .text.__s2b    0x0000552e       0x7c c:/program files (x86)/cypress/psoc creator/4.2/psoc creator/import/gnu/arm/5.4.1/bin/../lib/gcc/arm-none-eabi/5.4.1/../../../../arm-none-eabi/lib/armv7-m\libg_nano.a(lib_a-mprec.o)
                0x0000552e                __s2b
 .text.__hi0bits
                0x000055aa       0x40 c:/program files (x86)/cypress/psoc creator/4.2/psoc creator/import/gnu/arm/5.4.1/bin/../lib/gcc/arm-none-eabi/5.4.1/../../../../arm-none-eabi/lib/armv7-m\libg_nano.a(lib_a-mprec.o)
                0x000055aa                __hi0bits
 .text.__lo0bits
                0x000055ea       0x5a c:/program files (x86)/cypress/psoc creator/4.2/psoc creator/import/gnu/arm/5.4.1/bin/../lib/gcc/arm-none-eabi/5.4.1/../../../../arm-none-eabi/lib/armv7-m\libg_nano.a(lib_a-mprec.o)
                0x000055ea                __lo0bits
 .text.__i2b    0x00005644       0x12 c:/program files (x86)/cypress/psoc creator/4.2/psoc creator/import/gnu/arm/5.4.1/bin/../lib/gcc/arm-none-eabi/5.4.1/../../../../arm-none-eabi/lib/armv7-m\libg_nano.a(lib_a-mprec.o)
                0x00005644                __i2b
 .text.__multiply
                0x00005656      0x120 c:/program files (x86)/cypress/psoc creator/4.2/psoc creator/import/gnu/arm/5.4.1/bin/../lib/gcc/arm-none-eabi/5.4.1/../../../../arm-none-eabi/lib/armv7-m\libg_nano.a(lib_a-mprec.o)
                0x00005656                __multiply
 *fill*         0x00005776        0x2 
 .text.__pow5mult
                0x00005778       0x9c c:/program files (x86)/cypress/psoc creator/4.2/psoc creator/import/gnu/arm/5.4.1/bin/../lib/gcc/arm-none-eabi/5.4.1/../../../../arm-none-eabi/lib/armv7-m\libg_nano.a(lib_a-mprec.o)
                0x00005778                __pow5mult
 .text.__lshift
                0x00005814       0xa2 c:/program files (x86)/cypress/psoc creator/4.2/psoc creator/import/gnu/arm/5.4.1/bin/../lib/gcc/arm-none-eabi/5.4.1/../../../../arm-none-eabi/lib/armv7-m\libg_nano.a(lib_a-mprec.o)
                0x00005814                __lshift
 .text.__mcmp   0x000058b6       0x38 c:/program files (x86)/cypress/psoc creator/4.2/psoc creator/import/gnu/arm/5.4.1/bin/../lib/gcc/arm-none-eabi/5.4.1/../../../../arm-none-eabi/lib/armv7-m\libg_nano.a(lib_a-mprec.o)
                0x000058b6                __mcmp
 .text.__mdiff  0x000058ee       0xbe c:/program files (x86)/cypress/psoc creator/4.2/psoc creator/import/gnu/arm/5.4.1/bin/../lib/gcc/arm-none-eabi/5.4.1/../../../../arm-none-eabi/lib/armv7-m\libg_nano.a(lib_a-mprec.o)
                0x000058ee                __mdiff
 .text.__ulp    0x000059ac       0x48 c:/program files (x86)/cypress/psoc creator/4.2/psoc creator/import/gnu/arm/5.4.1/bin/../lib/gcc/arm-none-eabi/5.4.1/../../../../arm-none-eabi/lib/armv7-m\libg_nano.a(lib_a-mprec.o)
                0x000059ac                __ulp
 .text.__b2d    0x000059f4       0x9a c:/program files (x86)/cypress/psoc creator/4.2/psoc creator/import/gnu/arm/5.4.1/bin/../lib/gcc/arm-none-eabi/5.4.1/../../../../arm-none-eabi/lib/armv7-m\libg_nano.a(lib_a-mprec.o)
                0x000059f4                __b2d
 .text.__d2b    0x00005a8e       0x9c c:/program files (x86)/cypress/psoc creator/4.2/psoc creator/import/gnu/arm/5.4.1/bin/../lib/gcc/arm-none-eabi/5.4.1/../../../../arm-none-eabi/lib/armv7-m\libg_nano.a(lib_a-mprec.o)
                0x00005a8e                __d2b
 .text.__ratio  0x00005b2a       0x50 c:/program files (x86)/cypress/psoc creator/4.2/psoc creator/import/gnu/arm/5.4.1/bin/../lib/gcc/arm-none-eabi/5.4.1/../../../../arm-none-eabi/lib/armv7-m\libg_nano.a(lib_a-mprec.o)
                0x00005b2a                __ratio
 .text.__copybits
                0x00005b7a       0x34 c:/program files (x86)/cypress/psoc creator/4.2/psoc creator/import/gnu/arm/5.4.1/bin/../lib/gcc/arm-none-eabi/5.4.1/../../../../arm-none-eabi/lib/armv7-m\libg_nano.a(lib_a-mprec.o)
                0x00005b7a                __copybits
 .text.__any_on
                0x00005bae       0x44 c:/program files (x86)/cypress/psoc creator/4.2/psoc creator/import/gnu/arm/5.4.1/bin/../lib/gcc/arm-none-eabi/5.4.1/../../../../arm-none-eabi/lib/armv7-m\libg_nano.a(lib_a-mprec.o)
                0x00005bae                __any_on
 .text._calloc_r
                0x00005bf2       0x1c c:/program files (x86)/cypress/psoc creator/4.2/psoc creator/import/gnu/arm/5.4.1/bin/../lib/gcc/arm-none-eabi/5.4.1/../../../../arm-none-eabi/lib/armv7-m\libg_nano.a(lib_a-nano-callocr.o)
                0x00005bf2                _calloc_r
 *fill*         0x00005c0e        0x2 
 .text._free_r  0x00005c10       0x98 c:/program files (x86)/cypress/psoc creator/4.2/psoc creator/import/gnu/arm/5.4.1/bin/../lib/gcc/arm-none-eabi/5.4.1/../../../../arm-none-eabi/lib/armv7-m\libg_nano.a(lib_a-nano-freer.o)
                0x00005c10                _free_r
 .text._malloc_r
                0x00005ca8       0xbc c:/program files (x86)/cypress/psoc creator/4.2/psoc creator/import/gnu/arm/5.4.1/bin/../lib/gcc/arm-none-eabi/5.4.1/../../../../arm-none-eabi/lib/armv7-m\libg_nano.a(lib_a-nano-mallocr.o)
                0x00005ca8                _malloc_r
 .text.__ssputs_r
                0x00005d64       0xb2 c:/program files (x86)/cypress/psoc creator/4.2/psoc creator/import/gnu/arm/5.4.1/bin/../lib/gcc/arm-none-eabi/5.4.1/../../../../arm-none-eabi/lib/armv7-m\libg_nano.a(lib_a-nano-svfprintf.o)
                0x00005d64                __ssputs_r
 *fill*         0x00005e16        0x2 
 .text._svfprintf_r
                0x00005e18      0x1e8 c:/program files (x86)/cypress/psoc creator/4.2/psoc creator/import/gnu/arm/5.4.1/bin/../lib/gcc/arm-none-eabi/5.4.1/../../../../arm-none-eabi/lib/armv7-m\libg_nano.a(lib_a-nano-svfprintf.o)
                0x00005e18                _svfiprintf_r
                0x00005e18                _svfprintf_r
 .text._sbrk_r  0x00006000       0x20 c:/program files (x86)/cypress/psoc creator/4.2/psoc creator/import/gnu/arm/5.4.1/bin/../lib/gcc/arm-none-eabi/5.4.1/../../../../arm-none-eabi/lib/armv7-m\libg_nano.a(lib_a-sbrkr.o)
                0x00006000                _sbrk_r
 .text.strncmp  0x00006020       0x2a c:/program files (x86)/cypress/psoc creator/4.2/psoc creator/import/gnu/arm/5.4.1/bin/../lib/gcc/arm-none-eabi/5.4.1/../../../../arm-none-eabi/lib/armv7-m\libg_nano.a(lib_a-strncmp.o)
                0x00006020                strncmp
 .text.memmove  0x0000604a       0x36 c:/program files (x86)/cypress/psoc creator/4.2/psoc creator/import/gnu/arm/5.4.1/bin/../lib/gcc/arm-none-eabi/5.4.1/../../../../arm-none-eabi/lib/armv7-m\libg_nano.a(lib_a-memmove.o)
                0x0000604a                memmove
 .text.__malloc_lock
                0x00006080        0x2 c:/program files (x86)/cypress/psoc creator/4.2/psoc creator/import/gnu/arm/5.4.1/bin/../lib/gcc/arm-none-eabi/5.4.1/../../../../arm-none-eabi/lib/armv7-m\libg_nano.a(lib_a-mlock.o)
                0x00006080                __malloc_lock
 .text.__malloc_unlock
                0x00006082        0x2 c:/program files (x86)/cypress/psoc creator/4.2/psoc creator/import/gnu/arm/5.4.1/bin/../lib/gcc/arm-none-eabi/5.4.1/../../../../arm-none-eabi/lib/armv7-m\libg_nano.a(lib_a-mlock.o)
                0x00006082                __malloc_unlock
 .text._realloc_r
                0x00006084       0x4c c:/program files (x86)/cypress/psoc creator/4.2/psoc creator/import/gnu/arm/5.4.1/bin/../lib/gcc/arm-none-eabi/5.4.1/../../../../arm-none-eabi/lib/armv7-m\libg_nano.a(lib_a-nano-reallocr.o)
                0x00006084                _realloc_r
 .text._malloc_usable_size_r
                0x000060d0       0x14 c:/program files (x86)/cypress/psoc creator/4.2/psoc creator/import/gnu/arm/5.4.1/bin/../lib/gcc/arm-none-eabi/5.4.1/../../../../arm-none-eabi/lib/armv7-m\libg_nano.a(lib_a-nano-msizer.o)
                0x000060d0                _malloc_usable_size_r
 .text          0x000060e4      0x110 c:/program files (x86)/cypress/psoc creator/4.2/psoc creator/import/gnu/arm/5.4.1/bin/../lib/gcc/arm-none-eabi/5.4.1/armv7-m\libgcc.a(_arm_cmpdf2.o)
                0x000060e4                __gtdf2
                0x000060e4                __gedf2
                0x000060ec                __ltdf2
                0x000060ec                __ledf2
                0x000060f4                __nedf2
                0x000060f4                __eqdf2
                0x000060f4                __cmpdf2
                0x00006170                __aeabi_cdrcmple
                0x00006180                __aeabi_cdcmpeq
                0x00006180                __aeabi_cdcmple
                0x00006190                __aeabi_dcmpeq
                0x000061a4                __aeabi_dcmplt
                0x000061b8                __aeabi_dcmple
                0x000061cc                __aeabi_dcmpge
                0x000061e0                __aeabi_dcmpgt
 .text          0x000061f4       0x2c c:/program files (x86)/cypress/psoc creator/4.2/psoc creator/import/gnu/arm/5.4.1/bin/../lib/gcc/arm-none-eabi/5.4.1/armv7-m\libgcc.a(_arm_unorddf2.o)
                0x000061f4                __unorddf2
                0x000061f4                __aeabi_dcmpun
 .text          0x00006220       0x40 c:/program files (x86)/cypress/psoc creator/4.2/psoc creator/import/gnu/arm/5.4.1/bin/../lib/gcc/arm-none-eabi/5.4.1/armv7-m\libgcc.a(_arm_fixunsdfsi.o)
                0x00006220                __aeabi_d2uiz
                0x00006220                __fixunsdfsi
 *(.plt)
 *(.gnu.warning)
 *(.glue_7t)
 .glue_7t       0x00006260        0x0 linker stubs
 *(.glue_7)
 .glue_7        0x00006260        0x0 linker stubs
 *(.vfp11_veneer)
 .vfp11_veneer  0x00006260        0x0 linker stubs
 *(.bootloader)
 *(.ARM.extab* .gnu.linkonce.armextab.*)
 *(.gcc_except_table)

.v4_bx          0x00006260        0x0
 .v4_bx         0x00006260        0x0 linker stubs

.iplt           0x00006260        0x0
 .iplt          0x00006260        0x0 c:/program files (x86)/cypress/psoc creator/4.2/psoc creator/import/gnu/arm/5.4.1/bin/../lib/gcc/arm-none-eabi/5.4.1/armv7-m/crtbegin.o

.eh_frame_hdr
 *(.eh_frame_hdr)

.eh_frame       0x00006260        0x4
 *(.eh_frame)
 .eh_frame      0x00006260        0x0 c:/program files (x86)/cypress/psoc creator/4.2/psoc creator/import/gnu/arm/5.4.1/bin/../lib/gcc/arm-none-eabi/5.4.1/armv7-m/crtbegin.o
 .eh_frame      0x00006260        0x4 c:/program files (x86)/cypress/psoc creator/4.2/psoc creator/import/gnu/arm/5.4.1/bin/../lib/gcc/arm-none-eabi/5.4.1/armv7-m/crtend.o
                [!provide]                PROVIDE (__exidx_start, .)

.ARM.exidx
 *(.ARM.exidx* .gnu.linkonce.armexidx.*)
                0x00006264                __exidx_end = .

.rodata         0x00006268      0x418
 *(.rodata .rodata.* .gnu.linkonce.r.*)
 .rodata        0x00006268       0xb6 .\CortexM3\ARM_GCC_541\Debug\main.o
 *fill*         0x0000631e        0x2 
 .rodata        0x00006320       0x7a .\CortexM3\ARM_GCC_541\Debug\cyfitter_cfg.o
 .rodata.str1.1
                0x0000639a        0x2 c:/program files (x86)/cypress/psoc creator/4.2/psoc creator/import/gnu/arm/5.4.1/bin/../lib/gcc/arm-none-eabi/5.4.1/../../../../arm-none-eabi/lib/armv7-m\libg_nano.a(lib_a-impure.o)
 .rodata.str1.1
                0x0000639c       0x12 c:/program files (x86)/cypress/psoc creator/4.2/psoc creator/import/gnu/arm/5.4.1/bin/../lib/gcc/arm-none-eabi/5.4.1/../../../../arm-none-eabi/lib/armv7-m\libg_nano.a(lib_a-nano-vfprintf_float.o)
 .rodata.str1.1
                0x000063ae       0x22 c:/program files (x86)/cypress/psoc creator/4.2/psoc creator/import/gnu/arm/5.4.1/bin/../lib/gcc/arm-none-eabi/5.4.1/../../../../arm-none-eabi/lib/armv7-m\libg_nano.a(lib_a-nano-vfprintf_i.o)
 .rodata.fpinan.5401
                0x000063d0       0x14 c:/program files (x86)/cypress/psoc creator/4.2/psoc creator/import/gnu/arm/5.4.1/bin/../lib/gcc/arm-none-eabi/5.4.1/../../../../arm-none-eabi/lib/armv7-m\libg_nano.a(lib_a-strtod.o)
 .rodata.str1.1
                0x000063e4       0x22 c:/program files (x86)/cypress/psoc creator/4.2/psoc creator/import/gnu/arm/5.4.1/bin/../lib/gcc/arm-none-eabi/5.4.1/../../../../arm-none-eabi/lib/armv7-m\libg_nano.a(lib_a-strtod.o)
                                  0xc (size before relaxing)
 .rodata.fpi.5365
                0x000063e4       0x14 c:/program files (x86)/cypress/psoc creator/4.2/psoc creator/import/gnu/arm/5.4.1/bin/../lib/gcc/arm-none-eabi/5.4.1/../../../../arm-none-eabi/lib/armv7-m\libg_nano.a(lib_a-strtod.o)
 .rodata.tinytens
                0x000063f8       0x28 c:/program files (x86)/cypress/psoc creator/4.2/psoc creator/import/gnu/arm/5.4.1/bin/../lib/gcc/arm-none-eabi/5.4.1/../../../../arm-none-eabi/lib/armv7-m\libg_nano.a(lib_a-strtod.o)
 .rodata._ctype_
                0x00006420      0x101 c:/program files (x86)/cypress/psoc creator/4.2/psoc creator/import/gnu/arm/5.4.1/bin/../lib/gcc/arm-none-eabi/5.4.1/../../../../arm-none-eabi/lib/armv7-m\libg_nano.a(lib_a-ctype_.o)
                0x00006420                _ctype_
 .rodata.str1.1
                0x00006521        0xd c:/program files (x86)/cypress/psoc creator/4.2/psoc creator/import/gnu/arm/5.4.1/bin/../lib/gcc/arm-none-eabi/5.4.1/../../../../arm-none-eabi/lib/armv7-m\libg_nano.a(lib_a-dtoa.o)
                                  0xf (size before relaxing)
 .rodata.str1.1
                0x0000652e        0x8 c:/program files (x86)/cypress/psoc creator/4.2/psoc creator/import/gnu/arm/5.4.1/bin/../lib/gcc/arm-none-eabi/5.4.1/../../../../arm-none-eabi/lib/armv7-m\libg_nano.a(lib_a-locale.o)
                                  0xb (size before relaxing)
 *fill*         0x00006536        0x2 
 .rodata.__mprec_tens
                0x00006538       0xc8 c:/program files (x86)/cypress/psoc creator/4.2/psoc creator/import/gnu/arm/5.4.1/bin/../lib/gcc/arm-none-eabi/5.4.1/../../../../arm-none-eabi/lib/armv7-m\libg_nano.a(lib_a-mprec.o)
                0x00006538                __mprec_tens
 .rodata.p05.5408
                0x00006600        0xc c:/program files (x86)/cypress/psoc creator/4.2/psoc creator/import/gnu/arm/5.4.1/bin/../lib/gcc/arm-none-eabi/5.4.1/../../../../arm-none-eabi/lib/armv7-m\libg_nano.a(lib_a-mprec.o)
 *fill*         0x0000660c        0x4 
 .rodata.__mprec_bigtens
                0x00006610       0x28 c:/program files (x86)/cypress/psoc creator/4.2/psoc creator/import/gnu/arm/5.4.1/bin/../lib/gcc/arm-none-eabi/5.4.1/../../../../arm-none-eabi/lib/armv7-m\libg_nano.a(lib_a-mprec.o)
                0x00006610                __mprec_bigtens
 .rodata.str1.1
                0x00006638       0x11 c:/program files (x86)/cypress/psoc creator/4.2/psoc creator/import/gnu/arm/5.4.1/bin/../lib/gcc/arm-none-eabi/5.4.1/../../../../arm-none-eabi/lib/armv7-m\libg_nano.a(lib_a-nano-svfprintf.o)
                0x0000664c                . = ALIGN (0x4)
 *fill*         0x00006649        0x3 
 *(.init)
 .init          0x0000664c        0x4 c:/program files (x86)/cypress/psoc creator/4.2/psoc creator/import/gnu/arm/5.4.1/bin/../lib/gcc/arm-none-eabi/5.4.1/armv7-m/crti.o
                0x0000664c                _init
 .init          0x00006650        0x8 c:/program files (x86)/cypress/psoc creator/4.2/psoc creator/import/gnu/arm/5.4.1/bin/../lib/gcc/arm-none-eabi/5.4.1/armv7-m/crtn.o
                0x00006658                . = ALIGN (0x4)
                0x00006658                __preinit_array_start = .
 *(.preinit_array)
                0x00006658                __preinit_array_end = .
                0x00006658                . = ALIGN (0x4)
                0x00006658                __init_array_start = .
 *(SORT(.init_array.*))
 *(.init_array)
 .init_array    0x00006658        0x4 c:/program files (x86)/cypress/psoc creator/4.2/psoc creator/import/gnu/arm/5.4.1/bin/../lib/gcc/arm-none-eabi/5.4.1/armv7-m/crtbegin.o
 .init_array    0x0000665c        0x4 .\CortexM3\ARM_GCC_541\Debug\Cm3Start.o
                0x00006660                __init_array_end = .
                0x00006660                . = ALIGN (0x4)
 *(.fini)
 .fini          0x00006660        0x4 c:/program files (x86)/cypress/psoc creator/4.2/psoc creator/import/gnu/arm/5.4.1/bin/../lib/gcc/arm-none-eabi/5.4.1/armv7-m/crti.o
                0x00006660                _fini
 .fini          0x00006664        0x8 c:/program files (x86)/cypress/psoc creator/4.2/psoc creator/import/gnu/arm/5.4.1/bin/../lib/gcc/arm-none-eabi/5.4.1/armv7-m/crtn.o
                0x0000666c                . = ALIGN (0x4)
                0x0000666c                __fini_array_start = .
 *(.fini_array)
 .fini_array    0x0000666c        0x4 c:/program files (x86)/cypress/psoc creator/4.2/psoc creator/import/gnu/arm/5.4.1/bin/../lib/gcc/arm-none-eabi/5.4.1/armv7-m/crtbegin.o
 *(SORT(.fini_array.*))
                0x00006670                __fini_array_end = .
                0x00006670                . = ALIGN (0x4)
 *crtbegin.o(.ctors)
 *(EXCLUDE_FILE(*crtend.o) .ctors)
 *(SORT(.ctors.*))
 *crtend.o(.ctors)
                0x00006670                . = ALIGN (0x4)
 *crtbegin.o(.dtors)
 *(EXCLUDE_FILE(*crtend.o) .dtors)
 *(SORT(.dtors.*))
 *crtend.o(.dtors)
                0x00006670                . = ALIGN (0x4)
                0x00006670                __cy_regions = .
                0x00006670        0x4 LONG 0x6680 __cy_region_init_ram
                0x00006674        0x4 LONG 0x1fff80c8 __cy_region_start_data
                0x00006678        0x4 LONG 0x100 __cy_region_init_size_ram
                0x0000667c        0x4 LONG 0x1e8 __cy_region_zero_size_ram
                0x00006680                __cy_regions_end = .
                0x00006680                . = ALIGN (0x8)
                0x00006680                _etext = .

.cy_checksum_exclude
                0x00006680        0x0
 *(.cy_checksum_exclude)

.ramvectors     0x1fff8000       0xc0
                0x1fff8000                __cy_region_start_ram = .
 *(.ramvectors)
 .ramvectors    0x1fff8000       0xc0 .\CortexM3\ARM_GCC_541\Debug\Cm3Start.o
                0x1fff8000                CyRamVectors

.noinit         0x1fff80c0        0x5
 *(.noinit)
 .noinit        0x1fff80c0        0x4 .\CortexM3\ARM_GCC_541\Debug\Cm3Start.o
 .noinit        0x1fff80c4        0x1 .\CortexM3\ARM_GCC_541\Debug\PSOC_arm_project.a(CyLib.o)
                0x1fff80c4                CyResetStatus

.data           0x1fff80c8      0x100 load address 0x00006680
                0x1fff80c8                __cy_region_start_data = .
 *(.jcr)
 .jcr           0x1fff80c8        0x0 c:/program files (x86)/cypress/psoc creator/4.2/psoc creator/import/gnu/arm/5.4.1/bin/../lib/gcc/arm-none-eabi/5.4.1/armv7-m/crtbegin.o
 .jcr           0x1fff80c8        0x4 c:/program files (x86)/cypress/psoc creator/4.2/psoc creator/import/gnu/arm/5.4.1/bin/../lib/gcc/arm-none-eabi/5.4.1/armv7-m/crtend.o
 *(.got.plt)
 *(.got)
 *(.shdata)
 *(.data .data.* .gnu.linkonce.d.*)
 *fill*         0x1fff80cc        0x4 
 .data          0x1fff80d0       0x40 .\CortexM3\ARM_GCC_541\Debug\main.o
                0x1fff80d0                pos
                0x1fff80d8                offsets
                0x1fff80f8                pid
 .data          0x1fff8110        0x4 .\CortexM3\ARM_GCC_541\Debug\Cm3Start.o
 .data          0x1fff8114       0x10 .\CortexM3\ARM_GCC_541\Debug\PSOC_arm_project.a(CyLib.o)
                0x1fff8114                cydelay_freq_hz
                0x1fff8118                cydelay_freq_khz
                0x1fff811c                cydelay_freq_mhz
                0x1fff8120                cydelay_32k_ms
 .data          0x1fff8124        0x1 .\CortexM3\ARM_GCC_541\Debug\PSOC_arm_project.a(AMux_0.o)
 *fill*         0x1fff8125        0x3 
 .data.impure_data
                0x1fff8128       0x60 c:/program files (x86)/cypress/psoc creator/4.2/psoc creator/import/gnu/arm/5.4.1/bin/../lib/gcc/arm-none-eabi/5.4.1/../../../../arm-none-eabi/lib/armv7-m\libg_nano.a(lib_a-impure.o)
 .data._impure_ptr
                0x1fff8188        0x4 c:/program files (x86)/cypress/psoc creator/4.2/psoc creator/import/gnu/arm/5.4.1/bin/../lib/gcc/arm-none-eabi/5.4.1/../../../../arm-none-eabi/lib/armv7-m\libg_nano.a(lib_a-impure.o)
                0x1fff8188                _impure_ptr
 .data.__ctype_ptr__
                0x1fff818c        0x4 c:/program files (x86)/cypress/psoc creator/4.2/psoc creator/import/gnu/arm/5.4.1/bin/../lib/gcc/arm-none-eabi/5.4.1/../../../../arm-none-eabi/lib/armv7-m\libg_nano.a(lib_a-ctype_.o)
                0x1fff818c                __ctype_ptr__
 .data.lconv    0x1fff8190       0x38 c:/program files (x86)/cypress/psoc creator/4.2/psoc creator/import/gnu/arm/5.4.1/bin/../lib/gcc/arm-none-eabi/5.4.1/../../../../arm-none-eabi/lib/armv7-m\libg_nano.a(lib_a-locale.o)
                0x1fff81c8                . = ALIGN (0x8)
 *(.ram)
                0x1fff81c8                _edata = .

.igot.plt       0x1fff81c8        0x0 load address 0x00006780
 .igot.plt      0x1fff81c8        0x0 c:/program files (x86)/cypress/psoc creator/4.2/psoc creator/import/gnu/arm/5.4.1/bin/../lib/gcc/arm-none-eabi/5.4.1/armv7-m/crtbegin.o

.bss            0x1fff81c8      0x1e8 load address 0x00006780
                0x1fff81c8                PROVIDE (__bss_start__, .)
 *(.shbss)
 *(.bss .bss.* .gnu.linkonce.b.*)
 .bss           0x1fff81c8       0x1c c:/program files (x86)/cypress/psoc creator/4.2/psoc creator/import/gnu/arm/5.4.1/bin/../lib/gcc/arm-none-eabi/5.4.1/armv7-m/crtbegin.o
 *fill*         0x1fff81e4        0x4 
 .bss           0x1fff81e8       0x84 .\CortexM3\ARM_GCC_541\Debug\main.o
                0x1fff81e8                errorStatus
                0x1fff81ec                data_read_mode
                0x1fff81f0                new_pos_set
                0x1fff81f8                pulse
                0x1fff8200                pulse_temp
                0x1fff8208                der
                0x1fff8218                prev_err
                0x1fff8228                pid_integral
                0x1fff8238                cyl_set
                0x1fff823c                nn
                0x1fff8240                tt
                0x1fff8244                start_calib
                0x1fff8248                cyl_no
                0x1fff824c                moving_median
                0x1fff8268                led_switch
 .bss           0x1fff826c        0x6 .\CortexM3\ARM_GCC_541\Debug\cyfitter_cfg.o
 .bss           0x1fff8272        0x2 .\CortexM3\ARM_GCC_541\Debug\PSOC_arm_project.a(UART.o)
                0x1fff8272                UART_initVar
 .bss           0x1fff8274        0x1 .\CortexM3\ARM_GCC_541\Debug\PSOC_arm_project.a(PWM_1.o)
                0x1fff8274                PWM_1_initVar
 .bss           0x1fff8275        0x1 .\CortexM3\ARM_GCC_541\Debug\PSOC_arm_project.a(Timer_1.o)
                0x1fff8275                Timer_1_initVar
 .bss           0x1fff8276        0x1 .\CortexM3\ARM_GCC_541\Debug\PSOC_arm_project.a(median_timer.o)
                0x1fff8276                median_timer_initVar
 .bss           0x1fff8277        0x1 .\CortexM3\ARM_GCC_541\Debug\PSOC_arm_project.a(PWM_0.o)
                0x1fff8277                PWM_0_initVar
 .bss           0x1fff8278        0x1 .\CortexM3\ARM_GCC_541\Debug\PSOC_arm_project.a(ADC_0.o)
                0x1fff8278                ADC_0_initVar
 .bss           0x1fff8279        0x1 .\CortexM3\ARM_GCC_541\Debug\PSOC_arm_project.a(PWM_2.o)
                0x1fff8279                PWM_2_initVar
 .bss           0x1fff827a        0x1 .\CortexM3\ARM_GCC_541\Debug\PSOC_arm_project.a(PWM_3.o)
                0x1fff827a                PWM_3_initVar
 *fill*         0x1fff827b        0x1 
 .bss.__malloc_sbrk_start
                0x1fff827c        0x4 c:/program files (x86)/cypress/psoc creator/4.2/psoc creator/import/gnu/arm/5.4.1/bin/../lib/gcc/arm-none-eabi/5.4.1/../../../../arm-none-eabi/lib/armv7-m\libg_nano.a(lib_a-nano-mallocr.o)
                0x1fff827c                __malloc_sbrk_start
 .bss.__malloc_free_list
                0x1fff8280        0x4 c:/program files (x86)/cypress/psoc creator/4.2/psoc creator/import/gnu/arm/5.4.1/bin/../lib/gcc/arm-none-eabi/5.4.1/../../../../arm-none-eabi/lib/armv7-m\libg_nano.a(lib_a-nano-mallocr.o)
                0x1fff8280                __malloc_free_list
 *(COMMON)
 *fill*         0x1fff8284        0x4 
 COMMON         0x1fff8288      0x114 .\CortexM3\ARM_GCC_541\Debug\main.o
                0x1fff8288                tmp
                0x1fff828c                cyl_tmp
                0x1fff8290                new_pos
                0x1fff8298                temp
                0x1fff82b0                err
                0x1fff82c0                help
                0x1fff8324                sendValue
                0x1fff8388                tempArray
                0x1fff8398                adcValue
 COMMON         0x1fff839c        0xc .\CortexM3\ARM_GCC_541\Debug\PSOC_arm_project.a(ADC_0.o)
                0x1fff839c                ADC_0_offset
                0x1fff839e                ADC_0_countsPerVolt
                0x1fff83a0                ADC_0_shift
                0x1fff83a4                ADC_0_countsPer10Volt
 COMMON         0x1fff83a8        0x4 c:/program files (x86)/cypress/psoc creator/4.2/psoc creator/import/gnu/arm/5.4.1/bin/../lib/gcc/arm-none-eabi/5.4.1/../../../../arm-none-eabi/lib/armv7-m\libg_nano.a(lib_a-reent.o)
                0x1fff83a8                errno
                0x1fff83b0                . = ALIGN (0x8)
 *fill*         0x1fff83ac        0x4 
 *(.ram.b)
                0x1fff83b0                _end = .
                0x1fff83b0                __end = .
                0x1fff83b0                PROVIDE (end, .)
                0x1fff83b0                PROVIDE (__bss_end__, .)
                0x00006680                __cy_region_init_ram = LOADADDR (.data)
                0x00000100                __cy_region_init_size_ram = (_edata - ADDR (.data))
                0x000001e8                __cy_region_zero_size_ram = (_end - _edata)

.heap           0x1fff83b0      0x300 load address 0x00006780
                0x1fff83b0                . = _end
                0x1fff86b0                . = (. + 0x300)
 *fill*         0x1fff83b0      0x300 
                0x1fff86b0                __cy_heap_limit = .

.stack          0x20007800      0x800
                0x20007800                __cy_stack_limit = .
                0x20008000                . = (. + 0x800)
 *fill*         0x20007800      0x800 
                0x00000001                ASSERT ((__cy_stack_limit >= __cy_heap_limit), region RAM overflowed with stack)
                0x00000000                cy_checksum_exclude_size = (CY_APPL_LOADABLE == 0x1)?SIZEOF (.cy_checksum_exclude):0x0
                0x00000001                ASSERT ((cy_checksum_exclude_size <= CY_CHECKSUM_EXCLUDE_SIZE), CY_BOOT: Section .cy_checksum_exclude size exceedes specified limit.)

.cyloadermeta
 *(.cyloadermeta)

.cyloadablemeta
 *(.cyloadablemeta)

.cyconfigecc    0x80000000      0x7a0
 *(.cyconfigecc)
 .cyconfigecc   0x80000000      0x7a0 .\CortexM3\ARM_GCC_541\Debug\cymetadata.o
                0x80000000                cy_meta_configecc

.cycustnvl      0x90000000        0x4
 *(.cycustnvl)
 .cycustnvl     0x90000000        0x4 .\CortexM3\ARM_GCC_541\Debug\cymetadata.o
                0x90000000                cy_meta_custnvl

.cywolatch      0x90100000        0x4
 *(.cywolatch)
 .cywolatch     0x90100000        0x4 .\CortexM3\ARM_GCC_541\Debug\cymetadata.o
                0x90100000                cy_meta_wonvl

.cyeeprom       0x90200000        0x0
 *(.cyeeprom)
                0x00000001                ASSERT ((. <= ((0x90200000 + ee_offset) + ee_size)), .cyeeprom data will not fit in EEPROM)

.cyflashprotect
                0x90400000      0x100
 *(.cyflashprotect)
 .cyflashprotect
                0x90400000      0x100 .\CortexM3\ARM_GCC_541\Debug\cymetadata.o
                0x90400000                cy_meta_flashprotect

.cymeta         0x90500000        0xc
 *(.cymeta)
 .cymeta        0x90500000        0xc .\CortexM3\ARM_GCC_541\Debug\cymetadata.o
                0x90500000                cy_metadata

.rel.dyn        0x00006780        0x0 load address 0x9050000c
 .rel.iplt      0x00006780        0x0 c:/program files (x86)/cypress/psoc creator/4.2/psoc creator/import/gnu/arm/5.4.1/bin/../lib/gcc/arm-none-eabi/5.4.1/armv7-m/crtbegin.o

.stab
 *(.stab)

.stabstr
 *(.stabstr)

.debug
 *(.debug)

.line
 *(.line)

.debug_srcinfo
 *(.debug_srcinfo)

.debug_sfnames
 *(.debug_sfnames)

.debug_aranges  0x00000000      0xd58
 *(.debug_aranges)
 .debug_aranges
                0x00000000       0x40 .\CortexM3\ARM_GCC_541\Debug\main.o
 .debug_aranges
                0x00000040       0x20 .\CortexM3\ARM_GCC_541\Debug\debug.o
 .debug_aranges
                0x00000060       0x70 .\CortexM3\ARM_GCC_541\Debug\cyfitter_cfg.o
 .debug_aranges
                0x000000d0       0x18 .\CortexM3\ARM_GCC_541\Debug\cymetadata.o
 .debug_aranges
                0x000000e8       0x48 .\CortexM3\ARM_GCC_541\Debug\Cm3Start.o
 .debug_aranges
                0x00000130       0xf0 .\CortexM3\ARM_GCC_541\Debug\PSOC_arm_project.a(UART.o)
 .debug_aranges
                0x00000220       0x80 .\CortexM3\ARM_GCC_541\Debug\PSOC_arm_project.a(isr_rx.o)
 .debug_aranges
                0x000002a0       0x70 .\CortexM3\ARM_GCC_541\Debug\PSOC_arm_project.a(UART_IntClock.o)
 .debug_aranges
                0x00000310      0x2a8 .\CortexM3\ARM_GCC_541\Debug\PSOC_arm_project.a(CyLib.o)
 .debug_aranges
                0x000005b8       0x98 .\CortexM3\ARM_GCC_541\Debug\PSOC_arm_project.a(cyPm.o)
 .debug_aranges
                0x00000650       0x98 .\CortexM3\ARM_GCC_541\Debug\PSOC_arm_project.a(PWM_1.o)
 .debug_aranges
                0x000006e8       0x90 .\CortexM3\ARM_GCC_541\Debug\PSOC_arm_project.a(Timer_1.o)
 .debug_aranges
                0x00000778       0x88 .\CortexM3\ARM_GCC_541\Debug\PSOC_arm_project.a(median_timer.o)
 .debug_aranges
                0x00000800       0x80 .\CortexM3\ARM_GCC_541\Debug\PSOC_arm_project.a(update_median_isr.o)
 .debug_aranges
                0x00000880       0x98 .\CortexM3\ARM_GCC_541\Debug\PSOC_arm_project.a(PWM_0.o)
 .debug_aranges
                0x00000918       0xa8 .\CortexM3\ARM_GCC_541\Debug\PSOC_arm_project.a(ADC_0.o)
 .debug_aranges
                0x000009c0       0x20 .\CortexM3\ARM_GCC_541\Debug\PSOC_arm_project.a(ADC_0_INT.o)
 .debug_aranges
                0x000009e0       0x30 .\CortexM3\ARM_GCC_541\Debug\PSOC_arm_project.a(AMux_0.o)
 .debug_aranges
                0x00000a10       0x98 .\CortexM3\ARM_GCC_541\Debug\PSOC_arm_project.a(PWM_2.o)
 .debug_aranges
                0x00000aa8       0x98 .\CortexM3\ARM_GCC_541\Debug\PSOC_arm_project.a(PWM_3.o)
 .debug_aranges
                0x00000b40       0x80 .\CortexM3\ARM_GCC_541\Debug\PSOC_arm_project.a(ADC_0_theACLK.o)
 .debug_aranges
                0x00000bc0       0x20 .\CortexM3\ARM_GCC_541\Debug\PSOC_arm_project.a(CyBootAsmGnu.o)
 .debug_aranges
                0x00000be0       0x80 .\CortexM3\ARM_GCC_541\Debug\PSOC_arm_project.a(CyScBoostClk.o)
 .debug_aranges
                0x00000c60       0x80 .\CortexM3\ARM_GCC_541\Debug\PSOC_arm_project.a(CyFlash.o)
 .debug_aranges
                0x00000ce0       0x78 .\CortexM3\ARM_GCC_541\Debug\PSOC_arm_project.a(CySpc.o)

.debug_pubnames
 *(.debug_pubnames)

.debug_info     0x00000000     0x53ed
 *(.debug_info .gnu.linkonce.wi.*)
 .debug_info    0x00000000      0x5c9 .\CortexM3\ARM_GCC_541\Debug\main.o
 .debug_info    0x000005c9      0x10c .\CortexM3\ARM_GCC_541\Debug\debug.o
 .debug_info    0x000006d5      0x5ef .\CortexM3\ARM_GCC_541\Debug\cyfitter_cfg.o
 .debug_info    0x00000cc4      0x139 .\CortexM3\ARM_GCC_541\Debug\cymetadata.o
 .debug_info    0x00000dfd      0x32b .\CortexM3\ARM_GCC_541\Debug\Cm3Start.o
 .debug_info    0x00001128      0x50a .\CortexM3\ARM_GCC_541\Debug\PSOC_arm_project.a(UART.o)
 .debug_info    0x00001632      0x241 .\CortexM3\ARM_GCC_541\Debug\PSOC_arm_project.a(isr_rx.o)
 .debug_info    0x00001873      0x25d .\CortexM3\ARM_GCC_541\Debug\PSOC_arm_project.a(UART_IntClock.o)
 .debug_info    0x00001ad0      0xe88 .\CortexM3\ARM_GCC_541\Debug\PSOC_arm_project.a(CyLib.o)
 .debug_info    0x00002958      0x57a .\CortexM3\ARM_GCC_541\Debug\PSOC_arm_project.a(cyPm.o)
 .debug_info    0x00002ed2      0x2a7 .\CortexM3\ARM_GCC_541\Debug\PSOC_arm_project.a(PWM_1.o)
 .debug_info    0x00003179      0x25b .\CortexM3\ARM_GCC_541\Debug\PSOC_arm_project.a(Timer_1.o)
 .debug_info    0x000033d4      0x245 .\CortexM3\ARM_GCC_541\Debug\PSOC_arm_project.a(median_timer.o)
 .debug_info    0x00003619      0x241 .\CortexM3\ARM_GCC_541\Debug\PSOC_arm_project.a(update_median_isr.o)
 .debug_info    0x0000385a      0x2a7 .\CortexM3\ARM_GCC_541\Debug\PSOC_arm_project.a(PWM_0.o)
 .debug_info    0x00003b01      0x47f .\CortexM3\ARM_GCC_541\Debug\PSOC_arm_project.a(ADC_0.o)
 .debug_info    0x00003f80       0x92 .\CortexM3\ARM_GCC_541\Debug\PSOC_arm_project.a(ADC_0_INT.o)
 .debug_info    0x00004012       0xf7 .\CortexM3\ARM_GCC_541\Debug\PSOC_arm_project.a(AMux_0.o)
 .debug_info    0x00004109      0x2a7 .\CortexM3\ARM_GCC_541\Debug\PSOC_arm_project.a(PWM_2.o)
 .debug_info    0x000043b0      0x2a7 .\CortexM3\ARM_GCC_541\Debug\PSOC_arm_project.a(PWM_3.o)
 .debug_info    0x00004657      0x299 .\CortexM3\ARM_GCC_541\Debug\PSOC_arm_project.a(ADC_0_theACLK.o)
 .debug_info    0x000048f0       0x99 .\CortexM3\ARM_GCC_541\Debug\PSOC_arm_project.a(CyBootAsmGnu.o)
 .debug_info    0x00004989      0x299 .\CortexM3\ARM_GCC_541\Debug\PSOC_arm_project.a(CyScBoostClk.o)
 .debug_info    0x00004c22      0x371 .\CortexM3\ARM_GCC_541\Debug\PSOC_arm_project.a(CyFlash.o)
 .debug_info    0x00004f93      0x45a .\CortexM3\ARM_GCC_541\Debug\PSOC_arm_project.a(CySpc.o)

.debug_abbrev   0x00000000     0x1cb0
 *(.debug_abbrev)
 .debug_abbrev  0x00000000      0x13f .\CortexM3\ARM_GCC_541\Debug\main.o
 .debug_abbrev  0x0000013f       0xa1 .\CortexM3\ARM_GCC_541\Debug\debug.o
 .debug_abbrev  0x000001e0      0x1b9 .\CortexM3\ARM_GCC_541\Debug\cyfitter_cfg.o
 .debug_abbrev  0x00000399       0x77 .\CortexM3\ARM_GCC_541\Debug\cymetadata.o
 .debug_abbrev  0x00000410      0x1d6 .\CortexM3\ARM_GCC_541\Debug\Cm3Start.o
 .debug_abbrev  0x000005e6      0x163 .\CortexM3\ARM_GCC_541\Debug\PSOC_arm_project.a(UART.o)
 .debug_abbrev  0x00000749      0x172 .\CortexM3\ARM_GCC_541\Debug\PSOC_arm_project.a(isr_rx.o)
 .debug_abbrev  0x000008bb      0x11d .\CortexM3\ARM_GCC_541\Debug\PSOC_arm_project.a(UART_IntClock.o)
 .debug_abbrev  0x000009d8      0x217 .\CortexM3\ARM_GCC_541\Debug\PSOC_arm_project.a(CyLib.o)
 .debug_abbrev  0x00000bef      0x161 .\CortexM3\ARM_GCC_541\Debug\PSOC_arm_project.a(cyPm.o)
 .debug_abbrev  0x00000d50      0x12e .\CortexM3\ARM_GCC_541\Debug\PSOC_arm_project.a(PWM_1.o)
 .debug_abbrev  0x00000e7e      0x11b .\CortexM3\ARM_GCC_541\Debug\PSOC_arm_project.a(Timer_1.o)
 .debug_abbrev  0x00000f99       0xe9 .\CortexM3\ARM_GCC_541\Debug\PSOC_arm_project.a(median_timer.o)
 .debug_abbrev  0x00001082      0x172 .\CortexM3\ARM_GCC_541\Debug\PSOC_arm_project.a(update_median_isr.o)
 .debug_abbrev  0x000011f4      0x12e .\CortexM3\ARM_GCC_541\Debug\PSOC_arm_project.a(PWM_0.o)
 .debug_abbrev  0x00001322      0x173 .\CortexM3\ARM_GCC_541\Debug\PSOC_arm_project.a(ADC_0.o)
 .debug_abbrev  0x00001495       0x42 .\CortexM3\ARM_GCC_541\Debug\PSOC_arm_project.a(ADC_0_INT.o)
 .debug_abbrev  0x000014d7       0x87 .\CortexM3\ARM_GCC_541\Debug\PSOC_arm_project.a(AMux_0.o)
 .debug_abbrev  0x0000155e      0x12e .\CortexM3\ARM_GCC_541\Debug\PSOC_arm_project.a(PWM_2.o)
 .debug_abbrev  0x0000168c      0x12e .\CortexM3\ARM_GCC_541\Debug\PSOC_arm_project.a(PWM_3.o)
 .debug_abbrev  0x000017ba      0x11d .\CortexM3\ARM_GCC_541\Debug\PSOC_arm_project.a(ADC_0_theACLK.o)
 .debug_abbrev  0x000018d7       0x14 .\CortexM3\ARM_GCC_541\Debug\PSOC_arm_project.a(CyBootAsmGnu.o)
 .debug_abbrev  0x000018eb      0x11d .\CortexM3\ARM_GCC_541\Debug\PSOC_arm_project.a(CyScBoostClk.o)
 .debug_abbrev  0x00001a08      0x13c .\CortexM3\ARM_GCC_541\Debug\PSOC_arm_project.a(CyFlash.o)
 .debug_abbrev  0x00001b44      0x16c .\CortexM3\ARM_GCC_541\Debug\PSOC_arm_project.a(CySpc.o)

.debug_line     0x00000000     0x31e7
 *(.debug_line)
 .debug_line    0x00000000      0x366 .\CortexM3\ARM_GCC_541\Debug\main.o
 .debug_line    0x00000366      0x16e .\CortexM3\ARM_GCC_541\Debug\debug.o
 .debug_line    0x000004d4      0x26d .\CortexM3\ARM_GCC_541\Debug\cyfitter_cfg.o
 .debug_line    0x00000741      0x141 .\CortexM3\ARM_GCC_541\Debug\cymetadata.o
 .debug_line    0x00000882      0x1dc .\CortexM3\ARM_GCC_541\Debug\Cm3Start.o
 .debug_line    0x00000a5e      0x2e2 .\CortexM3\ARM_GCC_541\Debug\PSOC_arm_project.a(UART.o)
 .debug_line    0x00000d40      0x151 .\CortexM3\ARM_GCC_541\Debug\PSOC_arm_project.a(isr_rx.o)
 .debug_line    0x00000e91      0x1ac .\CortexM3\ARM_GCC_541\Debug\PSOC_arm_project.a(UART_IntClock.o)
 .debug_line    0x0000103d      0x8b5 .\CortexM3\ARM_GCC_541\Debug\PSOC_arm_project.a(CyLib.o)
 .debug_line    0x000018f2      0x38e .\CortexM3\ARM_GCC_541\Debug\PSOC_arm_project.a(cyPm.o)
 .debug_line    0x00001c80      0x189 .\CortexM3\ARM_GCC_541\Debug\PSOC_arm_project.a(PWM_1.o)
 .debug_line    0x00001e09      0x170 .\CortexM3\ARM_GCC_541\Debug\PSOC_arm_project.a(Timer_1.o)
 .debug_line    0x00001f79      0x164 .\CortexM3\ARM_GCC_541\Debug\PSOC_arm_project.a(median_timer.o)
 .debug_line    0x000020dd      0x15c .\CortexM3\ARM_GCC_541\Debug\PSOC_arm_project.a(update_median_isr.o)
 .debug_line    0x00002239      0x189 .\CortexM3\ARM_GCC_541\Debug\PSOC_arm_project.a(PWM_0.o)
 .debug_line    0x000023c2      0x207 .\CortexM3\ARM_GCC_541\Debug\PSOC_arm_project.a(ADC_0.o)
 .debug_line    0x000025c9       0x55 .\CortexM3\ARM_GCC_541\Debug\PSOC_arm_project.a(ADC_0_INT.o)
 .debug_line    0x0000261e       0x9b .\CortexM3\ARM_GCC_541\Debug\PSOC_arm_project.a(AMux_0.o)
 .debug_line    0x000026b9      0x189 .\CortexM3\ARM_GCC_541\Debug\PSOC_arm_project.a(PWM_2.o)
 .debug_line    0x00002842      0x189 .\CortexM3\ARM_GCC_541\Debug\PSOC_arm_project.a(PWM_3.o)
 .debug_line    0x000029cb      0x1d0 .\CortexM3\ARM_GCC_541\Debug\PSOC_arm_project.a(ADC_0_theACLK.o)
 .debug_line    0x00002b9b       0x66 .\CortexM3\ARM_GCC_541\Debug\PSOC_arm_project.a(CyBootAsmGnu.o)
 .debug_line    0x00002c01      0x1cf .\CortexM3\ARM_GCC_541\Debug\PSOC_arm_project.a(CyScBoostClk.o)
 .debug_line    0x00002dd0      0x205 .\CortexM3\ARM_GCC_541\Debug\PSOC_arm_project.a(CyFlash.o)
 .debug_line    0x00002fd5      0x212 .\CortexM3\ARM_GCC_541\Debug\PSOC_arm_project.a(CySpc.o)

.debug_frame    0x00000000     0x3f90
 *(.debug_frame)
 .debug_frame   0x00000000       0xe4 .\CortexM3\ARM_GCC_541\Debug\main.o
 .debug_frame   0x000000e4       0x38 .\CortexM3\ARM_GCC_541\Debug\debug.o
 .debug_frame   0x0000011c      0x1bc .\CortexM3\ARM_GCC_541\Debug\cyfitter_cfg.o
 .debug_frame   0x000002d8       0xd8 .\CortexM3\ARM_GCC_541\Debug\Cm3Start.o
 .debug_frame   0x000003b0      0x42c .\CortexM3\ARM_GCC_541\Debug\PSOC_arm_project.a(UART.o)
 .debug_frame   0x000007dc      0x1e8 .\CortexM3\ARM_GCC_541\Debug\PSOC_arm_project.a(isr_rx.o)
 .debug_frame   0x000009c4      0x1b4 .\CortexM3\ARM_GCC_541\Debug\PSOC_arm_project.a(UART_IntClock.o)
 .debug_frame   0x00000b78      0xc34 .\CortexM3\ARM_GCC_541\Debug\PSOC_arm_project.a(CyLib.o)
 .debug_frame   0x000017ac      0x234 .\CortexM3\ARM_GCC_541\Debug\PSOC_arm_project.a(cyPm.o)
 .debug_frame   0x000019e0      0x25c .\CortexM3\ARM_GCC_541\Debug\PSOC_arm_project.a(PWM_1.o)
 .debug_frame   0x00001c3c      0x230 .\CortexM3\ARM_GCC_541\Debug\PSOC_arm_project.a(Timer_1.o)
 .debug_frame   0x00001e6c      0x208 .\CortexM3\ARM_GCC_541\Debug\PSOC_arm_project.a(median_timer.o)
 .debug_frame   0x00002074      0x1e8 .\CortexM3\ARM_GCC_541\Debug\PSOC_arm_project.a(update_median_isr.o)
 .debug_frame   0x0000225c      0x25c .\CortexM3\ARM_GCC_541\Debug\PSOC_arm_project.a(PWM_0.o)
 .debug_frame   0x000024b8      0x2bc .\CortexM3\ARM_GCC_541\Debug\PSOC_arm_project.a(ADC_0.o)
 .debug_frame   0x00002774       0x34 .\CortexM3\ARM_GCC_541\Debug\PSOC_arm_project.a(ADC_0_INT.o)
 .debug_frame   0x000027a8       0x7c .\CortexM3\ARM_GCC_541\Debug\PSOC_arm_project.a(AMux_0.o)
 .debug_frame   0x00002824      0x25c .\CortexM3\ARM_GCC_541\Debug\PSOC_arm_project.a(PWM_2.o)
 .debug_frame   0x00002a80      0x25c .\CortexM3\ARM_GCC_541\Debug\PSOC_arm_project.a(PWM_3.o)
 .debug_frame   0x00002cdc      0x200 .\CortexM3\ARM_GCC_541\Debug\PSOC_arm_project.a(ADC_0_theACLK.o)
 .debug_frame   0x00002edc      0x200 .\CortexM3\ARM_GCC_541\Debug\PSOC_arm_project.a(CyScBoostClk.o)
 .debug_frame   0x000030dc      0x210 .\CortexM3\ARM_GCC_541\Debug\PSOC_arm_project.a(CyFlash.o)
 .debug_frame   0x000032ec      0x1f8 .\CortexM3\ARM_GCC_541\Debug\PSOC_arm_project.a(CySpc.o)
 .debug_frame   0x000034e4       0x44 c:/program files (x86)/cypress/psoc creator/4.2/psoc creator/import/gnu/arm/5.4.1/bin/../lib/gcc/arm-none-eabi/5.4.1/armv7-m\libgcc.a(_aeabi_ldivmod.o)
 .debug_frame   0x00003528       0x38 c:/program files (x86)/cypress/psoc creator/4.2/psoc creator/import/gnu/arm/5.4.1/bin/../lib/gcc/arm-none-eabi/5.4.1/armv7-m\libgcc.a(_udivmoddi4.o)
 .debug_frame   0x00003560       0x20 c:/program files (x86)/cypress/psoc creator/4.2/psoc creator/import/gnu/arm/5.4.1/bin/../lib/gcc/arm-none-eabi/5.4.1/../../../../arm-none-eabi/lib/armv7-m\libg_nano.a(lib_a-errno.o)
 .debug_frame   0x00003580       0x28 c:/program files (x86)/cypress/psoc creator/4.2/psoc creator/import/gnu/arm/5.4.1/bin/../lib/gcc/arm-none-eabi/5.4.1/../../../../arm-none-eabi/lib/armv7-m\libg_nano.a(lib_a-exit.o)
 .debug_frame   0x000035a8       0x2c c:/program files (x86)/cypress/psoc creator/4.2/psoc creator/import/gnu/arm/5.4.1/bin/../lib/gcc/arm-none-eabi/5.4.1/../../../../arm-none-eabi/lib/armv7-m\libg_nano.a(lib_a-init.o)
 .debug_frame   0x000035d4       0x28 c:/program files (x86)/cypress/psoc creator/4.2/psoc creator/import/gnu/arm/5.4.1/bin/../lib/gcc/arm-none-eabi/5.4.1/../../../../arm-none-eabi/lib/armv7-m\libg_nano.a(lib_a-memcpy-stub.o)
 .debug_frame   0x000035fc       0x20 c:/program files (x86)/cypress/psoc creator/4.2/psoc creator/import/gnu/arm/5.4.1/bin/../lib/gcc/arm-none-eabi/5.4.1/../../../../arm-none-eabi/lib/armv7-m\libg_nano.a(lib_a-memset.o)
 .debug_frame   0x0000361c       0x8c c:/program files (x86)/cypress/psoc creator/4.2/psoc creator/import/gnu/arm/5.4.1/bin/../lib/gcc/arm-none-eabi/5.4.1/../../../../arm-none-eabi/lib/armv7-m\libg_nano.a(lib_a-nano-vfprintf_float.o)
 .debug_frame   0x000036a8       0x60 c:/program files (x86)/cypress/psoc creator/4.2/psoc creator/import/gnu/arm/5.4.1/bin/../lib/gcc/arm-none-eabi/5.4.1/../../../../arm-none-eabi/lib/armv7-m\libg_nano.a(lib_a-nano-vfprintf_i.o)
 .debug_frame   0x00003708       0x70 c:/program files (x86)/cypress/psoc creator/4.2/psoc creator/import/gnu/arm/5.4.1/bin/../lib/gcc/arm-none-eabi/5.4.1/../../../../arm-none-eabi/lib/armv7-m\libg_nano.a(lib_a-sprintf.o)
 .debug_frame   0x00003778       0x98 c:/program files (x86)/cypress/psoc creator/4.2/psoc creator/import/gnu/arm/5.4.1/bin/../lib/gcc/arm-none-eabi/5.4.1/../../../../arm-none-eabi/lib/armv7-m\libg_nano.a(lib_a-strtod.o)
 .debug_frame   0x00003810       0x44 c:/program files (x86)/cypress/psoc creator/4.2/psoc creator/import/gnu/arm/5.4.1/bin/../lib/gcc/arm-none-eabi/5.4.1/../../../../arm-none-eabi/lib/armv7-m\libg_nano.a(lib_a-strtol.o)
 .debug_frame   0x00003854       0x6c c:/program files (x86)/cypress/psoc creator/4.2/psoc creator/import/gnu/arm/5.4.1/bin/../lib/gcc/arm-none-eabi/5.4.1/../../../../arm-none-eabi/lib/armv7-m\libg_nano.a(lib_a-dtoa.o)
 .debug_frame   0x000038c0       0x70 c:/program files (x86)/cypress/psoc creator/4.2/psoc creator/import/gnu/arm/5.4.1/bin/../lib/gcc/arm-none-eabi/5.4.1/../../../../arm-none-eabi/lib/armv7-m\libg_nano.a(lib_a-gdtoa-gethex.o)
 .debug_frame   0x00003930       0x74 c:/program files (x86)/cypress/psoc creator/4.2/psoc creator/import/gnu/arm/5.4.1/bin/../lib/gcc/arm-none-eabi/5.4.1/../../../../arm-none-eabi/lib/armv7-m\libg_nano.a(lib_a-gdtoa-hexnan.o)
 .debug_frame   0x000039a4       0x98 c:/program files (x86)/cypress/psoc creator/4.2/psoc creator/import/gnu/arm/5.4.1/bin/../lib/gcc/arm-none-eabi/5.4.1/../../../../arm-none-eabi/lib/armv7-m\libg_nano.a(lib_a-locale.o)
 .debug_frame   0x00003a3c       0x30 c:/program files (x86)/cypress/psoc creator/4.2/psoc creator/import/gnu/arm/5.4.1/bin/../lib/gcc/arm-none-eabi/5.4.1/../../../../arm-none-eabi/lib/armv7-m\libg_nano.a(lib_a-malloc.o)
 .debug_frame   0x00003a6c       0x28 c:/program files (x86)/cypress/psoc creator/4.2/psoc creator/import/gnu/arm/5.4.1/bin/../lib/gcc/arm-none-eabi/5.4.1/../../../../arm-none-eabi/lib/armv7-m\libg_nano.a(lib_a-memchr-stub.o)
 .debug_frame   0x00003a94      0x234 c:/program files (x86)/cypress/psoc creator/4.2/psoc creator/import/gnu/arm/5.4.1/bin/../lib/gcc/arm-none-eabi/5.4.1/../../../../arm-none-eabi/lib/armv7-m\libg_nano.a(lib_a-mprec.o)
 .debug_frame   0x00003cc8       0x2c c:/program files (x86)/cypress/psoc creator/4.2/psoc creator/import/gnu/arm/5.4.1/bin/../lib/gcc/arm-none-eabi/5.4.1/../../../../arm-none-eabi/lib/armv7-m\libg_nano.a(lib_a-nano-callocr.o)
 .debug_frame   0x00003cf4       0x38 c:/program files (x86)/cypress/psoc creator/4.2/psoc creator/import/gnu/arm/5.4.1/bin/../lib/gcc/arm-none-eabi/5.4.1/../../../../arm-none-eabi/lib/armv7-m\libg_nano.a(lib_a-nano-freer.o)
 .debug_frame   0x00003d2c       0x2c c:/program files (x86)/cypress/psoc creator/4.2/psoc creator/import/gnu/arm/5.4.1/bin/../lib/gcc/arm-none-eabi/5.4.1/../../../../arm-none-eabi/lib/armv7-m\libg_nano.a(lib_a-nano-mallocr.o)
 .debug_frame   0x00003d58       0x90 c:/program files (x86)/cypress/psoc creator/4.2/psoc creator/import/gnu/arm/5.4.1/bin/../lib/gcc/arm-none-eabi/5.4.1/../../../../arm-none-eabi/lib/armv7-m\libg_nano.a(lib_a-nano-svfprintf.o)
 .debug_frame   0x00003de8       0x2c c:/program files (x86)/cypress/psoc creator/4.2/psoc creator/import/gnu/arm/5.4.1/bin/../lib/gcc/arm-none-eabi/5.4.1/../../../../arm-none-eabi/lib/armv7-m\libg_nano.a(lib_a-sbrkr.o)
 .debug_frame   0x00003e14       0x20 c:/program files (x86)/cypress/psoc creator/4.2/psoc creator/import/gnu/arm/5.4.1/bin/../lib/gcc/arm-none-eabi/5.4.1/../../../../arm-none-eabi/lib/armv7-m\libg_nano.a(lib_a-sf_nan.o)
 .debug_frame   0x00003e34       0x20 c:/program files (x86)/cypress/psoc creator/4.2/psoc creator/import/gnu/arm/5.4.1/bin/../lib/gcc/arm-none-eabi/5.4.1/../../../../arm-none-eabi/lib/armv7-m\libg_nano.a(lib_a-strcmp.o)
 .debug_frame   0x00003e54       0x2c c:/program files (x86)/cypress/psoc creator/4.2/psoc creator/import/gnu/arm/5.4.1/bin/../lib/gcc/arm-none-eabi/5.4.1/../../../../arm-none-eabi/lib/armv7-m\libg_nano.a(lib_a-strncmp.o)
 .debug_frame   0x00003e80       0x28 c:/program files (x86)/cypress/psoc creator/4.2/psoc creator/import/gnu/arm/5.4.1/bin/../lib/gcc/arm-none-eabi/5.4.1/../../../../arm-none-eabi/lib/armv7-m\libg_nano.a(lib_a-memmove.o)
 .debug_frame   0x00003ea8       0x30 c:/program files (x86)/cypress/psoc creator/4.2/psoc creator/import/gnu/arm/5.4.1/bin/../lib/gcc/arm-none-eabi/5.4.1/../../../../arm-none-eabi/lib/armv7-m\libg_nano.a(lib_a-mlock.o)
 .debug_frame   0x00003ed8       0x3c c:/program files (x86)/cypress/psoc creator/4.2/psoc creator/import/gnu/arm/5.4.1/bin/../lib/gcc/arm-none-eabi/5.4.1/../../../../arm-none-eabi/lib/armv7-m\libg_nano.a(lib_a-nano-reallocr.o)
 .debug_frame   0x00003f14       0x5c c:/program files (x86)/cypress/psoc creator/4.2/psoc creator/import/gnu/arm/5.4.1/bin/../lib/gcc/arm-none-eabi/5.4.1/../../../../arm-none-eabi/lib/armv7-m\libg_nano.a(lib_a-reent.o)
 .debug_frame   0x00003f70       0x20 c:/program files (x86)/cypress/psoc creator/4.2/psoc creator/import/gnu/arm/5.4.1/bin/../lib/gcc/arm-none-eabi/5.4.1/../../../../arm-none-eabi/lib/armv7-m\libg_nano.a(lib_a-nano-msizer.o)

.debug_str      0x00000000     0x2a78
 *(.debug_str)
 .debug_str     0x00000000      0x30a .\CortexM3\ARM_GCC_541\Debug\main.o
                                0x360 (size before relaxing)
 .debug_str     0x0000030a       0x5f .\CortexM3\ARM_GCC_541\Debug\debug.o
                                0x1b7 (size before relaxing)
 .debug_str     0x00000369      0x23f .\CortexM3\ARM_GCC_541\Debug\cyfitter_cfg.o
                                0x3e9 (size before relaxing)
 .debug_str     0x000005a8       0x7f .\CortexM3\ARM_GCC_541\Debug\cymetadata.o
                                0x1ed (size before relaxing)
 .debug_str     0x00000627      0x123 .\CortexM3\ARM_GCC_541\Debug\Cm3Start.o
                                0x2e0 (size before relaxing)
 .debug_str     0x0000074a      0x270 .\CortexM3\ARM_GCC_541\Debug\PSOC_arm_project.a(UART.o)
                                0x42a (size before relaxing)
 .debug_str     0x000009ba      0x10c .\CortexM3\ARM_GCC_541\Debug\PSOC_arm_project.a(isr_rx.o)
                                0x2bd (size before relaxing)
 .debug_str     0x00000ac6      0x1b0 .\CortexM3\ARM_GCC_541\Debug\PSOC_arm_project.a(UART_IntClock.o)
                                0x33f (size before relaxing)
 .debug_str     0x00000c76      0x7fe .\CortexM3\ARM_GCC_541\Debug\PSOC_arm_project.a(CyLib.o)
                                0xa17 (size before relaxing)
 .debug_str     0x00001474      0x371 .\CortexM3\ARM_GCC_541\Debug\PSOC_arm_project.a(cyPm.o)
                                0x54c (size before relaxing)
 .debug_str     0x000017e5      0x196 .\CortexM3\ARM_GCC_541\Debug\PSOC_arm_project.a(PWM_1.o)
                                0x33a (size before relaxing)
 .debug_str     0x0000197b      0x17a .\CortexM3\ARM_GCC_541\Debug\PSOC_arm_project.a(Timer_1.o)
                                0x33b (size before relaxing)
 .debug_str     0x00001af5      0x1ad .\CortexM3\ARM_GCC_541\Debug\PSOC_arm_project.a(median_timer.o)
                                0x36e (size before relaxing)
 .debug_str     0x00001ca2      0x18e .\CortexM3\ARM_GCC_541\Debug\PSOC_arm_project.a(update_median_isr.o)
                                0x357 (size before relaxing)
 .debug_str     0x00001e30      0x165 .\CortexM3\ARM_GCC_541\Debug\PSOC_arm_project.a(PWM_0.o)
                                0x33a (size before relaxing)
 .debug_str     0x00001f95      0x1e7 .\CortexM3\ARM_GCC_541\Debug\PSOC_arm_project.a(ADC_0.o)
                                0x3e6 (size before relaxing)
 .debug_str     0x0000217c       0x2d .\CortexM3\ARM_GCC_541\Debug\PSOC_arm_project.a(ADC_0_INT.o)
                                0x19c (size before relaxing)
 .debug_str     0x000021a9       0x6c .\CortexM3\ARM_GCC_541\Debug\PSOC_arm_project.a(AMux_0.o)
                                0x1e9 (size before relaxing)
 .debug_str     0x00002215      0x165 .\CortexM3\ARM_GCC_541\Debug\PSOC_arm_project.a(PWM_2.o)
                                0x33a (size before relaxing)
 .debug_str     0x0000237a      0x165 .\CortexM3\ARM_GCC_541\Debug\PSOC_arm_project.a(PWM_3.o)
                                0x33a (size before relaxing)
 .debug_str     0x000024df      0x1a6 .\CortexM3\ARM_GCC_541\Debug\PSOC_arm_project.a(ADC_0_theACLK.o)
                                0x386 (size before relaxing)
 .debug_str     0x00002685      0x18f .\CortexM3\ARM_GCC_541\Debug\PSOC_arm_project.a(CyScBoostClk.o)
                                0x378 (size before relaxing)
 .debug_str     0x00002814      0x145 .\CortexM3\ARM_GCC_541\Debug\PSOC_arm_project.a(CyFlash.o)
                                0x2ff (size before relaxing)
 .debug_str     0x00002959      0x11f .\CortexM3\ARM_GCC_541\Debug\PSOC_arm_project.a(CySpc.o)
                                0x2fc (size before relaxing)

.debug_loc
 *(.debug_loc)

.debug_macinfo
 *(.debug_macinfo)

.debug_ranges   0x00000000      0xbb0
 *(.debug_ranges)
 .debug_ranges  0x00000000       0x30 .\CortexM3\ARM_GCC_541\Debug\main.o
 .debug_ranges  0x00000030       0x10 .\CortexM3\ARM_GCC_541\Debug\debug.o
 .debug_ranges  0x00000040       0x60 .\CortexM3\ARM_GCC_541\Debug\cyfitter_cfg.o
 .debug_ranges  0x000000a0       0x38 .\CortexM3\ARM_GCC_541\Debug\Cm3Start.o
 .debug_ranges  0x000000d8       0xe0 .\CortexM3\ARM_GCC_541\Debug\PSOC_arm_project.a(UART.o)
 .debug_ranges  0x000001b8       0x70 .\CortexM3\ARM_GCC_541\Debug\PSOC_arm_project.a(isr_rx.o)
 .debug_ranges  0x00000228       0x60 .\CortexM3\ARM_GCC_541\Debug\PSOC_arm_project.a(UART_IntClock.o)
 .debug_ranges  0x00000288      0x298 .\CortexM3\ARM_GCC_541\Debug\PSOC_arm_project.a(CyLib.o)
 .debug_ranges  0x00000520       0x88 .\CortexM3\ARM_GCC_541\Debug\PSOC_arm_project.a(cyPm.o)
 .debug_ranges  0x000005a8       0x88 .\CortexM3\ARM_GCC_541\Debug\PSOC_arm_project.a(PWM_1.o)
 .debug_ranges  0x00000630       0x80 .\CortexM3\ARM_GCC_541\Debug\PSOC_arm_project.a(Timer_1.o)
 .debug_ranges  0x000006b0       0x78 .\CortexM3\ARM_GCC_541\Debug\PSOC_arm_project.a(median_timer.o)
 .debug_ranges  0x00000728       0x70 .\CortexM3\ARM_GCC_541\Debug\PSOC_arm_project.a(update_median_isr.o)
 .debug_ranges  0x00000798       0x88 .\CortexM3\ARM_GCC_541\Debug\PSOC_arm_project.a(PWM_0.o)
 .debug_ranges  0x00000820       0x98 .\CortexM3\ARM_GCC_541\Debug\PSOC_arm_project.a(ADC_0.o)
 .debug_ranges  0x000008b8       0x10 .\CortexM3\ARM_GCC_541\Debug\PSOC_arm_project.a(ADC_0_INT.o)
 .debug_ranges  0x000008c8       0x20 .\CortexM3\ARM_GCC_541\Debug\PSOC_arm_project.a(AMux_0.o)
 .debug_ranges  0x000008e8       0x88 .\CortexM3\ARM_GCC_541\Debug\PSOC_arm_project.a(PWM_2.o)
 .debug_ranges  0x00000970       0x88 .\CortexM3\ARM_GCC_541\Debug\PSOC_arm_project.a(PWM_3.o)
 .debug_ranges  0x000009f8       0x70 .\CortexM3\ARM_GCC_541\Debug\PSOC_arm_project.a(ADC_0_theACLK.o)
 .debug_ranges  0x00000a68       0x70 .\CortexM3\ARM_GCC_541\Debug\PSOC_arm_project.a(CyScBoostClk.o)
 .debug_ranges  0x00000ad8       0x70 .\CortexM3\ARM_GCC_541\Debug\PSOC_arm_project.a(CyFlash.o)
 .debug_ranges  0x00000b48       0x68 .\CortexM3\ARM_GCC_541\Debug\PSOC_arm_project.a(CySpc.o)

.comment        0x00000000       0x6e
 .comment       0x00000000       0x6e .\CortexM3\ARM_GCC_541\Debug\main.o
                                 0x6f (size before relaxing)
 .comment       0x0000006e       0x6f .\CortexM3\ARM_GCC_541\Debug\debug.o
 .comment       0x0000006e       0x6f .\CortexM3\ARM_GCC_541\Debug\cyfitter_cfg.o
 .comment       0x0000006e       0x6f .\CortexM3\ARM_GCC_541\Debug\cymetadata.o
 .comment       0x0000006e       0x6f .\CortexM3\ARM_GCC_541\Debug\Cm3Start.o
 .comment       0x0000006e       0x6f .\CortexM3\ARM_GCC_541\Debug\PSOC_arm_project.a(UART.o)
 .comment       0x0000006e       0x6f .\CortexM3\ARM_GCC_541\Debug\PSOC_arm_project.a(isr_rx.o)
 .comment       0x0000006e       0x6f .\CortexM3\ARM_GCC_541\Debug\PSOC_arm_project.a(UART_IntClock.o)
 .comment       0x0000006e       0x6f .\CortexM3\ARM_GCC_541\Debug\PSOC_arm_project.a(CyLib.o)
 .comment       0x0000006e       0x6f .\CortexM3\ARM_GCC_541\Debug\PSOC_arm_project.a(cyPm.o)
 .comment       0x0000006e       0x6f .\CortexM3\ARM_GCC_541\Debug\PSOC_arm_project.a(PWM_1.o)
 .comment       0x0000006e       0x6f .\CortexM3\ARM_GCC_541\Debug\PSOC_arm_project.a(Timer_1.o)
 .comment       0x0000006e       0x6f .\CortexM3\ARM_GCC_541\Debug\PSOC_arm_project.a(median_timer.o)
 .comment       0x0000006e       0x6f .\CortexM3\ARM_GCC_541\Debug\PSOC_arm_project.a(update_median_isr.o)
 .comment       0x0000006e       0x6f .\CortexM3\ARM_GCC_541\Debug\PSOC_arm_project.a(PWM_0.o)
 .comment       0x0000006e       0x6f .\CortexM3\ARM_GCC_541\Debug\PSOC_arm_project.a(ADC_0.o)
 .comment       0x0000006e       0x6f .\CortexM3\ARM_GCC_541\Debug\PSOC_arm_project.a(ADC_0_INT.o)
 .comment       0x0000006e       0x6f .\CortexM3\ARM_GCC_541\Debug\PSOC_arm_project.a(AMux_0.o)
 .comment       0x0000006e       0x6f .\CortexM3\ARM_GCC_541\Debug\PSOC_arm_project.a(PWM_2.o)
 .comment       0x0000006e       0x6f .\CortexM3\ARM_GCC_541\Debug\PSOC_arm_project.a(PWM_3.o)
 .comment       0x0000006e       0x6f .\CortexM3\ARM_GCC_541\Debug\PSOC_arm_project.a(ADC_0_theACLK.o)
 .comment       0x0000006e       0x6f .\CortexM3\ARM_GCC_541\Debug\PSOC_arm_project.a(CyScBoostClk.o)
 .comment       0x0000006e       0x6f .\CortexM3\ARM_GCC_541\Debug\PSOC_arm_project.a(CyFlash.o)
 .comment       0x0000006e       0x6f .\CortexM3\ARM_GCC_541\Debug\PSOC_arm_project.a(CySpc.o)

.debug_weaknames
 *(.debug_weaknames)

.debug_funcnames
 *(.debug_funcnames)

.debug_typenames
 *(.debug_typenames)

.debug_varnames
 *(.debug_varnames)

.note.gnu.arm.ident
 *(.note.gnu.arm.ident)

.ARM.attributes
                0x00000000       0x29
 *(.ARM.attributes)
 .ARM.attributes
                0x00000000       0x1d c:/program files (x86)/cypress/psoc creator/4.2/psoc creator/import/gnu/arm/5.4.1/bin/../lib/gcc/arm-none-eabi/5.4.1/armv7-m/crti.o
 .ARM.attributes
                0x0000001d       0x2d c:/program files (x86)/cypress/psoc creator/4.2/psoc creator/import/gnu/arm/5.4.1/bin/../lib/gcc/arm-none-eabi/5.4.1/armv7-m/crtbegin.o
 .ARM.attributes
                0x0000004a       0x1b c:/program files (x86)/cypress/psoc creator/4.2/psoc creator/import/gnu/arm/5.4.1/bin/../lib/gcc/arm-none-eabi/5.4.1/../../../../arm-none-eabi/lib/armv7-m/crt0.o
 .ARM.attributes
                0x00000065       0x33 .\CortexM3\ARM_GCC_541\Debug\main.o
 .ARM.attributes
                0x00000098       0x33 .\CortexM3\ARM_GCC_541\Debug\debug.o
 .ARM.attributes
                0x000000cb       0x33 .\CortexM3\ARM_GCC_541\Debug\cyfitter_cfg.o
 .ARM.attributes
                0x000000fe       0x33 .\CortexM3\ARM_GCC_541\Debug\cymetadata.o
 .ARM.attributes
                0x00000131       0x33 .\CortexM3\ARM_GCC_541\Debug\Cm3Start.o
 .ARM.attributes
                0x00000164       0x33 .\CortexM3\ARM_GCC_541\Debug\PSOC_arm_project.a(UART.o)
 .ARM.attributes
                0x00000197       0x33 .\CortexM3\ARM_GCC_541\Debug\PSOC_arm_project.a(isr_rx.o)
 .ARM.attributes
                0x000001ca       0x33 .\CortexM3\ARM_GCC_541\Debug\PSOC_arm_project.a(UART_IntClock.o)
 .ARM.attributes
                0x000001fd       0x33 .\CortexM3\ARM_GCC_541\Debug\PSOC_arm_project.a(CyLib.o)
 .ARM.attributes
                0x00000230       0x33 .\CortexM3\ARM_GCC_541\Debug\PSOC_arm_project.a(cyPm.o)
 .ARM.attributes
                0x00000263       0x33 .\CortexM3\ARM_GCC_541\Debug\PSOC_arm_project.a(PWM_1.o)
 .ARM.attributes
                0x00000296       0x33 .\CortexM3\ARM_GCC_541\Debug\PSOC_arm_project.a(Timer_1.o)
 .ARM.attributes
                0x000002c9       0x33 .\CortexM3\ARM_GCC_541\Debug\PSOC_arm_project.a(median_timer.o)
 .ARM.attributes
                0x000002fc       0x33 .\CortexM3\ARM_GCC_541\Debug\PSOC_arm_project.a(update_median_isr.o)
 .ARM.attributes
                0x0000032f       0x33 .\CortexM3\ARM_GCC_541\Debug\PSOC_arm_project.a(PWM_0.o)
 .ARM.attributes
                0x00000362       0x33 .\CortexM3\ARM_GCC_541\Debug\PSOC_arm_project.a(ADC_0.o)
 .ARM.attributes
                0x00000395       0x33 .\CortexM3\ARM_GCC_541\Debug\PSOC_arm_project.a(ADC_0_INT.o)
 .ARM.attributes
                0x000003c8       0x33 .\CortexM3\ARM_GCC_541\Debug\PSOC_arm_project.a(AMux_0.o)
 .ARM.attributes
                0x000003fb       0x33 .\CortexM3\ARM_GCC_541\Debug\PSOC_arm_project.a(PWM_2.o)
 .ARM.attributes
                0x0000042e       0x33 .\CortexM3\ARM_GCC_541\Debug\PSOC_arm_project.a(PWM_3.o)
 .ARM.attributes
                0x00000461       0x33 .\CortexM3\ARM_GCC_541\Debug\PSOC_arm_project.a(ADC_0_theACLK.o)
 .ARM.attributes
                0x00000494       0x21 .\CortexM3\ARM_GCC_541\Debug\PSOC_arm_project.a(CyBootAsmGnu.o)
 .ARM.attributes
                0x000004b5       0x33 .\CortexM3\ARM_GCC_541\Debug\PSOC_arm_project.a(CyScBoostClk.o)
 .ARM.attributes