Archive member included to satisfy reference by file (symbol)

.\CortexM3\ARM_GCC_541\Debug\PSOC_arm_project.a(UART.o)
                              .\CortexM3\ARM_GCC_541\Debug\main.o (UART_Start)
.\CortexM3\ARM_GCC_541\Debug\PSOC_arm_project.a(isr_rx.o)
                              .\CortexM3\ARM_GCC_541\Debug\main.o (isr_rx_StartEx)
.\CortexM3\ARM_GCC_541\Debug\PSOC_arm_project.a(UART_IntClock.o)
                              .\CortexM3\ARM_GCC_541\Debug\PSOC_arm_project.a(UART.o) (UART_IntClock_Start)
.\CortexM3\ARM_GCC_541\Debug\PSOC_arm_project.a(CyLib.o)
                              .\CortexM3\ARM_GCC_541\Debug\Cm3Start.o (CyResetStatus)
.\CortexM3\ARM_GCC_541\Debug\PSOC_arm_project.a(cyPm.o)
                              .\CortexM3\ARM_GCC_541\Debug\PSOC_arm_project.a(CyLib.o) (CyPmReadStatus)
.\CortexM3\ARM_GCC_541\Debug\PSOC_arm_project.a(PWM_1.o)
                              .\CortexM3\ARM_GCC_541\Debug\main.o (PWM_1_Start)
.\CortexM3\ARM_GCC_541\Debug\PSOC_arm_project.a(Timer_1.o)
                              .\CortexM3\ARM_GCC_541\Debug\main.o (Timer_1_WriteCounter)
.\CortexM3\ARM_GCC_541\Debug\PSOC_arm_project.a(median_timer.o)
                              .\CortexM3\ARM_GCC_541\Debug\main.o (median_timer_Start)
.\CortexM3\ARM_GCC_541\Debug\PSOC_arm_project.a(update_median_isr.o)
                              .\CortexM3\ARM_GCC_541\Debug\main.o (update_median_isr_StartEx)
.\CortexM3\ARM_GCC_541\Debug\PSOC_arm_project.a(PWM_0.o)
                              .\CortexM3\ARM_GCC_541\Debug\main.o (PWM_0_Start)
.\CortexM3\ARM_GCC_541\Debug\PSOC_arm_project.a(ADC_0.o)
                              .\CortexM3\ARM_GCC_541\Debug\main.o (ADC_0_Start)
.\CortexM3\ARM_GCC_541\Debug\PSOC_arm_project.a(ADC_0_INT.o)
                              .\CortexM3\ARM_GCC_541\Debug\PSOC_arm_project.a(ADC_0.o) (ADC_0_ISR)
.\CortexM3\ARM_GCC_541\Debug\PSOC_arm_project.a(AMux_0.o)
                              .\CortexM3\ARM_GCC_541\Debug\main.o (AMux_0_Start)
.\CortexM3\ARM_GCC_541\Debug\PSOC_arm_project.a(PWM_2.o)
                              .\CortexM3\ARM_GCC_541\Debug\main.o (PWM_2_Start)
.\CortexM3\ARM_GCC_541\Debug\PSOC_arm_project.a(PWM_3.o)
                              .\CortexM3\ARM_GCC_541\Debug\main.o (PWM_3_Start)
.\CortexM3\ARM_GCC_541\Debug\PSOC_arm_project.a(ADC_0_theACLK.o)
                              .\CortexM3\ARM_GCC_541\Debug\PSOC_arm_project.a(ADC_0.o) (ADC_0_theACLK_SetModeRegister)
.\CortexM3\ARM_GCC_541\Debug\PSOC_arm_project.a(EEPROM.o)
                              .\CortexM3\ARM_GCC_541\Debug\main.o (EEPROM_Start)
.\CortexM3\ARM_GCC_541\Debug\PSOC_arm_project.a(CyBootAsmGnu.o)
                              .\CortexM3\ARM_GCC_541\Debug\cyfitter_cfg.o (CyDelayCycles)
.\CortexM3\ARM_GCC_541\Debug\PSOC_arm_project.a(CyScBoostClk.o)
                              .\CortexM3\ARM_GCC_541\Debug\PSOC_arm_project.a(CyLib.o) (CyScBoostClk_Start)
.\CortexM3\ARM_GCC_541\Debug\PSOC_arm_project.a(CyFlash.o)
                              .\CortexM3\ARM_GCC_541\Debug\PSOC_arm_project.a(EEPROM.o) (dieTemperature)
.\CortexM3\ARM_GCC_541\Debug\PSOC_arm_project.a(CySpc.o)
                              .\CortexM3\ARM_GCC_541\Debug\PSOC_arm_project.a(EEPROM.o) (CySpcStart)
c:/program files (x86)/cypress/psoc creator/4.2/psoc creator/import/gnu/arm/5.4.1/bin/../lib/gcc/arm-none-eabi/5.4.1/armv7-m\libgcc.a(_arm_addsubdf3.o)
                              .\CortexM3\ARM_GCC_541\Debug\main.o (__aeabi_dsub)
c:/program files (x86)/cypress/psoc creator/4.2/psoc creator/import/gnu/arm/5.4.1/bin/../lib/gcc/arm-none-eabi/5.4.1/armv7-m\libgcc.a(_arm_muldivdf3.o)
                              .\CortexM3\ARM_GCC_541\Debug\main.o (__aeabi_dmul)
c:/program files (x86)/cypress/psoc creator/4.2/psoc creator/import/gnu/arm/5.4.1/bin/../lib/gcc/arm-none-eabi/5.4.1/armv7-m\libgcc.a(_arm_cmpdf2.o)
                              .\CortexM3\ARM_GCC_541\Debug\main.o (__aeabi_dcmplt)
c:/program files (x86)/cypress/psoc creator/4.2/psoc creator/import/gnu/arm/5.4.1/bin/../lib/gcc/arm-none-eabi/5.4.1/armv7-m\libgcc.a(_arm_fixdfsi.o)
                              .\CortexM3\ARM_GCC_541\Debug\main.o (__aeabi_d2iz)
c:/program files (x86)/cypress/psoc creator/4.2/psoc creator/import/gnu/arm/5.4.1/bin/../lib/gcc/arm-none-eabi/5.4.1/armv7-m\libgcc.a(_arm_addsubsf3.o)
                              .\CortexM3\ARM_GCC_541\Debug\PSOC_arm_project.a(ADC_0.o) (__aeabi_i2f)
c:/program files (x86)/cypress/psoc creator/4.2/psoc creator/import/gnu/arm/5.4.1/bin/../lib/gcc/arm-none-eabi/5.4.1/armv7-m\libgcc.a(_arm_muldivsf3.o)
                              .\CortexM3\ARM_GCC_541\Debug\PSOC_arm_project.a(ADC_0.o) (__aeabi_fmul)
c:/program files (x86)/cypress/psoc creator/4.2/psoc creator/import/gnu/arm/5.4.1/bin/../lib/gcc/arm-none-eabi/5.4.1/armv7-m\libgcc.a(_aeabi_ldivmod.o)
                              .\CortexM3\ARM_GCC_541\Debug\PSOC_arm_project.a(ADC_0.o) (__aeabi_ldivmod)
[...]
Memory Configuration

Name             Origin             Length             Attributes
rom              0x00000000         0x00040000         xr
ram              0x1fff8000         0x00010000         xrw
*default*        0x00000000         0xffffffff

Linker script and memory map

LOAD c:/program files (x86)/cypress/psoc creator/4.2/psoc creator/import/gnu/arm/5.4.1/bin/../lib/gcc/arm-none-eabi/5.4.1/armv7-m/crti.o
LOAD c:/program files (x86)/cypress/psoc creator/4.2/psoc creator/import/gnu/arm/5.4.1/bin/../lib/gcc/arm-none-eabi/5.4.1/armv7-m/crtbegin.o
LOAD c:/program files (x86)/cypress/psoc creator/4.2/psoc creator/import/gnu/arm/5.4.1/bin/../lib/gcc/arm-none-eabi/5.4.1/../../../../arm-none-eabi/lib/armv7-m/crt0.o
START GROUP
LOAD .\CortexM3\ARM_GCC_541\Debug\main.o
LOAD .\CortexM3\ARM_GCC_541\Debug\debug.o
LOAD .\CortexM3\ARM_GCC_541\Debug\cyfitter_cfg.o
LOAD .\CortexM3\ARM_GCC_541\Debug\cymetadata.o
LOAD .\CortexM3\ARM_GCC_541\Debug\Cm3Start.o
LOAD .\CortexM3\ARM_GCC_541\Debug\PSOC_arm_project.a
LOAD C:\Program Files (x86)\Cypress\PSoC Creator\4.2\PSoC Creator\psoc\content\cycomponentlibrary\CyComponentLibrary.cylib\CortexM3\ARM_GCC_541\Debug\CyComponentLibrary.a
LOAD c:/program files (x86)/cypress/psoc creator/4.2/psoc creator/import/gnu/arm/5.4.1/bin/../lib/gcc/arm-none-eabi/5.4.1/../../../../arm-none-eabi/lib/armv7-m\libm.a
END GROUP
START GROUP
LOAD c:/program files (x86)/cypress/psoc creator/4.2/psoc creator/import/gnu/arm/5.4.1/bin/../lib/gcc/arm-none-eabi/5.4.1/armv7-m\libgcc.a
LOAD c:/program files (x86)/cypress/psoc creator/4.2/psoc creator/import/gnu/arm/5.4.1/bin/../lib/gcc/arm-none-eabi/5.4.1/../../../../arm-none-eabi/lib/armv7-m\libg_nano.a
LOAD c:/program files (x86)/cypress/psoc creator/4.2/psoc creator/import/gnu/arm/5.4.1/bin/../lib/gcc/arm-none-eabi/5.4.1/../../../../arm-none-eabi/lib/armv7-m\libc_nano.a
END GROUP
START GROUP
LOAD c:/program files (x86)/cypress/psoc creator/4.2/psoc creator/import/gnu/arm/5.4.1/bin/../lib/gcc/arm-none-eabi/5.4.1/armv7-m\libgcc.a
LOAD c:/program files (x86)/cypress/psoc creator/4.2/psoc creator/import/gnu/arm/5.4.1/bin/../lib/gcc/arm-none-eabi/5.4.1/../../../../arm-none-eabi/lib/armv7-m\libc_nano.a
END GROUP
LOAD c:/program files (x86)/cypress/psoc creator/4.2/psoc creator/import/gnu/arm/5.4.1/bin/../lib/gcc/arm-none-eabi/5.4.1/armv7-m/crtend.o
LOAD c:/program files (x86)/cypress/psoc creator/4.2/psoc creator/import/gnu/arm/5.4.1/bin/../lib/gcc/arm-none-eabi/5.4.1/armv7-m/crtn.o
START GROUP
LOAD c:/program files (x86)/cypress/psoc creator/4.2/psoc creator/import/gnu/arm/5.4.1/bin/../lib/gcc/arm-none-eabi/5.4.1/armv7-m\libgcc.a
LOAD c:/program files (x86)/cypress/psoc creator/4.2/psoc creator/import/gnu/arm/5.4.1/bin/../lib/gcc/arm-none-eabi/5.4.1/../../../../arm-none-eabi/lib/armv7-m\libc.a
LOAD c:/program files (x86)/cypress/psoc creator/4.2/psoc creator/import/gnu/arm/5.4.1/bin/../lib/gcc/arm-none-eabi/5.4.1/../../../../arm-none-eabi/lib/armv7-m\libnosys.a
END GROUP
                0x00000000                CY_APPL_ORIGIN = 0x0
                0x00000100                CY_FLASH_ROW_SIZE = 0x100
                0x00000020                CY_ECC_ROW_SIZE = 0x20
                0x00000000                CY_EE_IN_BTLDR = 0x0
                0x00000000                CY_APPL_LOADABLE = 0x0
                0x00000800                CY_EE_SIZE = 0x800
                0x00000001                CY_APPL_NUM = 0x1
                0x00000001                CY_APPL_MAX = 0x1
                0x00000040                CY_METADATA_SIZE = 0x40
                0x00000000                CY_APPL_LOADABLE = 0x0
                0x00000000                CY_CHECKSUM_EXCLUDE_SIZE = ALIGN (0x0, CY_FLASH_ROW_SIZE)
                [!provide]                PROVIDE (__cy_heap_start, _end)
                0x00000001                PROVIDE (__cy_region_num, ((__cy_regions_end - __cy_regions) / 0x10))
                0x20008000                PROVIDE (__cy_stack, (ORIGIN (ram) + LENGTH (ram)))
                [!provide]                PROVIDE (__cy_heap_end, (__cy_stack - 0x800))

.cybootloader   0x00000000        0x0
 *(.cybootloader)
                0x00000000                appl1_start = CY_APPL_ORIGIN?CY_APPL_ORIGIN:ALIGN (CY_FLASH_ROW_SIZE)
                0x0001ff00                appl2_start = (appl1_start + ALIGN ((((LENGTH (rom) - appl1_start) - (0x2 * CY_FLASH_ROW_SIZE)) / 0x2), CY_FLASH_ROW_SIZE))
                0x00000000                appl_start = (CY_APPL_NUM == 0x1)?appl1_start:appl2_start
                0x00000000                ecc_offset = ((appl_start / CY_FLASH_ROW_SIZE) * CY_ECC_ROW_SIZE)
                0x00000000                ee_offset = (CY_APPL_LOADABLE && ! (CY_EE_IN_BTLDR))?((CY_EE_SIZE / CY_APPL_MAX) * (CY_APPL_NUM - 0x1)):0x0
                0x00000800                ee_size = (CY_APPL_LOADABLE && ! (CY_EE_IN_BTLDR))?(CY_EE_SIZE / CY_APPL_MAX):CY_EE_SIZE
                [!provide]                PROVIDE (CY_ECC_OFFSET, ecc_offset)

.text           0x00000000     0x6900
 CREATE_OBJECT_SYMBOLS
                0x00000000                PROVIDE (__cy_interrupt_vector, RomVectors)
 *(.romvectors)
 .romvectors    0x00000000       0x10 .\CortexM3\ARM_GCC_541\Debug\Cm3Start.o
                0x00000000                RomVectors
                0x00000001                ASSERT ((. != __cy_interrupt_vector), No interrupt vector)
                0x00000001                ASSERT (CY_APPL_ORIGIN?(SIZEOF (.cybootloader) <= CY_APPL_ORIGIN):0x1, Wrong image location)
                0x00000010                PROVIDE (__cy_reset, Reset)
 *(.text.Reset)
 .text.Reset    0x00000010       0x18 .\CortexM3\ARM_GCC_541\Debug\Cm3Start.o
                0x00000010                Reset
                0x00000001                ASSERT ((. != __cy_reset), No reset code)
 *(.dma_init)
                0x00000001                ASSERT ((((appl_start + .) <= 0x10000) || 0x1), DMA Init must be within the first 64k of flash)
 *(.text .text.* .gnu.linkonce.t.*)
 .text          0x00000028       0x5c c:/program files (x86)/cypress/psoc creator/4.2/psoc creator/import/gnu/arm/5.4.1/bin/../lib/gcc/arm-none-eabi/5.4.1/armv7-m/crtbegin.o
 .text.writePWM
                0x00000084       0x78 .\CortexM3\ARM_GCC_541\Debug\main.o
                0x00000084                writePWM
 .text.pulseCheck
                0x000000fc       0x54 .\CortexM3\ARM_GCC_541\Debug\main.o
                0x000000fc                pulseCheck
 .text.adc_update
                0x00000150      0x16c .\CortexM3\ARM_GCC_541\Debug\main.o
                0x00000150                adc_update
 .text.RxIsr    0x000002bc      0x31c .\CortexM3\ARM_GCC_541\Debug\main.o
                0x000002bc                RxIsr
 .text.main     0x000005d8      0x6b8 .\CortexM3\ARM_GCC_541\Debug\main.o
                0x000005d8                main
 .text.CYMEMZERO
                0x00000c90       0x1c .\CortexM3\ARM_GCC_541\Debug\cyfitter_cfg.o
 .text.CYCONFIGCPY
                0x00000cac       0x20 .\CortexM3\ARM_GCC_541\Debug\cyfitter_cfg.o
 .text.CyClockStartupError
                0x00000ccc        0xc .\CortexM3\ARM_GCC_541\Debug\cyfitter_cfg.o
 .text.cfg_write_bytes32
                0x00000cd8       0x74 .\CortexM3\ARM_GCC_541\Debug\cyfitter_cfg.o
 .text.ClockSetup
                0x00000d4c      0x158 .\CortexM3\ARM_GCC_541\Debug\cyfitter_cfg.o
 .text.AnalogSetDefault
                0x00000ea4       0xb0 .\CortexM3\ARM_GCC_541\Debug\cyfitter_cfg.o
 .text.AMux_0_Set
                0x00000f54       0xb8 .\CortexM3\ARM_GCC_541\Debug\cyfitter_cfg.o
                0x00000f54                AMux_0_Set
 .text.AMux_0_Unset
                0x0000100c       0xc4 .\CortexM3\ARM_GCC_541\Debug\cyfitter_cfg.o
                0x0000100c                AMux_0_Unset
 .text.cyfitter_cfg
                0x000010d0      0x17c .\CortexM3\ARM_GCC_541\Debug\cyfitter_cfg.o
                0x000010d0                cyfitter_cfg
 .text.IntDefaultHandler
                0x0000124c       0x14 .\CortexM3\ARM_GCC_541\Debug\Cm3Start.o
                0x0000124c                IntDefaultHandler
 .text._sbrk    0x00001260       0x54 .\CortexM3\ARM_GCC_541\Debug\Cm3Start.o
                0x00001260                _sbrk
 .text.Start_c  0x000012b4       0x98 .\CortexM3\ARM_GCC_541\Debug\Cm3Start.o
                0x000012b4                Start_c
 .text.initialize_psoc
                0x0000134c       0x90 .\CortexM3\ARM_GCC_541\Debug\Cm3Start.o
                0x0000134c                initialize_psoc
 .text.UART_Start
                0x000013dc       0x24 .\CortexM3\ARM_GCC_541\Debug\PSOC_arm_project.a(UART.o)
                0x000013dc                UART_Start
 .text.UART_Init
                0x00001400       0x40 .\CortexM3\ARM_GCC_541\Debug\PSOC_arm_project.a(UART.o)
                0x00001400                UART_Init
 .text.UART_Enable
                0x00001440       0x60 .\CortexM3\ARM_GCC_541\Debug\PSOC_arm_project.a(UART.o)
                0x00001440                UART_Enable
 .text.UART_PutChar
                0x000014a0       0x34 .\CortexM3\ARM_GCC_541\Debug\PSOC_arm_project.a(UART.o)
                0x000014a0                UART_PutChar
 .text.UART_PutString
                0x000014d4       0x44 .\CortexM3\ARM_GCC_541\Debug\PSOC_arm_project.a(UART.o)
                0x000014d4                UART_PutString
 .text.isr_rx_StartEx
                0x00001518       0x24 .\CortexM3\ARM_GCC_541\Debug\PSOC_arm_project.a(isr_rx.o)
                0x00001518                isr_rx_StartEx
 .text.isr_rx_SetVector
                0x0000153c       0x24 .\CortexM3\ARM_GCC_541\Debug\PSOC_arm_project.a(isr_rx.o)
                0x0000153c                isr_rx_SetVector
 .text.isr_rx_SetPriority
                0x00001560       0x24 .\CortexM3\ARM_GCC_541\Debug\PSOC_arm_project.a(isr_rx.o)
                0x00001560                isr_rx_SetPriority
 .text.isr_rx_Enable
                0x00001584       0x18 .\CortexM3\ARM_GCC_541\Debug\PSOC_arm_project.a(isr_rx.o)
                0x00001584                isr_rx_Enable
 .text.isr_rx_Disable
                0x0000159c       0x18 .\CortexM3\ARM_GCC_541\Debug\PSOC_arm_project.a(isr_rx.o)
                0x0000159c                isr_rx_Disable
 .text.UART_IntClock_Start
                0x000015b4       0x34 .\CortexM3\ARM_GCC_541\Debug\PSOC_arm_project.a(UART_IntClock.o)
                0x000015b4                UART_IntClock_Start
 .text.CyHalt   0x000015e8       0x18 .\CortexM3\ARM_GCC_541\Debug\PSOC_arm_project.a(CyLib.o)
                0x000015e8                CyHalt
 .text.CyDelay  0x00001600       0x44 .\CortexM3\ARM_GCC_541\Debug\PSOC_arm_project.a(CyLib.o)
                0x00001600                CyDelay
 .text.CyDelayUs
                0x00001644       0x28 .\CortexM3\ARM_GCC_541\Debug\PSOC_arm_project.a(CyLib.o)
                0x00001644                CyDelayUs
 .text.CyIntSetVector
                0x0000166c       0x50 .\CortexM3\ARM_GCC_541\Debug\PSOC_arm_project.a(CyLib.o)
                0x0000166c                CyIntSetVector
 .text.CyIntSetPriority
                0x000016bc       0x48 .\CortexM3\ARM_GCC_541\Debug\PSOC_arm_project.a(CyLib.o)
                0x000016bc                CyIntSetPriority
 .text.PWM_1_Start
                0x00001704       0x24 .\CortexM3\ARM_GCC_541\Debug\PSOC_arm_project.a(PWM_1.o)
                0x00001704                PWM_1_Start
 .text.PWM_1_Init
                0x00001728       0x94 .\CortexM3\ARM_GCC_541\Debug\PSOC_arm_project.a(PWM_1.o)
                0x00001728                PWM_1_Init
 .text.PWM_1_Enable
                0x000017bc       0x20 .\CortexM3\ARM_GCC_541\Debug\PSOC_arm_project.a(PWM_1.o)
                0x000017bc                PWM_1_Enable
 .text.PWM_1_WriteCounter
                0x000017dc       0x20 .\CortexM3\ARM_GCC_541\Debug\PSOC_arm_project.a(PWM_1.o)
                0x000017dc                PWM_1_WriteCounter
 .text.PWM_1_ClearFIFO
                0x000017fc       0x1c .\CortexM3\ARM_GCC_541\Debug\PSOC_arm_project.a(PWM_1.o)
                0x000017fc                PWM_1_ClearFIFO
 .text.PWM_1_WritePeriod
                0x00001818       0x20 .\CortexM3\ARM_GCC_541\Debug\PSOC_arm_project.a(PWM_1.o)
                0x00001818                PWM_1_WritePeriod
 .text.PWM_1_WriteCompare
                0x00001838       0x20 .\CortexM3\ARM_GCC_541\Debug\PSOC_arm_project.a(PWM_1.o)
                0x00001838                PWM_1_WriteCompare
 .text.PWM_1_SetInterruptMode
                0x00001858       0x20 .\CortexM3\ARM_GCC_541\Debug\PSOC_arm_project.a(PWM_1.o)
                0x00001858                PWM_1_SetInterruptMode
 .text.PWM_1_ReadStatusRegister
                0x00001878       0x18 .\CortexM3\ARM_GCC_541\Debug\PSOC_arm_project.a(PWM_1.o)
                0x00001878                PWM_1_ReadStatusRegister
 .text.PWM_1_ReadCapture
                0x00001890       0x18 .\CortexM3\ARM_GCC_541\Debug\PSOC_arm_project.a(PWM_1.o)
                0x00001890                PWM_1_ReadCapture
 .text.Timer_1_Init
                0x000018a8       0x4c .\CortexM3\ARM_GCC_541\Debug\PSOC_arm_project.a(Timer_1.o)
                0x000018a8                Timer_1_Init
 .text.Timer_1_Enable
                0x000018f4       0x20 .\CortexM3\ARM_GCC_541\Debug\PSOC_arm_project.a(Timer_1.o)
                0x000018f4                Timer_1_Enable
 .text.Timer_1_Start
                0x00001914       0x24 .\CortexM3\ARM_GCC_541\Debug\PSOC_arm_project.a(Timer_1.o)
                0x00001914                Timer_1_Start
 .text.Timer_1_SetInterruptMode
                0x00001938       0x20 .\CortexM3\ARM_GCC_541\Debug\PSOC_arm_project.a(Timer_1.o)
                0x00001938                Timer_1_SetInterruptMode
 .text.Timer_1_ReadStatusRegister
                0x00001958       0x18 .\CortexM3\ARM_GCC_541\Debug\PSOC_arm_project.a(Timer_1.o)
                0x00001958                Timer_1_ReadStatusRegister
 .text.Timer_1_WritePeriod
                0x00001970       0x20 .\CortexM3\ARM_GCC_541\Debug\PSOC_arm_project.a(Timer_1.o)
                0x00001970                Timer_1_WritePeriod
 .text.Timer_1_ReadCapture
                0x00001990       0x18 .\CortexM3\ARM_GCC_541\Debug\PSOC_arm_project.a(Timer_1.o)
                0x00001990                Timer_1_ReadCapture
 .text.Timer_1_WriteCounter
                0x000019a8       0x20 .\CortexM3\ARM_GCC_541\Debug\PSOC_arm_project.a(Timer_1.o)
                0x000019a8                Timer_1_WriteCounter
 .text.Timer_1_ReadCounter
                0x000019c8       0x20 .\CortexM3\ARM_GCC_541\Debug\PSOC_arm_project.a(Timer_1.o)
                0x000019c8                Timer_1_ReadCounter
 .text.Timer_1_ClearFIFO
                0x000019e8       0x1c .\CortexM3\ARM_GCC_541\Debug\PSOC_arm_project.a(Timer_1.o)
                0x000019e8                Timer_1_ClearFIFO
 .text.median_timer_Init
                0x00001a04       0xa0 .\CortexM3\ARM_GCC_541\Debug\PSOC_arm_project.a(median_timer.o)
                0x00001a04                median_timer_Init
 .text.median_timer_Enable
                0x00001aa4       0x48 .\CortexM3\ARM_GCC_541\Debug\PSOC_arm_project.a(median_timer.o)
                0x00001aa4                median_timer_Enable
 .text.median_timer_Start
                0x00001aec       0x24 .\CortexM3\ARM_GCC_541\Debug\PSOC_arm_project.a(median_timer.o)
                0x00001aec                median_timer_Start
 .text.median_timer_SetInterruptMode
                0x00001b10       0x20 .\CortexM3\ARM_GCC_541\Debug\PSOC_arm_project.a(median_timer.o)
                0x00001b10                median_timer_SetInterruptMode
 .text.median_timer_WritePeriod
                0x00001b30       0x24 .\CortexM3\ARM_GCC_541\Debug\PSOC_arm_project.a(median_timer.o)
                0x00001b30                median_timer_WritePeriod
 .text.median_timer_WriteCounter
                0x00001b54       0x20 .\CortexM3\ARM_GCC_541\Debug\PSOC_arm_project.a(median_timer.o)
                0x00001b54                median_timer_WriteCounter
 .text.update_median_isr_StartEx
                0x00001b74       0x24 .\CortexM3\ARM_GCC_541\Debug\PSOC_arm_project.a(update_median_isr.o)
                0x00001b74                update_median_isr_StartEx
 .text.update_median_isr_SetVector
                0x00001b98       0x24 .\CortexM3\ARM_GCC_541\Debug\PSOC_arm_project.a(update_median_isr.o)
                0x00001b98                update_median_isr_SetVector
 .text.update_median_isr_SetPriority
                0x00001bbc       0x24 .\CortexM3\ARM_GCC_541\Debug\PSOC_arm_project.a(update_median_isr.o)
                0x00001bbc                update_median_isr_SetPriority
 .text.update_median_isr_Enable
                0x00001be0       0x18 .\CortexM3\ARM_GCC_541\Debug\PSOC_arm_project.a(update_median_isr.o)
                0x00001be0                update_median_isr_Enable
 .text.update_median_isr_Disable
                0x00001bf8       0x18 .\CortexM3\ARM_GCC_541\Debug\PSOC_arm_project.a(update_median_isr.o)
                0x00001bf8                update_median_isr_Disable
 .text.update_median_isr_ClearPending
                0x00001c10       0x18 .\CortexM3\ARM_GCC_541\Debug\PSOC_arm_project.a(update_median_isr.o)
                0x00001c10                update_median_isr_ClearPending
 .text.PWM_0_Start
                0x00001c28       0x24 .\CortexM3\ARM_GCC_541\Debug\PSOC_arm_project.a(PWM_0.o)
                0x00001c28                PWM_0_Start
 .text.PWM_0_Init
                0x00001c4c       0x94 .\CortexM3\ARM_GCC_541\Debug\PSOC_arm_project.a(PWM_0.o)
                0x00001c4c                PWM_0_Init
 .text.PWM_0_Enable
                0x00001ce0       0x20 .\CortexM3\ARM_GCC_541\Debug\PSOC_arm_project.a(PWM_0.o)
                0x00001ce0                PWM_0_Enable
 .text.PWM_0_WriteCounter
                0x00001d00       0x20 .\CortexM3\ARM_GCC_541\Debug\PSOC_arm_project.a(PWM_0.o)
                0x00001d00                PWM_0_WriteCounter
 .text.PWM_0_ClearFIFO
                0x00001d20       0x1c .\CortexM3\ARM_GCC_541\Debug\PSOC_arm_project.a(PWM_0.o)
                0x00001d20                PWM_0_ClearFIFO
 .text.PWM_0_WritePeriod
                0x00001d3c       0x20 .\CortexM3\ARM_GCC_541\Debug\PSOC_arm_project.a(PWM_0.o)
                0x00001d3c                PWM_0_WritePeriod
 .text.PWM_0_WriteCompare
                0x00001d5c       0x20 .\CortexM3\ARM_GCC_541\Debug\PSOC_arm_project.a(PWM_0.o)
                0x00001d5c                PWM_0_WriteCompare
 .text.PWM_0_SetInterruptMode
                0x00001d7c       0x20 .\CortexM3\ARM_GCC_541\Debug\PSOC_arm_project.a(PWM_0.o)
                0x00001d7c                PWM_0_SetInterruptMode
 .text.PWM_0_ReadStatusRegister
                0x00001d9c       0x18 .\CortexM3\ARM_GCC_541\Debug\PSOC_arm_project.a(PWM_0.o)
                0x00001d9c                PWM_0_ReadStatusRegister
 .text.PWM_0_ReadCapture
                0x00001db4       0x18 .\CortexM3\ARM_GCC_541\Debug\PSOC_arm_project.a(PWM_0.o)
                0x00001db4                PWM_0_ReadCapture
 .text.ADC_0_Start
                0x00001dcc       0x24 .\CortexM3\ARM_GCC_541\Debug\PSOC_arm_project.a(ADC_0.o)
                0x00001dcc                ADC_0_Start
 .text.ADC_0_Init
                0x00001df0       0x48 .\CortexM3\ARM_GCC_541\Debug\PSOC_arm_project.a(ADC_0.o)
                0x00001df0                ADC_0_Init
 .text.ADC_0_Enable
                0x00001e38       0xf4 .\CortexM3\ARM_GCC_541\Debug\PSOC_arm_project.a(ADC_0.o)
                0x00001e38                ADC_0_Enable
 .text.ADC_0_SetResolution
                0x00001f2c       0x54 .\CortexM3\ARM_GCC_541\Debug\PSOC_arm_project.a(ADC_0.o)
                0x00001f2c                ADC_0_SetResolution
 .text.ADC_0_StartConvert
                0x00001f80       0x20 .\CortexM3\ARM_GCC_541\Debug\PSOC_arm_project.a(ADC_0.o)
                0x00001f80                ADC_0_StartConvert
 .text.ADC_0_IsEndConversion
                0x00001fa0       0x40 .\CortexM3\ARM_GCC_541\Debug\PSOC_arm_project.a(ADC_0.o)
                0x00001fa0                ADC_0_IsEndConversion
 .text.ADC_0_GetResult16
                0x00001fe0       0x30 .\CortexM3\ARM_GCC_541\Debug\PSOC_arm_project.a(ADC_0.o)
                0x00001fe0                ADC_0_GetResult16
 .text.ADC_0_CalcGain
                0x00002010       0x80 .\CortexM3\ARM_GCC_541\Debug\PSOC_arm_project.a(ADC_0.o)
 .text.ADC_0_ISR
                0x00002090        0xc .\CortexM3\ARM_GCC_541\Debug\PSOC_arm_project.a(ADC_0_INT.o)
                0x00002090                ADC_0_ISR
 .text.AMux_0_Start
                0x0000209c       0x34 .\CortexM3\ARM_GCC_541\Debug\PSOC_arm_project.a(AMux_0.o)
                0x0000209c                AMux_0_Start
 .text.AMux_0_FastSelect
                0x000020d0       0x38 .\CortexM3\ARM_GCC_541\Debug\PSOC_arm_project.a(AMux_0.o)
                0x000020d0                AMux_0_FastSelect
 .text.PWM_2_Start
                0x00002108       0x24 .\CortexM3\ARM_GCC_541\Debug\PSOC_arm_project.a(PWM_2.o)
                0x00002108                PWM_2_Start
 .text.PWM_2_Init
                0x0000212c       0x94 .\CortexM3\ARM_GCC_541\Debug\PSOC_arm_project.a(PWM_2.o)
                0x0000212c                PWM_2_Init
 .text.PWM_2_Enable
                0x000021c0       0x20 .\CortexM3\ARM_GCC_541\Debug\PSOC_arm_project.a(PWM_2.o)
                0x000021c0                PWM_2_Enable
 .text.PWM_2_WriteCounter
                0x000021e0       0x20 .\CortexM3\ARM_GCC_541\Debug\PSOC_arm_project.a(PWM_2.o)
                0x000021e0                PWM_2_WriteCounter
 .text.PWM_2_ClearFIFO
                0x00002200       0x1c .\CortexM3\ARM_GCC_541\Debug\PSOC_arm_project.a(PWM_2.o)
                0x00002200                PWM_2_ClearFIFO
 .text.PWM_2_WritePeriod
                0x0000221c       0x20 .\CortexM3\ARM_GCC_541\Debug\PSOC_arm_project.a(PWM_2.o)
                0x0000221c                PWM_2_WritePeriod
 .text.PWM_2_WriteCompare
                0x0000223c       0x20 .\CortexM3\ARM_GCC_541\Debug\PSOC_arm_project.a(PWM_2.o)
                0x0000223c                PWM_2_WriteCompare
 .text.PWM_2_SetInterruptMode
                0x0000225c       0x20 .\CortexM3\ARM_GCC_541\Debug\PSOC_arm_project.a(PWM_2.o)
                0x0000225c                PWM_2_SetInterruptMode
 .text.PWM_2_ReadStatusRegister
                0x0000227c       0x18 .\CortexM3\ARM_GCC_541\Debug\PSOC_arm_project.a(PWM_2.o)
                0x0000227c                PWM_2_ReadStatusRegister
 .text.PWM_2_ReadCapture
                0x00002294       0x18 .\CortexM3\ARM_GCC_541\Debug\PSOC_arm_project.a(PWM_2.o)
                0x00002294                PWM_2_ReadCapture
 .text.PWM_3_Start
                0x000022ac       0x24 .\CortexM3\ARM_GCC_541\Debug\PSOC_arm_project.a(PWM_3.o)
                0x000022ac                PWM_3_Start
 .text.PWM_3_Init
                0x000022d0       0x94 .\CortexM3\ARM_GCC_541\Debug\PSOC_arm_project.a(PWM_3.o)
                0x000022d0                PWM_3_Init
 .text.PWM_3_Enable
                0x00002364       0x20 .\CortexM3\ARM_GCC_541\Debug\PSOC_arm_project.a(PWM_3.o)
                0x00002364                PWM_3_Enable
 .text.PWM_3_WriteCounter
                0x00002384       0x20 .\CortexM3\ARM_GCC_541\Debug\PSOC_arm_project.a(PWM_3.o)
                0x00002384                PWM_3_WriteCounter
 .text.PWM_3_ClearFIFO
                0x000023a4       0x1c .\CortexM3\ARM_GCC_541\Debug\PSOC_arm_project.a(PWM_3.o)
                0x000023a4                PWM_3_ClearFIFO
 .text.PWM_3_WritePeriod
                0x000023c0       0x20 .\CortexM3\ARM_GCC_541\Debug\PSOC_arm_project.a(PWM_3.o)
                0x000023c0                PWM_3_WritePeriod
 .text.PWM_3_WriteCompare
                0x000023e0       0x20 .\CortexM3\ARM_GCC_541\Debug\PSOC_arm_project.a(PWM_3.o)
                0x000023e0                PWM_3_WriteCompare
 .text.PWM_3_SetInterruptMode
                0x00002400       0x20 .\CortexM3\ARM_GCC_541\Debug\PSOC_arm_project.a(PWM_3.o)
                0x00002400                PWM_3_SetInterruptMode
 .text.PWM_3_ReadStatusRegister
                0x00002420       0x18 .\CortexM3\ARM_GCC_541\Debug\PSOC_arm_project.a(PWM_3.o)
                0x00002420                PWM_3_ReadStatusRegister
 .text.PWM_3_ReadCapture
                0x00002438       0x18 .\CortexM3\ARM_GCC_541\Debug\PSOC_arm_project.a(PWM_3.o)
                0x00002438                PWM_3_ReadCapture
 .text.ADC_0_theACLK_SetModeRegister
                0x00002450       0x34 .\CortexM3\ARM_GCC_541\Debug\PSOC_arm_project.a(ADC_0_theACLK.o)
                0x00002450                ADC_0_theACLK_SetModeRegister
 .text.EEPROM_Enable
                0x00002484       0x10 .\CortexM3\ARM_GCC_541\Debug\PSOC_arm_project.a(EEPROM.o)
                0x00002484                EEPROM_Enable
 .text.EEPROM_Start
                0x00002494        0xc .\CortexM3\ARM_GCC_541\Debug\PSOC_arm_project.a(EEPROM.o)
                0x00002494                EEPROM_Start
 .text.EEPROM_ReadByte
                0x000024a0       0x3c .\CortexM3\ARM_GCC_541\Debug\PSOC_arm_project.a(EEPROM.o)
                0x000024a0                EEPROM_ReadByte
 .text.EEPROM_UpdateTemperature
                0x000024dc       0x10 .\CortexM3\ARM_GCC_541\Debug\PSOC_arm_project.a(EEPROM.o)
                0x000024dc                EEPROM_UpdateTemperature
 *fill*         0x000024ec        0x4 
 .text          0x000024f0       0x20 .\CortexM3\ARM_GCC_541\Debug\PSOC_arm_project.a(CyBootAsmGnu.o)
                0x000024f0                CyDelayCycles
                0x00002500                CyEnterCriticalSection
                0x00002508                CyExitCriticalSection
 .text.CySetTempInt
                0x00002510       0x7c .\CortexM3\ARM_GCC_541\Debug\PSOC_arm_project.a(CyFlash.o)
 .text.CyFlashGetSpcAlgorithm
                0x0000258c       0x70 .\CortexM3\ARM_GCC_541\Debug\PSOC_arm_project.a(CyFlash.o)
 .text.CySetTemp
                0x000025fc       0x24 .\CortexM3\ARM_GCC_541\Debug\PSOC_arm_project.a(CyFlash.o)
                0x000025fc                CySetTemp
 .text.CyEEPROM_Start
                0x00002620       0x8c .\CortexM3\ARM_GCC_541\Debug\PSOC_arm_project.a(CyFlash.o)
                0x00002620                CyEEPROM_Start
 .text.CyEEPROM_ReadReserve
                0x000026ac       0x30 .\CortexM3\ARM_GCC_541\Debug\PSOC_arm_project.a(CyFlash.o)
                0x000026ac                CyEEPROM_ReadReserve
 .text.CyEEPROM_ReadRelease
                0x000026dc       0x20 .\CortexM3\ARM_GCC_541\Debug\PSOC_arm_project.a(CyFlash.o)
                0x000026dc                CyEEPROM_ReadRelease
 .text.CySpcStart
                0x000026fc       0x48 .\CortexM3\ARM_GCC_541\Debug\PSOC_arm_project.a(CySpc.o)
                0x000026fc                CySpcStart
 .text.CySpcReadData
                0x00002744       0x54 .\CortexM3\ARM_GCC_541\Debug\PSOC_arm_project.a(CySpc.o)
                0x00002744                CySpcReadData
 .text.CySpcGetTemp
                0x00002798       0x64 .\CortexM3\ARM_GCC_541\Debug\PSOC_arm_project.a(CySpc.o)
                0x00002798                CySpcGetTemp
 .text.CySpcLock
                0x000027fc       0x68 .\CortexM3\ARM_GCC_541\Debug\PSOC_arm_project.a(CySpc.o)
                0x000027fc                CySpcLock
 .text.CySpcUnlock
                0x00002864       0x50 .\CortexM3\ARM_GCC_541\Debug\PSOC_arm_project.a(CySpc.o)
                0x00002864                CySpcUnlock
 .text.CySpcGetAlgorithm
                0x000028b4       0x44 .\CortexM3\ARM_GCC_541\Debug\PSOC_arm_project.a(CySpc.o)
                0x000028b4                CySpcGetAlgorithm
 .text          0x000028f8      0x370 c:/program files (x86)/cypress/psoc creator/4.2/psoc creator/import/gnu/arm/5.4.1/bin/../lib/gcc/arm-none-eabi/5.4.1/armv7-m\libgcc.a(_arm_addsubdf3.o)
                0x000028f8                __aeabi_drsub
                0x00002900                __aeabi_dsub
                0x00002900                __subdf3
                0x00002904                __aeabi_dadd
                0x00002904                __adddf3
                0x00002b7c                __floatunsidf
                0x00002b7c                __aeabi_ui2d
                0x00002b9c                __floatsidf
                0x00002b9c                __aeabi_i2d
                0x00002bc0                __aeabi_f2d
                0x00002bc0                __extendsfdf2
                0x00002bfc                __floatundidf
                0x00002bfc                __aeabi_ul2d
                0x00002c0c                __floatdidf
                0x00002c0c                __aeabi_l2d
 .text          0x00002c68      0x424 c:/program files (x86)/cypress/psoc creator/4.2/psoc creator/import/gnu/arm/5.4.1/bin/../lib/gcc/arm-none-eabi/5.4.1/armv7-m\libgcc.a(_arm_muldivdf3.o)
                0x00002c68                __aeabi_dmul
                0x00002c68                __muldf3
                0x00002ebc                __divdf3
                0x00002ebc                __aeabi_ddiv
 .text          0x0000308c      0x110 c:/program files (x86)/cypress/psoc creator/4.2/psoc creator/import/gnu/arm/5.4.1/bin/../lib/gcc/arm-none-eabi/5.4.1/armv7-m\libgcc.a(_arm_cmpdf2.o)
                0x0000308c                __gtdf2
                0x0000308c                __gedf2
                0x00003094                __ltdf2
                0x00003094                __ledf2
                0x0000309c                __nedf2
                0x0000309c                __eqdf2
                0x0000309c                __cmpdf2
                0x00003118                __aeabi_cdrcmple
                0x00003128                __aeabi_cdcmpeq
                0x00003128                __aeabi_cdcmple
                0x00003138                __aeabi_dcmpeq
                0x0000314c                __aeabi_dcmplt
                0x00003160                __aeabi_dcmple
                0x00003174                __aeabi_dcmpge
                0x00003188                __aeabi_dcmpgt
 .text          0x0000319c       0x50 c:/program files (x86)/cypress/psoc creator/4.2/psoc creator/import/gnu/arm/5.4.1/bin/../lib/gcc/arm-none-eabi/5.4.1/armv7-m\libgcc.a(_arm_fixdfsi.o)
                0x0000319c                __aeabi_d2iz
                0x0000319c                __fixdfsi
 .text.__errno  0x000031ec        0xc c:/program files (x86)/cypress/psoc creator/4.2/psoc creator/import/gnu/arm/5.4.1/bin/../lib/gcc/arm-none-eabi/5.4.1/../../../../arm-none-eabi/lib/armv7-m\libg_nano.a(lib_a-errno.o)
                0x000031ec                __errno
 .text.__libc_init_array
                0x000031f8       0x4c c:/program files (x86)/cypress/psoc creator/4.2/psoc creator/import/gnu/arm/5.4.1/bin/../lib/gcc/arm-none-eabi/5.4.1/../../../../arm-none-eabi/lib/armv7-m\libg_nano.a(lib_a-init.o)
                0x000031f8                __libc_init_array
 .text.memcpy   0x00003244       0x16 c:/program files (x86)/cypress/psoc creator/4.2/psoc creator/import/gnu/arm/5.4.1/bin/../lib/gcc/arm-none-eabi/5.4.1/../../../../arm-none-eabi/lib/armv7-m\libg_nano.a(lib_a-memcpy-stub.o)
                0x00003244                memcpy
 .text.memset   0x0000325a       0x10 c:/program files (x86)/cypress/psoc creator/4.2/psoc creator/import/gnu/arm/5.4.1/bin/../lib/gcc/arm-none-eabi/5.4.1/../../../../arm-none-eabi/lib/armv7-m\libg_nano.a(lib_a-memset.o)
                0x0000325a                memset
 .text.__cvt    0x0000326a       0xc0 c:/program files (x86)/cypress/psoc creator/4.2/psoc creator/import/gnu/arm/5.4.1/bin/../lib/gcc/arm-none-eabi/5.4.1/../../../../arm-none-eabi/lib/armv7-m\libg_nano.a(lib_a-nano-vfprintf_float.o)
                0x0000326a                __cvt
 .text.__exponent
                0x0000332a       0x62 c:/program files (x86)/cypress/psoc creator/4.2/psoc creator/import/gnu/arm/5.4.1/bin/../lib/gcc/arm-none-eabi/5.4.1/../../../../arm-none-eabi/lib/armv7-m\libg_nano.a(lib_a-nano-vfprintf_float.o)
                0x0000332a                __exponent
 .text._printf_float
                0x0000338c      0x488 c:/program files (x86)/cypress/psoc creator/4.2/psoc creator/import/gnu/arm/5.4.1/bin/../lib/gcc/arm-none-eabi/5.4.1/../../../../arm-none-eabi/lib/armv7-m\libg_nano.a(lib_a-nano-vfprintf_float.o)
                0x0000338c                _printf_float
 .text._printf_common
                0x00003814       0xec c:/program files (x86)/cypress/psoc creator/4.2/psoc creator/import/gnu/arm/5.4.1/bin/../lib/gcc/arm-none-eabi/5.4.1/../../../../arm-none-eabi/lib/armv7-m\libg_nano.a(lib_a-nano-vfprintf_i.o)
                0x00003814                _printf_common
 .text._printf_i
                0x00003900      0x24c c:/program files (x86)/cypress/psoc creator/4.2/psoc creator/import/gnu/arm/5.4.1/bin/../lib/gcc/arm-none-eabi/5.4.1/../../../../arm-none-eabi/lib/armv7-m\libg_nano.a(lib_a-nano-vfprintf_i.o)
                0x00003900                _printf_i
 .text.sprintf  0x00003b4c       0x48 c:/program files (x86)/cypress/psoc creator/4.2/psoc creator/import/gnu/arm/5.4.1/bin/../lib/gcc/arm-none-eabi/5.4.1/../../../../arm-none-eabi/lib/armv7-m\libg_nano.a(lib_a-sprintf.o)
                0x00003b4c                siprintf
                0x00003b4c                sprintf
 .text          0x00003b94       0x10 c:/program files (x86)/cypress/psoc creator/4.2/psoc creator/import/gnu/arm/5.4.1/bin/../lib/gcc/arm-none-eabi/5.4.1/../../../../arm-none-eabi/lib/armv7-m\libg_nano.a(lib_a-strlen.o)
                0x00003b94                strlen
 .text.sulp     0x00003ba4       0x42 c:/program files (x86)/cypress/psoc creator/4.2/psoc creator/import/gnu/arm/5.4.1/bin/../lib/gcc/arm-none-eabi/5.4.1/../../../../arm-none-eabi/lib/armv7-m\libg_nano.a(lib_a-strtod.o)
 *fill*         0x00003be6        0x2 
 .text._strtod_r
                0x00003be8      0xc00 c:/program files (x86)/cypress/psoc creator/4.2/psoc creator/import/gnu/arm/5.4.1/bin/../lib/gcc/arm-none-eabi/5.4.1/../../../../arm-none-eabi/lib/armv7-m\libg_nano.a(lib_a-strtod.o)
                0x00003be8                _strtod_r
 .text.strtod   0x000047e8       0x10 c:/program files (x86)/cypress/psoc creator/4.2/psoc creator/import/gnu/arm/5.4.1/bin/../lib/gcc/arm-none-eabi/5.4.1/../../../../arm-none-eabi/lib/armv7-m\libg_nano.a(lib_a-strtod.o)
                0x000047e8                strtod
 .text._strtol_r
                0x000047f8      0x10c c:/program files (x86)/cypress/psoc creator/4.2/psoc creator/import/gnu/arm/5.4.1/bin/../lib/gcc/arm-none-eabi/5.4.1/../../../../arm-none-eabi/lib/armv7-m\libg_nano.a(lib_a-strtol.o)
                0x000047f8                _strtol_r
 .text.strtol   0x00004904       0x14 c:/program files (x86)/cypress/psoc creator/4.2/psoc creator/import/gnu/arm/5.4.1/bin/../lib/gcc/arm-none-eabi/5.4.1/../../../../arm-none-eabi/lib/armv7-m\libg_nano.a(lib_a-strtol.o)
                0x00004904                strtol
 .text.quorem   0x00004918      0x116 c:/program files (x86)/cypress/psoc creator/4.2/psoc creator/import/gnu/arm/5.4.1/bin/../lib/gcc/arm-none-eabi/5.4.1/../../../../arm-none-eabi/lib/armv7-m\libg_nano.a(lib_a-dtoa.o)
 *fill*         0x00004a2e        0x2 
 .text._dtoa_r  0x00004a30      0xb30 c:/program files (x86)/cypress/psoc creator/4.2/psoc creator/import/gnu/arm/5.4.1/bin/../lib/gcc/arm-none-eabi/5.4.1/../../../../arm-none-eabi/lib/armv7-m\libg_nano.a(lib_a-dtoa.o)
                0x00004a30                _dtoa_r
 .text.rshift   0x00005560       0x6c c:/program files (x86)/cypress/psoc creator/4.2/psoc creator/import/gnu/arm/5.4.1/bin/../lib/gcc/arm-none-eabi/5.4.1/../../../../arm-none-eabi/lib/armv7-m\libg_nano.a(lib_a-gdtoa-gethex.o)
 .text.__hexdig_fun
                0x000055cc       0x2a c:/program files (x86)/cypress/psoc creator/4.2/psoc creator/import/gnu/arm/5.4.1/bin/../lib/gcc/arm-none-eabi/5.4.1/../../../../arm-none-eabi/lib/armv7-m\libg_nano.a(lib_a-gdtoa-gethex.o)
                0x000055cc                __hexdig_fun
 .text.__gethex
                0x000055f6      0x43e c:/program files (x86)/cypress/psoc creator/4.2/psoc creator/import/gnu/arm/5.4.1/bin/../lib/gcc/arm-none-eabi/5.4.1/../../../../arm-none-eabi/lib/armv7-m\libg_nano.a(lib_a-gdtoa-gethex.o)
                0x000055f6                __gethex
 .text.L_shift  0x00005a34       0x24 c:/program files (x86)/cypress/psoc creator/4.2/psoc creator/import/gnu/arm/5.4.1/bin/../lib/gcc/arm-none-eabi/5.4.1/../../../../arm-none-eabi/lib/armv7-m\libg_nano.a(lib_a-gdtoa-hexnan.o)
 .text.__match  0x00005a58       0x26 c:/program files (x86)/cypress/psoc creator/4.2/psoc creator/import/gnu/arm/5.4.1/bin/../lib/gcc/arm-none-eabi/5.4.1/../../../../arm-none-eabi/lib/armv7-m\libg_nano.a(lib_a-gdtoa-hexnan.o)
                0x00005a58                __match
 .text.__hexnan
                0x00005a7e      0x11c c:/program files (x86)/cypress/psoc creator/4.2/psoc creator/import/gnu/arm/5.4.1/bin/../lib/gcc/arm-none-eabi/5.4.1/../../../../arm-none-eabi/lib/armv7-m\libg_nano.a(lib_a-gdtoa-hexnan.o)
                0x00005a7e                __hexnan
 *fill*         0x00005b9a        0x2 
 .text._localeconv_r
                0x00005b9c        0x8 c:/program files (x86)/cypress/psoc creator/4.2/psoc creator/import/gnu/arm/5.4.1/bin/../lib/gcc/arm-none-eabi/5.4.1/../../../../arm-none-eabi/lib/armv7-m\libg_nano.a(lib_a-locale.o)
                0x00005b9c                _localeconv_r
 .text.malloc   0x00005ba4       0x10 c:/program files (x86)/cypress/psoc creator/4.2/psoc creator/import/gnu/arm/5.4.1/bin/../lib/gcc/arm-none-eabi/5.4.1/../../../../arm-none-eabi/lib/armv7-m\libg_nano.a(lib_a-malloc.o)
                0x00005ba4                malloc
 .text.memchr   0x00005bb4       0x1c c:/program files (x86)/cypress/psoc creator/4.2/psoc creator/import/gnu/arm/5.4.1/bin/../lib/gcc/arm-none-eabi/5.4.1/../../../../arm-none-eabi/lib/armv7-m\libg_nano.a(lib_a-memchr-stub.o)
                0x00005bb4                memchr
 .text._Balloc  0x00005bd0       0x6a c:/program files (x86)/cypress/psoc creator/4.2/psoc creator/import/gnu/arm/5.4.1/bin/../lib/gcc/arm-none-eabi/5.4.1/../../../../arm-none-eabi/lib/armv7-m\libg_nano.a(lib_a-mprec.o)
                0x00005bd0                _Balloc
 .text._Bfree   0x00005c3a       0x2e c:/program files (x86)/cypress/psoc creator/4.2/psoc creator/import/gnu/arm/5.4.1/bin/../lib/gcc/arm-none-eabi/5.4.1/../../../../arm-none-eabi/lib/armv7-m\libg_nano.a(lib_a-mprec.o)
                0x00005c3a                _Bfree
 .text.__multadd
                0x00005c68       0x76 c:/program files (x86)/cypress/psoc creator/4.2/psoc creator/import/gnu/arm/5.4.1/bin/../lib/gcc/arm-none-eabi/5.4.1/../../../../arm-none-eabi/lib/armv7-m\libg_nano.a(lib_a-mprec.o)
                0x00005c68                __multadd
 .text.__s2b    0x00005cde       0x7c c:/program files (x86)/cypress/psoc creator/4.2/psoc creator/import/gnu/arm/5.4.1/bin/../lib/gcc/arm-none-eabi/5.4.1/../../../../arm-none-eabi/lib/armv7-m\libg_nano.a(lib_a-mprec.o)
                0x00005cde                __s2b
 .text.__hi0bits
                0x00005d5a       0x40 c:/program files (x86)/cypress/psoc creator/4.2/psoc creator/import/gnu/arm/5.4.1/bin/../lib/gcc/arm-none-eabi/5.4.1/../../../../arm-none-eabi/lib/armv7-m\libg_nano.a(lib_a-mprec.o)
                0x00005d5a                __hi0bits
 .text.__lo0bits
                0x00005d9a       0x5a c:/program files (x86)/cypress/psoc creator/4.2/psoc creator/import/gnu/arm/5.4.1/bin/../lib/gcc/arm-none-eabi/5.4.1/../../../../arm-none-eabi/lib/armv7-m\libg_nano.a(lib_a-mprec.o)
                0x00005d9a                __lo0bits
 .text.__i2b    0x00005df4       0x12 c:/program files (x86)/cypress/psoc creator/4.2/psoc creator/import/gnu/arm/5.4.1/bin/../lib/gcc/arm-none-eabi/5.4.1/../../../../arm-none-eabi/lib/armv7-m\libg_nano.a(lib_a-mprec.o)
                0x00005df4                __i2b
 .text.__multiply
                0x00005e06      0x120 c:/program files (x86)/cypress/psoc creator/4.2/psoc creator/import/gnu/arm/5.4.1/bin/../lib/gcc/arm-none-eabi/5.4.1/../../../../arm-none-eabi/lib/armv7-m\libg_nano.a(lib_a-mprec.o)
                0x00005e06                __multiply
 *fill*         0x00005f26        0x2 
 .text.__pow5mult
                0x00005f28       0x9c c:/program files (x86)/cypress/psoc creator/4.2/psoc creator/import/gnu/arm/5.4.1/bin/../lib/gcc/arm-none-eabi/5.4.1/../../../../arm-none-eabi/lib/armv7-m\libg_nano.a(lib_a-mprec.o)
                0x00005f28                __pow5mult
 .text.__lshift
                0x00005fc4       0xa2 c:/program files (x86)/cypress/psoc creator/4.2/psoc creator/import/gnu/arm/5.4.1/bin/../lib/gcc/arm-none-eabi/5.4.1/../../../../arm-none-eabi/lib/armv7-m\libg_nano.a(lib_a-mprec.o)
                0x00005fc4                __lshift
 .text.__mcmp   0x00006066       0x38 c:/program files (x86)/cypress/psoc creator/4.2/psoc creator/import/gnu/arm/5.4.1/bin/../lib/gcc/arm-none-eabi/5.4.1/../../../../arm-none-eabi/lib/armv7-m\libg_nano.a(lib_a-mprec.o)
                0x00006066                __mcmp
 .text.__mdiff  0x0000609e       0xbe c:/program files (x86)/cypress/psoc creator/4.2/psoc creator/import/gnu/arm/5.4.1/bin/../lib/gcc/arm-none-eabi/5.4.1/../../../../arm-none-eabi/lib/armv7-m\libg_nano.a(lib_a-mprec.o)
                0x0000609e                __mdiff
 .text.__ulp    0x0000615c       0x48 c:/program files (x86)/cypress/psoc creator/4.2/psoc creator/import/gnu/arm/5.4.1/bin/../lib/gcc/arm-none-eabi/5.4.1/../../../../arm-none-eabi/lib/armv7-m\libg_nano.a(lib_a-mprec.o)
                0x0000615c                __ulp
 .text.__b2d    0x000061a4       0x9a c:/program files (x86)/cypress/psoc creator/4.2/psoc creator/import/gnu/arm/5.4.1/bin/../lib/gcc/arm-none-eabi/5.4.1/../../../../arm-none-eabi/lib/armv7-m\libg_nano.a(lib_a-mprec.o)
                0x000061a4                __b2d
 .text.__d2b    0x0000623e       0x9c c:/program files (x86)/cypress/psoc creator/4.2/psoc creator/import/gnu/arm/5.4.1/bin/../lib/gcc/arm-none-eabi/5.4.1/../../../../arm-none-eabi/lib/armv7-m\libg_nano.a(lib_a-mprec.o)
                0x0000623e                __d2b
 .text.__ratio  0x000062da       0x50 c:/program files (x86)/cypress/psoc creator/4.2/psoc creator/import/gnu/arm/5.4.1/bin/../lib/gcc/arm-none-eabi/5.4.1/../../../../arm-none-eabi/lib/armv7-m\libg_nano.a(lib_a-mprec.o)
                0x000062da                __ratio
 .text.__copybits
                0x0000632a       0x34 c:/program files (x86)/cypress/psoc creator/4.2/psoc creator/import/gnu/arm/5.4.1/bin/../lib/gcc/arm-none-eabi/5.4.1/../../../../arm-none-eabi/lib/armv7-m\libg_nano.a(lib_a-mprec.o)
                0x0000632a                __copybits
 .text.__any_on
                0x0000635e       0x44 c:/program files (x86)/cypress/psoc creator/4.2/psoc creator/import/gnu/arm/5.4.1/bin/../lib/gcc/arm-none-eabi/5.4.1/../../../../arm-none-eabi/lib/armv7-m\libg_nano.a(lib_a-mprec.o)
                0x0000635e                __any_on
 .text._calloc_r
                0x000063a2       0x1c c:/program files (x86)/cypress/psoc creator/4.2/psoc creator/import/gnu/arm/5.4.1/bin/../lib/gcc/arm-none-eabi/5.4.1/../../../../arm-none-eabi/lib/armv7-m\libg_nano.a(lib_a-nano-callocr.o)
                0x000063a2                _calloc_r
 *fill*         0x000063be        0x2 
 .text._free_r  0x000063c0       0x98 c:/program files (x86)/cypress/psoc creator/4.2/psoc creator/import/gnu/arm/5.4.1/bin/../lib/gcc/arm-none-eabi/5.4.1/../../../../arm-none-eabi/lib/armv7-m\libg_nano.a(lib_a-nano-freer.o)
                0x000063c0                _free_r
 .text._malloc_r
                0x00006458       0xbc c:/program files (x86)/cypress/psoc creator/4.2/psoc creator/import/gnu/arm/5.4.1/bin/../lib/gcc/arm-none-eabi/5.4.1/../../../../arm-none-eabi/lib/armv7-m\libg_nano.a(lib_a-nano-mallocr.o)
                0x00006458                _malloc_r
 .text.__ssputs_r
                0x00006514       0xb2 c:/program files (x86)/cypress/psoc creator/4.2/psoc creator/import/gnu/arm/5.4.1/bin/../lib/gcc/arm-none-eabi/5.4.1/../../../../arm-none-eabi/lib/armv7-m\libg_nano.a(lib_a-nano-svfprintf.o)
                0x00006514                __ssputs_r
 *fill*         0x000065c6        0x2 
 .text._svfprintf_r
                0x000065c8      0x1e8 c:/program files (x86)/cypress/psoc creator/4.2/psoc creator/import/gnu/arm/5.4.1/bin/../lib/gcc/arm-none-eabi/5.4.1/../../../../arm-none-eabi/lib/armv7-m\libg_nano.a(lib_a-nano-svfprintf.o)
                0x000065c8                _svfiprintf_r
                0x000065c8                _svfprintf_r
 .text._sbrk_r  0x000067b0       0x20 c:/program files (x86)/cypress/psoc creator/4.2/psoc creator/import/gnu/arm/5.4.1/bin/../lib/gcc/arm-none-eabi/5.4.1/../../../../arm-none-eabi/lib/armv7-m\libg_nano.a(lib_a-sbrkr.o)
                0x000067b0                _sbrk_r
 .text.strncmp  0x000067d0       0x2a c:/program files (x86)/cypress/psoc creator/4.2/psoc creator/import/gnu/arm/5.4.1/bin/../lib/gcc/arm-none-eabi/5.4.1/../../../../arm-none-eabi/lib/armv7-m\libg_nano.a(lib_a-strncmp.o)
                0x000067d0                strncmp
 .text.memmove  0x000067fa       0x36 c:/program files (x86)/cypress/psoc creator/4.2/psoc creator/import/gnu/arm/5.4.1/bin/../lib/gcc/arm-none-eabi/5.4.1/../../../../arm-none-eabi/lib/armv7-m\libg_nano.a(lib_a-memmove.o)
                0x000067fa                memmove
 .text.__malloc_lock
                0x00006830        0x2 c:/program files (x86)/cypress/psoc creator/4.2/psoc creator/import/gnu/arm/5.4.1/bin/../lib/gcc/arm-none-eabi/5.4.1/../../../../arm-none-eabi/lib/armv7-m\libg_nano.a(lib_a-mlock.o)
                0x00006830                __malloc_lock
 .text.__malloc_unlock
                0x00006832        0x2 c:/program files (x86)/cypress/psoc creator/4.2/psoc creator/import/gnu/arm/5.4.1/bin/../lib/gcc/arm-none-eabi/5.4.1/../../../../arm-none-eabi/lib/armv7-m\libg_nano.a(lib_a-mlock.o)
                0x00006832                __malloc_unlock
 .text._realloc_r
                0x00006834       0x4c c:/program files (x86)/cypress/psoc creator/4.2/psoc creator/import/gnu/arm/5.4.1/bin/../lib/gcc/arm-none-eabi/5.4.1/../../../../arm-none-eabi/lib/armv7-m\libg_nano.a(lib_a-nano-reallocr.o)
                0x00006834                _realloc_r
 .text._malloc_usable_size_r
                0x00006880       0x14 c:/program files (x86)/cypress/psoc creator/4.2/psoc creator/import/gnu/arm/5.4.1/bin/../lib/gcc/arm-none-eabi/5.4.1/../../../../arm-none-eabi/lib/armv7-m\libg_nano.a(lib_a-nano-msizer.o)
                0x00006880                _malloc_usable_size_r
 .text          0x00006894       0x2c c:/program files (x86)/cypress/psoc creator/4.2/psoc creator/import/gnu/arm/5.4.1/bin/../lib/gcc/arm-none-eabi/5.4.1/armv7-m\libgcc.a(_arm_unorddf2.o)
                0x00006894                __unorddf2
                0x00006894                __aeabi_dcmpun
 .text          0x000068c0       0x40 c:/program files (x86)/cypress/psoc creator/4.2/psoc creator/import/gnu/arm/5.4.1/bin/../lib/gcc/arm-none-eabi/5.4.1/armv7-m\libgcc.a(_arm_fixunsdfsi.o)
                0x000068c0                __aeabi_d2uiz
                0x000068c0                __fixunsdfsi
 *(.plt)
 *(.gnu.warning)
 *(.glue_7t)
 .glue_7t       0x00006900        0x0 linker stubs
 *(.glue_7)
 .glue_7        0x00006900        0x0 linker stubs
 *(.vfp11_veneer)
 .vfp11_veneer  0x00006900        0x0 linker stubs
 *(.bootloader)
 *(.ARM.extab* .gnu.linkonce.armextab.*)
 *(.gcc_except_table)

.v4_bx          0x00006900        0x0
 .v4_bx         0x00006900        0x0 linker stubs

.iplt           0x00006900        0x0
 .iplt          0x00006900        0x0 c:/program files (x86)/cypress/psoc creator/4.2/psoc creator/import/gnu/arm/5.4.1/bin/../lib/gcc/arm-none-eabi/5.4.1/armv7-m/crtbegin.o

.eh_frame_hdr
 *(.eh_frame_hdr)

.eh_frame       0x00006900        0x4
 *(.eh_frame)
 .eh_frame      0x00006900        0x0 c:/program files (x86)/cypress/psoc creator/4.2/psoc creator/import/gnu/arm/5.4.1/bin/../lib/gcc/arm-none-eabi/5.4.1/armv7-m/crtbegin.o
 .eh_frame      0x00006900        0x4 c:/program files (x86)/cypress/psoc creator/4.2/psoc creator/import/gnu/arm/5.4.1/bin/../lib/gcc/arm-none-eabi/5.4.1/armv7-m/crtend.o
                [!provide]                PROVIDE (__exidx_start, .)

.ARM.exidx
 *(.ARM.exidx* .gnu.linkonce.armexidx.*)
                0x00006904                __exidx_end = .

.rodata         0x00006908      0x430
 *(.rodata .rodata.* .gnu.linkonce.r.*)
 .rodata        0x00006908       0xe2 .\CortexM3\ARM_GCC_541\Debug\main.o
 *fill*         0x000069ea        0x2 
 .rodata        0x000069ec       0x66 .\CortexM3\ARM_GCC_541\Debug\cyfitter_cfg.o
 .rodata.str1.1
                0x00006a52        0x2 c:/program files (x86)/cypress/psoc creator/4.2/psoc creator/import/gnu/arm/5.4.1/bin/../lib/gcc/arm-none-eabi/5.4.1/../../../../arm-none-eabi/lib/armv7-m\libg_nano.a(lib_a-impure.o)
 .rodata.str1.1
                0x00006a54       0x12 c:/program files (x86)/cypress/psoc creator/4.2/psoc creator/import/gnu/arm/5.4.1/bin/../lib/gcc/arm-none-eabi/5.4.1/../../../../arm-none-eabi/lib/armv7-m\libg_nano.a(lib_a-nano-vfprintf_float.o)
 .rodata.str1.1
                0x00006a66       0x22 c:/program files (x86)/cypress/psoc creator/4.2/psoc creator/import/gnu/arm/5.4.1/bin/../lib/gcc/arm-none-eabi/5.4.1/../../../../arm-none-eabi/lib/armv7-m\libg_nano.a(lib_a-nano-vfprintf_i.o)
 .rodata.fpinan.5401
                0x00006a88       0x14 c:/program files (x86)/cypress/psoc creator/4.2/psoc creator/import/gnu/arm/5.4.1/bin/../lib/gcc/arm-none-eabi/5.4.1/../../../../arm-none-eabi/lib/armv7-m\libg_nano.a(lib_a-strtod.o)
 .rodata.str1.1
                0x00006a9c       0x22 c:/program files (x86)/cypress/psoc creator/4.2/psoc creator/import/gnu/arm/5.4.1/bin/../lib/gcc/arm-none-eabi/5.4.1/../../../../arm-none-eabi/lib/armv7-m\libg_nano.a(lib_a-strtod.o)
                                  0xc (size before relaxing)
 .rodata.fpi.5365
                0x00006a9c       0x14 c:/program files (x86)/cypress/psoc creator/4.2/psoc creator/import/gnu/arm/5.4.1/bin/../lib/gcc/arm-none-eabi/5.4.1/../../../../arm-none-eabi/lib/armv7-m\libg_nano.a(lib_a-strtod.o)
 .rodata.tinytens
                0x00006ab0       0x28 c:/program files (x86)/cypress/psoc creator/4.2/psoc creator/import/gnu/arm/5.4.1/bin/../lib/gcc/arm-none-eabi/5.4.1/../../../../arm-none-eabi/lib/armv7-m\libg_nano.a(lib_a-strtod.o)
 .rodata._ctype_
                0x00006ad8      0x101 c:/program files (x86)/cypress/psoc creator/4.2/psoc creator/import/gnu/arm/5.4.1/bin/../lib/gcc/arm-none-eabi/5.4.1/../../../../arm-none-eabi/lib/armv7-m\libg_nano.a(lib_a-ctype_.o)
                0x00006ad8                _ctype_
 .rodata.str1.1
                0x00006bd9        0xd c:/program files (x86)/cypress/psoc creator/4.2/psoc creator/import/gnu/arm/5.4.1/bin/../lib/gcc/arm-none-eabi/5.4.1/../../../../arm-none-eabi/lib/armv7-m\libg_nano.a(lib_a-dtoa.o)
                                  0xf (size before relaxing)
 .rodata.str1.1
                0x00006be6        0x8 c:/program files (x86)/cypress/psoc creator/4.2/psoc creator/import/gnu/arm/5.4.1/bin/../lib/gcc/arm-none-eabi/5.4.1/../../../../arm-none-eabi/lib/armv7-m\libg_nano.a(lib_a-locale.o)
                                  0xb (size before relaxing)
 *fill*         0x00006bee        0x2 
 .rodata.__mprec_tens
                0x00006bf0       0xc8 c:/program files (x86)/cypress/psoc creator/4.2/psoc creator/import/gnu/arm/5.4.1/bin/../lib/gcc/arm-none-eabi/5.4.1/../../../../arm-none-eabi/lib/armv7-m\libg_nano.a(lib_a-mprec.o)
                0x00006bf0                __mprec_tens
 .rodata.p05.5408
                0x00006cb8        0xc c:/program files (x86)/cypress/psoc creator/4.2/psoc creator/import/gnu/arm/5.4.1/bin/../lib/gcc/arm-none-eabi/5.4.1/../../../../arm-none-eabi/lib/armv7-m\libg_nano.a(lib_a-mprec.o)
 *fill*         0x00006cc4        0x4 
 .rodata.__mprec_bigtens
                0x00006cc8       0x28 c:/program files (x86)/cypress/psoc creator/4.2/psoc creator/import/gnu/arm/5.4.1/bin/../lib/gcc/arm-none-eabi/5.4.1/../../../../arm-none-eabi/lib/armv7-m\libg_nano.a(lib_a-mprec.o)
                0x00006cc8                __mprec_bigtens
 .rodata.str1.1
                0x00006cf0       0x11 c:/program files (x86)/cypress/psoc creator/4.2/psoc creator/import/gnu/arm/5.4.1/bin/../lib/gcc/arm-none-eabi/5.4.1/../../../../arm-none-eabi/lib/armv7-m\libg_nano.a(lib_a-nano-svfprintf.o)
                0x00006d04                . = ALIGN (0x4)
 *fill*         0x00006d01        0x3 
 *(.init)
 .init          0x00006d04        0x4 c:/program files (x86)/cypress/psoc creator/4.2/psoc creator/import/gnu/arm/5.4.1/bin/../lib/gcc/arm-none-eabi/5.4.1/armv7-m/crti.o
                0x00006d04                _init
 .init          0x00006d08        0x8 c:/program files (x86)/cypress/psoc creator/4.2/psoc creator/import/gnu/arm/5.4.1/bin/../lib/gcc/arm-none-eabi/5.4.1/armv7-m/crtn.o
                0x00006d10                . = ALIGN (0x4)
                0x00006d10                __preinit_array_start = .
 *(.preinit_array)
                0x00006d10                __preinit_array_end = .
                0x00006d10                . = ALIGN (0x4)
                0x00006d10                __init_array_start = .
 *(SORT(.init_array.*))
 *(.init_array)
 .init_array    0x00006d10        0x4 c:/program files (x86)/cypress/psoc creator/4.2/psoc creator/import/gnu/arm/5.4.1/bin/../lib/gcc/arm-none-eabi/5.4.1/armv7-m/crtbegin.o
 .init_array    0x00006d14        0x4 .\CortexM3\ARM_GCC_541\Debug\Cm3Start.o
                0x00006d18                __init_array_end = .
                0x00006d18                . = ALIGN (0x4)
 *(.fini)
 .fini          0x00006d18        0x4 c:/program files (x86)/cypress/psoc creator/4.2/psoc creator/import/gnu/arm/5.4.1/bin/../lib/gcc/arm-none-eabi/5.4.1/armv7-m/crti.o
                0x00006d18                _fini
 .fini          0x00006d1c        0x8 c:/program files (x86)/cypress/psoc creator/4.2/psoc creator/import/gnu/arm/5.4.1/bin/../lib/gcc/arm-none-eabi/5.4.1/armv7-m/crtn.o
                0x00006d24                . = ALIGN (0x4)
                0x00006d24                __fini_array_start = .
 *(.fini_array)
 .fini_array    0x00006d24        0x4 c:/program files (x86)/cypress/psoc creator/4.2/psoc creator/import/gnu/arm/5.4.1/bin/../lib/gcc/arm-none-eabi/5.4.1/armv7-m/crtbegin.o
 *(SORT(.fini_array.*))
                0x00006d28                __fini_array_end = .
                0x00006d28                . = ALIGN (0x4)
 *crtbegin.o(.ctors)
 *(EXCLUDE_FILE(*crtend.o) .ctors)
 *(SORT(.ctors.*))
 *crtend.o(.ctors)
                0x00006d28                . = ALIGN (0x4)
 *crtbegin.o(.dtors)
 *(EXCLUDE_FILE(*crtend.o) .dtors)
 *(SORT(.dtors.*))
 *crtend.o(.dtors)
                0x00006d28                . = ALIGN (0x4)
                0x00006d28                __cy_regions = .
                0x00006d28        0x4 LONG 0x6d38 __cy_region_init_ram
                0x00006d2c        0x4 LONG 0x1fff80c8 __cy_region_start_data
                0x00006d30        0x4 LONG 0xd8 __cy_region_init_size_ram
                0x00006d34        0x4 LONG 0x398 __cy_region_zero_size_ram
                0x00006d38                __cy_regions_end = .
                0x00006d38                . = ALIGN (0x8)
                0x00006d38                _etext = .

.cy_checksum_exclude
                0x00006d38        0x0
 *(.cy_checksum_exclude)

.ramvectors     0x1fff8000       0xc0
                0x1fff8000                __cy_region_start_ram = .
 *(.ramvectors)
 .ramvectors    0x1fff8000       0xc0 .\CortexM3\ARM_GCC_541\Debug\Cm3Start.o
                0x1fff8000                CyRamVectors

.noinit         0x1fff80c0        0x5
 *(.noinit)
 .noinit        0x1fff80c0        0x4 .\CortexM3\ARM_GCC_541\Debug\Cm3Start.o
 .noinit        0x1fff80c4        0x1 .\CortexM3\ARM_GCC_541\Debug\PSOC_arm_project.a(CyLib.o)
                0x1fff80c4                CyResetStatus

.data           0x1fff80c8       0xd8 load address 0x00006d38
                0x1fff80c8                __cy_region_start_data = .
 *(.jcr)
 .jcr           0x1fff80c8        0x0 c:/program files (x86)/cypress/psoc creator/4.2/psoc creator/import/gnu/arm/5.4.1/bin/../lib/gcc/arm-none-eabi/5.4.1/armv7-m/crtbegin.o
 .jcr           0x1fff80c8        0x4 c:/program files (x86)/cypress/psoc creator/4.2/psoc creator/import/gnu/arm/5.4.1/bin/../lib/gcc/arm-none-eabi/5.4.1/armv7-m/crtend.o
 *(.got.plt)
 *(.got)
 *(.shdata)
 *(.data .data.* .gnu.linkonce.d.*)
 *fill*         0x1fff80cc        0x4 
 .data          0x1fff80d0       0x18 .\CortexM3\ARM_GCC_541\Debug\main.o
                0x1fff80d0                pid
 .data          0x1fff80e8        0x4 .\CortexM3\ARM_GCC_541\Debug\Cm3Start.o
 .data          0x1fff80ec       0x10 .\CortexM3\ARM_GCC_541\Debug\PSOC_arm_project.a(CyLib.o)
                0x1fff80ec                cydelay_freq_hz
                0x1fff80f0                cydelay_freq_khz
                0x1fff80f4                cydelay_freq_mhz
                0x1fff80f8                cydelay_32k_ms
 .data          0x1fff80fc        0x1 .\CortexM3\ARM_GCC_541\Debug\PSOC_arm_project.a(AMux_0.o)
 *fill*         0x1fff80fd        0x3 
 .data.impure_data
                0x1fff8100       0x60 c:/program files (x86)/cypress/psoc creator/4.2/psoc creator/import/gnu/arm/5.4.1/bin/../lib/gcc/arm-none-eabi/5.4.1/../../../../arm-none-eabi/lib/armv7-m\libg_nano.a(lib_a-impure.o)
 .data._impure_ptr
                0x1fff8160        0x4 c:/program files (x86)/cypress/psoc creator/4.2/psoc creator/import/gnu/arm/5.4.1/bin/../lib/gcc/arm-none-eabi/5.4.1/../../../../arm-none-eabi/lib/armv7-m\libg_nano.a(lib_a-impure.o)
                0x1fff8160                _impure_ptr
 .data.__ctype_ptr__
                0x1fff8164        0x4 c:/program files (x86)/cypress/psoc creator/4.2/psoc creator/import/gnu/arm/5.4.1/bin/../lib/gcc/arm-none-eabi/5.4.1/../../../../arm-none-eabi/lib/armv7-m\libg_nano.a(lib_a-ctype_.o)
                0x1fff8164                __ctype_ptr__
 .data.lconv    0x1fff8168       0x38 c:/program files (x86)/cypress/psoc creator/4.2/psoc creator/import/gnu/arm/5.4.1/bin/../lib/gcc/arm-none-eabi/5.4.1/../../../../arm-none-eabi/lib/armv7-m\libg_nano.a(lib_a-locale.o)
                0x1fff81a0                . = ALIGN (0x8)
 *(.ram)
                0x1fff81a0                _edata = .

.igot.plt       0x1fff81a0        0x0 load address 0x00006e10
 .igot.plt      0x1fff81a0        0x0 c:/program files (x86)/cypress/psoc creator/4.2/psoc creator/import/gnu/arm/5.4.1/bin/../lib/gcc/arm-none-eabi/5.4.1/armv7-m/crtbegin.o

.bss            0x1fff81a0      0x398 load address 0x00006e10
                0x1fff81a0                PROVIDE (__bss_start__, .)
 *(.shbss)
 *(.bss .bss.* .gnu.linkonce.b.*)
 .bss           0x1fff81a0       0x1c c:/program files (x86)/cypress/psoc creator/4.2/psoc creator/import/gnu/arm/5.4.1/bin/../lib/gcc/arm-none-eabi/5.4.1/armv7-m/crtbegin.o
 .bss           0x1fff81bc       0x78 .\CortexM3\ARM_GCC_541\Debug\main.o
                0x1fff81bc                errorStatus
                0x1fff81c0                data_read_mode
                0x1fff81c4                cyl_set
                0x1fff81c8                dts_ct
                0x1fff81cc                offsets
                0x1fff81ec                nn
                0x1fff81f0                tt
                0x1fff81f4                start_calib
                0x1fff81f8                cyl_no
                0x1fff81fc                moving_median
 .bss           0x1fff8234        0x6 .\CortexM3\ARM_GCC_541\Debug\cyfitter_cfg.o
 .bss           0x1fff823a        0x2 .\CortexM3\ARM_GCC_541\Debug\PSOC_arm_project.a(UART.o)
                0x1fff823a                UART_initVar
 .bss           0x1fff823c        0x1 .\CortexM3\ARM_GCC_541\Debug\PSOC_arm_project.a(PWM_1.o)
                0x1fff823c                PWM_1_initVar
 .bss           0x1fff823d        0x1 .\CortexM3\ARM_GCC_541\Debug\PSOC_arm_project.a(Timer_1.o)
                0x1fff823d                Timer_1_initVar
 .bss           0x1fff823e        0x1 .\CortexM3\ARM_GCC_541\Debug\PSOC_arm_project.a(median_timer.o)
                0x1fff823e                median_timer_initVar
 .bss           0x1fff823f        0x1 .\CortexM3\ARM_GCC_541\Debug\PSOC_arm_project.a(PWM_0.o)
                0x1fff823f                PWM_0_initVar
 .bss           0x1fff8240        0x1 .\CortexM3\ARM_GCC_541\Debug\PSOC_arm_project.a(ADC_0.o)
                0x1fff8240                ADC_0_initVar
 .bss           0x1fff8241        0x1 .\CortexM3\ARM_GCC_541\Debug\PSOC_arm_project.a(PWM_2.o)
                0x1fff8241                PWM_2_initVar
 .bss           0x1fff8242        0x1 .\CortexM3\ARM_GCC_541\Debug\PSOC_arm_project.a(PWM_3.o)
                0x1fff8242                PWM_3_initVar
 *fill*         0x1fff8243        0x1 
 .bss           0x1fff8244        0x8 .\CortexM3\ARM_GCC_541\Debug\PSOC_arm_project.a(CySpc.o)
                0x1fff8244                SpcLockState
 .bss.__malloc_sbrk_start
                0x1fff824c        0x4 c:/program files (x86)/cypress/psoc creator/4.2/psoc creator/import/gnu/arm/5.4.1/bin/../lib/gcc/arm-none-eabi/5.4.1/../../../../arm-none-eabi/lib/armv7-m\libg_nano.a(lib_a-nano-mallocr.o)
                0x1fff824c                __malloc_sbrk_start
 .bss.__malloc_free_list
                0x1fff8250        0x4 c:/program files (x86)/cypress/psoc creator/4.2/psoc creator/import/gnu/arm/5.4.1/bin/../lib/gcc/arm-none-eabi/5.4.1/../../../../arm-none-eabi/lib/armv7-m\libg_nano.a(lib_a-nano-mallocr.o)
                0x1fff8250                __malloc_free_list
 *(COMMON)
 *fill*         0x1fff8254        0x4 
 COMMON         0x1fff8258      0x2c8 .\CortexM3\ARM_GCC_541\Debug\main.o
                0x1fff8258                tmp
                0x1fff825c                cyl_tmp
                0x1fff8260                new_pos
                0x1fff8270                pos
                0x1fff8280                temp
                0x1fff8298                prev_err
                0x1fff82b8                pulse_temp
                0x1fff82c8                pulse
                0x1fff82d8                err
                0x1fff82f8                pid_integral
                0x1fff8318                psoc_id
                0x1fff831c                help
                0x1fff8380                dts
                0x1fff8470                sendValue
                0x1fff84d8                der
                0x1fff84f8                tempArray
                0x1fff8508                adcValue
                0x1fff8510                new_pos_set
 COMMON         0x1fff8520        0xc .\CortexM3\ARM_GCC_541\Debug\PSOC_arm_project.a(ADC_0.o)
                0x1fff8520                ADC_0_offset
                0x1fff8522                ADC_0_countsPerVolt
                0x1fff8524                ADC_0_shift
                0x1fff8528                ADC_0_countsPer10Volt
 COMMON         0x1fff852c        0x2 .\CortexM3\ARM_GCC_541\Debug\PSOC_arm_project.a(CyFlash.o)
                0x1fff852c                dieTemperature
 *fill*         0x1fff852e        0x2 
 COMMON         0x1fff8530        0x4 c:/program files (x86)/cypress/psoc creator/4.2/psoc creator/import/gnu/arm/5.4.1/bin/../lib/gcc/arm-none-eabi/5.4.1/../../../../arm-none-eabi/lib/armv7-m\libg_nano.a(lib_a-reent.o)
                0x1fff8530                errno
                0x1fff8538                . = ALIGN (0x8)
 *fill*         0x1fff8534        0x4 
 *(.ram.b)
                0x1fff8538                _end = .
                0x1fff8538                __end = .
                0x1fff8538                PROVIDE (end, .)
                0x1fff8538                PROVIDE (__bss_end__, .)
                0x00006d38                __cy_region_init_ram = LOADADDR (.data)
                0x000000d8                __cy_region_init_size_ram = (_edata - ADDR (.data))
                0x00000398                __cy_region_zero_size_ram = (_end - _edata)

.heap           0x1fff8538      0x300 load address 0x00006e10
                0x1fff8538                . = _end
                0x1fff8838                . = (. + 0x300)
 *fill*         0x1fff8538      0x300 
                0x1fff8838                __cy_heap_limit = .

.stack          0x20007800      0x800
                0x20007800                __cy_stack_limit = .
                0x20008000                . = (. + 0x800)
 *fill*         0x20007800      0x800 
                0x00000001                ASSERT ((__cy_stack_limit >= __cy_heap_limit), region RAM overflowed with stack)
                0x00000000                cy_checksum_exclude_size = (CY_APPL_LOADABLE == 0x1)?SIZEOF (.cy_checksum_exclude):0x0
                0x00000001                ASSERT ((cy_checksum_exclude_size <= CY_CHECKSUM_EXCLUDE_SIZE), CY_BOOT: Section .cy_checksum_exclude size exceedes specified limit.)

.cyloadermeta
 *(.cyloadermeta)

.cyloadablemeta
 *(.cyloadablemeta)

.cyconfigecc    0x80000000      0x7b4
 *(.cyconfigecc)
 .cyconfigecc   0x80000000      0x7b4 .\CortexM3\ARM_GCC_541\Debug\cymetadata.o
                0x80000000                cy_meta_configecc

.cycustnvl      0x90000000        0x4
 *(.cycustnvl)
 .cycustnvl     0x90000000        0x4 .\CortexM3\ARM_GCC_541\Debug\cymetadata.o
                0x90000000                cy_meta_custnvl

.cywolatch      0x90100000        0x4
 *(.cywolatch)
 .cywolatch     0x90100000        0x4 .\CortexM3\ARM_GCC_541\Debug\cymetadata.o
                0x90100000                cy_meta_wonvl

.cyeeprom       0x90200000        0x0
 *(.cyeeprom)
                0x00000001                ASSERT ((. <= ((0x90200000 + ee_offset) + ee_size)), .cyeeprom data will not fit in EEPROM)

.cyflashprotect
                0x90400000      0x100
 *(.cyflashprotect)
 .cyflashprotect
                0x90400000      0x100 .\CortexM3\ARM_GCC_541\Debug\cymetadata.o
                0x90400000                cy_meta_flashprotect

.cymeta         0x90500000        0xc
 *(.cymeta)
 .cymeta        0x90500000        0xc .\CortexM3\ARM_GCC_541\Debug\cymetadata.o
                0x90500000                cy_metadata

.rel.dyn        0x00006e10        0x0 load address 0x9050000c
 .rel.iplt      0x00006e10        0x0 c:/program files (x86)/cypress/psoc creator/4.2/psoc creator/import/gnu/arm/5.4.1/bin/../lib/gcc/arm-none-eabi/5.4.1/armv7-m/crtbegin.o

.stab
 *(.stab)

.stabstr
 *(.stabstr)

.debug
 *(.debug)

.line
 *(.line)

.debug_srcinfo
 *(.debug_srcinfo)

.debug_sfnames
 *(.debug_sfnames)

.debug_aranges  0x00000000      0xdd0
 *(.debug_aranges)
 .debug_aranges
                0x00000000       0x40 .\CortexM3\ARM_GCC_541\Debug\main.o
 .debug_aranges
                0x00000040       0x20 .\CortexM3\ARM_GCC_541\Debug\debug.o
 .debug_aranges
                0x00000060       0x70 .\CortexM3\ARM_GCC_541\Debug\cyfitter_cfg.o
 .debug_aranges
                0x000000d0       0x18 .\CortexM3\ARM_GCC_541\Debug\cymetadata.o
 .debug_aranges
                0x000000e8       0x48 .\CortexM3\ARM_GCC_541\Debug\Cm3Start.o
 .debug_aranges
                0x00000130       0xf0 .\CortexM3\ARM_GCC_541\Debug\PSOC_arm_project.a(UART.o)
 .debug_aranges
                0x00000220       0x80 .\CortexM3\ARM_GCC_541\Debug\PSOC_arm_project.a(isr_rx.o)
 .debug_aranges
                0x000002a0       0x70 .\CortexM3\ARM_GCC_541\Debug\PSOC_arm_project.a(UART_IntClock.o)
 .debug_aranges
                0x00000310      0x2a8 .\CortexM3\ARM_GCC_541\Debug\PSOC_arm_project.a(CyLib.o)
 .debug_aranges
                0x000005b8       0x98 .\CortexM3\ARM_GCC_541\Debug\PSOC_arm_project.a(cyPm.o)
 .debug_aranges
                0x00000650       0x98 .\CortexM3\ARM_GCC_541\Debug\PSOC_arm_project.a(PWM_1.o)
 .debug_aranges
                0x000006e8       0x90 .\CortexM3\ARM_GCC_541\Debug\PSOC_arm_project.a(Timer_1.o)
 .debug_aranges
                0x00000778       0x88 .\CortexM3\ARM_GCC_541\Debug\PSOC_arm_project.a(median_timer.o)
 .debug_aranges
                0x00000800       0x80 .\CortexM3\ARM_GCC_541\Debug\PSOC_arm_project.a(update_median_isr.o)
 .debug_aranges
                0x00000880       0x98 .\CortexM3\ARM_GCC_541\Debug\PSOC_arm_project.a(PWM_0.o)
 .debug_aranges
                0x00000918       0xa8 .\CortexM3\ARM_GCC_541\Debug\PSOC_arm_project.a(ADC_0.o)
 .debug_aranges
                0x000009c0       0x20 .\CortexM3\ARM_GCC_541\Debug\PSOC_arm_project.a(ADC_0_INT.o)
 .debug_aranges
                0x000009e0       0x30 .\CortexM3\ARM_GCC_541\Debug\PSOC_arm_project.a(AMux_0.o)
 .debug_aranges
                0x00000a10       0x98 .\CortexM3\ARM_GCC_541\Debug\PSOC_arm_project.a(PWM_2.o)
 .debug_aranges
                0x00000aa8       0x98 .\CortexM3\ARM_GCC_541\Debug\PSOC_arm_project.a(PWM_3.o)
 .debug_aranges
                0x00000b40       0x80 .\CortexM3\ARM_GCC_541\Debug\PSOC_arm_project.a(ADC_0_theACLK.o)
 .debug_aranges
                0x00000bc0       0x78 .\CortexM3\ARM_GCC_541\Debug\PSOC_arm_project.a(EEPROM.o)
 .debug_aranges
                0x00000c38       0x20 .\CortexM3\ARM_GCC_541\Debug\PSOC_arm_project.a(CyBootAsmGnu.o)
 .debug_aranges
                0x00000c58       0x80 .\CortexM3\ARM_GCC_541\Debug\PSOC_arm_project.a(CyScBoostClk.o)
 .debug_aranges
                0x00000cd8       0x80 .\CortexM3\ARM_GCC_541\Debug\PSOC_arm_project.a(CyFlash.o)
 .debug_aranges
                0x00000d58       0x78 .\CortexM3\ARM_GCC_541\Debug\PSOC_arm_project.a(CySpc.o)

.debug_pubnames
 *(.debug_pubnames)

.debug_info     0x00000000     0x5785
 *(.debug_info .gnu.linkonce.wi.*)
 .debug_info    0x00000000      0x608 .\CortexM3\ARM_GCC_541\Debug\main.o
 .debug_info    0x00000608      0x10c .\CortexM3\ARM_GCC_541\Debug\debug.o
 .debug_info    0x00000714      0x5ef .\CortexM3\ARM_GCC_541\Debug\cyfitter_cfg.o
 .debug_info    0x00000d03      0x139 .\CortexM3\ARM_GCC_541\Debug\cymetadata.o
 .debug_info    0x00000e3c      0x32b .\CortexM3\ARM_GCC_541\Debug\Cm3Start.o
 .debug_info    0x00001167      0x50a .\CortexM3\ARM_GCC_541\Debug\PSOC_arm_project.a(UART.o)
 .debug_info    0x00001671      0x241 .\CortexM3\ARM_GCC_541\Debug\PSOC_arm_project.a(isr_rx.o)
 .debug_info    0x000018b2      0x25d .\CortexM3\ARM_GCC_541\Debug\PSOC_arm_project.a(UART_IntClock.o)
 .debug_info    0x00001b0f      0xe88 .\CortexM3\ARM_GCC_541\Debug\PSOC_arm_project.a(CyLib.o)
 .debug_info    0x00002997      0x57a .\CortexM3\ARM_GCC_541\Debug\PSOC_arm_project.a(cyPm.o)
 .debug_info    0x00002f11      0x2a7 .\CortexM3\ARM_GCC_541\Debug\PSOC_arm_project.a(PWM_1.o)
 .debug_info    0x000031b8      0x25b .\CortexM3\ARM_GCC_541\Debug\PSOC_arm_project.a(Timer_1.o)
 .debug_info    0x00003413      0x245 .\CortexM3\ARM_GCC_541\Debug\PSOC_arm_project.a(median_timer.o)
 .debug_info    0x00003658      0x241 .\CortexM3\ARM_GCC_541\Debug\PSOC_arm_project.a(update_median_isr.o)
 .debug_info    0x00003899      0x2a7 .\CortexM3\ARM_GCC_541\Debug\PSOC_arm_project.a(PWM_0.o)
 .debug_info    0x00003b40      0x47f .\CortexM3\ARM_GCC_541\Debug\PSOC_arm_project.a(ADC_0.o)
 .debug_info    0x00003fbf       0x92 .\CortexM3\ARM_GCC_541\Debug\PSOC_arm_project.a(ADC_0_INT.o)
 .debug_info    0x00004051       0xf7 .\CortexM3\ARM_GCC_541\Debug\PSOC_arm_project.a(AMux_0.o)
 .debug_info    0x00004148      0x2a7 .\CortexM3\ARM_GCC_541\Debug\PSOC_arm_project.a(PWM_2.o)
 .debug_info    0x000043ef      0x2a7 .\CortexM3\ARM_GCC_541\Debug\PSOC_arm_project.a(PWM_3.o)
 .debug_info    0x00004696      0x299 .\CortexM3\ARM_GCC_541\Debug\PSOC_arm_project.a(ADC_0_theACLK.o)
 .debug_info    0x0000492f      0x359 .\CortexM3\ARM_GCC_541\Debug\PSOC_arm_project.a(EEPROM.o)
 .debug_info    0x00004c88       0x99 .\CortexM3\ARM_GCC_541\Debug\PSOC_arm_project.a(CyBootAsmGnu.o)
 .debug_info    0x00004d21      0x299 .\CortexM3\ARM_GCC_541\Debug\PSOC_arm_project.a(CyScBoostClk.o)
 .debug_info    0x00004fba      0x371 .\CortexM3\ARM_GCC_541\Debug\PSOC_arm_project.a(CyFlash.o)
 .debug_info    0x0000532b      0x45a .\CortexM3\ARM_GCC_541\Debug\PSOC_arm_project.a(CySpc.o)

.debug_abbrev   0x00000000     0x1dc7
 *(.debug_abbrev)
 .debug_abbrev  0x00000000      0x13f .\CortexM3\ARM_GCC_541\Debug\main.o
 .debug_abbrev  0x0000013f       0xa1 .\CortexM3\ARM_GCC_541\Debug\debug.o
 .debug_abbrev  0x000001e0      0x1b9 .\CortexM3\ARM_GCC_541\Debug\cyfitter_cfg.o
 .debug_abbrev  0x00000399       0x77 .\CortexM3\ARM_GCC_541\Debug\cymetadata.o
 .debug_abbrev  0x00000410      0x1d6 .\CortexM3\ARM_GCC_541\Debug\Cm3Start.o
 .debug_abbrev  0x000005e6      0x163 .\CortexM3\ARM_GCC_541\Debug\PSOC_arm_project.a(UART.o)
 .debug_abbrev  0x00000749      0x172 .\CortexM3\ARM_GCC_541\Debug\PSOC_arm_project.a(isr_rx.o)
 .debug_abbrev  0x000008bb      0x11d .\CortexM3\ARM_GCC_541\Debug\PSOC_arm_project.a(UART_IntClock.o)
 .debug_abbrev  0x000009d8      0x217 .\CortexM3\ARM_GCC_541\Debug\PSOC_arm_project.a(CyLib.o)
 .debug_abbrev  0x00000bef      0x161 .\CortexM3\ARM_GCC_541\Debug\PSOC_arm_project.a(cyPm.o)
 .debug_abbrev  0x00000d50      0x12e .\CortexM3\ARM_GCC_541\Debug\PSOC_arm_project.a(PWM_1.o)
 .debug_abbrev  0x00000e7e      0x11b .\CortexM3\ARM_GCC_541\Debug\PSOC_arm_project.a(Timer_1.o)
 .debug_abbrev  0x00000f99       0xe9 .\CortexM3\ARM_GCC_541\Debug\PSOC_arm_project.a(median_timer.o)
 .debug_abbrev  0x00001082      0x172 .\CortexM3\ARM_GCC_541\Debug\PSOC_arm_project.a(update_median_isr.o)
 .debug_abbrev  0x000011f4      0x12e .\CortexM3\ARM_GCC_541\Debug\PSOC_arm_project.a(PWM_0.o)
 .debug_abbrev  0x00001322      0x173 .\CortexM3\ARM_GCC_541\Debug\PSOC_arm_project.a(ADC_0.o)
 .debug_abbrev  0x00001495       0x42 .\CortexM3\ARM_GCC_541\Debug\PSOC_arm_project.a(ADC_0_INT.o)
 .debug_abbrev  0x000014d7       0x87 .\CortexM3\ARM_GCC_541\Debug\PSOC_arm_project.a(AMux_0.o)
 .debug_abbrev  0x0000155e      0x12e .\CortexM3\ARM_GCC_541\Debug\PSOC_arm_project.a(PWM_2.o)
 .debug_abbrev  0x0000168c      0x12e .\CortexM3\ARM_GCC_541\Debug\PSOC_arm_project.a(PWM_3.o)
 .debug_abbrev  0x000017ba      0x11d .\CortexM3\ARM_GCC_541\Debug\PSOC_arm_project.a(ADC_0_theACLK.o)
 .debug_abbrev  0x000018d7      0x117 .\CortexM3\ARM_GCC_541\Debug\PSOC_arm_project.a(EEPROM.o)
 .debug_abbrev  0x000019ee       0x14 .\CortexM3\ARM_GCC_541\Debug\PSOC_arm_project.a(CyBootAsmGnu.o)
 .debug_abbrev  0x00001a02      0x11d .\CortexM3\ARM_GCC_541\Debug\PSOC_arm_project.a(CyScBoostClk.o)
 .debug_abbrev  0x00001b1f      0x13c .\CortexM3\ARM_GCC_541\Debug\PSOC_arm_project.a(CyFlash.o)
 .debug_abbrev  0x00001c5b      0x16c .\CortexM3\ARM_GCC_541\Debug\PSOC_arm_project.a(CySpc.o)

.debug_line     0x00000000     0x3470
 *(.debug_line)
 .debug_line    0x00000000      0x3c8 .\CortexM3\ARM_GCC_541\Debug\main.o
 .debug_line    0x000003c8      0x16e .\CortexM3\ARM_GCC_541\Debug\debug.o
 .debug_line    0x00000536      0x26e .\CortexM3\ARM_GCC_541\Debug\cyfitter_cfg.o
 .debug_line    0x000007a4      0x141 .\CortexM3\ARM_GCC_541\Debug\cymetadata.o
 .debug_line    0x000008e5      0x1dc .\CortexM3\ARM_GCC_541\Debug\Cm3Start.o
 .debug_line    0x00000ac1      0x2e2 .\CortexM3\ARM_GCC_541\Debug\PSOC_arm_project.a(UART.o)
 .debug_line    0x00000da3      0x151 .\CortexM3\ARM_GCC_541\Debug\PSOC_arm_project.a(isr_rx.o)
 .debug_line    0x00000ef4      0x1ac .\CortexM3\ARM_GCC_541\Debug\PSOC_arm_project.a(UART_IntClock.o)
 .debug_line    0x000010a0      0x8b5 .\CortexM3\ARM_GCC_541\Debug\PSOC_arm_project.a(CyLib.o)
 .debug_line    0x00001955      0x38e .\CortexM3\ARM_GCC_541\Debug\PSOC_arm_project.a(cyPm.o)
 .debug_line    0x00001ce3      0x189 .\CortexM3\ARM_GCC_541\Debug\PSOC_arm_project.a(PWM_1.o)
 .debug_line    0x00001e6c      0x170 .\CortexM3\ARM_GCC_541\Debug\PSOC_arm_project.a(Timer_1.o)
 .debug_line    0x00001fdc      0x164 .\CortexM3\ARM_GCC_541\Debug\PSOC_arm_project.a(median_timer.o)
 .debug_line    0x00002140      0x15c .\CortexM3\ARM_GCC_541\Debug\PSOC_arm_project.a(update_median_isr.o)
 .debug_line    0x0000229c      0x189 .\CortexM3\ARM_GCC_541\Debug\PSOC_arm_project.a(PWM_0.o)
 .debug_line    0x00002425      0x207 .\CortexM3\ARM_GCC_541\Debug\PSOC_arm_project.a(ADC_0.o)
 .debug_line    0x0000262c       0x55 .\CortexM3\ARM_GCC_541\Debug\PSOC_arm_project.a(ADC_0_INT.o)
 .debug_line    0x00002681       0x9b .\CortexM3\ARM_GCC_541\Debug\PSOC_arm_project.a(AMux_0.o)
 .debug_line    0x0000271c      0x189 .\CortexM3\ARM_GCC_541\Debug\PSOC_arm_project.a(PWM_2.o)
 .debug_line    0x000028a5      0x189 .\CortexM3\ARM_GCC_541\Debug\PSOC_arm_project.a(PWM_3.o)
 .debug_line    0x00002a2e      0x1d0 .\CortexM3\ARM_GCC_541\Debug\PSOC_arm_project.a(ADC_0_theACLK.o)
 .debug_line    0x00002bfe      0x226 .\CortexM3\ARM_GCC_541\Debug\PSOC_arm_project.a(EEPROM.o)
 .debug_line    0x00002e24       0x66 .\CortexM3\ARM_GCC_541\Debug\PSOC_arm_project.a(CyBootAsmGnu.o)
 .debug_line    0x00002e8a      0x1cf .\CortexM3\ARM_GCC_541\Debug\PSOC_arm_project.a(CyScBoostClk.o)
 .debug_line    0x00003059      0x205 .\CortexM3\ARM_GCC_541\Debug\PSOC_arm_project.a(CyFlash.o)
 .debug_line    0x0000325e      0x212 .\CortexM3\ARM_GCC_541\Debug\PSOC_arm_project.a(CySpc.o)

.debug_frame    0x00000000     0x414c
 *(.debug_frame)
 .debug_frame   0x00000000       0xe0 .\CortexM3\ARM_GCC_541\Debug\main.o
 .debug_frame   0x000000e0       0x38 .\CortexM3\ARM_GCC_541\Debug\debug.o
 .debug_frame   0x00000118      0x1bc .\CortexM3\ARM_GCC_541\Debug\cyfitter_cfg.o
 .debug_frame   0x000002d4       0xd8 .\CortexM3\ARM_GCC_541\Debug\Cm3Start.o
 .debug_frame   0x000003ac      0x42c .\CortexM3\ARM_GCC_541\Debug\PSOC_arm_project.a(UART.o)
 .debug_frame   0x000007d8      0x1e8 .\CortexM3\ARM_GCC_541\Debug\PSOC_arm_project.a(isr_rx.o)
 .debug_frame   0x000009c0      0x1b4 .\CortexM3\ARM_GCC_541\Debug\PSOC_arm_project.a(UART_IntClock.o)
 .debug_frame   0x00000b74      0xc34 .\CortexM3\ARM_GCC_541\Debug\PSOC_arm_project.a(CyLib.o)
 .debug_frame   0x000017a8      0x234 .\CortexM3\ARM_GCC_541\Debug\PSOC_arm_project.a(cyPm.o)
 .debug_frame   0x000019dc      0x25c .\CortexM3\ARM_GCC_541\Debug\PSOC_arm_project.a(PWM_1.o)
 .debug_frame   0x00001c38      0x230 .\CortexM3\ARM_GCC_541\Debug\PSOC_arm_project.a(Timer_1.o)
 .debug_frame   0x00001e68      0x208 .\CortexM3\ARM_GCC_541\Debug\PSOC_arm_project.a(median_timer.o)
 .debug_frame   0x00002070      0x1e8 .\CortexM3\ARM_GCC_541\Debug\PSOC_arm_project.a(update_median_isr.o)
 .debug_frame   0x00002258      0x25c .\CortexM3\ARM_GCC_541\Debug\PSOC_arm_project.a(PWM_0.o)
 .debug_frame   0x000024b4      0x2bc .\CortexM3\ARM_GCC_541\Debug\PSOC_arm_project.a(ADC_0.o)
 .debug_frame   0x00002770       0x34 .\CortexM3\ARM_GCC_541\Debug\PSOC_arm_project.a(ADC_0_INT.o)
 .debug_frame   0x000027a4       0x7c .\CortexM3\ARM_GCC_541\Debug\PSOC_arm_project.a(AMux_0.o)
 .debug_frame   0x00002820      0x25c .\CortexM3\ARM_GCC_541\Debug\PSOC_arm_project.a(PWM_2.o)
 .debug_frame   0x00002a7c      0x25c .\CortexM3\ARM_GCC_541\Debug\PSOC_arm_project.a(PWM_3.o)
 .debug_frame   0x00002cd8      0x200 .\CortexM3\ARM_GCC_541\Debug\PSOC_arm_project.a(ADC_0_theACLK.o)
 .debug_frame   0x00002ed8      0x1c0 .\CortexM3\ARM_GCC_541\Debug\PSOC_arm_project.a(EEPROM.o)
 .debug_frame   0x00003098      0x200 .\CortexM3\ARM_GCC_541\Debug\PSOC_arm_project.a(CyScBoostClk.o)
 .debug_frame   0x00003298      0x210 .\CortexM3\ARM_GCC_541\Debug\PSOC_arm_project.a(CyFlash.o)
 .debug_frame   0x000034a8      0x1f8 .\CortexM3\ARM_GCC_541\Debug\PSOC_arm_project.a(CySpc.o)
 .debug_frame   0x000036a0       0x44 c:/program files (x86)/cypress/psoc creator/4.2/psoc creator/import/gnu/arm/5.4.1/bin/../lib/gcc/arm-none-eabi/5.4.1/armv7-m\libgcc.a(_aeabi_ldivmod.o)
 .debug_frame   0x000036e4       0x38 c:/program files (x86)/cypress/psoc creator/4.2/psoc creator/import/gnu/arm/5.4.1/bin/../lib/gcc/arm-none-eabi/5.4.1/armv7-m\libgcc.a(_udivmoddi4.o)
 .debug_frame   0x0000371c       0x20 c:/program files (x86)/cypress/psoc creator/4.2/psoc creator/import/gnu/arm/5.4.1/bin/../lib/gcc/arm-none-eabi/5.4.1/../../../../arm-none-eabi/lib/armv7-m\libg_nano.a(lib_a-errno.o)
 .debug_frame   0x0000373c       0x28 c:/program files (x86)/cypress/psoc creator/4.2/psoc creator/import/gnu/arm/5.4.1/bin/../lib/gcc/arm-none-eabi/5.4.1/../../../../arm-none-eabi/lib/armv7-m\libg_nano.a(lib_a-exit.o)
 .debug_frame   0x00003764       0x2c c:/program files (x86)/cypress/psoc creator/4.2/psoc creator/import/gnu/arm/5.4.1/bin/../lib/gcc/arm-none-eabi/5.4.1/../../../../arm-none-eabi/lib/armv7-m\libg_nano.a(lib_a-init.o)
 .debug_frame   0x00003790       0x28 c:/program files (x86)/cypress/psoc creator/4.2/psoc creator/import/gnu/arm/5.4.1/bin/../lib/gcc/arm-none-eabi/5.4.1/../../../../arm-none-eabi/lib/armv7-m\libg_nano.a(lib_a-memcpy-stub.o)
 .debug_frame   0x000037b8       0x20 c:/program files (x86)/cypress/psoc creator/4.2/psoc creator/import/gnu/arm/5.4.1/bin/../lib/gcc/arm-none-eabi/5.4.1/../../../../arm-none-eabi/lib/armv7-m\libg_nano.a(lib_a-memset.o)
 .debug_frame   0x000037d8       0x8c c:/program files (x86)/cypress/psoc creator/4.2/psoc creator/import/gnu/arm/5.4.1/bin/../lib/gcc/arm-none-eabi/5.4.1/../../../../arm-none-eabi/lib/armv7-m\libg_nano.a(lib_a-nano-vfprintf_float.o)
 .debug_frame   0x00003864       0x60 c:/program files (x86)/cypress/psoc creator/4.2/psoc creator/import/gnu/arm/5.4.1/bin/../lib/gcc/arm-none-eabi/5.4.1/../../../../arm-none-eabi/lib/armv7-m\libg_nano.a(lib_a-nano-vfprintf_i.o)
 .debug_frame   0x000038c4       0x70 c:/program files (x86)/cypress/psoc creator/4.2/psoc creator/import/gnu/arm/5.4.1/bin/../lib/gcc/arm-none-eabi/5.4.1/../../../../arm-none-eabi/lib/armv7-m\libg_nano.a(lib_a-sprintf.o)
 .debug_frame   0x00003934       0x98 c:/program files (x86)/cypress/psoc creator/4.2/psoc creator/import/gnu/arm/5.4.1/bin/../lib/gcc/arm-none-eabi/5.4.1/../../../../arm-none-eabi/lib/armv7-m\libg_nano.a(lib_a-strtod.o)
 .debug_frame   0x000039cc       0x44 c:/program files (x86)/cypress/psoc creator/4.2/psoc creator/import/gnu/arm/5.4.1/bin/../lib/gcc/arm-none-eabi/5.4.1/../../../../arm-none-eabi/lib/armv7-m\libg_nano.a(lib_a-strtol.o)
 .debug_frame   0x00003a10       0x6c c:/program files (x86)/cypress/psoc creator/4.2/psoc creator/import/gnu/arm/5.4.1/bin/../lib/gcc/arm-none-eabi/5.4.1/../../../../arm-none-eabi/lib/armv7-m\libg_nano.a(lib_a-dtoa.o)
 .debug_frame   0x00003a7c       0x70 c:/program files (x86)/cypress/psoc creator/4.2/psoc creator/import/gnu/arm/5.4.1/bin/../lib/gcc/arm-none-eabi/5.4.1/../../../../arm-none-eabi/lib/armv7-m\libg_nano.a(lib_a-gdtoa-gethex.o)
 .debug_frame   0x00003aec       0x74 c:/program files (x86)/cypress/psoc creator/4.2/psoc creator/import/gnu/arm/5.4.1/bin/../lib/gcc/arm-none-eabi/5.4.1/../../../../arm-none-eabi/lib/armv7-m\libg_nano.a(lib_a-gdtoa-hexnan.o)
 .debug_frame   0x00003b60       0x98 c:/program files (x86)/cypress/psoc creator/4.2/psoc creator/import/gnu/arm/5.4.1/bin/../lib/gcc/arm-none-eabi/5.4.1/../../../../arm-none-eabi/lib/armv7-m\libg_nano.a(lib_a-locale.o)
 .debug_frame   0x00003bf8       0x30 c:/program files (x86)/cypress/psoc creator/4.2/psoc creator/import/gnu/arm/5.4.1/bin/../lib/gcc/arm-none-eabi/5.4.1/../../../../arm-none-eabi/lib/armv7-m\libg_nano.a(lib_a-malloc.o)
 .debug_frame   0x00003c28       0x28 c:/program files (x86)/cypress/psoc creator/4.2/psoc creator/import/gnu/arm/5.4.1/bin/../lib/gcc/arm-none-eabi/5.4.1/../../../../arm-none-eabi/lib/armv7-m\libg_nano.a(lib_a-memchr-stub.o)
 .debug_frame   0x00003c50      0x234 c:/program files (x86)/cypress/psoc creator/4.2/psoc creator/import/gnu/arm/5.4.1/bin/../lib/gcc/arm-none-eabi/5.4.1/../../../../arm-none-eabi/lib/armv7-m\libg_nano.a(lib_a-mprec.o)
 .debug_frame   0x00003e84       0x2c c:/program files (x86)/cypress/psoc creator/4.2/psoc creator/import/gnu/arm/5.4.1/bin/../lib/gcc/arm-none-eabi/5.4.1/../../../../arm-none-eabi/lib/armv7-m\libg_nano.a(lib_a-nano-callocr.o)
 .debug_frame   0x00003eb0       0x38 c:/program files (x86)/cypress/psoc creator/4.2/psoc creator/import/gnu/arm/5.4.1/bin/../lib/gcc/arm-none-eabi/5.4.1/../../../../arm-none-eabi/lib/armv7-m\libg_nano.a(lib_a-nano-freer.o)
 .debug_frame   0x00003ee8       0x2c c:/program files (x86)/cypress/psoc creator/4.2/psoc creator/import/gnu/arm/5.4.1/bin/../lib/gcc/arm-none-eabi/5.4.1/../../../../arm-none-eabi/lib/armv7-m\libg_nano.a(lib_a-nano-mallocr.o)
 .debug_frame   0x00003f14       0x90 c:/program files (x86)/cypress/psoc creator/4.2/psoc creator/import/gnu/arm/5.4.1/bin/../lib/gcc/arm-none-eabi/5.4.1/../../../../arm-none-eabi/lib/armv7-m\libg_nano.a(lib_a-nano-svfprintf.o)
 .debug_frame   0x00003fa4       0x2c c:/program files (x86)/cypress/psoc creator/4.2/psoc creator/import/gnu/arm/5.4.1/bin/../lib/gcc/arm-none-eabi/5.4.1/../../../../arm-none-eabi/lib/armv7-m\libg_nano.a(lib_a-sbrkr.o)
 .debug_frame   0x00003fd0       0x20 c:/program files (x86)/cypress/psoc creator/4.2/psoc creator/import/gnu/arm/5.4.1/bin/../lib/gcc/arm-none-eabi/5.4.1/../../../../arm-none-eabi/lib/armv7-m\libg_nano.a(lib_a-sf_nan.o)
 .debug_frame   0x00003ff0       0x20 c:/program files (x86)/cypress/psoc creator/4.2/psoc creator/import/gnu/arm/5.4.1/bin/../lib/gcc/arm-none-eabi/5.4.1/../../../../arm-none-eabi/lib/armv7-m\libg_nano.a(lib_a-strcmp.o)
 .debug_frame   0x00004010       0x2c c:/program files (x86)/cypress/psoc creator/4.2/psoc creator/import/gnu/arm/5.4.1/bin/../lib/gcc/arm-none-eabi/5.4.1/../../../../arm-none-eabi/lib/armv7-m\libg_nano.a(lib_a-strncmp.o)
 .debug_frame   0x0000403c       0x28 c:/program files (x86)/cypress/psoc creator/4.2/psoc creator/import/gnu/arm/5.4.1/bin/../lib/gcc/arm-none-eabi/5.4.1/../../../../arm-none-eabi/lib/armv7-m\libg_nano.a(lib_a-memmove.o)
 .debug_frame   0x00004064       0x30 c:/program files (x86)/cypress/psoc creator/4.2/psoc creator/import/gnu/arm/5.4.1/bin/../lib/gcc/arm-none-eabi/5.4.1/../../../../arm-none-eabi/lib/armv7-m\libg_nano.a(lib_a-mlock.o)
 .debug_frame   0x00004094       0x3c c:/program files (x86)/cypress/psoc creator/4.2/psoc creator/import/gnu/arm/5.4.1/bin/../lib/gcc/arm-none-eabi/5.4.1/../../../../arm-none-eabi/lib/armv7-m\libg_nano.a(lib_a-nano-reallocr.o)
 .debug_frame   0x000040d0       0x5c c:/program files (x86)/cypress/psoc creator/4.2/psoc creator/import/gnu/arm/5.4.1/bin/../lib/gcc/arm-none-eabi/5.4.1/../../../../arm-none-eabi/lib/armv7-m\libg_nano.a(lib_a-reent.o)
 .debug_frame   0x0000412c       0x20 c:/program files (x86)/cypress/psoc creator/4.2/psoc creator/import/gnu/arm/5.4.1/bin/../lib/gcc/arm-none-eabi/5.4.1/../../../../arm-none-eabi/lib/armv7-m\libg_nano.a(lib_a-nano-msizer.o)

.debug_str      0x00000000     0x2b10
 *(.debug_str)
 .debug_str     0x00000000      0x304 .\CortexM3\ARM_GCC_541\Debug\main.o
                                0x35a (size before relaxing)
 .debug_str     0x00000304       0x14 .\CortexM3\ARM_GCC_541\Debug\debug.o
                                0x1b7 (size before relaxing)
 .debug_str     0x00000318      0x23f .\CortexM3\ARM_GCC_541\Debug\cyfitter_cfg.o
                                0x3e9 (size before relaxing)
 .debug_str     0x00000557       0x7f .\CortexM3\ARM_GCC_541\Debug\cymetadata.o
                                0x1ed (size before relaxing)
 .debug_str     0x000005d6      0x123 .\CortexM3\ARM_GCC_541\Debug\Cm3Start.o
                                0x2e0 (size before relaxing)
 .debug_str     0x000006f9      0x270 .\CortexM3\ARM_GCC_541\Debug\PSOC_arm_project.a(UART.o)
                                0x42a (size before relaxing)
 .debug_str     0x00000969      0x10c .\CortexM3\ARM_GCC_541\Debug\PSOC_arm_project.a(isr_rx.o)
                                0x2bd (size before relaxing)
 .debug_str     0x00000a75      0x1b0 .\CortexM3\ARM_GCC_541\Debug\PSOC_arm_project.a(UART_IntClock.o)
                                0x33f (size before relaxing)
 .debug_str     0x00000c25      0x7fe .\CortexM3\ARM_GCC_541\Debug\PSOC_arm_project.a(CyLib.o)
                                0xa17 (size before relaxing)
 .debug_str     0x00001423      0x371 .\CortexM3\ARM_GCC_541\Debug\PSOC_arm_project.a(cyPm.o)
                                0x54c (size before relaxing)
 .debug_str     0x00001794      0x196 .\CortexM3\ARM_GCC_541\Debug\PSOC_arm_project.a(PWM_1.o)
                                0x33a (size before relaxing)
 .debug_str     0x0000192a      0x17a .\CortexM3\ARM_GCC_541\Debug\PSOC_arm_project.a(Timer_1.o)
                                0x33b (size before relaxing)
 .debug_str     0x00001aa4      0x1ad .\CortexM3\ARM_GCC_541\Debug\PSOC_arm_project.a(median_timer.o)
                                0x36e (size before relaxing)
 .debug_str     0x00001c51      0x18e .\CortexM3\ARM_GCC_541\Debug\PSOC_arm_project.a(update_median_isr.o)
                                0x357 (size before relaxing)
 .debug_str     0x00001ddf      0x165 .\CortexM3\ARM_GCC_541\Debug\PSOC_arm_project.a(PWM_0.o)
                                0x33a (size before relaxing)
 .debug_str     0x00001f44      0x1e7 .\CortexM3\ARM_GCC_541\Debug\PSOC_arm_project.a(ADC_0.o)
                                0x3e6 (size before relaxing)
 .debug_str     0x0000212b       0x2d .\CortexM3\ARM_GCC_541\Debug\PSOC_arm_project.a(ADC_0_INT.o)
                                0x19c (size before relaxing)
 .debug_str     0x00002158       0x6c .\CortexM3\ARM_GCC_541\Debug\PSOC_arm_project.a(AMux_0.o)
                                0x1e9 (size before relaxing)
 .debug_str     0x000021c4      0x165 .\CortexM3\ARM_GCC_541\Debug\PSOC_arm_project.a(PWM_2.o)
                                0x33a (size before relaxing)
 .debug_str     0x00002329      0x165 .\CortexM3\ARM_GCC_541\Debug\PSOC_arm_project.a(PWM_3.o)
                                0x33a (size before relaxing)
 .debug_str     0x0000248e      0x1a6 .\CortexM3\ARM_GCC_541\Debug\PSOC_arm_project.a(ADC_0_theACLK.o)
                                0x386 (size before relaxing)
 .debug_str     0x00002634      0x117 .\CortexM3\ARM_GCC_541\Debug\PSOC_arm_project.a(EEPROM.o)
                                0x2ed (size before relaxing)
 .debug_str     0x0000274b      0x18f .\CortexM3\ARM_GCC_541\Debug\PSOC_arm_project.a(CyScBoostClk.o)
                                0x378 (size before relaxing)
 .debug_str     0x000028da      0x124 .\CortexM3\ARM_GCC_541\Debug\PSOC_arm_project.a(CyFlash.o)
                                0x2ff (size before relaxing)
 .debug_str     0x000029fe      0x112 .\CortexM3\ARM_GCC_541\Debug\PSOC_arm_project.a(CySpc.o)
                                0x2fc (size before relaxing)

.debug_loc
 *(.debug_loc)

.debug_macinfo
 *(.debug_macinfo)

.debug_ranges   0x00000000      0xc18
 *(.debug_ranges)
 .debug_ranges  0x00000000       0x30 .\CortexM3\ARM_GCC_541\Debug\main.o
 .debug_ranges  0x00000030       0x10 .\CortexM3\ARM_GCC_541\Debug\debug.o
 .debug_ranges  0x00000040       0x60 .\CortexM3\ARM_GCC_541\Debug\cyfitter_cfg.o
 .debug_ranges  0x000000a0       0x38 .\CortexM3\ARM_GCC_541\Debug\Cm3Start.o
 .debug_ranges  0x000000d8       0xe0 .\CortexM3\ARM_GCC_541\Debug\PSOC_arm_project.a(UART.o)
 .debug_ranges  0x000001b8       0x70 .\CortexM3\ARM_GCC_541\Debug\PSOC_arm_project.a(isr_rx.o)
 .debug_ranges  0x00000228       0x60 .\CortexM3\ARM_GCC_541\Debug\PSOC_arm_project.a(UART_IntClock.o)
 .debug_ranges  0x00000288      0x298 .\CortexM3\ARM_GCC_541\Debug\PSOC_arm_project.a(CyLib.o)
 .debug_ranges  0x00000520       0x88 .\CortexM3\ARM_GCC_541\Debug\PSOC_arm_project.a(cyPm.o)
 .debug_ranges  0x000005a8       0x88 .\CortexM3\ARM_GCC_541\Debug\PSOC_arm_project.a(PWM_1.o)
 .debug_ranges  0x00000630       0x80 .\CortexM3\ARM_GCC_541\Debug\PSOC_arm_project.a(Timer_1.o)
 .debug_ranges  0x000006b0       0x78 .\CortexM3\ARM_GCC_541\Debug\PSOC_arm_project.a(median_timer.o)
 .debug_ranges  0x00000728       0x70 .\CortexM3\ARM_GCC_541\Debug\PSOC_arm_project.a(update_median_isr.o)
 .debug_ranges  0x00000798       0x88 .\CortexM3\ARM_GCC_541\Debug\PSOC_arm_project.a(PWM_0.o)
 .debug_ranges  0x00000820       0x98 .\CortexM3\ARM_GCC_541\Debug\PSOC_arm_project.a(ADC_0.o)
 .debug_ranges  0x000008b8       0x10 .\CortexM3\ARM_GCC_541\Debug\PSOC_arm_project.a(ADC_0_INT.o)
 .debug_ranges  0x000008c8       0x20 .\CortexM3\ARM_GCC_541\Debug\PSOC_arm_project.a(AMux_0.o)
 .debug_ranges  0x000008e8       0x88 .\CortexM3\ARM_GCC_541\Debug\PSOC_arm_project.a(PWM_2.o)
 .debug_ranges  0x00000970       0x88 .\CortexM3\ARM_GCC_541\Debug\PSOC_arm_project.a(PWM_3.o)
 .debug_ranges  0x000009f8       0x70 .\CortexM3\ARM_GCC_541\Debug\PSOC_arm_project.a(ADC_0_theACLK.o)
 .debug_ranges  0x00000a68       0x68 .\CortexM3\ARM_GCC_541\Debug\PSOC_arm_project.a(EEPROM.o)
 .debug_ranges  0x00000ad0       0x70 .\CortexM3\ARM_GCC_541\Debug\PSOC_arm_project.a(CyScBoostClk.o)
 .debug_ranges  0x00000b40       0x70 .\CortexM3\ARM_GCC_541\Debug\PSOC_arm_project.a(CyFlash.o)
 .debug_ranges  0x00000bb0       0x68 .\CortexM3\ARM_GCC_541\Debug\PSOC_arm_project.a(CySpc.o)

.comment        0x00000000       0x6e
 .comment       0x00000000       0x6e .\CortexM3\ARM_GCC_541\Debug\main.o
                                 0x6f (size before relaxing)
 .comment       0x0000006e       0x6f .\CortexM3\ARM_GCC_541\Debug\debug.o
 .comment       0x0000006e       0x6f .\CortexM3\ARM_GCC_541\Debug\cyfitter_cfg.o
 .comment       0x0000006e       0x6f .\CortexM3\ARM_GCC_541\Debug\cymetadata.o
 .comment       0x0000006e       0x6f .\CortexM3\ARM_GCC_541\Debug\Cm3Start.o
 .comment       0x0000006e       0x6f .\CortexM3\ARM_GCC_541\Debug\PSOC_arm_project.a(UART.o)
 .comment       0x0000006e       0x6f .\CortexM3\ARM_GCC_541\Debug\PSOC_arm_project.a(isr_rx.o)
 .comment       0x0000006e       0x6f .\CortexM3\ARM_GCC_541\Debug\PSOC_arm_project.a(UART_IntClock.o)
 .comment       0x0000006e       0x6f .\CortexM3\ARM_GCC_541\Debug\PSOC_arm_project.a(CyLib.o)
 .comment       0x0000006e       0x6f .\CortexM3\ARM_GCC_541\Debug\PSOC_arm_project.a(cyPm.o)
 .comment       0x0000006e       0x6f .\CortexM3\ARM_GCC_541\Debug\PSOC_arm_project.a(PWM_1.o)
 .comment       0x0000006e       0x6f .\CortexM3\ARM_GCC_541\Debug\PSOC_arm_project.a(Timer_1.o)
 .comment       0x0000006e       0x6f .\CortexM3\ARM_GCC_541\Debug\PSOC_arm_project.a(median_timer.o)
 .comment       0x0000006e       0x6f .\CortexM3\ARM_GCC_541\Debug\PSOC_arm_project.a(update_median_isr.o)
 .comment       0x0000006e       0x6f .\CortexM3\ARM_GCC_541\Debug\PSOC_arm_project.a(PWM_0.o)
 .comment       0x0000006e       0x6f .\CortexM3\ARM_GCC_541\Debug\PSOC_arm_project.a(ADC_0.o)
 .comment       0x0000006e       0x6f .\CortexM3\ARM_GCC_541\Debug\PSOC_arm_project.a(ADC_0_INT.o)
 .comment       0x0000006e       0x6f .\CortexM3\ARM_GCC_541\Debug\PSOC_arm_project.a(AMux_0.o)
 .comment       0x0000006e       0x6f .\CortexM3\ARM_GCC_541\Debug\PSOC_arm_project.a(PWM_2.o)