Archive member included to satisfy reference by file (symbol)

.\CortexM3\ARM_GCC_541\Debug\PSOC_arm_project.a(UART.o)
                              .\CortexM3\ARM_GCC_541\Debug\main.o (UART_Start)
.\CortexM3\ARM_GCC_541\Debug\PSOC_arm_project.a(LED.o)
                              .\CortexM3\ARM_GCC_541\Debug\main.o (LED_Write)
.\CortexM3\ARM_GCC_541\Debug\PSOC_arm_project.a(isr_rx.o)
                              .\CortexM3\ARM_GCC_541\Debug\main.o (isr_rx_StartEx)
.\CortexM3\ARM_GCC_541\Debug\PSOC_arm_project.a(UART_IntClock.o)
                              .\CortexM3\ARM_GCC_541\Debug\PSOC_arm_project.a(UART.o) (UART_IntClock_Start)
.\CortexM3\ARM_GCC_541\Debug\PSOC_arm_project.a(CyLib.o)
                              .\CortexM3\ARM_GCC_541\Debug\Cm3Start.o (CyResetStatus)
.\CortexM3\ARM_GCC_541\Debug\PSOC_arm_project.a(cyPm.o)
                              .\CortexM3\ARM_GCC_541\Debug\PSOC_arm_project.a(CyLib.o) (CyPmReadStatus)
.\CortexM3\ARM_GCC_541\Debug\PSOC_arm_project.a(PWM_1.o)
                              .\CortexM3\ARM_GCC_541\Debug\main.o (PWM_1_Start)
.\CortexM3\ARM_GCC_541\Debug\PSOC_arm_project.a(ADC_SAR_1.o)
                              .\CortexM3\ARM_GCC_541\Debug\main.o (ADC_SAR_1_Start)
.\CortexM3\ARM_GCC_541\Debug\PSOC_arm_project.a(ADC_SAR_1_INT.o)
                              .\CortexM3\ARM_GCC_541\Debug\PSOC_arm_project.a(ADC_SAR_1.o) (ADC_SAR_1_ISR)
.\CortexM3\ARM_GCC_541\Debug\PSOC_arm_project.a(ADC_SAR_1_theACLK.o)
                              .\CortexM3\ARM_GCC_541\Debug\PSOC_arm_project.a(ADC_SAR_1.o) (ADC_SAR_1_theACLK_SetModeRegister)
.\CortexM3\ARM_GCC_541\Debug\PSOC_arm_project.a(Timer_1.o)
                              .\CortexM3\ARM_GCC_541\Debug\main.o (Timer_1_WriteCounter)
.\CortexM3\ARM_GCC_541\Debug\PSOC_arm_project.a(median_timer.o)
                              .\CortexM3\ARM_GCC_541\Debug\main.o (median_timer_Start)
.\CortexM3\ARM_GCC_541\Debug\PSOC_arm_project.a(update_median_isr.o)
                              .\CortexM3\ARM_GCC_541\Debug\main.o (update_median_isr_StartEx)
.\CortexM3\ARM_GCC_541\Debug\PSOC_arm_project.a(CyBootAsmGnu.o)
                              .\CortexM3\ARM_GCC_541\Debug\cyfitter_cfg.o (CyDelayCycles)
.\CortexM3\ARM_GCC_541\Debug\PSOC_arm_project.a(CyScBoostClk.o)
                              .\CortexM3\ARM_GCC_541\Debug\PSOC_arm_project.a(CyLib.o) (CyScBoostClk_Start)
.\CortexM3\ARM_GCC_541\Debug\PSOC_arm_project.a(CyFlash.o)
                              .\CortexM3\ARM_GCC_541\Debug\PSOC_arm_project.a(cyPm.o) (CyFlash_SetWaitCycles)
.\CortexM3\ARM_GCC_541\Debug\PSOC_arm_project.a(CySpc.o)
                              .\CortexM3\ARM_GCC_541\Debug\PSOC_arm_project.a(CyFlash.o) (CySpcStart)
c:/program files (x86)/cypress/psoc creator/4.2/psoc creator/import/gnu/arm/5.4.1/bin/../lib/gcc/arm-none-eabi/5.4.1/armv7-m\libgcc.a(_arm_addsubdf3.o)
                              .\CortexM3\ARM_GCC_541\Debug\main.o (__aeabi_dsub)
c:/program files (x86)/cypress/psoc creator/4.2/psoc creator/import/gnu/arm/5.4.1/bin/../lib/gcc/arm-none-eabi/5.4.1/armv7-m\libgcc.a(_arm_muldivdf3.o)
                              .\CortexM3\ARM_GCC_541\Debug\main.o (__aeabi_dmul)
c:/program files (x86)/cypress/psoc creator/4.2/psoc creator/import/gnu/arm/5.4.1/bin/../lib/gcc/arm-none-eabi/5.4.1/armv7-m\libgcc.a(_arm_fixdfsi.o)
                              .\CortexM3\ARM_GCC_541\Debug\main.o (__aeabi_d2iz)
c:/program files (x86)/cypress/psoc creator/4.2/psoc creator/import/gnu/arm/5.4.1/bin/../lib/gcc/arm-none-eabi/5.4.1/armv7-m\libgcc.a(_arm_fixunsdfsi.o)
                              .\CortexM3\ARM_GCC_541\Debug\main.o (__aeabi_d2uiz)
c:/program files (x86)/cypress/psoc creator/4.2/psoc creator/import/gnu/arm/5.4.1/bin/../lib/gcc/arm-none-eabi/5.4.1/armv7-m\libgcc.a(_arm_addsubsf3.o)
                              .\CortexM3\ARM_GCC_541\Debug\PSOC_arm_project.a(ADC_SAR_1.o) (__aeabi_i2f)
c:/program files (x86)/cypress/psoc creator/4.2/psoc creator/import/gnu/arm/5.4.1/bin/../lib/gcc/arm-none-eabi/5.4.1/armv7-m\libgcc.a(_arm_muldivsf3.o)
                              .\CortexM3\ARM_GCC_541\Debug\PSOC_arm_project.a(ADC_SAR_1.o) (__aeabi_fmul)
c:/program files (x86)/cypress/psoc creator/4.2/psoc creator/import/gnu/arm/5.4.1/bin/../lib/gcc/arm-none-eabi/5.4.1/armv7-m\libgcc.a(_aeabi_ldivmod.o)
                              .\CortexM3\ARM_GCC_541\Debug\PSOC_arm_project.a(ADC_SAR_1.o) (__aeabi_ldivmod)
c:/program files (x86)/cypress/psoc creator/4.2/psoc creator/import/gnu/arm/5.4.1/bin/../lib/gcc/arm-none-eabi/5.4.1/armv7-m\libgcc.a(_udivmoddi4.o)
                              c:/program files (x86)/cypress/psoc creator/4.2/psoc creator/import/gnu/arm/5.4.1/bin/../lib/gcc/arm-none-eabi/5.4.1/armv7-m\libgcc.a(_aeabi_ldivmod.o) (__udivmoddi4)
c:/program files (x86)/cypress/psoc creator/4.2/psoc creator/import/gnu/arm/5.4.1/bin/../lib/gcc/arm-none-eabi/5.4.1/armv7-m\libgcc.a(_dvmd_tls.o)
[...]
Memory Configuration

Name             Origin             Length             Attributes
rom              0x00000000         0x00040000         xr
ram              0x1fff8000         0x00010000         xrw
*default*        0x00000000         0xffffffff

Linker script and memory map

LOAD c:/program files (x86)/cypress/psoc creator/4.2/psoc creator/import/gnu/arm/5.4.1/bin/../lib/gcc/arm-none-eabi/5.4.1/armv7-m/crti.o
LOAD c:/program files (x86)/cypress/psoc creator/4.2/psoc creator/import/gnu/arm/5.4.1/bin/../lib/gcc/arm-none-eabi/5.4.1/armv7-m/crtbegin.o
LOAD c:/program files (x86)/cypress/psoc creator/4.2/psoc creator/import/gnu/arm/5.4.1/bin/../lib/gcc/arm-none-eabi/5.4.1/../../../../arm-none-eabi/lib/armv7-m/crt0.o
START GROUP
LOAD .\CortexM3\ARM_GCC_541\Debug\main.o
LOAD .\CortexM3\ARM_GCC_541\Debug\debug.o
LOAD .\CortexM3\ARM_GCC_541\Debug\cyfitter_cfg.o
LOAD .\CortexM3\ARM_GCC_541\Debug\cymetadata.o
LOAD .\CortexM3\ARM_GCC_541\Debug\Cm3Start.o
LOAD .\CortexM3\ARM_GCC_541\Debug\PSOC_arm_project.a
LOAD C:\Program Files (x86)\Cypress\PSoC Creator\4.2\PSoC Creator\psoc\content\cycomponentlibrary\CyComponentLibrary.cylib\CortexM3\ARM_GCC_541\Debug\CyComponentLibrary.a
LOAD c:/program files (x86)/cypress/psoc creator/4.2/psoc creator/import/gnu/arm/5.4.1/bin/../lib/gcc/arm-none-eabi/5.4.1/../../../../arm-none-eabi/lib/armv7-m\libm.a
END GROUP
START GROUP
LOAD c:/program files (x86)/cypress/psoc creator/4.2/psoc creator/import/gnu/arm/5.4.1/bin/../lib/gcc/arm-none-eabi/5.4.1/armv7-m\libgcc.a
LOAD c:/program files (x86)/cypress/psoc creator/4.2/psoc creator/import/gnu/arm/5.4.1/bin/../lib/gcc/arm-none-eabi/5.4.1/../../../../arm-none-eabi/lib/armv7-m\libg_nano.a
LOAD c:/program files (x86)/cypress/psoc creator/4.2/psoc creator/import/gnu/arm/5.4.1/bin/../lib/gcc/arm-none-eabi/5.4.1/../../../../arm-none-eabi/lib/armv7-m\libc_nano.a
END GROUP
START GROUP
LOAD c:/program files (x86)/cypress/psoc creator/4.2/psoc creator/import/gnu/arm/5.4.1/bin/../lib/gcc/arm-none-eabi/5.4.1/armv7-m\libgcc.a
LOAD c:/program files (x86)/cypress/psoc creator/4.2/psoc creator/import/gnu/arm/5.4.1/bin/../lib/gcc/arm-none-eabi/5.4.1/../../../../arm-none-eabi/lib/armv7-m\libc_nano.a
END GROUP
LOAD c:/program files (x86)/cypress/psoc creator/4.2/psoc creator/import/gnu/arm/5.4.1/bin/../lib/gcc/arm-none-eabi/5.4.1/armv7-m/crtend.o
LOAD c:/program files (x86)/cypress/psoc creator/4.2/psoc creator/import/gnu/arm/5.4.1/bin/../lib/gcc/arm-none-eabi/5.4.1/armv7-m/crtn.o
START GROUP
LOAD c:/program files (x86)/cypress/psoc creator/4.2/psoc creator/import/gnu/arm/5.4.1/bin/../lib/gcc/arm-none-eabi/5.4.1/armv7-m\libgcc.a
LOAD c:/program files (x86)/cypress/psoc creator/4.2/psoc creator/import/gnu/arm/5.4.1/bin/../lib/gcc/arm-none-eabi/5.4.1/../../../../arm-none-eabi/lib/armv7-m\libc.a
LOAD c:/program files (x86)/cypress/psoc creator/4.2/psoc creator/import/gnu/arm/5.4.1/bin/../lib/gcc/arm-none-eabi/5.4.1/../../../../arm-none-eabi/lib/armv7-m\libnosys.a
END GROUP
                0x00000000                CY_APPL_ORIGIN = 0x0
                0x00000100                CY_FLASH_ROW_SIZE = 0x100
                0x00000020                CY_ECC_ROW_SIZE = 0x20
                0x00000000                CY_EE_IN_BTLDR = 0x0
                0x00000000                CY_APPL_LOADABLE = 0x0
                0x00000800                CY_EE_SIZE = 0x800
                0x00000001                CY_APPL_NUM = 0x1
                0x00000001                CY_APPL_MAX = 0x1
                0x00000040                CY_METADATA_SIZE = 0x40
                0x00000000                CY_APPL_LOADABLE = 0x0
                0x00000000                CY_CHECKSUM_EXCLUDE_SIZE = ALIGN (0x0, CY_FLASH_ROW_SIZE)
                [!provide]                PROVIDE (__cy_heap_start, _end)
                0x00000001                PROVIDE (__cy_region_num, ((__cy_regions_end - __cy_regions) / 0x10))
                0x20008000                PROVIDE (__cy_stack, (ORIGIN (ram) + LENGTH (ram)))
                [!provide]                PROVIDE (__cy_heap_end, (__cy_stack - 0x800))

.cybootloader   0x00000000        0x0
 *(.cybootloader)
                0x00000000                appl1_start = CY_APPL_ORIGIN?CY_APPL_ORIGIN:ALIGN (CY_FLASH_ROW_SIZE)
                0x0001ff00                appl2_start = (appl1_start + ALIGN ((((LENGTH (rom) - appl1_start) - (0x2 * CY_FLASH_ROW_SIZE)) / 0x2), CY_FLASH_ROW_SIZE))
                0x00000000                appl_start = (CY_APPL_NUM == 0x1)?appl1_start:appl2_start
                0x00000000                ecc_offset = ((appl_start / CY_FLASH_ROW_SIZE) * CY_ECC_ROW_SIZE)
                0x00000000                ee_offset = (CY_APPL_LOADABLE && ! (CY_EE_IN_BTLDR))?((CY_EE_SIZE / CY_APPL_MAX) * (CY_APPL_NUM - 0x1)):0x0
                0x00000800                ee_size = (CY_APPL_LOADABLE && ! (CY_EE_IN_BTLDR))?(CY_EE_SIZE / CY_APPL_MAX):CY_EE_SIZE
                [!provide]                PROVIDE (CY_ECC_OFFSET, ecc_offset)

.text           0x00000000     0x58f0
 CREATE_OBJECT_SYMBOLS
                0x00000000                PROVIDE (__cy_interrupt_vector, RomVectors)
 *(.romvectors)
 .romvectors    0x00000000       0x10 .\CortexM3\ARM_GCC_541\Debug\Cm3Start.o
                0x00000000                RomVectors
                0x00000001                ASSERT ((. != __cy_interrupt_vector), No interrupt vector)
                0x00000001                ASSERT (CY_APPL_ORIGIN?(SIZEOF (.cybootloader) <= CY_APPL_ORIGIN):0x1, Wrong image location)
                0x00000010                PROVIDE (__cy_reset, Reset)
 *(.text.Reset)
 .text.Reset    0x00000010       0x18 .\CortexM3\ARM_GCC_541\Debug\Cm3Start.o
                0x00000010                Reset
                0x00000001                ASSERT ((. != __cy_reset), No reset code)
 *(.dma_init)
                0x00000001                ASSERT ((((appl_start + .) <= 0x10000) || 0x1), DMA Init must be within the first 64k of flash)
 *(.text .text.* .gnu.linkonce.t.*)
 .text          0x00000028       0x5c c:/program files (x86)/cypress/psoc creator/4.2/psoc creator/import/gnu/arm/5.4.1/bin/../lib/gcc/arm-none-eabi/5.4.1/armv7-m/crtbegin.o
 .text.adc_update
                0x00000084       0xf8 .\CortexM3\ARM_GCC_541\Debug\main.o
                0x00000084                adc_update
 .text.RxIsr    0x0000017c      0x2a4 .\CortexM3\ARM_GCC_541\Debug\main.o
                0x0000017c                RxIsr
 .text.main     0x00000420      0x2f0 .\CortexM3\ARM_GCC_541\Debug\main.o
                0x00000420                main
 .text.CYMEMZERO
                0x00000710       0x1c .\CortexM3\ARM_GCC_541\Debug\cyfitter_cfg.o
 .text.CYCONFIGCPY
                0x0000072c       0x20 .\CortexM3\ARM_GCC_541\Debug\cyfitter_cfg.o
 .text.CyClockStartupError
                0x0000074c        0xc .\CortexM3\ARM_GCC_541\Debug\cyfitter_cfg.o
 .text.cfg_write_bytes32
                0x00000758       0x74 .\CortexM3\ARM_GCC_541\Debug\cyfitter_cfg.o
 .text.ClockSetup
                0x000007cc      0x16c .\CortexM3\ARM_GCC_541\Debug\cyfitter_cfg.o
 .text.AnalogSetDefault
                0x00000938       0xe4 .\CortexM3\ARM_GCC_541\Debug\cyfitter_cfg.o
 .text.cyfitter_cfg
                0x00000a1c      0x17c .\CortexM3\ARM_GCC_541\Debug\cyfitter_cfg.o
                0x00000a1c                cyfitter_cfg
 .text.IntDefaultHandler
                0x00000b98       0x14 .\CortexM3\ARM_GCC_541\Debug\Cm3Start.o
                0x00000b98                IntDefaultHandler
 .text._sbrk    0x00000bac       0x54 .\CortexM3\ARM_GCC_541\Debug\Cm3Start.o
                0x00000bac                _sbrk
 .text.Start_c  0x00000c00       0x98 .\CortexM3\ARM_GCC_541\Debug\Cm3Start.o
                0x00000c00                Start_c
 .text.initialize_psoc
                0x00000c98       0x90 .\CortexM3\ARM_GCC_541\Debug\Cm3Start.o
                0x00000c98                initialize_psoc
 .text.UART_Start
                0x00000d28       0x24 .\CortexM3\ARM_GCC_541\Debug\PSOC_arm_project.a(UART.o)
                0x00000d28                UART_Start
 .text.UART_Init
                0x00000d4c       0x40 .\CortexM3\ARM_GCC_541\Debug\PSOC_arm_project.a(UART.o)
                0x00000d4c                UART_Init
 .text.UART_Enable
                0x00000d8c       0x60 .\CortexM3\ARM_GCC_541\Debug\PSOC_arm_project.a(UART.o)
                0x00000d8c                UART_Enable
 .text.UART_PutChar
                0x00000dec       0x34 .\CortexM3\ARM_GCC_541\Debug\PSOC_arm_project.a(UART.o)
                0x00000dec                UART_PutChar
 .text.UART_PutString
                0x00000e20       0x44 .\CortexM3\ARM_GCC_541\Debug\PSOC_arm_project.a(UART.o)
                0x00000e20                UART_PutString
 .text.LED_Write
                0x00000e64       0x3c .\CortexM3\ARM_GCC_541\Debug\PSOC_arm_project.a(LED.o)
                0x00000e64                LED_Write
 .text.isr_rx_StartEx
                0x00000ea0       0x24 .\CortexM3\ARM_GCC_541\Debug\PSOC_arm_project.a(isr_rx.o)
                0x00000ea0                isr_rx_StartEx
 .text.isr_rx_SetVector
                0x00000ec4       0x24 .\CortexM3\ARM_GCC_541\Debug\PSOC_arm_project.a(isr_rx.o)
                0x00000ec4                isr_rx_SetVector
 .text.isr_rx_SetPriority
                0x00000ee8       0x24 .\CortexM3\ARM_GCC_541\Debug\PSOC_arm_project.a(isr_rx.o)
                0x00000ee8                isr_rx_SetPriority
 .text.isr_rx_Enable
                0x00000f0c       0x18 .\CortexM3\ARM_GCC_541\Debug\PSOC_arm_project.a(isr_rx.o)
                0x00000f0c                isr_rx_Enable
 .text.isr_rx_Disable
                0x00000f24       0x18 .\CortexM3\ARM_GCC_541\Debug\PSOC_arm_project.a(isr_rx.o)
                0x00000f24                isr_rx_Disable
 .text.UART_IntClock_Start
                0x00000f3c       0x34 .\CortexM3\ARM_GCC_541\Debug\PSOC_arm_project.a(UART_IntClock.o)
                0x00000f3c                UART_IntClock_Start
 .text.CyHalt   0x00000f70       0x18 .\CortexM3\ARM_GCC_541\Debug\PSOC_arm_project.a(CyLib.o)
                0x00000f70                CyHalt
 .text.CyDelay  0x00000f88       0x44 .\CortexM3\ARM_GCC_541\Debug\PSOC_arm_project.a(CyLib.o)
                0x00000f88                CyDelay
 .text.CyDelayUs
                0x00000fcc       0x28 .\CortexM3\ARM_GCC_541\Debug\PSOC_arm_project.a(CyLib.o)
                0x00000fcc                CyDelayUs
 .text.CyIntSetVector
                0x00000ff4       0x50 .\CortexM3\ARM_GCC_541\Debug\PSOC_arm_project.a(CyLib.o)
                0x00000ff4                CyIntSetVector
 .text.CyIntSetPriority
                0x00001044       0x48 .\CortexM3\ARM_GCC_541\Debug\PSOC_arm_project.a(CyLib.o)
                0x00001044                CyIntSetPriority
 .text.PWM_1_Start
                0x0000108c       0x24 .\CortexM3\ARM_GCC_541\Debug\PSOC_arm_project.a(PWM_1.o)
                0x0000108c                PWM_1_Start
 .text.PWM_1_Init
                0x000010b0       0x94 .\CortexM3\ARM_GCC_541\Debug\PSOC_arm_project.a(PWM_1.o)
                0x000010b0                PWM_1_Init
 .text.PWM_1_Enable
                0x00001144       0x20 .\CortexM3\ARM_GCC_541\Debug\PSOC_arm_project.a(PWM_1.o)
                0x00001144                PWM_1_Enable
 .text.PWM_1_WriteCounter
                0x00001164       0x20 .\CortexM3\ARM_GCC_541\Debug\PSOC_arm_project.a(PWM_1.o)
                0x00001164                PWM_1_WriteCounter
 .text.PWM_1_ClearFIFO
                0x00001184       0x1c .\CortexM3\ARM_GCC_541\Debug\PSOC_arm_project.a(PWM_1.o)
                0x00001184                PWM_1_ClearFIFO
 .text.PWM_1_WritePeriod
                0x000011a0       0x20 .\CortexM3\ARM_GCC_541\Debug\PSOC_arm_project.a(PWM_1.o)
                0x000011a0                PWM_1_WritePeriod
 .text.PWM_1_WriteCompare
                0x000011c0       0x20 .\CortexM3\ARM_GCC_541\Debug\PSOC_arm_project.a(PWM_1.o)
                0x000011c0                PWM_1_WriteCompare
 .text.PWM_1_SetInterruptMode
                0x000011e0       0x20 .\CortexM3\ARM_GCC_541\Debug\PSOC_arm_project.a(PWM_1.o)
                0x000011e0                PWM_1_SetInterruptMode
 .text.PWM_1_ReadStatusRegister
                0x00001200       0x18 .\CortexM3\ARM_GCC_541\Debug\PSOC_arm_project.a(PWM_1.o)
                0x00001200                PWM_1_ReadStatusRegister
 .text.PWM_1_ReadCapture
                0x00001218       0x18 .\CortexM3\ARM_GCC_541\Debug\PSOC_arm_project.a(PWM_1.o)
                0x00001218                PWM_1_ReadCapture
 .text.ADC_SAR_1_Start
                0x00001230       0x24 .\CortexM3\ARM_GCC_541\Debug\PSOC_arm_project.a(ADC_SAR_1.o)
                0x00001230                ADC_SAR_1_Start
 .text.ADC_SAR_1_Init
                0x00001254       0x48 .\CortexM3\ARM_GCC_541\Debug\PSOC_arm_project.a(ADC_SAR_1.o)
                0x00001254                ADC_SAR_1_Init
 .text.ADC_SAR_1_Enable
                0x0000129c       0xf4 .\CortexM3\ARM_GCC_541\Debug\PSOC_arm_project.a(ADC_SAR_1.o)
                0x0000129c                ADC_SAR_1_Enable
 .text.ADC_SAR_1_SetResolution
                0x00001390       0x54 .\CortexM3\ARM_GCC_541\Debug\PSOC_arm_project.a(ADC_SAR_1.o)
                0x00001390                ADC_SAR_1_SetResolution
 .text.ADC_SAR_1_StartConvert
                0x000013e4       0x30 .\CortexM3\ARM_GCC_541\Debug\PSOC_arm_project.a(ADC_SAR_1.o)
                0x000013e4                ADC_SAR_1_StartConvert
 .text.ADC_SAR_1_IsEndConversion
                0x00001414       0x40 .\CortexM3\ARM_GCC_541\Debug\PSOC_arm_project.a(ADC_SAR_1.o)
                0x00001414                ADC_SAR_1_IsEndConversion
 .text.ADC_SAR_1_GetResult16
                0x00001454       0x30 .\CortexM3\ARM_GCC_541\Debug\PSOC_arm_project.a(ADC_SAR_1.o)
                0x00001454                ADC_SAR_1_GetResult16
 .text.ADC_SAR_1_CalcGain
                0x00001484       0x80 .\CortexM3\ARM_GCC_541\Debug\PSOC_arm_project.a(ADC_SAR_1.o)
 .text.ADC_SAR_1_ISR
                0x00001504        0xc .\CortexM3\ARM_GCC_541\Debug\PSOC_arm_project.a(ADC_SAR_1_INT.o)
                0x00001504                ADC_SAR_1_ISR
 .text.ADC_SAR_1_theACLK_SetModeRegister
                0x00001510       0x34 .\CortexM3\ARM_GCC_541\Debug\PSOC_arm_project.a(ADC_SAR_1_theACLK.o)
                0x00001510                ADC_SAR_1_theACLK_SetModeRegister
 .text.Timer_1_Init
                0x00001544       0x4c .\CortexM3\ARM_GCC_541\Debug\PSOC_arm_project.a(Timer_1.o)
                0x00001544                Timer_1_Init
 .text.Timer_1_Enable
                0x00001590       0x20 .\CortexM3\ARM_GCC_541\Debug\PSOC_arm_project.a(Timer_1.o)
                0x00001590                Timer_1_Enable
 .text.Timer_1_Start
                0x000015b0       0x24 .\CortexM3\ARM_GCC_541\Debug\PSOC_arm_project.a(Timer_1.o)
                0x000015b0                Timer_1_Start
 .text.Timer_1_SetInterruptMode
                0x000015d4       0x20 .\CortexM3\ARM_GCC_541\Debug\PSOC_arm_project.a(Timer_1.o)
                0x000015d4                Timer_1_SetInterruptMode
 .text.Timer_1_ReadStatusRegister
                0x000015f4       0x18 .\CortexM3\ARM_GCC_541\Debug\PSOC_arm_project.a(Timer_1.o)
                0x000015f4                Timer_1_ReadStatusRegister
 .text.Timer_1_WritePeriod
                0x0000160c       0x20 .\CortexM3\ARM_GCC_541\Debug\PSOC_arm_project.a(Timer_1.o)
                0x0000160c                Timer_1_WritePeriod
 .text.Timer_1_ReadCapture
                0x0000162c       0x18 .\CortexM3\ARM_GCC_541\Debug\PSOC_arm_project.a(Timer_1.o)
                0x0000162c                Timer_1_ReadCapture
 .text.Timer_1_WriteCounter
                0x00001644       0x20 .\CortexM3\ARM_GCC_541\Debug\PSOC_arm_project.a(Timer_1.o)
                0x00001644                Timer_1_WriteCounter
 .text.Timer_1_ReadCounter
                0x00001664       0x20 .\CortexM3\ARM_GCC_541\Debug\PSOC_arm_project.a(Timer_1.o)
                0x00001664                Timer_1_ReadCounter
 .text.Timer_1_ClearFIFO
                0x00001684       0x1c .\CortexM3\ARM_GCC_541\Debug\PSOC_arm_project.a(Timer_1.o)
                0x00001684                Timer_1_ClearFIFO
 .text.median_timer_Init
                0x000016a0       0xa0 .\CortexM3\ARM_GCC_541\Debug\PSOC_arm_project.a(median_timer.o)
                0x000016a0                median_timer_Init
 .text.median_timer_Enable
                0x00001740       0x48 .\CortexM3\ARM_GCC_541\Debug\PSOC_arm_project.a(median_timer.o)
                0x00001740                median_timer_Enable
 .text.median_timer_Start
                0x00001788       0x24 .\CortexM3\ARM_GCC_541\Debug\PSOC_arm_project.a(median_timer.o)
                0x00001788                median_timer_Start
 .text.median_timer_SetInterruptMode
                0x000017ac       0x20 .\CortexM3\ARM_GCC_541\Debug\PSOC_arm_project.a(median_timer.o)
                0x000017ac                median_timer_SetInterruptMode
 .text.median_timer_WritePeriod
                0x000017cc       0x24 .\CortexM3\ARM_GCC_541\Debug\PSOC_arm_project.a(median_timer.o)
                0x000017cc                median_timer_WritePeriod
 .text.median_timer_WriteCounter
                0x000017f0       0x20 .\CortexM3\ARM_GCC_541\Debug\PSOC_arm_project.a(median_timer.o)
                0x000017f0                median_timer_WriteCounter
 .text.update_median_isr_StartEx
                0x00001810       0x24 .\CortexM3\ARM_GCC_541\Debug\PSOC_arm_project.a(update_median_isr.o)
                0x00001810                update_median_isr_StartEx
 .text.update_median_isr_SetVector
                0x00001834       0x24 .\CortexM3\ARM_GCC_541\Debug\PSOC_arm_project.a(update_median_isr.o)
                0x00001834                update_median_isr_SetVector
 .text.update_median_isr_SetPriority
                0x00001858       0x24 .\CortexM3\ARM_GCC_541\Debug\PSOC_arm_project.a(update_median_isr.o)
                0x00001858                update_median_isr_SetPriority
 .text.update_median_isr_Enable
                0x0000187c       0x18 .\CortexM3\ARM_GCC_541\Debug\PSOC_arm_project.a(update_median_isr.o)
                0x0000187c                update_median_isr_Enable
 .text.update_median_isr_Disable
                0x00001894       0x18 .\CortexM3\ARM_GCC_541\Debug\PSOC_arm_project.a(update_median_isr.o)
                0x00001894                update_median_isr_Disable
 .text.update_median_isr_ClearPending
                0x000018ac       0x18 .\CortexM3\ARM_GCC_541\Debug\PSOC_arm_project.a(update_median_isr.o)
                0x000018ac                update_median_isr_ClearPending
 *fill*         0x000018c4        0x4 
 .text          0x000018c8       0x20 .\CortexM3\ARM_GCC_541\Debug\PSOC_arm_project.a(CyBootAsmGnu.o)
                0x000018c8                CyDelayCycles
                0x000018d8                CyEnterCriticalSection
                0x000018e0                CyExitCriticalSection
 .text          0x000018e8      0x370 c:/program files (x86)/cypress/psoc creator/4.2/psoc creator/import/gnu/arm/5.4.1/bin/../lib/gcc/arm-none-eabi/5.4.1/armv7-m\libgcc.a(_arm_addsubdf3.o)
                0x000018e8                __aeabi_drsub
                0x000018f0                __aeabi_dsub
                0x000018f0                __subdf3
                0x000018f4                __aeabi_dadd
                0x000018f4                __adddf3
                0x00001b6c                __floatunsidf
                0x00001b6c                __aeabi_ui2d
                0x00001b8c                __floatsidf
                0x00001b8c                __aeabi_i2d
                0x00001bb0                __aeabi_f2d
                0x00001bb0                __extendsfdf2
                0x00001bec                __floatundidf
                0x00001bec                __aeabi_ul2d
                0x00001bfc                __floatdidf
                0x00001bfc                __aeabi_l2d
 .text          0x00001c58      0x424 c:/program files (x86)/cypress/psoc creator/4.2/psoc creator/import/gnu/arm/5.4.1/bin/../lib/gcc/arm-none-eabi/5.4.1/armv7-m\libgcc.a(_arm_muldivdf3.o)
                0x00001c58                __aeabi_dmul
                0x00001c58                __muldf3
                0x00001eac                __divdf3
                0x00001eac                __aeabi_ddiv
 .text          0x0000207c       0x50 c:/program files (x86)/cypress/psoc creator/4.2/psoc creator/import/gnu/arm/5.4.1/bin/../lib/gcc/arm-none-eabi/5.4.1/armv7-m\libgcc.a(_arm_fixdfsi.o)
                0x0000207c                __aeabi_d2iz
                0x0000207c                __fixdfsi
 .text          0x000020cc       0x40 c:/program files (x86)/cypress/psoc creator/4.2/psoc creator/import/gnu/arm/5.4.1/bin/../lib/gcc/arm-none-eabi/5.4.1/armv7-m\libgcc.a(_arm_fixunsdfsi.o)
                0x000020cc                __aeabi_d2uiz
                0x000020cc                __fixunsdfsi
 .text.__errno  0x0000210c        0xc c:/program files (x86)/cypress/psoc creator/4.2/psoc creator/import/gnu/arm/5.4.1/bin/../lib/gcc/arm-none-eabi/5.4.1/../../../../arm-none-eabi/lib/armv7-m\libg_nano.a(lib_a-errno.o)
                0x0000210c                __errno
 .text.__libc_init_array
                0x00002118       0x4c c:/program files (x86)/cypress/psoc creator/4.2/psoc creator/import/gnu/arm/5.4.1/bin/../lib/gcc/arm-none-eabi/5.4.1/../../../../arm-none-eabi/lib/armv7-m\libg_nano.a(lib_a-init.o)
                0x00002118                __libc_init_array
 .text.memcpy   0x00002164       0x16 c:/program files (x86)/cypress/psoc creator/4.2/psoc creator/import/gnu/arm/5.4.1/bin/../lib/gcc/arm-none-eabi/5.4.1/../../../../arm-none-eabi/lib/armv7-m\libg_nano.a(lib_a-memcpy-stub.o)
                0x00002164                memcpy
 .text.memset   0x0000217a       0x10 c:/program files (x86)/cypress/psoc creator/4.2/psoc creator/import/gnu/arm/5.4.1/bin/../lib/gcc/arm-none-eabi/5.4.1/../../../../arm-none-eabi/lib/armv7-m\libg_nano.a(lib_a-memset.o)
                0x0000217a                memset
 .text.__cvt    0x0000218a       0xc0 c:/program files (x86)/cypress/psoc creator/4.2/psoc creator/import/gnu/arm/5.4.1/bin/../lib/gcc/arm-none-eabi/5.4.1/../../../../arm-none-eabi/lib/armv7-m\libg_nano.a(lib_a-nano-vfprintf_float.o)
                0x0000218a                __cvt
 .text.__exponent
                0x0000224a       0x62 c:/program files (x86)/cypress/psoc creator/4.2/psoc creator/import/gnu/arm/5.4.1/bin/../lib/gcc/arm-none-eabi/5.4.1/../../../../arm-none-eabi/lib/armv7-m\libg_nano.a(lib_a-nano-vfprintf_float.o)
                0x0000224a                __exponent
 .text._printf_float
                0x000022ac      0x488 c:/program files (x86)/cypress/psoc creator/4.2/psoc creator/import/gnu/arm/5.4.1/bin/../lib/gcc/arm-none-eabi/5.4.1/../../../../arm-none-eabi/lib/armv7-m\libg_nano.a(lib_a-nano-vfprintf_float.o)
                0x000022ac                _printf_float
 .text._printf_common
                0x00002734       0xec c:/program files (x86)/cypress/psoc creator/4.2/psoc creator/import/gnu/arm/5.4.1/bin/../lib/gcc/arm-none-eabi/5.4.1/../../../../arm-none-eabi/lib/armv7-m\libg_nano.a(lib_a-nano-vfprintf_i.o)
                0x00002734                _printf_common
 .text._printf_i
                0x00002820      0x24c c:/program files (x86)/cypress/psoc creator/4.2/psoc creator/import/gnu/arm/5.4.1/bin/../lib/gcc/arm-none-eabi/5.4.1/../../../../arm-none-eabi/lib/armv7-m\libg_nano.a(lib_a-nano-vfprintf_i.o)
                0x00002820                _printf_i
 .text.sprintf  0x00002a6c       0x48 c:/program files (x86)/cypress/psoc creator/4.2/psoc creator/import/gnu/arm/5.4.1/bin/../lib/gcc/arm-none-eabi/5.4.1/../../../../arm-none-eabi/lib/armv7-m\libg_nano.a(lib_a-sprintf.o)
                0x00002a6c                siprintf
                0x00002a6c                sprintf
 .text          0x00002ab4       0x10 c:/program files (x86)/cypress/psoc creator/4.2/psoc creator/import/gnu/arm/5.4.1/bin/../lib/gcc/arm-none-eabi/5.4.1/../../../../arm-none-eabi/lib/armv7-m\libg_nano.a(lib_a-strlen.o)
                0x00002ab4                strlen
 .text.sulp     0x00002ac4       0x42 c:/program files (x86)/cypress/psoc creator/4.2/psoc creator/import/gnu/arm/5.4.1/bin/../lib/gcc/arm-none-eabi/5.4.1/../../../../arm-none-eabi/lib/armv7-m\libg_nano.a(lib_a-strtod.o)
 *fill*         0x00002b06        0x2 
 .text._strtod_r
                0x00002b08      0xc00 c:/program files (x86)/cypress/psoc creator/4.2/psoc creator/import/gnu/arm/5.4.1/bin/../lib/gcc/arm-none-eabi/5.4.1/../../../../arm-none-eabi/lib/armv7-m\libg_nano.a(lib_a-strtod.o)
                0x00002b08                _strtod_r
 .text.strtod   0x00003708       0x10 c:/program files (x86)/cypress/psoc creator/4.2/psoc creator/import/gnu/arm/5.4.1/bin/../lib/gcc/arm-none-eabi/5.4.1/../../../../arm-none-eabi/lib/armv7-m\libg_nano.a(lib_a-strtod.o)
                0x00003708                strtod
 .text._strtol_r
                0x00003718      0x10c c:/program files (x86)/cypress/psoc creator/4.2/psoc creator/import/gnu/arm/5.4.1/bin/../lib/gcc/arm-none-eabi/5.4.1/../../../../arm-none-eabi/lib/armv7-m\libg_nano.a(lib_a-strtol.o)
                0x00003718                _strtol_r
 .text.strtol   0x00003824       0x14 c:/program files (x86)/cypress/psoc creator/4.2/psoc creator/import/gnu/arm/5.4.1/bin/../lib/gcc/arm-none-eabi/5.4.1/../../../../arm-none-eabi/lib/armv7-m\libg_nano.a(lib_a-strtol.o)
                0x00003824                strtol
 .text.quorem   0x00003838      0x116 c:/program files (x86)/cypress/psoc creator/4.2/psoc creator/import/gnu/arm/5.4.1/bin/../lib/gcc/arm-none-eabi/5.4.1/../../../../arm-none-eabi/lib/armv7-m\libg_nano.a(lib_a-dtoa.o)
 *fill*         0x0000394e        0x2 
 .text._dtoa_r  0x00003950      0xb30 c:/program files (x86)/cypress/psoc creator/4.2/psoc creator/import/gnu/arm/5.4.1/bin/../lib/gcc/arm-none-eabi/5.4.1/../../../../arm-none-eabi/lib/armv7-m\libg_nano.a(lib_a-dtoa.o)
                0x00003950                _dtoa_r
 .text.rshift   0x00004480       0x6c c:/program files (x86)/cypress/psoc creator/4.2/psoc creator/import/gnu/arm/5.4.1/bin/../lib/gcc/arm-none-eabi/5.4.1/../../../../arm-none-eabi/lib/armv7-m\libg_nano.a(lib_a-gdtoa-gethex.o)
 .text.__hexdig_fun
                0x000044ec       0x2a c:/program files (x86)/cypress/psoc creator/4.2/psoc creator/import/gnu/arm/5.4.1/bin/../lib/gcc/arm-none-eabi/5.4.1/../../../../arm-none-eabi/lib/armv7-m\libg_nano.a(lib_a-gdtoa-gethex.o)
                0x000044ec                __hexdig_fun
 .text.__gethex
                0x00004516      0x43e c:/program files (x86)/cypress/psoc creator/4.2/psoc creator/import/gnu/arm/5.4.1/bin/../lib/gcc/arm-none-eabi/5.4.1/../../../../arm-none-eabi/lib/armv7-m\libg_nano.a(lib_a-gdtoa-gethex.o)
                0x00004516                __gethex
 .text.L_shift  0x00004954       0x24 c:/program files (x86)/cypress/psoc creator/4.2/psoc creator/import/gnu/arm/5.4.1/bin/../lib/gcc/arm-none-eabi/5.4.1/../../../../arm-none-eabi/lib/armv7-m\libg_nano.a(lib_a-gdtoa-hexnan.o)
 .text.__match  0x00004978       0x26 c:/program files (x86)/cypress/psoc creator/4.2/psoc creator/import/gnu/arm/5.4.1/bin/../lib/gcc/arm-none-eabi/5.4.1/../../../../arm-none-eabi/lib/armv7-m\libg_nano.a(lib_a-gdtoa-hexnan.o)
                0x00004978                __match
 .text.__hexnan
                0x0000499e      0x11c c:/program files (x86)/cypress/psoc creator/4.2/psoc creator/import/gnu/arm/5.4.1/bin/../lib/gcc/arm-none-eabi/5.4.1/../../../../arm-none-eabi/lib/armv7-m\libg_nano.a(lib_a-gdtoa-hexnan.o)
                0x0000499e                __hexnan
 *fill*         0x00004aba        0x2 
 .text._localeconv_r
                0x00004abc        0x8 c:/program files (x86)/cypress/psoc creator/4.2/psoc creator/import/gnu/arm/5.4.1/bin/../lib/gcc/arm-none-eabi/5.4.1/../../../../arm-none-eabi/lib/armv7-m\libg_nano.a(lib_a-locale.o)
                0x00004abc                _localeconv_r
 .text.malloc   0x00004ac4       0x10 c:/program files (x86)/cypress/psoc creator/4.2/psoc creator/import/gnu/arm/5.4.1/bin/../lib/gcc/arm-none-eabi/5.4.1/../../../../arm-none-eabi/lib/armv7-m\libg_nano.a(lib_a-malloc.o)
                0x00004ac4                malloc
 .text.memchr   0x00004ad4       0x1c c:/program files (x86)/cypress/psoc creator/4.2/psoc creator/import/gnu/arm/5.4.1/bin/../lib/gcc/arm-none-eabi/5.4.1/../../../../arm-none-eabi/lib/armv7-m\libg_nano.a(lib_a-memchr-stub.o)
                0x00004ad4                memchr
 .text._Balloc  0x00004af0       0x6a c:/program files (x86)/cypress/psoc creator/4.2/psoc creator/import/gnu/arm/5.4.1/bin/../lib/gcc/arm-none-eabi/5.4.1/../../../../arm-none-eabi/lib/armv7-m\libg_nano.a(lib_a-mprec.o)
                0x00004af0                _Balloc
 .text._Bfree   0x00004b5a       0x2e c:/program files (x86)/cypress/psoc creator/4.2/psoc creator/import/gnu/arm/5.4.1/bin/../lib/gcc/arm-none-eabi/5.4.1/../../../../arm-none-eabi/lib/armv7-m\libg_nano.a(lib_a-mprec.o)
                0x00004b5a                _Bfree
 .text.__multadd
                0x00004b88       0x76 c:/program files (x86)/cypress/psoc creator/4.2/psoc creator/import/gnu/arm/5.4.1/bin/../lib/gcc/arm-none-eabi/5.4.1/../../../../arm-none-eabi/lib/armv7-m\libg_nano.a(lib_a-mprec.o)
                0x00004b88                __multadd
 .text.__s2b    0x00004bfe       0x7c c:/program files (x86)/cypress/psoc creator/4.2/psoc creator/import/gnu/arm/5.4.1/bin/../lib/gcc/arm-none-eabi/5.4.1/../../../../arm-none-eabi/lib/armv7-m\libg_nano.a(lib_a-mprec.o)
                0x00004bfe                __s2b
 .text.__hi0bits
                0x00004c7a       0x40 c:/program files (x86)/cypress/psoc creator/4.2/psoc creator/import/gnu/arm/5.4.1/bin/../lib/gcc/arm-none-eabi/5.4.1/../../../../arm-none-eabi/lib/armv7-m\libg_nano.a(lib_a-mprec.o)
                0x00004c7a                __hi0bits
 .text.__lo0bits
                0x00004cba       0x5a c:/program files (x86)/cypress/psoc creator/4.2/psoc creator/import/gnu/arm/5.4.1/bin/../lib/gcc/arm-none-eabi/5.4.1/../../../../arm-none-eabi/lib/armv7-m\libg_nano.a(lib_a-mprec.o)
                0x00004cba                __lo0bits
 .text.__i2b    0x00004d14       0x12 c:/program files (x86)/cypress/psoc creator/4.2/psoc creator/import/gnu/arm/5.4.1/bin/../lib/gcc/arm-none-eabi/5.4.1/../../../../arm-none-eabi/lib/armv7-m\libg_nano.a(lib_a-mprec.o)
                0x00004d14                __i2b
 .text.__multiply
                0x00004d26      0x120 c:/program files (x86)/cypress/psoc creator/4.2/psoc creator/import/gnu/arm/5.4.1/bin/../lib/gcc/arm-none-eabi/5.4.1/../../../../arm-none-eabi/lib/armv7-m\libg_nano.a(lib_a-mprec.o)
                0x00004d26                __multiply
 *fill*         0x00004e46        0x2 
 .text.__pow5mult
                0x00004e48       0x9c c:/program files (x86)/cypress/psoc creator/4.2/psoc creator/import/gnu/arm/5.4.1/bin/../lib/gcc/arm-none-eabi/5.4.1/../../../../arm-none-eabi/lib/armv7-m\libg_nano.a(lib_a-mprec.o)
                0x00004e48                __pow5mult
 .text.__lshift
                0x00004ee4       0xa2 c:/program files (x86)/cypress/psoc creator/4.2/psoc creator/import/gnu/arm/5.4.1/bin/../lib/gcc/arm-none-eabi/5.4.1/../../../../arm-none-eabi/lib/armv7-m\libg_nano.a(lib_a-mprec.o)
                0x00004ee4                __lshift
 .text.__mcmp   0x00004f86       0x38 c:/program files (x86)/cypress/psoc creator/4.2/psoc creator/import/gnu/arm/5.4.1/bin/../lib/gcc/arm-none-eabi/5.4.1/../../../../arm-none-eabi/lib/armv7-m\libg_nano.a(lib_a-mprec.o)
                0x00004f86                __mcmp
 .text.__mdiff  0x00004fbe       0xbe c:/program files (x86)/cypress/psoc creator/4.2/psoc creator/import/gnu/arm/5.4.1/bin/../lib/gcc/arm-none-eabi/5.4.1/../../../../arm-none-eabi/lib/armv7-m\libg_nano.a(lib_a-mprec.o)
                0x00004fbe                __mdiff
 .text.__ulp    0x0000507c       0x48 c:/program files (x86)/cypress/psoc creator/4.2/psoc creator/import/gnu/arm/5.4.1/bin/../lib/gcc/arm-none-eabi/5.4.1/../../../../arm-none-eabi/lib/armv7-m\libg_nano.a(lib_a-mprec.o)
                0x0000507c                __ulp
 .text.__b2d    0x000050c4       0x9a c:/program files (x86)/cypress/psoc creator/4.2/psoc creator/import/gnu/arm/5.4.1/bin/../lib/gcc/arm-none-eabi/5.4.1/../../../../arm-none-eabi/lib/armv7-m\libg_nano.a(lib_a-mprec.o)
                0x000050c4                __b2d
 .text.__d2b    0x0000515e       0x9c c:/program files (x86)/cypress/psoc creator/4.2/psoc creator/import/gnu/arm/5.4.1/bin/../lib/gcc/arm-none-eabi/5.4.1/../../../../arm-none-eabi/lib/armv7-m\libg_nano.a(lib_a-mprec.o)
                0x0000515e                __d2b
 .text.__ratio  0x000051fa       0x50 c:/program files (x86)/cypress/psoc creator/4.2/psoc creator/import/gnu/arm/5.4.1/bin/../lib/gcc/arm-none-eabi/5.4.1/../../../../arm-none-eabi/lib/armv7-m\libg_nano.a(lib_a-mprec.o)
                0x000051fa                __ratio
 .text.__copybits
                0x0000524a       0x34 c:/program files (x86)/cypress/psoc creator/4.2/psoc creator/import/gnu/arm/5.4.1/bin/../lib/gcc/arm-none-eabi/5.4.1/../../../../arm-none-eabi/lib/armv7-m\libg_nano.a(lib_a-mprec.o)
                0x0000524a                __copybits
 .text.__any_on
                0x0000527e       0x44 c:/program files (x86)/cypress/psoc creator/4.2/psoc creator/import/gnu/arm/5.4.1/bin/../lib/gcc/arm-none-eabi/5.4.1/../../../../arm-none-eabi/lib/armv7-m\libg_nano.a(lib_a-mprec.o)
                0x0000527e                __any_on
 .text._calloc_r
                0x000052c2       0x1c c:/program files (x86)/cypress/psoc creator/4.2/psoc creator/import/gnu/arm/5.4.1/bin/../lib/gcc/arm-none-eabi/5.4.1/../../../../arm-none-eabi/lib/armv7-m\libg_nano.a(lib_a-nano-callocr.o)
                0x000052c2                _calloc_r
 *fill*         0x000052de        0x2 
 .text._free_r  0x000052e0       0x98 c:/program files (x86)/cypress/psoc creator/4.2/psoc creator/import/gnu/arm/5.4.1/bin/../lib/gcc/arm-none-eabi/5.4.1/../../../../arm-none-eabi/lib/armv7-m\libg_nano.a(lib_a-nano-freer.o)
                0x000052e0                _free_r
 .text._malloc_r
                0x00005378       0xbc c:/program files (x86)/cypress/psoc creator/4.2/psoc creator/import/gnu/arm/5.4.1/bin/../lib/gcc/arm-none-eabi/5.4.1/../../../../arm-none-eabi/lib/armv7-m\libg_nano.a(lib_a-nano-mallocr.o)
                0x00005378                _malloc_r
 .text.__ssputs_r
                0x00005434       0xb2 c:/program files (x86)/cypress/psoc creator/4.2/psoc creator/import/gnu/arm/5.4.1/bin/../lib/gcc/arm-none-eabi/5.4.1/../../../../arm-none-eabi/lib/armv7-m\libg_nano.a(lib_a-nano-svfprintf.o)
                0x00005434                __ssputs_r
 *fill*         0x000054e6        0x2 
 .text._svfprintf_r
                0x000054e8      0x1e8 c:/program files (x86)/cypress/psoc creator/4.2/psoc creator/import/gnu/arm/5.4.1/bin/../lib/gcc/arm-none-eabi/5.4.1/../../../../arm-none-eabi/lib/armv7-m\libg_nano.a(lib_a-nano-svfprintf.o)
                0x000054e8                _svfiprintf_r
                0x000054e8                _svfprintf_r
 .text._sbrk_r  0x000056d0       0x20 c:/program files (x86)/cypress/psoc creator/4.2/psoc creator/import/gnu/arm/5.4.1/bin/../lib/gcc/arm-none-eabi/5.4.1/../../../../arm-none-eabi/lib/armv7-m\libg_nano.a(lib_a-sbrkr.o)
                0x000056d0                _sbrk_r
 .text.strncmp  0x000056f0       0x2a c:/program files (x86)/cypress/psoc creator/4.2/psoc creator/import/gnu/arm/5.4.1/bin/../lib/gcc/arm-none-eabi/5.4.1/../../../../arm-none-eabi/lib/armv7-m\libg_nano.a(lib_a-strncmp.o)
                0x000056f0                strncmp
 .text.memmove  0x0000571a       0x36 c:/program files (x86)/cypress/psoc creator/4.2/psoc creator/import/gnu/arm/5.4.1/bin/../lib/gcc/arm-none-eabi/5.4.1/../../../../arm-none-eabi/lib/armv7-m\libg_nano.a(lib_a-memmove.o)
                0x0000571a                memmove
 .text.__malloc_lock
                0x00005750        0x2 c:/program files (x86)/cypress/psoc creator/4.2/psoc creator/import/gnu/arm/5.4.1/bin/../lib/gcc/arm-none-eabi/5.4.1/../../../../arm-none-eabi/lib/armv7-m\libg_nano.a(lib_a-mlock.o)
                0x00005750                __malloc_lock
 .text.__malloc_unlock
                0x00005752        0x2 c:/program files (x86)/cypress/psoc creator/4.2/psoc creator/import/gnu/arm/5.4.1/bin/../lib/gcc/arm-none-eabi/5.4.1/../../../../arm-none-eabi/lib/armv7-m\libg_nano.a(lib_a-mlock.o)
                0x00005752                __malloc_unlock
 .text._realloc_r
                0x00005754       0x4c c:/program files (x86)/cypress/psoc creator/4.2/psoc creator/import/gnu/arm/5.4.1/bin/../lib/gcc/arm-none-eabi/5.4.1/../../../../arm-none-eabi/lib/armv7-m\libg_nano.a(lib_a-nano-reallocr.o)
                0x00005754                _realloc_r
 .text._malloc_usable_size_r
                0x000057a0       0x14 c:/program files (x86)/cypress/psoc creator/4.2/psoc creator/import/gnu/arm/5.4.1/bin/../lib/gcc/arm-none-eabi/5.4.1/../../../../arm-none-eabi/lib/armv7-m\libg_nano.a(lib_a-nano-msizer.o)
                0x000057a0                _malloc_usable_size_r
 .text          0x000057b4      0x110 c:/program files (x86)/cypress/psoc creator/4.2/psoc creator/import/gnu/arm/5.4.1/bin/../lib/gcc/arm-none-eabi/5.4.1/armv7-m\libgcc.a(_arm_cmpdf2.o)
                0x000057b4                __gtdf2
                0x000057b4                __gedf2
                0x000057bc                __ltdf2
                0x000057bc                __ledf2
                0x000057c4                __nedf2
                0x000057c4                __eqdf2
                0x000057c4                __cmpdf2
                0x00005840                __aeabi_cdrcmple
                0x00005850                __aeabi_cdcmpeq
                0x00005850                __aeabi_cdcmple
                0x00005860                __aeabi_dcmpeq
                0x00005874                __aeabi_dcmplt
                0x00005888                __aeabi_dcmple
                0x0000589c                __aeabi_dcmpge
                0x000058b0                __aeabi_dcmpgt
 .text          0x000058c4       0x2c c:/program files (x86)/cypress/psoc creator/4.2/psoc creator/import/gnu/arm/5.4.1/bin/../lib/gcc/arm-none-eabi/5.4.1/armv7-m\libgcc.a(_arm_unorddf2.o)
                0x000058c4                __unorddf2
                0x000058c4                __aeabi_dcmpun
 *(.plt)
 *(.gnu.warning)
 *(.glue_7t)
 .glue_7t       0x000058f0        0x0 linker stubs
 *(.glue_7)
 .glue_7        0x000058f0        0x0 linker stubs
 *(.vfp11_veneer)
 .vfp11_veneer  0x000058f0        0x0 linker stubs
 *(.bootloader)
 *(.ARM.extab* .gnu.linkonce.armextab.*)
 *(.gcc_except_table)

.v4_bx          0x000058f0        0x0
 .v4_bx         0x000058f0        0x0 linker stubs

.iplt           0x000058f0        0x0
 .iplt          0x000058f0        0x0 c:/program files (x86)/cypress/psoc creator/4.2/psoc creator/import/gnu/arm/5.4.1/bin/../lib/gcc/arm-none-eabi/5.4.1/armv7-m/crtbegin.o

.eh_frame_hdr
 *(.eh_frame_hdr)

.eh_frame       0x000058f0        0x4
 *(.eh_frame)
 .eh_frame      0x000058f0        0x0 c:/program files (x86)/cypress/psoc creator/4.2/psoc creator/import/gnu/arm/5.4.1/bin/../lib/gcc/arm-none-eabi/5.4.1/armv7-m/crtbegin.o
 .eh_frame      0x000058f0        0x4 c:/program files (x86)/cypress/psoc creator/4.2/psoc creator/import/gnu/arm/5.4.1/bin/../lib/gcc/arm-none-eabi/5.4.1/armv7-m/crtend.o
                [!provide]                PROVIDE (__exidx_start, .)

.ARM.exidx
 *(.ARM.exidx* .gnu.linkonce.armexidx.*)
                0x000058f4                __exidx_end = .

.rodata         0x000058f8      0x340
 *(.rodata .rodata.* .gnu.linkonce.r.*)
 .rodata        0x000058f8       0x20 .\CortexM3\ARM_GCC_541\Debug\main.o
 .rodata        0x00005918       0x3a .\CortexM3\ARM_GCC_541\Debug\cyfitter_cfg.o
 .rodata.str1.1
                0x00005952        0x2 c:/program files (x86)/cypress/psoc creator/4.2/psoc creator/import/gnu/arm/5.4.1/bin/../lib/gcc/arm-none-eabi/5.4.1/../../../../arm-none-eabi/lib/armv7-m\libg_nano.a(lib_a-impure.o)
 .rodata.str1.1
                0x00005954       0x12 c:/program files (x86)/cypress/psoc creator/4.2/psoc creator/import/gnu/arm/5.4.1/bin/../lib/gcc/arm-none-eabi/5.4.1/../../../../arm-none-eabi/lib/armv7-m\libg_nano.a(lib_a-nano-vfprintf_float.o)
 .rodata.str1.1
                0x00005966       0x22 c:/program files (x86)/cypress/psoc creator/4.2/psoc creator/import/gnu/arm/5.4.1/bin/../lib/gcc/arm-none-eabi/5.4.1/../../../../arm-none-eabi/lib/armv7-m\libg_nano.a(lib_a-nano-vfprintf_i.o)
 .rodata.fpinan.5401
                0x00005988       0x14 c:/program files (x86)/cypress/psoc creator/4.2/psoc creator/import/gnu/arm/5.4.1/bin/../lib/gcc/arm-none-eabi/5.4.1/../../../../arm-none-eabi/lib/armv7-m\libg_nano.a(lib_a-strtod.o)
 .rodata.str1.1
                0x0000599c       0x22 c:/program files (x86)/cypress/psoc creator/4.2/psoc creator/import/gnu/arm/5.4.1/bin/../lib/gcc/arm-none-eabi/5.4.1/../../../../arm-none-eabi/lib/armv7-m\libg_nano.a(lib_a-strtod.o)
                                  0xc (size before relaxing)
 .rodata.fpi.5365
                0x0000599c       0x14 c:/program files (x86)/cypress/psoc creator/4.2/psoc creator/import/gnu/arm/5.4.1/bin/../lib/gcc/arm-none-eabi/5.4.1/../../../../arm-none-eabi/lib/armv7-m\libg_nano.a(lib_a-strtod.o)
 .rodata.tinytens
                0x000059b0       0x28 c:/program files (x86)/cypress/psoc creator/4.2/psoc creator/import/gnu/arm/5.4.1/bin/../lib/gcc/arm-none-eabi/5.4.1/../../../../arm-none-eabi/lib/armv7-m\libg_nano.a(lib_a-strtod.o)
 .rodata._ctype_
                0x000059d8      0x101 c:/program files (x86)/cypress/psoc creator/4.2/psoc creator/import/gnu/arm/5.4.1/bin/../lib/gcc/arm-none-eabi/5.4.1/../../../../arm-none-eabi/lib/armv7-m\libg_nano.a(lib_a-ctype_.o)
                0x000059d8                _ctype_
 .rodata.str1.1
                0x00005ad9        0xd c:/program files (x86)/cypress/psoc creator/4.2/psoc creator/import/gnu/arm/5.4.1/bin/../lib/gcc/arm-none-eabi/5.4.1/../../../../arm-none-eabi/lib/armv7-m\libg_nano.a(lib_a-dtoa.o)
                                  0xf (size before relaxing)
 .rodata.str1.1
                0x00005ae6        0x8 c:/program files (x86)/cypress/psoc creator/4.2/psoc creator/import/gnu/arm/5.4.1/bin/../lib/gcc/arm-none-eabi/5.4.1/../../../../arm-none-eabi/lib/armv7-m\libg_nano.a(lib_a-locale.o)
                                  0xb (size before relaxing)
 *fill*         0x00005aee        0x2 
 .rodata.__mprec_tens
                0x00005af0       0xc8 c:/program files (x86)/cypress/psoc creator/4.2/psoc creator/import/gnu/arm/5.4.1/bin/../lib/gcc/arm-none-eabi/5.4.1/../../../../arm-none-eabi/lib/armv7-m\libg_nano.a(lib_a-mprec.o)
                0x00005af0                __mprec_tens
 .rodata.p05.5408
                0x00005bb8        0xc c:/program files (x86)/cypress/psoc creator/4.2/psoc creator/import/gnu/arm/5.4.1/bin/../lib/gcc/arm-none-eabi/5.4.1/../../../../arm-none-eabi/lib/armv7-m\libg_nano.a(lib_a-mprec.o)
 *fill*         0x00005bc4        0x4 
 .rodata.__mprec_bigtens
                0x00005bc8       0x28 c:/program files (x86)/cypress/psoc creator/4.2/psoc creator/import/gnu/arm/5.4.1/bin/../lib/gcc/arm-none-eabi/5.4.1/../../../../arm-none-eabi/lib/armv7-m\libg_nano.a(lib_a-mprec.o)
                0x00005bc8                __mprec_bigtens
 .rodata.str1.1
                0x00005bf0       0x11 c:/program files (x86)/cypress/psoc creator/4.2/psoc creator/import/gnu/arm/5.4.1/bin/../lib/gcc/arm-none-eabi/5.4.1/../../../../arm-none-eabi/lib/armv7-m\libg_nano.a(lib_a-nano-svfprintf.o)
                0x00005c04                . = ALIGN (0x4)
 *fill*         0x00005c01        0x3 
 *(.init)
 .init          0x00005c04        0x4 c:/program files (x86)/cypress/psoc creator/4.2/psoc creator/import/gnu/arm/5.4.1/bin/../lib/gcc/arm-none-eabi/5.4.1/armv7-m/crti.o
                0x00005c04                _init
 .init          0x00005c08        0x8 c:/program files (x86)/cypress/psoc creator/4.2/psoc creator/import/gnu/arm/5.4.1/bin/../lib/gcc/arm-none-eabi/5.4.1/armv7-m/crtn.o
                0x00005c10                . = ALIGN (0x4)
                0x00005c10                __preinit_array_start = .
 *(.preinit_array)
                0x00005c10                __preinit_array_end = .
                0x00005c10                . = ALIGN (0x4)
                0x00005c10                __init_array_start = .
 *(SORT(.init_array.*))
 *(.init_array)
 .init_array    0x00005c10        0x4 c:/program files (x86)/cypress/psoc creator/4.2/psoc creator/import/gnu/arm/5.4.1/bin/../lib/gcc/arm-none-eabi/5.4.1/armv7-m/crtbegin.o
 .init_array    0x00005c14        0x4 .\CortexM3\ARM_GCC_541\Debug\Cm3Start.o
                0x00005c18                __init_array_end = .
                0x00005c18                . = ALIGN (0x4)
 *(.fini)
 .fini          0x00005c18        0x4 c:/program files (x86)/cypress/psoc creator/4.2/psoc creator/import/gnu/arm/5.4.1/bin/../lib/gcc/arm-none-eabi/5.4.1/armv7-m/crti.o
                0x00005c18                _fini
 .fini          0x00005c1c        0x8 c:/program files (x86)/cypress/psoc creator/4.2/psoc creator/import/gnu/arm/5.4.1/bin/../lib/gcc/arm-none-eabi/5.4.1/armv7-m/crtn.o
                0x00005c24                . = ALIGN (0x4)
                0x00005c24                __fini_array_start = .
 *(.fini_array)
 .fini_array    0x00005c24        0x4 c:/program files (x86)/cypress/psoc creator/4.2/psoc creator/import/gnu/arm/5.4.1/bin/../lib/gcc/arm-none-eabi/5.4.1/armv7-m/crtbegin.o
 *(SORT(.fini_array.*))
                0x00005c28                __fini_array_end = .
                0x00005c28                . = ALIGN (0x4)
 *crtbegin.o(.ctors)
 *(EXCLUDE_FILE(*crtend.o) .ctors)
 *(SORT(.ctors.*))
 *crtend.o(.ctors)
                0x00005c28                . = ALIGN (0x4)
 *crtbegin.o(.dtors)
 *(EXCLUDE_FILE(*crtend.o) .dtors)
 *(SORT(.dtors.*))
 *crtend.o(.dtors)
                0x00005c28                . = ALIGN (0x4)
                0x00005c28                __cy_regions = .
                0x00005c28        0x4 LONG 0x5c38 __cy_region_init_ram
                0x00005c2c        0x4 LONG 0x1fff80c8 __cy_region_start_data
                0x00005c30        0x4 LONG 0xd8 __cy_region_init_size_ram
                0x00005c34        0x4 LONG 0x188 __cy_region_zero_size_ram
                0x00005c38                __cy_regions_end = .
                0x00005c38                . = ALIGN (0x8)
                0x00005c38                _etext = .

.cy_checksum_exclude
                0x00005c38        0x0
 *(.cy_checksum_exclude)

.ramvectors     0x1fff8000       0xc0
                0x1fff8000                __cy_region_start_ram = .
 *(.ramvectors)
 .ramvectors    0x1fff8000       0xc0 .\CortexM3\ARM_GCC_541\Debug\Cm3Start.o
                0x1fff8000                CyRamVectors

.noinit         0x1fff80c0        0x5
 *(.noinit)
 .noinit        0x1fff80c0        0x4 .\CortexM3\ARM_GCC_541\Debug\Cm3Start.o
 .noinit        0x1fff80c4        0x1 .\CortexM3\ARM_GCC_541\Debug\PSOC_arm_project.a(CyLib.o)
                0x1fff80c4                CyResetStatus

.data           0x1fff80c8       0xd8 load address 0x00005c38
                0x1fff80c8                __cy_region_start_data = .
 *(.jcr)
 .jcr           0x1fff80c8        0x0 c:/program files (x86)/cypress/psoc creator/4.2/psoc creator/import/gnu/arm/5.4.1/bin/../lib/gcc/arm-none-eabi/5.4.1/armv7-m/crtbegin.o
 .jcr           0x1fff80c8        0x4 c:/program files (x86)/cypress/psoc creator/4.2/psoc creator/import/gnu/arm/5.4.1/bin/../lib/gcc/arm-none-eabi/5.4.1/armv7-m/crtend.o
 *(.got.plt)
 *(.got)
 *(.shdata)
 *(.data .data.* .gnu.linkonce.d.*)
 *fill*         0x1fff80cc        0x4 
 .data          0x1fff80d0       0x1c .\CortexM3\ARM_GCC_541\Debug\main.o
                0x1fff80d0                pid
                0x1fff80e8                pos
 .data          0x1fff80ec        0x4 .\CortexM3\ARM_GCC_541\Debug\Cm3Start.o
 .data          0x1fff80f0       0x10 .\CortexM3\ARM_GCC_541\Debug\PSOC_arm_project.a(CyLib.o)
                0x1fff80f0                cydelay_freq_hz
                0x1fff80f4                cydelay_freq_khz
                0x1fff80f8                cydelay_freq_mhz
                0x1fff80fc                cydelay_32k_ms
 .data.impure_data
                0x1fff8100       0x60 c:/program files (x86)/cypress/psoc creator/4.2/psoc creator/import/gnu/arm/5.4.1/bin/../lib/gcc/arm-none-eabi/5.4.1/../../../../arm-none-eabi/lib/armv7-m\libg_nano.a(lib_a-impure.o)
 .data._impure_ptr
                0x1fff8160        0x4 c:/program files (x86)/cypress/psoc creator/4.2/psoc creator/import/gnu/arm/5.4.1/bin/../lib/gcc/arm-none-eabi/5.4.1/../../../../arm-none-eabi/lib/armv7-m\libg_nano.a(lib_a-impure.o)
                0x1fff8160                _impure_ptr
 .data.__ctype_ptr__
                0x1fff8164        0x4 c:/program files (x86)/cypress/psoc creator/4.2/psoc creator/import/gnu/arm/5.4.1/bin/../lib/gcc/arm-none-eabi/5.4.1/../../../../arm-none-eabi/lib/armv7-m\libg_nano.a(lib_a-ctype_.o)
                0x1fff8164                __ctype_ptr__
 .data.lconv    0x1fff8168       0x38 c:/program files (x86)/cypress/psoc creator/4.2/psoc creator/import/gnu/arm/5.4.1/bin/../lib/gcc/arm-none-eabi/5.4.1/../../../../arm-none-eabi/lib/armv7-m\libg_nano.a(lib_a-locale.o)
                0x1fff81a0                . = ALIGN (0x8)
 *(.ram)
                0x1fff81a0                _edata = .

.igot.plt       0x1fff81a0        0x0 load address 0x00005d10
 .igot.plt      0x1fff81a0        0x0 c:/program files (x86)/cypress/psoc creator/4.2/psoc creator/import/gnu/arm/5.4.1/bin/../lib/gcc/arm-none-eabi/5.4.1/armv7-m/crtbegin.o

.bss            0x1fff81a0      0x188 load address 0x00005d10
                0x1fff81a0                PROVIDE (__bss_start__, .)
 *(.shbss)
 *(.bss .bss.* .gnu.linkonce.b.*)
 .bss           0x1fff81a0       0x1c c:/program files (x86)/cypress/psoc creator/4.2/psoc creator/import/gnu/arm/5.4.1/bin/../lib/gcc/arm-none-eabi/5.4.1/armv7-m/crtbegin.o
 *fill*         0x1fff81bc        0x4 
 .bss           0x1fff81c0       0x48 .\CortexM3\ARM_GCC_541\Debug\main.o
                0x1fff81c0                errorStatus
                0x1fff81c4                data_read_mode
                0x1fff81c8                new_angle
                0x1fff81cc                new_pos_set
                0x1fff81d0                angle
                0x1fff81d8                angletemp
                0x1fff81e0                pulse
                0x1fff81e2                pulse_temp
                0x1fff81e4                isNegative
                0x1fff81e8                nn
                0x1fff81ec                tt
                0x1fff81f0                start_calib
                0x1fff81f4                moving_median
                0x1fff8204                led_switch
 .bss           0x1fff8208        0x2 .\CortexM3\ARM_GCC_541\Debug\PSOC_arm_project.a(UART.o)
                0x1fff8208                UART_initVar
 .bss           0x1fff820a        0x1 .\CortexM3\ARM_GCC_541\Debug\PSOC_arm_project.a(PWM_1.o)
                0x1fff820a                PWM_1_initVar
 .bss           0x1fff820b        0x1 .\CortexM3\ARM_GCC_541\Debug\PSOC_arm_project.a(ADC_SAR_1.o)
                0x1fff820b                ADC_SAR_1_initVar
 .bss           0x1fff820c        0x1 .\CortexM3\ARM_GCC_541\Debug\PSOC_arm_project.a(Timer_1.o)
                0x1fff820c                Timer_1_initVar
 .bss           0x1fff820d        0x1 .\CortexM3\ARM_GCC_541\Debug\PSOC_arm_project.a(median_timer.o)
                0x1fff820d                median_timer_initVar
 *fill*         0x1fff820e        0x2 
 .bss.__malloc_sbrk_start
                0x1fff8210        0x4 c:/program files (x86)/cypress/psoc creator/4.2/psoc creator/import/gnu/arm/5.4.1/bin/../lib/gcc/arm-none-eabi/5.4.1/../../../../arm-none-eabi/lib/armv7-m\libg_nano.a(lib_a-nano-mallocr.o)
                0x1fff8210                __malloc_sbrk_start
 .bss.__malloc_free_list
                0x1fff8214        0x4 c:/program files (x86)/cypress/psoc creator/4.2/psoc creator/import/gnu/arm/5.4.1/bin/../lib/gcc/arm-none-eabi/5.4.1/../../../../arm-none-eabi/lib/armv7-m\libg_nano.a(lib_a-nano-mallocr.o)
                0x1fff8214                __malloc_free_list
 *(COMMON)
 COMMON         0x1fff8218       0xfe .\CortexM3\ARM_GCC_541\Debug\main.o
                0x1fff8218                tmp
                0x1fff821c                new_pos
                0x1fff8220                temp
                0x1fff8234                adcValue2
                0x1fff8236                adcValue1
                0x1fff8238                err
                0x1fff8240                help
                0x1fff82a4                sendValue
                0x1fff8308                tempArray
 *fill*         0x1fff8316        0x2 
 COMMON         0x1fff8318        0xa .\CortexM3\ARM_GCC_541\Debug\PSOC_arm_project.a(ADC_SAR_1.o)
                0x1fff8318                ADC_SAR_1_countsPerVolt
                0x1fff831a                ADC_SAR_1_shift
                0x1fff831c                ADC_SAR_1_countsPer10Volt
                0x1fff8320                ADC_SAR_1_offset
 *fill*         0x1fff8322        0x2 
 COMMON         0x1fff8324        0x4 c:/program files (x86)/cypress/psoc creator/4.2/psoc creator/import/gnu/arm/5.4.1/bin/../lib/gcc/arm-none-eabi/5.4.1/../../../../arm-none-eabi/lib/armv7-m\libg_nano.a(lib_a-reent.o)
                0x1fff8324                errno
                0x1fff8328                . = ALIGN (0x8)
 *(.ram.b)
                0x1fff8328                _end = .
                0x1fff8328                __end = .
                0x1fff8328                PROVIDE (end, .)
                0x1fff8328                PROVIDE (__bss_end__, .)
                0x00005c38                __cy_region_init_ram = LOADADDR (.data)
                0x000000d8                __cy_region_init_size_ram = (_edata - ADDR (.data))
                0x00000188                __cy_region_zero_size_ram = (_end - _edata)

.heap           0x1fff8328      0x300 load address 0x00005d10
                0x1fff8328                . = _end
                0x1fff8628                . = (. + 0x300)
 *fill*         0x1fff8328      0x300 
                0x1fff8628                __cy_heap_limit = .

.stack          0x20007800      0x800
                0x20007800                __cy_stack_limit = .
                0x20008000                . = (. + 0x800)
 *fill*         0x20007800      0x800 
                0x00000001                ASSERT ((__cy_stack_limit >= __cy_heap_limit), region RAM overflowed with stack)
                0x00000000                cy_checksum_exclude_size = (CY_APPL_LOADABLE == 0x1)?SIZEOF (.cy_checksum_exclude):0x0
                0x00000001                ASSERT ((cy_checksum_exclude_size <= CY_CHECKSUM_EXCLUDE_SIZE), CY_BOOT: Section .cy_checksum_exclude size exceedes specified limit.)

.cyloadermeta
 *(.cyloadermeta)

.cyloadablemeta
 *(.cyloadablemeta)

.cyconfigecc    0x80000000      0x560
 *(.cyconfigecc)
 .cyconfigecc   0x80000000      0x560 .\CortexM3\ARM_GCC_541\Debug\cymetadata.o
                0x80000000                cy_meta_configecc

.cycustnvl      0x90000000        0x4
 *(.cycustnvl)
 .cycustnvl     0x90000000        0x4 .\CortexM3\ARM_GCC_541\Debug\cymetadata.o
                0x90000000                cy_meta_custnvl

.cywolatch      0x90100000        0x4
 *(.cywolatch)
 .cywolatch     0x90100000        0x4 .\CortexM3\ARM_GCC_541\Debug\cymetadata.o
                0x90100000                cy_meta_wonvl

.cyeeprom       0x90200000        0x0
 *(.cyeeprom)
                0x00000001                ASSERT ((. <= ((0x90200000 + ee_offset) + ee_size)), .cyeeprom data will not fit in EEPROM)

.cyflashprotect
                0x90400000      0x100
 *(.cyflashprotect)
 .cyflashprotect
                0x90400000      0x100 .\CortexM3\ARM_GCC_541\Debug\cymetadata.o
                0x90400000                cy_meta_flashprotect

.cymeta         0x90500000        0xc
 *(.cymeta)
 .cymeta        0x90500000        0xc .\CortexM3\ARM_GCC_541\Debug\cymetadata.o
                0x90500000                cy_metadata

.rel.dyn        0x00005d10        0x0 load address 0x9050000c
 .rel.iplt      0x00005d10        0x0 c:/program files (x86)/cypress/psoc creator/4.2/psoc creator/import/gnu/arm/5.4.1/bin/../lib/gcc/arm-none-eabi/5.4.1/armv7-m/crtbegin.o

.stab
 *(.stab)

.stabstr
 *(.stabstr)

.debug
 *(.debug)

.line
 *(.line)

.debug_srcinfo
 *(.debug_srcinfo)

.debug_sfnames
 *(.debug_sfnames)

.debug_aranges  0x00000000      0xb80
 *(.debug_aranges)
 .debug_aranges
                0x00000000       0x38 .\CortexM3\ARM_GCC_541\Debug\main.o
 .debug_aranges
                0x00000038       0x20 .\CortexM3\ARM_GCC_541\Debug\debug.o
 .debug_aranges
                0x00000058       0x60 .\CortexM3\ARM_GCC_541\Debug\cyfitter_cfg.o
 .debug_aranges
                0x000000b8       0x18 .\CortexM3\ARM_GCC_541\Debug\cymetadata.o
 .debug_aranges
                0x000000d0       0x48 .\CortexM3\ARM_GCC_541\Debug\Cm3Start.o
 .debug_aranges
                0x00000118       0xf0 .\CortexM3\ARM_GCC_541\Debug\PSOC_arm_project.a(UART.o)
 .debug_aranges
                0x00000208       0x38 .\CortexM3\ARM_GCC_541\Debug\PSOC_arm_project.a(LED.o)
 .debug_aranges
                0x00000240       0x80 .\CortexM3\ARM_GCC_541\Debug\PSOC_arm_project.a(isr_rx.o)
 .debug_aranges
                0x000002c0       0x70 .\CortexM3\ARM_GCC_541\Debug\PSOC_arm_project.a(UART_IntClock.o)
 .debug_aranges
                0x00000330      0x2a8 .\CortexM3\ARM_GCC_541\Debug\PSOC_arm_project.a(CyLib.o)
 .debug_aranges
                0x000005d8       0x98 .\CortexM3\ARM_GCC_541\Debug\PSOC_arm_project.a(cyPm.o)
 .debug_aranges
                0x00000670       0x98 .\CortexM3\ARM_GCC_541\Debug\PSOC_arm_project.a(PWM_1.o)
 .debug_aranges
                0x00000708       0xa8 .\CortexM3\ARM_GCC_541\Debug\PSOC_arm_project.a(ADC_SAR_1.o)
 .debug_aranges
                0x000007b0       0x20 .\CortexM3\ARM_GCC_541\Debug\PSOC_arm_project.a(ADC_SAR_1_INT.o)
 .debug_aranges
                0x000007d0       0x80 .\CortexM3\ARM_GCC_541\Debug\PSOC_arm_project.a(ADC_SAR_1_theACLK.o)
 .debug_aranges
                0x00000850       0x90 .\CortexM3\ARM_GCC_541\Debug\PSOC_arm_project.a(Timer_1.o)
 .debug_aranges
                0x000008e0       0x88 .\CortexM3\ARM_GCC_541\Debug\PSOC_arm_project.a(median_timer.o)
 .debug_aranges
                0x00000968       0x80 .\CortexM3\ARM_GCC_541\Debug\PSOC_arm_project.a(update_median_isr.o)
 .debug_aranges
                0x000009e8       0x20 .\CortexM3\ARM_GCC_541\Debug\PSOC_arm_project.a(CyBootAsmGnu.o)
 .debug_aranges
                0x00000a08       0x80 .\CortexM3\ARM_GCC_541\Debug\PSOC_arm_project.a(CyScBoostClk.o)
 .debug_aranges
                0x00000a88       0x80 .\CortexM3\ARM_GCC_541\Debug\PSOC_arm_project.a(CyFlash.o)
 .debug_aranges
                0x00000b08       0x78 .\CortexM3\ARM_GCC_541\Debug\PSOC_arm_project.a(CySpc.o)

.debug_pubnames
 *(.debug_pubnames)

.debug_info     0x00000000     0x494d
 *(.debug_info .gnu.linkonce.wi.*)
 .debug_info    0x00000000      0x478 .\CortexM3\ARM_GCC_541\Debug\main.o
 .debug_info    0x00000478      0x10c .\CortexM3\ARM_GCC_541\Debug\debug.o
 .debug_info    0x00000584      0x470 .\CortexM3\ARM_GCC_541\Debug\cyfitter_cfg.o
 .debug_info    0x000009f4      0x136 .\CortexM3\ARM_GCC_541\Debug\cymetadata.o
 .debug_info    0x00000b2a      0x32b .\CortexM3\ARM_GCC_541\Debug\Cm3Start.o
 .debug_info    0x00000e55      0x50a .\CortexM3\ARM_GCC_541\Debug\PSOC_arm_project.a(UART.o)
 .debug_info    0x0000135f      0x11e .\CortexM3\ARM_GCC_541\Debug\PSOC_arm_project.a(LED.o)
 .debug_info    0x0000147d      0x241 .\CortexM3\ARM_GCC_541\Debug\PSOC_arm_project.a(isr_rx.o)
 .debug_info    0x000016be      0x25d .\CortexM3\ARM_GCC_541\Debug\PSOC_arm_project.a(UART_IntClock.o)
 .debug_info    0x0000191b      0xe88 .\CortexM3\ARM_GCC_541\Debug\PSOC_arm_project.a(CyLib.o)
 .debug_info    0x000027a3      0x57a .\CortexM3\ARM_GCC_541\Debug\PSOC_arm_project.a(cyPm.o)
 .debug_info    0x00002d1d      0x2a7 .\CortexM3\ARM_GCC_541\Debug\PSOC_arm_project.a(PWM_1.o)
 .debug_info    0x00002fc4      0x47f .\CortexM3\ARM_GCC_541\Debug\PSOC_arm_project.a(ADC_SAR_1.o)
 .debug_info    0x00003443       0x92 .\CortexM3\ARM_GCC_541\Debug\PSOC_arm_project.a(ADC_SAR_1_INT.o)
 .debug_info    0x000034d5      0x299 .\CortexM3\ARM_GCC_541\Debug\PSOC_arm_project.a(ADC_SAR_1_theACLK.o)
 .debug_info    0x0000376e      0x25b .\CortexM3\ARM_GCC_541\Debug\PSOC_arm_project.a(Timer_1.o)
 .debug_info    0x000039c9      0x245 .\CortexM3\ARM_GCC_541\Debug\PSOC_arm_project.a(median_timer.o)
 .debug_info    0x00003c0e      0x241 .\CortexM3\ARM_GCC_541\Debug\PSOC_arm_project.a(update_median_isr.o)
 .debug_info    0x00003e4f       0x9a .\CortexM3\ARM_GCC_541\Debug\PSOC_arm_project.a(CyBootAsmGnu.o)
 .debug_info    0x00003ee9      0x299 .\CortexM3\ARM_GCC_541\Debug\PSOC_arm_project.a(CyScBoostClk.o)
 .debug_info    0x00004182      0x371 .\CortexM3\ARM_GCC_541\Debug\PSOC_arm_project.a(CyFlash.o)
 .debug_info    0x000044f3      0x45a .\CortexM3\ARM_GCC_541\Debug\PSOC_arm_project.a(CySpc.o)

.debug_abbrev   0x00000000     0x193a
 *(.debug_abbrev)
 .debug_abbrev  0x00000000      0x14c .\CortexM3\ARM_GCC_541\Debug\main.o
 .debug_abbrev  0x0000014c       0xa1 .\CortexM3\ARM_GCC_541\Debug\debug.o
 .debug_abbrev  0x000001ed      0x1b7 .\CortexM3\ARM_GCC_541\Debug\cyfitter_cfg.o
 .debug_abbrev  0x000003a4       0x77 .\CortexM3\ARM_GCC_541\Debug\cymetadata.o
 .debug_abbrev  0x0000041b      0x1d6 .\CortexM3\ARM_GCC_541\Debug\Cm3Start.o
 .debug_abbrev  0x000005f1      0x163 .\CortexM3\ARM_GCC_541\Debug\PSOC_arm_project.a(UART.o)
 .debug_abbrev  0x00000754       0x90 .\CortexM3\ARM_GCC_541\Debug\PSOC_arm_project.a(LED.o)
 .debug_abbrev  0x000007e4      0x172 .\CortexM3\ARM_GCC_541\Debug\PSOC_arm_project.a(isr_rx.o)
 .debug_abbrev  0x00000956      0x11d .\CortexM3\ARM_GCC_541\Debug\PSOC_arm_project.a(UART_IntClock.o)
 .debug_abbrev  0x00000a73      0x217 .\CortexM3\ARM_GCC_541\Debug\PSOC_arm_project.a(CyLib.o)
 .debug_abbrev  0x00000c8a      0x161 .\CortexM3\ARM_GCC_541\Debug\PSOC_arm_project.a(cyPm.o)
 .debug_abbrev  0x00000deb      0x12e .\CortexM3\ARM_GCC_541\Debug\PSOC_arm_project.a(PWM_1.o)
 .debug_abbrev  0x00000f19      0x173 .\CortexM3\ARM_GCC_541\Debug\PSOC_arm_project.a(ADC_SAR_1.o)
 .debug_abbrev  0x0000108c       0x42 .\CortexM3\ARM_GCC_541\Debug\PSOC_arm_project.a(ADC_SAR_1_INT.o)
 .debug_abbrev  0x000010ce      0x11d .\CortexM3\ARM_GCC_541\Debug\PSOC_arm_project.a(ADC_SAR_1_theACLK.o)
 .debug_abbrev  0x000011eb      0x11b .\CortexM3\ARM_GCC_541\Debug\PSOC_arm_project.a(Timer_1.o)
 .debug_abbrev  0x00001306       0xe9 .\CortexM3\ARM_GCC_541\Debug\PSOC_arm_project.a(median_timer.o)
 .debug_abbrev  0x000013ef      0x172 .\CortexM3\ARM_GCC_541\Debug\PSOC_arm_project.a(update_median_isr.o)
 .debug_abbrev  0x00001561       0x14 .\CortexM3\ARM_GCC_541\Debug\PSOC_arm_project.a(CyBootAsmGnu.o)
 .debug_abbrev  0x00001575      0x11d .\CortexM3\ARM_GCC_541\Debug\PSOC_arm_project.a(CyScBoostClk.o)
 .debug_abbrev  0x00001692      0x13c .\CortexM3\ARM_GCC_541\Debug\PSOC_arm_project.a(CyFlash.o)
 .debug_abbrev  0x000017ce      0x16c .\CortexM3\ARM_GCC_541\Debug\PSOC_arm_project.a(CySpc.o)

.debug_line     0x00000000     0x2c65
 *(.debug_line)
 .debug_line    0x00000000      0x2b3 .\CortexM3\ARM_GCC_541\Debug\main.o
 .debug_line    0x000002b3      0x16e .\CortexM3\ARM_GCC_541\Debug\debug.o
 .debug_line    0x00000421      0x233 .\CortexM3\ARM_GCC_541\Debug\cyfitter_cfg.o
 .debug_line    0x00000654      0x141 .\CortexM3\ARM_GCC_541\Debug\cymetadata.o
 .debug_line    0x00000795      0x1dc .\CortexM3\ARM_GCC_541\Debug\Cm3Start.o
 .debug_line    0x00000971      0x2e2 .\CortexM3\ARM_GCC_541\Debug\PSOC_arm_project.a(UART.o)
 .debug_line    0x00000c53       0x93 .\CortexM3\ARM_GCC_541\Debug\PSOC_arm_project.a(LED.o)
 .debug_line    0x00000ce6      0x151 .\CortexM3\ARM_GCC_541\Debug\PSOC_arm_project.a(isr_rx.o)
 .debug_line    0x00000e37      0x1ac .\CortexM3\ARM_GCC_541\Debug\PSOC_arm_project.a(UART_IntClock.o)
 .debug_line    0x00000fe3      0x8b5 .\CortexM3\ARM_GCC_541\Debug\PSOC_arm_project.a(CyLib.o)
 .debug_line    0x00001898      0x38e .\CortexM3\ARM_GCC_541\Debug\PSOC_arm_project.a(cyPm.o)
 .debug_line    0x00001c26      0x189 .\CortexM3\ARM_GCC_541\Debug\PSOC_arm_project.a(PWM_1.o)
 .debug_line    0x00001daf      0x20d .\CortexM3\ARM_GCC_541\Debug\PSOC_arm_project.a(ADC_SAR_1.o)
 .debug_line    0x00001fbc       0x59 .\CortexM3\ARM_GCC_541\Debug\PSOC_arm_project.a(ADC_SAR_1_INT.o)
 .debug_line    0x00002015      0x1d4 .\CortexM3\ARM_GCC_541\Debug\PSOC_arm_project.a(ADC_SAR_1_theACLK.o)
 .debug_line    0x000021e9      0x170 .\CortexM3\ARM_GCC_541\Debug\PSOC_arm_project.a(Timer_1.o)
 .debug_line    0x00002359      0x164 .\CortexM3\ARM_GCC_541\Debug\PSOC_arm_project.a(median_timer.o)
 .debug_line    0x000024bd      0x15c .\CortexM3\ARM_GCC_541\Debug\PSOC_arm_project.a(update_median_isr.o)
 .debug_line    0x00002619       0x66 .\CortexM3\ARM_GCC_541\Debug\PSOC_arm_project.a(CyBootAsmGnu.o)
 .debug_line    0x0000267f      0x1cf .\CortexM3\ARM_GCC_541\Debug\PSOC_arm_project.a(CyScBoostClk.o)
 .debug_line    0x0000284e      0x205 .\CortexM3\ARM_GCC_541\Debug\PSOC_arm_project.a(CyFlash.o)
 .debug_line    0x00002a53      0x212 .\CortexM3\ARM_GCC_541\Debug\PSOC_arm_project.a(CySpc.o)

.debug_frame    0x00000000     0x3828
 *(.debug_frame)
 .debug_frame   0x00000000       0xb4 .\CortexM3\ARM_GCC_541\Debug\main.o
 .debug_frame   0x000000b4       0x38 .\CortexM3\ARM_GCC_541\Debug\debug.o
 .debug_frame   0x000000ec      0x16c .\CortexM3\ARM_GCC_541\Debug\cyfitter_cfg.o
 .debug_frame   0x00000258       0xd8 .\CortexM3\ARM_GCC_541\Debug\Cm3Start.o
 .debug_frame   0x00000330      0x42c .\CortexM3\ARM_GCC_541\Debug\PSOC_arm_project.a(UART.o)
 .debug_frame   0x0000075c       0xa8 .\CortexM3\ARM_GCC_541\Debug\PSOC_arm_project.a(LED.o)
 .debug_frame   0x00000804      0x1e8 .\CortexM3\ARM_GCC_541\Debug\PSOC_arm_project.a(isr_rx.o)
 .debug_frame   0x000009ec      0x1b4 .\CortexM3\ARM_GCC_541\Debug\PSOC_arm_project.a(UART_IntClock.o)
 .debug_frame   0x00000ba0      0xc34 .\CortexM3\ARM_GCC_541\Debug\PSOC_arm_project.a(CyLib.o)
 .debug_frame   0x000017d4      0x234 .\CortexM3\ARM_GCC_541\Debug\PSOC_arm_project.a(cyPm.o)
 .debug_frame   0x00001a08      0x25c .\CortexM3\ARM_GCC_541\Debug\PSOC_arm_project.a(PWM_1.o)
 .debug_frame   0x00001c64      0x2bc .\CortexM3\ARM_GCC_541\Debug\PSOC_arm_project.a(ADC_SAR_1.o)
 .debug_frame   0x00001f20       0x34 .\CortexM3\ARM_GCC_541\Debug\PSOC_arm_project.a(ADC_SAR_1_INT.o)
 .debug_frame   0x00001f54      0x200 .\CortexM3\ARM_GCC_541\Debug\PSOC_arm_project.a(ADC_SAR_1_theACLK.o)
 .debug_frame   0x00002154      0x230 .\CortexM3\ARM_GCC_541\Debug\PSOC_arm_project.a(Timer_1.o)
 .debug_frame   0x00002384      0x208 .\CortexM3\ARM_GCC_541\Debug\PSOC_arm_project.a(median_timer.o)
 .debug_frame   0x0000258c      0x1e8 .\CortexM3\ARM_GCC_541\Debug\PSOC_arm_project.a(update_median_isr.o)
 .debug_frame   0x00002774      0x200 .\CortexM3\ARM_GCC_541\Debug\PSOC_arm_project.a(CyScBoostClk.o)
 .debug_frame   0x00002974      0x210 .\CortexM3\ARM_GCC_541\Debug\PSOC_arm_project.a(CyFlash.o)
 .debug_frame   0x00002b84      0x1f8 .\CortexM3\ARM_GCC_541\Debug\PSOC_arm_project.a(CySpc.o)
 .debug_frame   0x00002d7c       0x44 c:/program files (x86)/cypress/psoc creator/4.2/psoc creator/import/gnu/arm/5.4.1/bin/../lib/gcc/arm-none-eabi/5.4.1/armv7-m\libgcc.a(_aeabi_ldivmod.o)
 .debug_frame   0x00002dc0       0x38 c:/program files (x86)/cypress/psoc creator/4.2/psoc creator/import/gnu/arm/5.4.1/bin/../lib/gcc/arm-none-eabi/5.4.1/armv7-m\libgcc.a(_udivmoddi4.o)
 .debug_frame   0x00002df8       0x20 c:/program files (x86)/cypress/psoc creator/4.2/psoc creator/import/gnu/arm/5.4.1/bin/../lib/gcc/arm-none-eabi/5.4.1/../../../../arm-none-eabi/lib/armv7-m\libg_nano.a(lib_a-errno.o)
 .debug_frame   0x00002e18       0x28 c:/program files (x86)/cypress/psoc creator/4.2/psoc creator/import/gnu/arm/5.4.1/bin/../lib/gcc/arm-none-eabi/5.4.1/../../../../arm-none-eabi/lib/armv7-m\libg_nano.a(lib_a-exit.o)
 .debug_frame   0x00002e40       0x2c c:/program files (x86)/cypress/psoc creator/4.2/psoc creator/import/gnu/arm/5.4.1/bin/../lib/gcc/arm-none-eabi/5.4.1/../../../../arm-none-eabi/lib/armv7-m\libg_nano.a(lib_a-init.o)
 .debug_frame   0x00002e6c       0x28 c:/program files (x86)/cypress/psoc creator/4.2/psoc creator/import/gnu/arm/5.4.1/bin/../lib/gcc/arm-none-eabi/5.4.1/../../../../arm-none-eabi/lib/armv7-m\libg_nano.a(lib_a-memcpy-stub.o)
 .debug_frame   0x00002e94       0x20 c:/program files (x86)/cypress/psoc creator/4.2/psoc creator/import/gnu/arm/5.4.1/bin/../lib/gcc/arm-none-eabi/5.4.1/../../../../arm-none-eabi/lib/armv7-m\libg_nano.a(lib_a-memset.o)
 .debug_frame   0x00002eb4       0x8c c:/program files (x86)/cypress/psoc creator/4.2/psoc creator/import/gnu/arm/5.4.1/bin/../lib/gcc/arm-none-eabi/5.4.1/../../../../arm-none-eabi/lib/armv7-m\libg_nano.a(lib_a-nano-vfprintf_float.o)
 .debug_frame   0x00002f40       0x60 c:/program files (x86)/cypress/psoc creator/4.2/psoc creator/import/gnu/arm/5.4.1/bin/../lib/gcc/arm-none-eabi/5.4.1/../../../../arm-none-eabi/lib/armv7-m\libg_nano.a(lib_a-nano-vfprintf_i.o)
 .debug_frame   0x00002fa0       0x70 c:/program files (x86)/cypress/psoc creator/4.2/psoc creator/import/gnu/arm/5.4.1/bin/../lib/gcc/arm-none-eabi/5.4.1/../../../../arm-none-eabi/lib/armv7-m\libg_nano.a(lib_a-sprintf.o)
 .debug_frame   0x00003010       0x98 c:/program files (x86)/cypress/psoc creator/4.2/psoc creator/import/gnu/arm/5.4.1/bin/../lib/gcc/arm-none-eabi/5.4.1/../../../../arm-none-eabi/lib/armv7-m\libg_nano.a(lib_a-strtod.o)
 .debug_frame   0x000030a8       0x44 c:/program files (x86)/cypress/psoc creator/4.2/psoc creator/import/gnu/arm/5.4.1/bin/../lib/gcc/arm-none-eabi/5.4.1/../../../../arm-none-eabi/lib/armv7-m\libg_nano.a(lib_a-strtol.o)
 .debug_frame   0x000030ec       0x6c c:/program files (x86)/cypress/psoc creator/4.2/psoc creator/import/gnu/arm/5.4.1/bin/../lib/gcc/arm-none-eabi/5.4.1/../../../../arm-none-eabi/lib/armv7-m\libg_nano.a(lib_a-dtoa.o)
 .debug_frame   0x00003158       0x70 c:/program files (x86)/cypress/psoc creator/4.2/psoc creator/import/gnu/arm/5.4.1/bin/../lib/gcc/arm-none-eabi/5.4.1/../../../../arm-none-eabi/lib/armv7-m\libg_nano.a(lib_a-gdtoa-gethex.o)
 .debug_frame   0x000031c8       0x74 c:/program files (x86)/cypress/psoc creator/4.2/psoc creator/import/gnu/arm/5.4.1/bin/../lib/gcc/arm-none-eabi/5.4.1/../../../../arm-none-eabi/lib/armv7-m\libg_nano.a(lib_a-gdtoa-hexnan.o)
 .debug_frame   0x0000323c       0x98 c:/program files (x86)/cypress/psoc creator/4.2/psoc creator/import/gnu/arm/5.4.1/bin/../lib/gcc/arm-none-eabi/5.4.1/../../../../arm-none-eabi/lib/armv7-m\libg_nano.a(lib_a-locale.o)
 .debug_frame   0x000032d4       0x30 c:/program files (x86)/cypress/psoc creator/4.2/psoc creator/import/gnu/arm/5.4.1/bin/../lib/gcc/arm-none-eabi/5.4.1/../../../../arm-none-eabi/lib/armv7-m\libg_nano.a(lib_a-malloc.o)
 .debug_frame   0x00003304       0x28 c:/program files (x86)/cypress/psoc creator/4.2/psoc creator/import/gnu/arm/5.4.1/bin/../lib/gcc/arm-none-eabi/5.4.1/../../../../arm-none-eabi/lib/armv7-m\libg_nano.a(lib_a-memchr-stub.o)
 .debug_frame   0x0000332c      0x234 c:/program files (x86)/cypress/psoc creator/4.2/psoc creator/import/gnu/arm/5.4.1/bin/../lib/gcc/arm-none-eabi/5.4.1/../../../../arm-none-eabi/lib/armv7-m\libg_nano.a(lib_a-mprec.o)
 .debug_frame   0x00003560       0x2c c:/program files (x86)/cypress/psoc creator/4.2/psoc creator/import/gnu/arm/5.4.1/bin/../lib/gcc/arm-none-eabi/5.4.1/../../../../arm-none-eabi/lib/armv7-m\libg_nano.a(lib_a-nano-callocr.o)
 .debug_frame   0x0000358c       0x38 c:/program files (x86)/cypress/psoc creator/4.2/psoc creator/import/gnu/arm/5.4.1/bin/../lib/gcc/arm-none-eabi/5.4.1/../../../../arm-none-eabi/lib/armv7-m\libg_nano.a(lib_a-nano-freer.o)
 .debug_frame   0x000035c4       0x2c c:/program files (x86)/cypress/psoc creator/4.2/psoc creator/import/gnu/arm/5.4.1/bin/../lib/gcc/arm-none-eabi/5.4.1/../../../../arm-none-eabi/lib/armv7-m\libg_nano.a(lib_a-nano-mallocr.o)
 .debug_frame   0x000035f0       0x90 c:/program files (x86)/cypress/psoc creator/4.2/psoc creator/import/gnu/arm/5.4.1/bin/../lib/gcc/arm-none-eabi/5.4.1/../../../../arm-none-eabi/lib/armv7-m\libg_nano.a(lib_a-nano-svfprintf.o)
 .debug_frame   0x00003680       0x2c c:/program files (x86)/cypress/psoc creator/4.2/psoc creator/import/gnu/arm/5.4.1/bin/../lib/gcc/arm-none-eabi/5.4.1/../../../../arm-none-eabi/lib/armv7-m\libg_nano.a(lib_a-sbrkr.o)
 .debug_frame   0x000036ac       0x20 c:/program files (x86)/cypress/psoc creator/4.2/psoc creator/import/gnu/arm/5.4.1/bin/../lib/gcc/arm-none-eabi/5.4.1/../../../../arm-none-eabi/lib/armv7-m\libg_nano.a(lib_a-sf_nan.o)
 .debug_frame   0x000036cc       0x20 c:/program files (x86)/cypress/psoc creator/4.2/psoc creator/import/gnu/arm/5.4.1/bin/../lib/gcc/arm-none-eabi/5.4.1/../../../../arm-none-eabi/lib/armv7-m\libg_nano.a(lib_a-strcmp.o)
 .debug_frame   0x000036ec       0x2c c:/program files (x86)/cypress/psoc creator/4.2/psoc creator/import/gnu/arm/5.4.1/bin/../lib/gcc/arm-none-eabi/5.4.1/../../../../arm-none-eabi/lib/armv7-m\libg_nano.a(lib_a-strncmp.o)
 .debug_frame   0x00003718       0x28 c:/program files (x86)/cypress/psoc creator/4.2/psoc creator/import/gnu/arm/5.4.1/bin/../lib/gcc/arm-none-eabi/5.4.1/../../../../arm-none-eabi/lib/armv7-m\libg_nano.a(lib_a-memmove.o)
 .debug_frame   0x00003740       0x30 c:/program files (x86)/cypress/psoc creator/4.2/psoc creator/import/gnu/arm/5.4.1/bin/../lib/gcc/arm-none-eabi/5.4.1/../../../../arm-none-eabi/lib/armv7-m\libg_nano.a(lib_a-mlock.o)
 .debug_frame   0x00003770       0x3c c:/program files (x86)/cypress/psoc creator/4.2/psoc creator/import/gnu/arm/5.4.1/bin/../lib/gcc/arm-none-eabi/5.4.1/../../../../arm-none-eabi/lib/armv7-m\libg_nano.a(lib_a-nano-reallocr.o)
 .debug_frame   0x000037ac       0x5c c:/program files (x86)/cypress/psoc creator/4.2/psoc creator/import/gnu/arm/5.4.1/bin/../lib/gcc/arm-none-eabi/5.4.1/../../../../arm-none-eabi/lib/armv7-m\libg_nano.a(lib_a-reent.o)
 .debug_frame   0x00003808       0x20 c:/program files (x86)/cypress/psoc creator/4.2/psoc creator/import/gnu/arm/5.4.1/bin/../lib/gcc/arm-none-eabi/5.4.1/../../../../arm-none-eabi/lib/armv7-m\libg_nano.a(lib_a-nano-msizer.o)

.debug_str      0x00000000     0x2588
 *(.debug_str)
 .debug_str     0x00000000      0x2ac .\CortexM3\ARM_GCC_541\Debug\main.o
                                0x305 (size before relaxing)
 .debug_str     0x000002ac       0x14 .\CortexM3\ARM_GCC_541\Debug\debug.o
                                0x1b8 (size before relaxing)
 .debug_str     0x000002c0      0x197 .\CortexM3\ARM_GCC_541\Debug\cyfitter_cfg.o
                                0x342 (size before relaxing)
 .debug_str     0x00000457       0x7f .\CortexM3\ARM_GCC_541\Debug\cymetadata.o
                                0x1ee (size before relaxing)
 .debug_str     0x000004d6      0x123 .\CortexM3\ARM_GCC_541\Debug\Cm3Start.o
                                0x2e1 (size before relaxing)
 .debug_str     0x000005f9      0x270 .\CortexM3\ARM_GCC_541\Debug\PSOC_arm_project.a(UART.o)
                                0x42b (size before relaxing)
 .debug_str     0x00000869       0x5c .\CortexM3\ARM_GCC_541\Debug\PSOC_arm_project.a(LED.o)
                                0x1e2 (size before relaxing)
 .debug_str     0x000008c5      0x10c .\CortexM3\ARM_GCC_541\Debug\PSOC_arm_project.a(isr_rx.o)
                                0x2be (size before relaxing)
 .debug_str     0x000009d1      0x1b0 .\CortexM3\ARM_GCC_541\Debug\PSOC_arm_project.a(UART_IntClock.o)
                                0x340 (size before relaxing)
 .debug_str     0x00000b81      0x7fe .\CortexM3\ARM_GCC_541\Debug\PSOC_arm_project.a(CyLib.o)
                                0xa18 (size before relaxing)
 .debug_str     0x0000137f      0x371 .\CortexM3\ARM_GCC_541\Debug\PSOC_arm_project.a(cyPm.o)
                                0x54d (size before relaxing)
 .debug_str     0x000016f0      0x196 .\CortexM3\ARM_GCC_541\Debug\PSOC_arm_project.a(PWM_1.o)
                                0x33b (size before relaxing)
 .debug_str     0x00001886      0x247 .\CortexM3\ARM_GCC_541\Debug\PSOC_arm_project.a(ADC_SAR_1.o)
                                0x447 (size before relaxing)
 .debug_str     0x00001acd       0x35 .\CortexM3\ARM_GCC_541\Debug\PSOC_arm_project.a(ADC_SAR_1_INT.o)
                                0x1a5 (size before relaxing)
 .debug_str     0x00001b02      0x1de .\CortexM3\ARM_GCC_541\Debug\PSOC_arm_project.a(ADC_SAR_1_theACLK.o)
                                0x3bf (size before relaxing)
 .debug_str     0x00001ce0      0x17a .\CortexM3\ARM_GCC_541\Debug\PSOC_arm_project.a(Timer_1.o)
                                0x33c (size before relaxing)
 .debug_str     0x00001e5a      0x1ad .\CortexM3\ARM_GCC_541\Debug\PSOC_arm_project.a(median_timer.o)
                                0x36f (size before relaxing)
 .debug_str     0x00002007      0x18e .\CortexM3\ARM_GCC_541\Debug\PSOC_arm_project.a(update_median_isr.o)
                                0x358 (size before relaxing)
 .debug_str     0x00002195      0x18f .\CortexM3\ARM_GCC_541\Debug\PSOC_arm_project.a(CyScBoostClk.o)
                                0x379 (size before relaxing)
 .debug_str     0x00002324      0x145 .\CortexM3\ARM_GCC_541\Debug\PSOC_arm_project.a(CyFlash.o)
                                0x300 (size before relaxing)
 .debug_str     0x00002469      0x11f .\CortexM3\ARM_GCC_541\Debug\PSOC_arm_project.a(CySpc.o)
                                0x2fd (size before relaxing)

.debug_loc
 *(.debug_loc)

.debug_macinfo
 *(.debug_macinfo)

.debug_ranges   0x00000000      0xa08
 *(.debug_ranges)
 .debug_ranges  0x00000000       0x28 .\CortexM3\ARM_GCC_541\Debug\main.o
 .debug_ranges  0x00000028       0x10 .\CortexM3\ARM_GCC_541\Debug\debug.o
 .debug_ranges  0x00000038       0x50 .\CortexM3\ARM_GCC_541\Debug\cyfitter_cfg.o
 .debug_ranges  0x00000088       0x38 .\CortexM3\ARM_GCC_541\Debug\Cm3Start.o
 .debug_ranges  0x000000c0       0xe0 .\CortexM3\ARM_GCC_541\Debug\PSOC_arm_project.a(UART.o)
 .debug_ranges  0x000001a0       0x28 .\CortexM3\ARM_GCC_541\Debug\PSOC_arm_project.a(LED.o)
 .debug_ranges  0x000001c8       0x70 .\CortexM3\ARM_GCC_541\Debug\PSOC_arm_project.a(isr_rx.o)
 .debug_ranges  0x00000238       0x60 .\CortexM3\ARM_GCC_541\Debug\PSOC_arm_project.a(UART_IntClock.o)
 .debug_ranges  0x00000298      0x298 .\CortexM3\ARM_GCC_541\Debug\PSOC_arm_project.a(CyLib.o)
 .debug_ranges  0x00000530       0x88 .\CortexM3\ARM_GCC_541\Debug\PSOC_arm_project.a(cyPm.o)
 .debug_ranges  0x000005b8       0x88 .\CortexM3\ARM_GCC_541\Debug\PSOC_arm_project.a(PWM_1.o)
 .debug_ranges  0x00000640       0x98 .\CortexM3\ARM_GCC_541\Debug\PSOC_arm_project.a(ADC_SAR_1.o)
 .debug_ranges  0x000006d8       0x10 .\CortexM3\ARM_GCC_541\Debug\PSOC_arm_project.a(ADC_SAR_1_INT.o)
 .debug_ranges  0x000006e8       0x70 .\CortexM3\ARM_GCC_541\Debug\PSOC_arm_project.a(ADC_SAR_1_theACLK.o)
 .debug_ranges  0x00000758       0x80 .\CortexM3\ARM_GCC_541\Debug\PSOC_arm_project.a(Timer_1.o)
 .debug_ranges  0x000007d8       0x78 .\CortexM3\ARM_GCC_541\Debug\PSOC_arm_project.a(median_timer.o)
 .debug_ranges  0x00000850       0x70 .\CortexM3\ARM_GCC_541\Debug\PSOC_arm_project.a(update_median_isr.o)
 .debug_ranges  0x000008c0       0x70 .\CortexM3\ARM_GCC_541\Debug\PSOC_arm_project.a(CyScBoostClk.o)
 .debug_ranges  0x00000930       0x70 .\CortexM3\ARM_GCC_541\Debug\PSOC_arm_project.a(CyFlash.o)
 .debug_ranges  0x000009a0       0x68 .\CortexM3\ARM_GCC_541\Debug\PSOC_arm_project.a(CySpc.o)

.comment        0x00000000       0x6e
 .comment       0x00000000       0x6e .\CortexM3\ARM_GCC_541\Debug\main.o
                                 0x6f (size before relaxing)
 .comment       0x0000006e       0x6f .\CortexM3\ARM_GCC_541\Debug\debug.o
 .comment       0x0000006e       0x6f .\CortexM3\ARM_GCC_541\Debug\cyfitter_cfg.o
 .comment       0x0000006e       0x6f .\CortexM3\ARM_GCC_541\Debug\cymetadata.o
 .comment       0x0000006e       0x6f .\CortexM3\ARM_GCC_541\Debug\Cm3Start.o
 .comment       0x0000006e       0x6f .\CortexM3\ARM_GCC_541\Debug\PSOC_arm_project.a(UART.o)
 .comment       0x0000006e       0x6f .\CortexM3\ARM_GCC_541\Debug\PSOC_arm_project.a(LED.o)
 .comment       0x0000006e       0x6f .\CortexM3\ARM_GCC_541\Debug\PSOC_arm_project.a(isr_rx.o)
 .comment       0x0000006e       0x6f .\CortexM3\ARM_GCC_541\Debug\PSOC_arm_project.a(UART_IntClock.o)
 .comment       0x0000006e       0x6f .\CortexM3\ARM_GCC_541\Debug\PSOC_arm_project.a(CyLib.o)
 .comment       0x0000006e       0x6f .\CortexM3\ARM_GCC_541\Debug\PSOC_arm_project.a(cyPm.o)
 .comment       0x0000006e       0x6f .\CortexM3\ARM_GCC_541\Debug\PSOC_arm_project.a(PWM_1.o)
 .comment       0x0000006e       0x6f .\CortexM3\ARM_GCC_541\Debug\PSOC_arm_project.a(ADC_SAR_1.o)
 .comment       0x0000006e       0x6f .\CortexM3\ARM_GCC_541\Debug\PSOC_arm_project.a(ADC_SAR_1_INT.o)
 .comment       0x0000006e       0x6f .\CortexM3\ARM_GCC_541\Debug\PSOC_arm_project.a(ADC_SAR_1_theACLK.o)
 .comment       0x0000006e       0x6f .\CortexM3\ARM_GCC_541\Debug\PSOC_arm_project.a(Timer_1.o)
 .comment       0x0000006e       0x6f .\CortexM3\ARM_GCC_541\Debug\PSOC_arm_project.a(median_timer.o)
 .comment       0x0000006e       0x6f .\CortexM3\ARM_GCC_541\Debug\PSOC_arm_project.a(update_median_isr.o)
 .comment       0x0000006e       0x6f .\CortexM3\ARM_GCC_541\Debug\PSOC_arm_project.a(CyScBoostClk.o)
 .comment       0x0000006e       0x6f .\CortexM3\ARM_GCC_541\Debug\PSOC_arm_project.a(CyFlash.o)
 .comment       0x0000006e       0x6f .\CortexM3\ARM_GCC_541\Debug\PSOC_arm_project.a(CySpc.o)

.debug_weaknames
 *(.debug_weaknames)

.debug_funcnames
 *(.debug_funcnames)

.debug_typenames
 *(.debug_typenames)

.debug_varnames
 *(.debug_varnames)

.note.gnu.arm.ident
 *(.note.gnu.arm.ident)

.ARM.attributes
                0x00000000       0x29
 *(.ARM.attributes)
 .ARM.attributes
                0x00000000       0x1d c:/program files (x86)/cypress/psoc creator/4.2/psoc creator/import/gnu/arm/5.4.1/bin/../lib/gcc/arm-none-eabi/5.4.1/armv7-m/crti.o
 .ARM.attributes
                0x0000001d       0x2d c:/program files (x86)/cypress/psoc creator/4.2/psoc creator/import/gnu/arm/5.4.1/bin/../lib/gcc/arm-none-eabi/5.4.1/armv7-m/crtbegin.o
 .ARM.attributes
                0x0000004a       0x1b c:/program files (x86)/cypress/psoc creator/4.2/psoc creator/import/gnu/arm/5.4.1/bin/../lib/gcc/arm-none-eabi/5.4.1/../../../../arm-none-eabi/lib/armv7-m/crt0.o
 .ARM.attributes
                0x00000065       0x33 .\CortexM3\ARM_GCC_541\Debug\main.o
 .ARM.attributes
                0x00000098       0x33 .\CortexM3\ARM_GCC_541\Debug\debug.o
 .ARM.attributes
                0x000000cb       0x33 .\CortexM3\ARM_GCC_541\Debug\cyfitter_cfg.o
 .ARM.attributes
                0x000000fe       0x33 .\CortexM3\ARM_GCC_541\Debug\cymetadata.o
 .ARM.attributes
                0x00000131       0x33 .\CortexM3\ARM_GCC_541\Debug\Cm3Start.o
 .ARM.attributes
                0x00000164       0x33 .\CortexM3\ARM_GCC_541\Debug\PSOC_arm_project.a(UART.o)
 .ARM.attributes
                0x00000197       0x33 .\CortexM3\ARM_GCC_541\Debug\PSOC_arm_project.a(LED.o)
 .ARM.attributes
                0x000001ca       0x33 .\CortexM3\ARM_GCC_541\Debug\PSOC_arm_project.a(isr_rx.o)
 .ARM.attributes
                0x000001fd       0x33 .\CortexM3\ARM_GCC_541\Debug\PSOC_arm_project.a(UART_IntClock.o)
 .ARM.attributes
                0x00000230       0x33 .\CortexM3\ARM_GCC_541\Debug\PSOC_arm_project.a(CyLib.o)
 .ARM.attributes
                0x00000263       0x33 .\CortexM3\ARM_GCC_541\Debug\PSOC_arm_project.a(cyPm.o)
 .ARM.attributes
                0x00000296       0x33 .\CortexM3\ARM_GCC_541\Debug\PSOC_arm_project.a(PWM_1.o)
 .ARM.attributes
                0x000002c9       0x33 .\CortexM3\ARM_GCC_541\Debug\PSOC_arm_project.a(ADC_SAR_1.o)
 .ARM.attributes
                0x000002fc       0x33 .\CortexM3\ARM_GCC_541\Debug\PSOC_arm_project.a(ADC_SAR_1_INT.o)
 .ARM.attributes
                0x0000032f       0x33 .\CortexM3\ARM_GCC_541\Debug\PSOC_arm_project.a(ADC_SAR_1_theACLK.o)
 .ARM.attributes
                0x00000362       0x33 .\CortexM3\ARM_GCC_541\Debug\PSOC_arm_project.a(Timer_1.o)
 .ARM.attributes
                0x00000395       0x33 .\CortexM3\ARM_GCC_541\Debug\PSOC_arm_project.a(median_timer.o)
 .ARM.attributes
                0x000003c8       0x33 .\CortexM3\ARM_GCC_541\Debug\PSOC_arm_project.a(update_median_isr.o)
 .ARM.attributes
                0x000003fb       0x21 .\CortexM3\ARM_GCC_541\Debug\PSOC_arm_project.a(CyBootAsmGnu.o)
 .ARM.attributes
                0x0000041c       0x33 .\CortexM3\ARM_GCC_541\Debug\PSOC_arm_project.a(CyScBoostClk.o)
 .ARM.attributes
                0x0000044f       0x33 .\CortexM3\ARM_GCC_541\Debug\PSOC_arm_project.a(CyFlash.o)
 .ARM.attributes
                0x00000482       0x33 .\CortexM3\ARM_GCC_541\Debug\PSOC_arm_project.a(CySpc.o)
 .ARM.attributes
                0x000004b5       0x1d c:/program files (x86)/cypress/psoc creator/4.2/psoc creator/import/gnu/arm/5.4.1/bin/../lib/gcc/arm-none-eabi/5.4.1/armv7-m\libgcc.a(_arm_addsubdf3.o)
 .ARM.attributes
                0x000004d2       0x1d c:/program files (x86)/cypress/psoc creator/4.2/psoc creator/import/gnu/arm/5.4.1/bin/../lib/gcc/arm-none-eabi/5.4.1/armv7-m\libgcc.a(_arm_muldivdf3.o)
 .ARM.attributes
                0x000004ef       0x1d c:/program files (x86)/cypress/psoc creator/4.2/psoc creator/import/gnu/arm/5.4.1/bin/../lib/gcc/arm-none-eabi/5.4.1/armv7-m\libgcc.a(_arm_fixdfsi.o)
 .ARM.attributes
                0x0000050c       0x1d c:/program files (x86)/cypress/psoc creator/4.2/psoc creator/import/gnu/arm/5.4.1/bin/../lib/gcc/arm-none-eabi/5.4.1/armv7-m\libgcc.a(_arm_fixunsdfsi.o)
 .ARM.attributes
                0x00000529       0x1d c:/program files (x86)/cypress/psoc creator/4.2/psoc creator/import/gnu/arm/5.4.1/bin/../lib/gcc/arm-none-eabi/5.4.1/armv7-m\libgcc.a(_arm_addsubsf3.o)
 .ARM.attributes
                0x00000546       0x1d c:/program files (x86)/cypress/psoc creator/4.2/psoc creator/import/gnu/arm/5.4.1/bin/../lib/gcc/arm-none-eabi/5.4.1/armv7-m\libgcc.a(_arm_muldivsf3.o)
 .ARM.attributes
                0x00000563       0x1d c:/program files (x86)/cypress/psoc creator/4.2/psoc creator/import/gnu/arm/5.4.1/bin/../lib/gcc/arm-none-eabi/5.4.1/armv7-m\libgcc.a(_aeabi_ldivmod.o)
 .ARM.attributes
                0x00000580       0x2d c:/program files (x86)/cypress/psoc creator/4.2/psoc creator/import/gnu/arm/5.4.1/bin/../lib/gcc/arm-none-eabi/5.4.1/armv7-m\libgcc.a(_udivmoddi4.o)
 .ARM.attributes
                0x000005ad       0x1d c:/program files (x86)/cypress/psoc creator/4.2/psoc creator/import/gnu/arm/5.4.1/bin/../lib/gcc/arm-none-eabi/5.4.1/armv7-m\libgcc.a(_dvmd_tls.o)
 .ARM.attributes
                0x000005ca       0x2d c:/program files (x86)/cypress/psoc creator/4.2/psoc creator/import/gnu/arm/5.4.1/bin/../lib/gcc/arm-none-eabi/5.4.1/../../../../arm-none-eabi/lib/armv7-m\libg_nano.a(lib_a-errno.o)
 .ARM.attributes
                0x000005f7       0x2d c:/program files (x86)/cypress/psoc creator/4.2/psoc creator/import/gnu/arm/5.4.1/bin/../lib/gcc/arm-none-eabi/5.4.1/../../../../arm-none-eabi/lib/armv7-m\libg_nano.a(lib_a-exit.o)
 .ARM.attributes
                0x00000624       0x2d c:/program files (x86)/cypress/psoc creator/4.2/psoc creator/import/gnu/arm/5.4.1/bin/../lib/gcc/arm-none-eabi/5.4.1/../../../../arm-none-eabi/lib/armv7-m\libg_nano.a(lib_a-impure.o)
 .ARM.attributes
                0x00000651       0x2d c:/program files (x86)/cypress/psoc creator/4.2/psoc creator/import/gnu/arm/5.4.1/bin/../lib/gcc/arm-none-eabi/5.4.1/../../../../arm-none-eabi/lib/armv7-m\libg_nano.a(lib_a-init.o)
 .ARM.attributes
                0x0000067e       0x2d c:/program files (x86)/cypress/psoc creator/4.2/psoc creator/import/gnu/arm/5.4.1/bin/../lib/gcc/arm-none-eabi/5.4.1/../../../../arm-none-eabi/lib/armv7-m\libg_nano.a(lib_a-memcpy-stub.o)
 .ARM.attributes
                0x000006ab       0x2d c:/program files (x86)/cypress/psoc creator/4.2/psoc creator/import/gnu/arm/5.4.1/bin/../lib/gcc/arm-none-eabi/5.4.1/../../../../arm-none-eabi/lib/armv7-m\libg_nano.a(lib_a-memset.o)
 .ARM.attributes
                0x000006d8       0x2d c:/program files (x86)/cypress/psoc creator/4.2/psoc creator/import/gnu/arm/5.4.1/bin/../lib/gcc/arm-none-eabi/5.4.1/../../../../arm-none-eabi/lib/armv7-m\libg_nano.a(lib_a-nano-vfprintf_float.o)
 .ARM.attributes
                0x00000705       0x2d c:/program files (x86)/cypress/psoc creator/4.2/psoc creator/import/gnu/arm/5.4.1/bin/../lib/gcc/arm-none-eabi/5.4.1/../../../../arm-none-eabi/lib/armv7-m\libg_nano.a(lib_a-nano-vfprintf_i.o)
 .ARM.attributes
                0x00000732       0x2d c:/program files (x86)/cypress/psoc creator/4.2/psoc creator/import/gnu/arm/5.4.1/bin/../lib/gcc/arm-none-eabi/5.4.1/../../../../arm-none-eabi/lib/armv7-m\libg_nano.a(lib_a-sprintf.o)
 .ARM.attributes
                0x0000075f       0x17 c:/program files (x86)/cypress/psoc creator/4.2/psoc creator/import/gnu/arm/5.4.1/bin/../lib/gcc/arm-none-eabi/5.4.1/../../../../arm-none-eabi/lib/armv7-m\libg_nano.a(lib_a-strlen.o)
 .ARM.attributes
                0x00000776       0x2d c:/program files (x86)/cypress/psoc creator/4.2/psoc creator/import/gnu/arm/5.4.1/bin/../lib/gcc/arm-none-eabi/5.4.1/../../../../arm-none-eabi/lib/armv7-m\libg_nano.a(lib_a-strtod.o)
 .ARM.attributes
                0x000007a3       0x2d c:/program files (x86)/cypress/psoc creator/4.2/psoc creator/import/gnu/arm/5.4.1/bin/../lib/gcc/arm-none-eabi/5.4.1/../../../../arm-none-eabi/lib/armv7-m\libg_nano.a(lib_a-strtol.o)
 .ARM.attributes
                0x000007d0       0x2d c:/program files (x86)/cypress/psoc creator/4.2/psoc creator/import/gnu/arm/5.4.1/bin/../lib/gcc/arm-none-eabi/5.4.1/../../../../arm-none-eabi/lib/armv7-m\libg_nano.a(lib_a-ctype_.o)
 .ARM.attributes
                0x000007fd       0x2d c:/program files (x86)/cypress/psoc creator/4.2/psoc creator/import/gnu/arm/5.4.1/bin/../lib/gcc/arm-none-eabi/5.4.1/../../../../arm-none-eabi/lib/armv7-m\libg_nano.a(lib_a-dtoa.o)
 .ARM.attributes
                0x0000082a       0x2d c:/program files (x86)/cypress/psoc creator/4.2/psoc creator/import/gnu/arm/5.4.1/bin/../lib/gcc/arm-none-eabi/5.4.1/../../../../arm-none-eabi/lib/armv7-m\libg_nano.a(lib_a-gdtoa-gethex.o)
 .ARM.attributes
                0x00000857       0x2d c:/program files (x86)/cypress/psoc creator/4.2/psoc creator/import/gnu/arm/5.4.1/bin/../lib/gcc/arm-none-eabi/5.4.1/../../../../arm-none-eabi/lib/armv7-m\libg_nano.a(lib_a-gdtoa-hexnan.o)
 .ARM.attributes
                0x00000884       0x2d c:/program files (x86)/cypress/psoc creator/4.2/psoc creator/import/gnu/arm/5.4.1/bin/../lib/gcc/arm-none-eabi/5.4.1/../../../../arm-none-eabi/lib/armv7-m\libg_nano.a(lib_a-locale.o)
 .ARM.attributes
                0x000008b1       0x2d c:/program files (x86)/cypress/psoc creator/4.2/psoc creator/import/gnu/arm/5.4.1/bin/../lib/gcc/arm-none-eabi/5.4.1/../../../../arm-none-eabi/lib/armv7-m\libg_nano.a(lib_a-malloc.o)
 .ARM.attributes
                0x000008de       0x2d c:/program files (x86)/cypress/psoc creator/4.2/psoc creator/import/gnu/arm/5.4.1/bin/../lib/gcc/arm-none-eabi/5.4.1/../../../../arm-none-eabi/lib/armv7-m\libg_nano.a(lib_a-memchr-stub.o)
 .ARM.attributes
                0x0000090b       0x2d c:/program files (x86)/cypress/psoc creator/4.2/psoc creator/import/gnu/arm/5.4.1/bin/../lib/gcc/arm-none-eabi/5.4.1/../../../../arm-none-eabi/lib/armv7-m\libg_nano.a(lib_a-mprec.o)
 .ARM.attributes
                0x00000938       0x2d c:/program files (x86)/cypress/psoc creator/4.2/psoc creator/import/gnu/arm/5.4.1/bin/../lib/gcc/arm-none-eabi/5.4.1/../../../../arm-none-eabi/lib/armv7-m\libg_nano.a(lib_a-nano-callocr.o)
 .ARM.attributes
                0x00000965       0x2d c:/program files (x86)/cypress/psoc creator/4.2/psoc creator/import/gnu/arm/5.4.1/bin/../lib/gcc/arm-none-eabi/5.4.1/../../../../arm-none-eabi/lib/armv7-m\libg_nano.a(lib_a-nano-freer.o)
 .ARM.attributes
                0x00000992       0x2d c:/program files (x86)/cypress/psoc creator/4.2/psoc creator/import/gnu/arm/5.4.1/bin/../lib/gcc/arm-none-eabi/5.4.1/../../../../arm-none-eabi/lib/armv7-m\libg_nano.a(lib_a-nano-mallocr.o)
 .ARM.attributes
                0x000009bf       0x2d c:/program files (x86)/cypress/psoc creator/4.2/psoc creator/import/gnu/arm/5.4.1/bin/../lib/gcc/arm-none-eabi/5.4.1/../../../../arm-none-eabi/lib/armv7-m\libg_nano.a(lib_a-nano-svfprintf.o)
 .ARM.attributes
                0x000009ec       0x2d c:/program files (x86)/cypress/psoc creator/4.2/psoc creator/import/gnu/arm/5.4.1/bin/../lib/gcc/arm-none-eabi/5.4.1/../../../../arm-none-eabi/lib/armv7-m\libg_nano.a(lib_a-sbrkr.o)
 .ARM.attributes
                0x00000a19       0x2d c:/program files (x86)/cypress/psoc creator/4.2/psoc creator/import/gnu/arm/5.4.1/bin/../lib/gcc/arm-none-eabi/5.4.1/../../../../arm-none-eabi/lib/armv7-m\libg_nano.a(lib_a-sf_nan.o)
 .ARM.attributes
                0x00000a46       0x1b c:/program files (x86)/cypress/psoc creator/4.2/psoc creator/import/gnu/arm/5.4.1/bin/../lib/gcc/arm-none-eabi/5.4.1/../../../../arm-none-eabi/lib/armv7-m\libg_nano.a(lib_a-strcmp.o)
 .ARM.attributes
                0x00000a61       0x2d c:/program files (x86)/cypress/psoc creator/4.2/psoc creator/import/gnu/arm/5.4.1/bin/../lib/gcc/arm-none-eabi/5.4.1/../../../../arm-none-eabi/lib/armv7-m\libg_nano.a(lib_a-strncmp.o)
 .ARM.attributes
                0x00000a8e       0x2d c:/program files (x86)/cypress/psoc creator/4.2/psoc creator/import/gnu/arm/5.4.1/bin/../lib/gcc/arm-none-eabi/5.4.1/../../../../arm-none-eabi/lib/armv7-m\libg_nano.a(lib_a-memmove.o)
 .ARM.attributes
                0x00000abb       0x2d c:/program files (x86)/cypress/psoc creator/4.2/psoc creator/import/gnu/arm/5.4.1/bin/../lib/gcc/arm-none-eabi/5.4.1/../../../../arm-none-eabi/lib/armv7-m\libg_nano.a(lib_a-mlock.o)
 .ARM.attributes
                0x00000ae8       0x2d c:/program files (x86)/cypress/psoc creator/4.2/psoc creator/import/gnu/arm/5.4.1/bin/../lib/gcc/arm-none-eabi/5.4.1/../../../../arm-none-eabi/lib/armv7-m\libg_nano.a(lib_a-nano-reallocr.o)
 .ARM.attributes