Archive member included to satisfy reference by file (symbol)

.\CortexM3\ARM_GCC_541\Debug\PSOC_arm_project.a(UART.o)
                              .\CortexM3\ARM_GCC_541\Debug\main.o (UART_Start)
.\CortexM3\ARM_GCC_541\Debug\PSOC_arm_project.a(isr_rx.o)
                              .\CortexM3\ARM_GCC_541\Debug\main.o (isr_rx_StartEx)
.\CortexM3\ARM_GCC_541\Debug\PSOC_arm_project.a(UART_IntClock.o)
                              .\CortexM3\ARM_GCC_541\Debug\PSOC_arm_project.a(UART.o) (UART_IntClock_Start)
.\CortexM3\ARM_GCC_541\Debug\PSOC_arm_project.a(CyLib.o)
                              .\CortexM3\ARM_GCC_541\Debug\Cm3Start.o (CyResetStatus)
.\CortexM3\ARM_GCC_541\Debug\PSOC_arm_project.a(cyPm.o)
                              .\CortexM3\ARM_GCC_541\Debug\PSOC_arm_project.a(CyLib.o) (CyPmReadStatus)
.\CortexM3\ARM_GCC_541\Debug\PSOC_arm_project.a(PWM_1.o)
                              .\CortexM3\ARM_GCC_541\Debug\main.o (PWM_1_Start)
.\CortexM3\ARM_GCC_541\Debug\PSOC_arm_project.a(Timer_1.o)
                              .\CortexM3\ARM_GCC_541\Debug\main.o (Timer_1_Start)
.\CortexM3\ARM_GCC_541\Debug\PSOC_arm_project.a(median_timer.o)
                              .\CortexM3\ARM_GCC_541\Debug\main.o (median_timer_Start)
.\CortexM3\ARM_GCC_541\Debug\PSOC_arm_project.a(update_median_isr.o)
                              .\CortexM3\ARM_GCC_541\Debug\main.o (update_median_isr_StartEx)
.\CortexM3\ARM_GCC_541\Debug\PSOC_arm_project.a(PWM_0.o)
                              .\CortexM3\ARM_GCC_541\Debug\main.o (PWM_0_Start)
.\CortexM3\ARM_GCC_541\Debug\PSOC_arm_project.a(ADC_0.o)
                              .\CortexM3\ARM_GCC_541\Debug\main.o (ADC_0_Start)
.\CortexM3\ARM_GCC_541\Debug\PSOC_arm_project.a(ADC_0_INT.o)
                              .\CortexM3\ARM_GCC_541\Debug\PSOC_arm_project.a(ADC_0.o) (ADC_0_ISR)
.\CortexM3\ARM_GCC_541\Debug\PSOC_arm_project.a(AMux_0.o)
                              .\CortexM3\ARM_GCC_541\Debug\main.o (AMux_0_Start)
.\CortexM3\ARM_GCC_541\Debug\PSOC_arm_project.a(PWM_2.o)
                              .\CortexM3\ARM_GCC_541\Debug\main.o (PWM_2_Start)
.\CortexM3\ARM_GCC_541\Debug\PSOC_arm_project.a(PWM_3.o)
                              .\CortexM3\ARM_GCC_541\Debug\main.o (PWM_3_Start)
.\CortexM3\ARM_GCC_541\Debug\PSOC_arm_project.a(ADC_0_theACLK.o)
                              .\CortexM3\ARM_GCC_541\Debug\PSOC_arm_project.a(ADC_0.o) (ADC_0_theACLK_SetModeRegister)
.\CortexM3\ARM_GCC_541\Debug\PSOC_arm_project.a(CyBootAsmGnu.o)
                              .\CortexM3\ARM_GCC_541\Debug\cyfitter_cfg.o (CyDelayCycles)
.\CortexM3\ARM_GCC_541\Debug\PSOC_arm_project.a(CyScBoostClk.o)
                              .\CortexM3\ARM_GCC_541\Debug\PSOC_arm_project.a(CyLib.o) (CyScBoostClk_Start)
.\CortexM3\ARM_GCC_541\Debug\PSOC_arm_project.a(CyFlash.o)
                              .\CortexM3\ARM_GCC_541\Debug\PSOC_arm_project.a(cyPm.o) (CyFlash_SetWaitCycles)
.\CortexM3\ARM_GCC_541\Debug\PSOC_arm_project.a(CySpc.o)
                              .\CortexM3\ARM_GCC_541\Debug\PSOC_arm_project.a(CyFlash.o) (CySpcStart)
c:/program files (x86)/cypress/psoc creator/4.2/psoc creator/import/gnu/arm/5.4.1/bin/../lib/gcc/arm-none-eabi/5.4.1/armv7-m\libgcc.a(_arm_addsubsf3.o)
                              .\CortexM3\ARM_GCC_541\Debug\PSOC_arm_project.a(ADC_0.o) (__aeabi_i2f)
c:/program files (x86)/cypress/psoc creator/4.2/psoc creator/import/gnu/arm/5.4.1/bin/../lib/gcc/arm-none-eabi/5.4.1/armv7-m\libgcc.a(_arm_muldivsf3.o)
                              .\CortexM3\ARM_GCC_541\Debug\PSOC_arm_project.a(ADC_0.o) (__aeabi_fmul)
c:/program files (x86)/cypress/psoc creator/4.2/psoc creator/import/gnu/arm/5.4.1/bin/../lib/gcc/arm-none-eabi/5.4.1/armv7-m\libgcc.a(_aeabi_ldivmod.o)
                              .\CortexM3\ARM_GCC_541\Debug\PSOC_arm_project.a(ADC_0.o) (__aeabi_ldivmod)
c:/program files (x86)/cypress/psoc creator/4.2/psoc creator/import/gnu/arm/5.4.1/bin/../lib/gcc/arm-none-eabi/5.4.1/armv7-m\libgcc.a(_udivmoddi4.o)
                              c:/program files (x86)/cypress/psoc creator/4.2/psoc creator/import/gnu/arm/5.4.1/bin/../lib/gcc/arm-none-eabi/5.4.1/armv7-m\libgcc.a(_aeabi_ldivmod.o) (__udivmoddi4)
c:/program files (x86)/cypress/psoc creator/4.2/psoc creator/import/gnu/arm/5.4.1/bin/../lib/gcc/arm-none-eabi/5.4.1/armv7-m\libgcc.a(_dvmd_tls.o)
                              c:/program files (x86)/cypress/psoc creator/4.2/psoc creator/import/gnu/arm/5.4.1/bin/../lib/gcc/arm-none-eabi/5.4.1/armv7-m\libgcc.a(_aeabi_ldivmod.o) (__aeabi_ldiv0)
c:/program files (x86)/cypress/psoc creator/4.2/psoc creator/import/gnu/arm/5.4.1/bin/../lib/gcc/arm-none-eabi/5.4.1/../../../../arm-none-eabi/lib/armv7-m\libg_nano.a(lib_a-errno.o)
                              .\CortexM3\ARM_GCC_541\Debug\Cm3Start.o (__errno)
c:/program files (x86)/cypress/psoc creator/4.2/psoc creator/import/gnu/arm/5.4.1/bin/../lib/gcc/arm-none-eabi/5.4.1/../../../../arm-none-eabi/lib/armv7-m\libg_nano.a(lib_a-exit.o)
[...]
Memory Configuration

Name             Origin             Length             Attributes
rom              0x00000000         0x00040000         xr
ram              0x1fff8000         0x00010000         xrw
*default*        0x00000000         0xffffffff

Linker script and memory map

LOAD c:/program files (x86)/cypress/psoc creator/4.2/psoc creator/import/gnu/arm/5.4.1/bin/../lib/gcc/arm-none-eabi/5.4.1/armv7-m/crti.o
LOAD c:/program files (x86)/cypress/psoc creator/4.2/psoc creator/import/gnu/arm/5.4.1/bin/../lib/gcc/arm-none-eabi/5.4.1/armv7-m/crtbegin.o
LOAD c:/program files (x86)/cypress/psoc creator/4.2/psoc creator/import/gnu/arm/5.4.1/bin/../lib/gcc/arm-none-eabi/5.4.1/../../../../arm-none-eabi/lib/armv7-m/crt0.o
START GROUP
LOAD .\CortexM3\ARM_GCC_541\Debug\main.o
LOAD .\CortexM3\ARM_GCC_541\Debug\debug.o
LOAD .\CortexM3\ARM_GCC_541\Debug\cyfitter_cfg.o
LOAD .\CortexM3\ARM_GCC_541\Debug\cymetadata.o
LOAD .\CortexM3\ARM_GCC_541\Debug\Cm3Start.o
LOAD .\CortexM3\ARM_GCC_541\Debug\PSOC_arm_project.a
LOAD C:\Program Files (x86)\Cypress\PSoC Creator\4.2\PSoC Creator\psoc\content\cycomponentlibrary\CyComponentLibrary.cylib\CortexM3\ARM_GCC_541\Debug\CyComponentLibrary.a
LOAD c:/program files (x86)/cypress/psoc creator/4.2/psoc creator/import/gnu/arm/5.4.1/bin/../lib/gcc/arm-none-eabi/5.4.1/../../../../arm-none-eabi/lib/armv7-m\libm.a
END GROUP
START GROUP
LOAD c:/program files (x86)/cypress/psoc creator/4.2/psoc creator/import/gnu/arm/5.4.1/bin/../lib/gcc/arm-none-eabi/5.4.1/armv7-m\libgcc.a
LOAD c:/program files (x86)/cypress/psoc creator/4.2/psoc creator/import/gnu/arm/5.4.1/bin/../lib/gcc/arm-none-eabi/5.4.1/../../../../arm-none-eabi/lib/armv7-m\libg_nano.a
LOAD c:/program files (x86)/cypress/psoc creator/4.2/psoc creator/import/gnu/arm/5.4.1/bin/../lib/gcc/arm-none-eabi/5.4.1/../../../../arm-none-eabi/lib/armv7-m\libc_nano.a
END GROUP
START GROUP
LOAD c:/program files (x86)/cypress/psoc creator/4.2/psoc creator/import/gnu/arm/5.4.1/bin/../lib/gcc/arm-none-eabi/5.4.1/armv7-m\libgcc.a
LOAD c:/program files (x86)/cypress/psoc creator/4.2/psoc creator/import/gnu/arm/5.4.1/bin/../lib/gcc/arm-none-eabi/5.4.1/../../../../arm-none-eabi/lib/armv7-m\libc_nano.a
END GROUP
LOAD c:/program files (x86)/cypress/psoc creator/4.2/psoc creator/import/gnu/arm/5.4.1/bin/../lib/gcc/arm-none-eabi/5.4.1/armv7-m/crtend.o
LOAD c:/program files (x86)/cypress/psoc creator/4.2/psoc creator/import/gnu/arm/5.4.1/bin/../lib/gcc/arm-none-eabi/5.4.1/armv7-m/crtn.o
START GROUP
LOAD c:/program files (x86)/cypress/psoc creator/4.2/psoc creator/import/gnu/arm/5.4.1/bin/../lib/gcc/arm-none-eabi/5.4.1/armv7-m\libgcc.a
LOAD c:/program files (x86)/cypress/psoc creator/4.2/psoc creator/import/gnu/arm/5.4.1/bin/../lib/gcc/arm-none-eabi/5.4.1/../../../../arm-none-eabi/lib/armv7-m\libc.a
LOAD c:/program files (x86)/cypress/psoc creator/4.2/psoc creator/import/gnu/arm/5.4.1/bin/../lib/gcc/arm-none-eabi/5.4.1/../../../../arm-none-eabi/lib/armv7-m\libnosys.a
END GROUP
                0x00000000                CY_APPL_ORIGIN = 0x0
                0x00000100                CY_FLASH_ROW_SIZE = 0x100
                0x00000020                CY_ECC_ROW_SIZE = 0x20
                0x00000000                CY_EE_IN_BTLDR = 0x0
                0x00000000                CY_APPL_LOADABLE = 0x0
                0x00000800                CY_EE_SIZE = 0x800
                0x00000001                CY_APPL_NUM = 0x1
                0x00000001                CY_APPL_MAX = 0x1
                0x00000040                CY_METADATA_SIZE = 0x40
                0x00000000                CY_APPL_LOADABLE = 0x0
                0x00000000                CY_CHECKSUM_EXCLUDE_SIZE = ALIGN (0x0, CY_FLASH_ROW_SIZE)
                [!provide]                PROVIDE (__cy_heap_start, _end)
                0x00000001                PROVIDE (__cy_region_num, ((__cy_regions_end - __cy_regions) / 0x10))
                0x20008000                PROVIDE (__cy_stack, (ORIGIN (ram) + LENGTH (ram)))
                [!provide]                PROVIDE (__cy_heap_end, (__cy_stack - 0x800))

.cybootloader   0x00000000        0x0
 *(.cybootloader)
                0x00000000                appl1_start = CY_APPL_ORIGIN?CY_APPL_ORIGIN:ALIGN (CY_FLASH_ROW_SIZE)
                0x0001ff00                appl2_start = (appl1_start + ALIGN ((((LENGTH (rom) - appl1_start) - (0x2 * CY_FLASH_ROW_SIZE)) / 0x2), CY_FLASH_ROW_SIZE))
                0x00000000                appl_start = (CY_APPL_NUM == 0x1)?appl1_start:appl2_start
                0x00000000                ecc_offset = ((appl_start / CY_FLASH_ROW_SIZE) * CY_ECC_ROW_SIZE)
                0x00000000                ee_offset = (CY_APPL_LOADABLE && ! (CY_EE_IN_BTLDR))?((CY_EE_SIZE / CY_APPL_MAX) * (CY_APPL_NUM - 0x1)):0x0
                0x00000800                ee_size = (CY_APPL_LOADABLE && ! (CY_EE_IN_BTLDR))?(CY_EE_SIZE / CY_APPL_MAX):CY_EE_SIZE
                [!provide]                PROVIDE (CY_ECC_OFFSET, ecc_offset)

.text           0x00000000     0x5efc
 CREATE_OBJECT_SYMBOLS
                0x00000000                PROVIDE (__cy_interrupt_vector, RomVectors)
 *(.romvectors)
 .romvectors    0x00000000       0x10 .\CortexM3\ARM_GCC_541\Debug\Cm3Start.o
                0x00000000                RomVectors
                0x00000001                ASSERT ((. != __cy_interrupt_vector), No interrupt vector)
                0x00000001                ASSERT (CY_APPL_ORIGIN?(SIZEOF (.cybootloader) <= CY_APPL_ORIGIN):0x1, Wrong image location)
                0x00000010                PROVIDE (__cy_reset, Reset)
 *(.text.Reset)
 .text.Reset    0x00000010       0x18 .\CortexM3\ARM_GCC_541\Debug\Cm3Start.o
                0x00000010                Reset
                0x00000001                ASSERT ((. != __cy_reset), No reset code)
 *(.dma_init)
                0x00000001                ASSERT ((((appl_start + .) <= 0x10000) || 0x1), DMA Init must be within the first 64k of flash)
 *(.text .text.* .gnu.linkonce.t.*)
 .text          0x00000028       0x5c c:/program files (x86)/cypress/psoc creator/4.2/psoc creator/import/gnu/arm/5.4.1/bin/../lib/gcc/arm-none-eabi/5.4.1/armv7-m/crtbegin.o
 .text.writePWM
                0x00000084       0x78 .\CortexM3\ARM_GCC_541\Debug\main.o
                0x00000084                writePWM
 .text.adc_update
                0x000000fc      0x16c .\CortexM3\ARM_GCC_541\Debug\main.o
                0x000000fc                adc_update
 .text.RxIsr    0x00000268      0x2c4 .\CortexM3\ARM_GCC_541\Debug\main.o
                0x00000268                RxIsr
 *fill*         0x0000052c        0x4 
 .text.main     0x00000530      0x1c8 .\CortexM3\ARM_GCC_541\Debug\main.o
                0x00000530                main
 .text.CYMEMZERO
                0x000006f8       0x1c .\CortexM3\ARM_GCC_541\Debug\cyfitter_cfg.o
 .text.CYCONFIGCPY
                0x00000714       0x20 .\CortexM3\ARM_GCC_541\Debug\cyfitter_cfg.o
 .text.CyClockStartupError
                0x00000734        0xc .\CortexM3\ARM_GCC_541\Debug\cyfitter_cfg.o
 .text.cfg_write_bytes32
                0x00000740       0x74 .\CortexM3\ARM_GCC_541\Debug\cyfitter_cfg.o
 .text.ClockSetup
                0x000007b4      0x158 .\CortexM3\ARM_GCC_541\Debug\cyfitter_cfg.o
 .text.AnalogSetDefault
                0x0000090c       0xb0 .\CortexM3\ARM_GCC_541\Debug\cyfitter_cfg.o
 .text.AMux_0_Set
                0x000009bc       0xb8 .\CortexM3\ARM_GCC_541\Debug\cyfitter_cfg.o
                0x000009bc                AMux_0_Set
 .text.AMux_0_Unset
                0x00000a74       0xc4 .\CortexM3\ARM_GCC_541\Debug\cyfitter_cfg.o
                0x00000a74                AMux_0_Unset
 .text.cyfitter_cfg
                0x00000b38      0x17c .\CortexM3\ARM_GCC_541\Debug\cyfitter_cfg.o
                0x00000b38                cyfitter_cfg
 .text.IntDefaultHandler
                0x00000cb4       0x14 .\CortexM3\ARM_GCC_541\Debug\Cm3Start.o
                0x00000cb4                IntDefaultHandler
 .text._sbrk    0x00000cc8       0x54 .\CortexM3\ARM_GCC_541\Debug\Cm3Start.o
                0x00000cc8                _sbrk
 .text.Start_c  0x00000d1c       0x98 .\CortexM3\ARM_GCC_541\Debug\Cm3Start.o
                0x00000d1c                Start_c
 .text.initialize_psoc
                0x00000db4       0x90 .\CortexM3\ARM_GCC_541\Debug\Cm3Start.o
                0x00000db4                initialize_psoc
 .text.UART_Start
                0x00000e44       0x24 .\CortexM3\ARM_GCC_541\Debug\PSOC_arm_project.a(UART.o)
                0x00000e44                UART_Start
 .text.UART_Init
                0x00000e68       0x40 .\CortexM3\ARM_GCC_541\Debug\PSOC_arm_project.a(UART.o)
                0x00000e68                UART_Init
 .text.UART_Enable
                0x00000ea8       0x60 .\CortexM3\ARM_GCC_541\Debug\PSOC_arm_project.a(UART.o)
                0x00000ea8                UART_Enable
 .text.UART_PutChar
                0x00000f08       0x34 .\CortexM3\ARM_GCC_541\Debug\PSOC_arm_project.a(UART.o)
                0x00000f08                UART_PutChar
 .text.UART_PutString
                0x00000f3c       0x44 .\CortexM3\ARM_GCC_541\Debug\PSOC_arm_project.a(UART.o)
                0x00000f3c                UART_PutString
 .text.isr_rx_StartEx
                0x00000f80       0x24 .\CortexM3\ARM_GCC_541\Debug\PSOC_arm_project.a(isr_rx.o)
                0x00000f80                isr_rx_StartEx
 .text.isr_rx_SetVector
                0x00000fa4       0x24 .\CortexM3\ARM_GCC_541\Debug\PSOC_arm_project.a(isr_rx.o)
                0x00000fa4                isr_rx_SetVector
 .text.isr_rx_SetPriority
                0x00000fc8       0x24 .\CortexM3\ARM_GCC_541\Debug\PSOC_arm_project.a(isr_rx.o)
                0x00000fc8                isr_rx_SetPriority
 .text.isr_rx_Enable
                0x00000fec       0x18 .\CortexM3\ARM_GCC_541\Debug\PSOC_arm_project.a(isr_rx.o)
                0x00000fec                isr_rx_Enable
 .text.isr_rx_Disable
                0x00001004       0x18 .\CortexM3\ARM_GCC_541\Debug\PSOC_arm_project.a(isr_rx.o)
                0x00001004                isr_rx_Disable
 .text.UART_IntClock_Start
                0x0000101c       0x34 .\CortexM3\ARM_GCC_541\Debug\PSOC_arm_project.a(UART_IntClock.o)
                0x0000101c                UART_IntClock_Start
 .text.CyHalt   0x00001050       0x18 .\CortexM3\ARM_GCC_541\Debug\PSOC_arm_project.a(CyLib.o)
                0x00001050                CyHalt
 .text.CyDelay  0x00001068       0x44 .\CortexM3\ARM_GCC_541\Debug\PSOC_arm_project.a(CyLib.o)
                0x00001068                CyDelay
 .text.CyDelayUs
                0x000010ac       0x28 .\CortexM3\ARM_GCC_541\Debug\PSOC_arm_project.a(CyLib.o)
                0x000010ac                CyDelayUs
 .text.CyIntSetVector
                0x000010d4       0x50 .\CortexM3\ARM_GCC_541\Debug\PSOC_arm_project.a(CyLib.o)
                0x000010d4                CyIntSetVector
 .text.CyIntSetPriority
                0x00001124       0x48 .\CortexM3\ARM_GCC_541\Debug\PSOC_arm_project.a(CyLib.o)
                0x00001124                CyIntSetPriority
 .text.PWM_1_Start
                0x0000116c       0x24 .\CortexM3\ARM_GCC_541\Debug\PSOC_arm_project.a(PWM_1.o)
                0x0000116c                PWM_1_Start
 .text.PWM_1_Init
                0x00001190       0x94 .\CortexM3\ARM_GCC_541\Debug\PSOC_arm_project.a(PWM_1.o)
                0x00001190                PWM_1_Init
 .text.PWM_1_Enable
                0x00001224       0x20 .\CortexM3\ARM_GCC_541\Debug\PSOC_arm_project.a(PWM_1.o)
                0x00001224                PWM_1_Enable
 .text.PWM_1_WriteCounter
                0x00001244       0x20 .\CortexM3\ARM_GCC_541\Debug\PSOC_arm_project.a(PWM_1.o)
                0x00001244                PWM_1_WriteCounter
 .text.PWM_1_ClearFIFO
                0x00001264       0x1c .\CortexM3\ARM_GCC_541\Debug\PSOC_arm_project.a(PWM_1.o)
                0x00001264                PWM_1_ClearFIFO
 .text.PWM_1_WritePeriod
                0x00001280       0x20 .\CortexM3\ARM_GCC_541\Debug\PSOC_arm_project.a(PWM_1.o)
                0x00001280                PWM_1_WritePeriod
 .text.PWM_1_WriteCompare
                0x000012a0       0x20 .\CortexM3\ARM_GCC_541\Debug\PSOC_arm_project.a(PWM_1.o)
                0x000012a0                PWM_1_WriteCompare
 .text.PWM_1_SetInterruptMode
                0x000012c0       0x20 .\CortexM3\ARM_GCC_541\Debug\PSOC_arm_project.a(PWM_1.o)
                0x000012c0                PWM_1_SetInterruptMode
 .text.PWM_1_ReadStatusRegister
                0x000012e0       0x18 .\CortexM3\ARM_GCC_541\Debug\PSOC_arm_project.a(PWM_1.o)
                0x000012e0                PWM_1_ReadStatusRegister
 .text.PWM_1_ReadCapture
                0x000012f8       0x18 .\CortexM3\ARM_GCC_541\Debug\PSOC_arm_project.a(PWM_1.o)
                0x000012f8                PWM_1_ReadCapture
 .text.Timer_1_Init
                0x00001310       0x4c .\CortexM3\ARM_GCC_541\Debug\PSOC_arm_project.a(Timer_1.o)
                0x00001310                Timer_1_Init
 .text.Timer_1_Enable
                0x0000135c       0x20 .\CortexM3\ARM_GCC_541\Debug\PSOC_arm_project.a(Timer_1.o)
                0x0000135c                Timer_1_Enable
 .text.Timer_1_Start
                0x0000137c       0x24 .\CortexM3\ARM_GCC_541\Debug\PSOC_arm_project.a(Timer_1.o)
                0x0000137c                Timer_1_Start
 .text.Timer_1_SetInterruptMode
                0x000013a0       0x20 .\CortexM3\ARM_GCC_541\Debug\PSOC_arm_project.a(Timer_1.o)
                0x000013a0                Timer_1_SetInterruptMode
 .text.Timer_1_ReadStatusRegister
                0x000013c0       0x18 .\CortexM3\ARM_GCC_541\Debug\PSOC_arm_project.a(Timer_1.o)
                0x000013c0                Timer_1_ReadStatusRegister
 .text.Timer_1_WritePeriod
                0x000013d8       0x20 .\CortexM3\ARM_GCC_541\Debug\PSOC_arm_project.a(Timer_1.o)
                0x000013d8                Timer_1_WritePeriod
 .text.Timer_1_ReadCapture
                0x000013f8       0x18 .\CortexM3\ARM_GCC_541\Debug\PSOC_arm_project.a(Timer_1.o)
                0x000013f8                Timer_1_ReadCapture
 .text.Timer_1_WriteCounter
                0x00001410       0x20 .\CortexM3\ARM_GCC_541\Debug\PSOC_arm_project.a(Timer_1.o)
                0x00001410                Timer_1_WriteCounter
 .text.Timer_1_ClearFIFO
                0x00001430       0x1c .\CortexM3\ARM_GCC_541\Debug\PSOC_arm_project.a(Timer_1.o)
                0x00001430                Timer_1_ClearFIFO
 .text.median_timer_Init
                0x0000144c       0xa0 .\CortexM3\ARM_GCC_541\Debug\PSOC_arm_project.a(median_timer.o)
                0x0000144c                median_timer_Init
 .text.median_timer_Enable
                0x000014ec       0x48 .\CortexM3\ARM_GCC_541\Debug\PSOC_arm_project.a(median_timer.o)
                0x000014ec                median_timer_Enable
 .text.median_timer_Start
                0x00001534       0x24 .\CortexM3\ARM_GCC_541\Debug\PSOC_arm_project.a(median_timer.o)
                0x00001534                median_timer_Start
 .text.median_timer_SetInterruptMode
                0x00001558       0x20 .\CortexM3\ARM_GCC_541\Debug\PSOC_arm_project.a(median_timer.o)
                0x00001558                median_timer_SetInterruptMode
 .text.median_timer_WritePeriod
                0x00001578       0x24 .\CortexM3\ARM_GCC_541\Debug\PSOC_arm_project.a(median_timer.o)
                0x00001578                median_timer_WritePeriod
 .text.median_timer_WriteCounter
                0x0000159c       0x20 .\CortexM3\ARM_GCC_541\Debug\PSOC_arm_project.a(median_timer.o)
                0x0000159c                median_timer_WriteCounter
 .text.update_median_isr_StartEx
                0x000015bc       0x24 .\CortexM3\ARM_GCC_541\Debug\PSOC_arm_project.a(update_median_isr.o)
                0x000015bc                update_median_isr_StartEx
 .text.update_median_isr_SetVector
                0x000015e0       0x24 .\CortexM3\ARM_GCC_541\Debug\PSOC_arm_project.a(update_median_isr.o)
                0x000015e0                update_median_isr_SetVector
 .text.update_median_isr_SetPriority
                0x00001604       0x24 .\CortexM3\ARM_GCC_541\Debug\PSOC_arm_project.a(update_median_isr.o)
                0x00001604                update_median_isr_SetPriority
 .text.update_median_isr_Enable
                0x00001628       0x18 .\CortexM3\ARM_GCC_541\Debug\PSOC_arm_project.a(update_median_isr.o)
                0x00001628                update_median_isr_Enable
 .text.update_median_isr_Disable
                0x00001640       0x18 .\CortexM3\ARM_GCC_541\Debug\PSOC_arm_project.a(update_median_isr.o)
                0x00001640                update_median_isr_Disable
 .text.update_median_isr_ClearPending
                0x00001658       0x18 .\CortexM3\ARM_GCC_541\Debug\PSOC_arm_project.a(update_median_isr.o)
                0x00001658                update_median_isr_ClearPending
 .text.PWM_0_Start
                0x00001670       0x24 .\CortexM3\ARM_GCC_541\Debug\PSOC_arm_project.a(PWM_0.o)
                0x00001670                PWM_0_Start
 .text.PWM_0_Init
                0x00001694       0x94 .\CortexM3\ARM_GCC_541\Debug\PSOC_arm_project.a(PWM_0.o)
                0x00001694                PWM_0_Init
 .text.PWM_0_Enable
                0x00001728       0x20 .\CortexM3\ARM_GCC_541\Debug\PSOC_arm_project.a(PWM_0.o)
                0x00001728                PWM_0_Enable
 .text.PWM_0_WriteCounter
                0x00001748       0x20 .\CortexM3\ARM_GCC_541\Debug\PSOC_arm_project.a(PWM_0.o)
                0x00001748                PWM_0_WriteCounter
 .text.PWM_0_ClearFIFO
                0x00001768       0x1c .\CortexM3\ARM_GCC_541\Debug\PSOC_arm_project.a(PWM_0.o)
                0x00001768                PWM_0_ClearFIFO
 .text.PWM_0_WritePeriod
                0x00001784       0x20 .\CortexM3\ARM_GCC_541\Debug\PSOC_arm_project.a(PWM_0.o)
                0x00001784                PWM_0_WritePeriod
 .text.PWM_0_WriteCompare
                0x000017a4       0x20 .\CortexM3\ARM_GCC_541\Debug\PSOC_arm_project.a(PWM_0.o)
                0x000017a4                PWM_0_WriteCompare
 .text.PWM_0_SetInterruptMode
                0x000017c4       0x20 .\CortexM3\ARM_GCC_541\Debug\PSOC_arm_project.a(PWM_0.o)
                0x000017c4                PWM_0_SetInterruptMode
 .text.PWM_0_ReadStatusRegister
                0x000017e4       0x18 .\CortexM3\ARM_GCC_541\Debug\PSOC_arm_project.a(PWM_0.o)
                0x000017e4                PWM_0_ReadStatusRegister
 .text.PWM_0_ReadCapture
                0x000017fc       0x18 .\CortexM3\ARM_GCC_541\Debug\PSOC_arm_project.a(PWM_0.o)
                0x000017fc                PWM_0_ReadCapture
 .text.ADC_0_Start
                0x00001814       0x24 .\CortexM3\ARM_GCC_541\Debug\PSOC_arm_project.a(ADC_0.o)
                0x00001814                ADC_0_Start
 .text.ADC_0_Init
                0x00001838       0x48 .\CortexM3\ARM_GCC_541\Debug\PSOC_arm_project.a(ADC_0.o)
                0x00001838                ADC_0_Init
 .text.ADC_0_Enable
                0x00001880       0xf4 .\CortexM3\ARM_GCC_541\Debug\PSOC_arm_project.a(ADC_0.o)
                0x00001880                ADC_0_Enable
 .text.ADC_0_SetResolution
                0x00001974       0x54 .\CortexM3\ARM_GCC_541\Debug\PSOC_arm_project.a(ADC_0.o)
                0x00001974                ADC_0_SetResolution
 .text.ADC_0_StartConvert
                0x000019c8       0x20 .\CortexM3\ARM_GCC_541\Debug\PSOC_arm_project.a(ADC_0.o)
                0x000019c8                ADC_0_StartConvert
 .text.ADC_0_IsEndConversion
                0x000019e8       0x40 .\CortexM3\ARM_GCC_541\Debug\PSOC_arm_project.a(ADC_0.o)
                0x000019e8                ADC_0_IsEndConversion
 .text.ADC_0_GetResult16
                0x00001a28       0x30 .\CortexM3\ARM_GCC_541\Debug\PSOC_arm_project.a(ADC_0.o)
                0x00001a28                ADC_0_GetResult16
 .text.ADC_0_CalcGain
                0x00001a58       0x80 .\CortexM3\ARM_GCC_541\Debug\PSOC_arm_project.a(ADC_0.o)
 .text.ADC_0_ISR
                0x00001ad8        0xc .\CortexM3\ARM_GCC_541\Debug\PSOC_arm_project.a(ADC_0_INT.o)
                0x00001ad8                ADC_0_ISR
 .text.AMux_0_Start
                0x00001ae4       0x34 .\CortexM3\ARM_GCC_541\Debug\PSOC_arm_project.a(AMux_0.o)
                0x00001ae4                AMux_0_Start
 .text.AMux_0_FastSelect
                0x00001b18       0x38 .\CortexM3\ARM_GCC_541\Debug\PSOC_arm_project.a(AMux_0.o)
                0x00001b18                AMux_0_FastSelect
 .text.PWM_2_Start
                0x00001b50       0x24 .\CortexM3\ARM_GCC_541\Debug\PSOC_arm_project.a(PWM_2.o)
                0x00001b50                PWM_2_Start
 .text.PWM_2_Init
                0x00001b74       0x94 .\CortexM3\ARM_GCC_541\Debug\PSOC_arm_project.a(PWM_2.o)
                0x00001b74                PWM_2_Init
 .text.PWM_2_Enable
                0x00001c08       0x20 .\CortexM3\ARM_GCC_541\Debug\PSOC_arm_project.a(PWM_2.o)
                0x00001c08                PWM_2_Enable
 .text.PWM_2_WriteCounter
                0x00001c28       0x20 .\CortexM3\ARM_GCC_541\Debug\PSOC_arm_project.a(PWM_2.o)
                0x00001c28                PWM_2_WriteCounter
 .text.PWM_2_ClearFIFO
                0x00001c48       0x1c .\CortexM3\ARM_GCC_541\Debug\PSOC_arm_project.a(PWM_2.o)
                0x00001c48                PWM_2_ClearFIFO
 .text.PWM_2_WritePeriod
                0x00001c64       0x20 .\CortexM3\ARM_GCC_541\Debug\PSOC_arm_project.a(PWM_2.o)
                0x00001c64                PWM_2_WritePeriod
 .text.PWM_2_WriteCompare
                0x00001c84       0x20 .\CortexM3\ARM_GCC_541\Debug\PSOC_arm_project.a(PWM_2.o)
                0x00001c84                PWM_2_WriteCompare
 .text.PWM_2_SetInterruptMode
                0x00001ca4       0x20 .\CortexM3\ARM_GCC_541\Debug\PSOC_arm_project.a(PWM_2.o)
                0x00001ca4                PWM_2_SetInterruptMode
 .text.PWM_2_ReadStatusRegister
                0x00001cc4       0x18 .\CortexM3\ARM_GCC_541\Debug\PSOC_arm_project.a(PWM_2.o)
                0x00001cc4                PWM_2_ReadStatusRegister
 .text.PWM_2_ReadCapture
                0x00001cdc       0x18 .\CortexM3\ARM_GCC_541\Debug\PSOC_arm_project.a(PWM_2.o)
                0x00001cdc                PWM_2_ReadCapture
 .text.PWM_3_Start
                0x00001cf4       0x24 .\CortexM3\ARM_GCC_541\Debug\PSOC_arm_project.a(PWM_3.o)
                0x00001cf4                PWM_3_Start
 .text.PWM_3_Init
                0x00001d18       0x94 .\CortexM3\ARM_GCC_541\Debug\PSOC_arm_project.a(PWM_3.o)
                0x00001d18                PWM_3_Init
 .text.PWM_3_Enable
                0x00001dac       0x20 .\CortexM3\ARM_GCC_541\Debug\PSOC_arm_project.a(PWM_3.o)
                0x00001dac                PWM_3_Enable
 .text.PWM_3_WriteCounter
                0x00001dcc       0x20 .\CortexM3\ARM_GCC_541\Debug\PSOC_arm_project.a(PWM_3.o)
                0x00001dcc                PWM_3_WriteCounter
 .text.PWM_3_ClearFIFO
                0x00001dec       0x1c .\CortexM3\ARM_GCC_541\Debug\PSOC_arm_project.a(PWM_3.o)
                0x00001dec                PWM_3_ClearFIFO
 .text.PWM_3_WritePeriod
                0x00001e08       0x20 .\CortexM3\ARM_GCC_541\Debug\PSOC_arm_project.a(PWM_3.o)
                0x00001e08                PWM_3_WritePeriod
 .text.PWM_3_WriteCompare
                0x00001e28       0x20 .\CortexM3\ARM_GCC_541\Debug\PSOC_arm_project.a(PWM_3.o)
                0x00001e28                PWM_3_WriteCompare
 .text.PWM_3_SetInterruptMode
                0x00001e48       0x20 .\CortexM3\ARM_GCC_541\Debug\PSOC_arm_project.a(PWM_3.o)
                0x00001e48                PWM_3_SetInterruptMode
 .text.PWM_3_ReadStatusRegister
                0x00001e68       0x18 .\CortexM3\ARM_GCC_541\Debug\PSOC_arm_project.a(PWM_3.o)
                0x00001e68                PWM_3_ReadStatusRegister
 .text.PWM_3_ReadCapture
                0x00001e80       0x18 .\CortexM3\ARM_GCC_541\Debug\PSOC_arm_project.a(PWM_3.o)
                0x00001e80                PWM_3_ReadCapture
 .text.ADC_0_theACLK_SetModeRegister
                0x00001e98       0x34 .\CortexM3\ARM_GCC_541\Debug\PSOC_arm_project.a(ADC_0_theACLK.o)
                0x00001e98                ADC_0_theACLK_SetModeRegister
 *fill*         0x00001ecc        0x4 
 .text          0x00001ed0       0x20 .\CortexM3\ARM_GCC_541\Debug\PSOC_arm_project.a(CyBootAsmGnu.o)
                0x00001ed0                CyDelayCycles
                0x00001ee0                CyEnterCriticalSection
                0x00001ee8                CyExitCriticalSection
 .text.__errno  0x00001ef0        0xc c:/program files (x86)/cypress/psoc creator/4.2/psoc creator/import/gnu/arm/5.4.1/bin/../lib/gcc/arm-none-eabi/5.4.1/../../../../arm-none-eabi/lib/armv7-m\libg_nano.a(lib_a-errno.o)
                0x00001ef0                __errno
 .text.__libc_init_array
                0x00001efc       0x4c c:/program files (x86)/cypress/psoc creator/4.2/psoc creator/import/gnu/arm/5.4.1/bin/../lib/gcc/arm-none-eabi/5.4.1/../../../../arm-none-eabi/lib/armv7-m\libg_nano.a(lib_a-init.o)
                0x00001efc                __libc_init_array
 .text.memcpy   0x00001f48       0x16 c:/program files (x86)/cypress/psoc creator/4.2/psoc creator/import/gnu/arm/5.4.1/bin/../lib/gcc/arm-none-eabi/5.4.1/../../../../arm-none-eabi/lib/armv7-m\libg_nano.a(lib_a-memcpy-stub.o)
                0x00001f48                memcpy
 .text.memset   0x00001f5e       0x10 c:/program files (x86)/cypress/psoc creator/4.2/psoc creator/import/gnu/arm/5.4.1/bin/../lib/gcc/arm-none-eabi/5.4.1/../../../../arm-none-eabi/lib/armv7-m\libg_nano.a(lib_a-memset.o)
                0x00001f5e                memset
 .text.__cvt    0x00001f6e       0xc0 c:/program files (x86)/cypress/psoc creator/4.2/psoc creator/import/gnu/arm/5.4.1/bin/../lib/gcc/arm-none-eabi/5.4.1/../../../../arm-none-eabi/lib/armv7-m\libg_nano.a(lib_a-nano-vfprintf_float.o)
                0x00001f6e                __cvt
 .text.__exponent
                0x0000202e       0x62 c:/program files (x86)/cypress/psoc creator/4.2/psoc creator/import/gnu/arm/5.4.1/bin/../lib/gcc/arm-none-eabi/5.4.1/../../../../arm-none-eabi/lib/armv7-m\libg_nano.a(lib_a-nano-vfprintf_float.o)
                0x0000202e                __exponent
 .text._printf_float
                0x00002090      0x488 c:/program files (x86)/cypress/psoc creator/4.2/psoc creator/import/gnu/arm/5.4.1/bin/../lib/gcc/arm-none-eabi/5.4.1/../../../../arm-none-eabi/lib/armv7-m\libg_nano.a(lib_a-nano-vfprintf_float.o)
                0x00002090                _printf_float
 .text._printf_common
                0x00002518       0xec c:/program files (x86)/cypress/psoc creator/4.2/psoc creator/import/gnu/arm/5.4.1/bin/../lib/gcc/arm-none-eabi/5.4.1/../../../../arm-none-eabi/lib/armv7-m\libg_nano.a(lib_a-nano-vfprintf_i.o)
                0x00002518                _printf_common
 .text._printf_i
                0x00002604      0x24c c:/program files (x86)/cypress/psoc creator/4.2/psoc creator/import/gnu/arm/5.4.1/bin/../lib/gcc/arm-none-eabi/5.4.1/../../../../arm-none-eabi/lib/armv7-m\libg_nano.a(lib_a-nano-vfprintf_i.o)
                0x00002604                _printf_i
 .text.sprintf  0x00002850       0x48 c:/program files (x86)/cypress/psoc creator/4.2/psoc creator/import/gnu/arm/5.4.1/bin/../lib/gcc/arm-none-eabi/5.4.1/../../../../arm-none-eabi/lib/armv7-m\libg_nano.a(lib_a-sprintf.o)
                0x00002850                siprintf
                0x00002850                sprintf
 .text          0x00002898       0x10 c:/program files (x86)/cypress/psoc creator/4.2/psoc creator/import/gnu/arm/5.4.1/bin/../lib/gcc/arm-none-eabi/5.4.1/../../../../arm-none-eabi/lib/armv7-m\libg_nano.a(lib_a-strlen.o)
                0x00002898                strlen
 .text.sulp     0x000028a8       0x42 c:/program files (x86)/cypress/psoc creator/4.2/psoc creator/import/gnu/arm/5.4.1/bin/../lib/gcc/arm-none-eabi/5.4.1/../../../../arm-none-eabi/lib/armv7-m\libg_nano.a(lib_a-strtod.o)
 *fill*         0x000028ea        0x6 
 .text._strtod_r
                0x000028f0      0xc00 c:/program files (x86)/cypress/psoc creator/4.2/psoc creator/import/gnu/arm/5.4.1/bin/../lib/gcc/arm-none-eabi/5.4.1/../../../../arm-none-eabi/lib/armv7-m\libg_nano.a(lib_a-strtod.o)
                0x000028f0                _strtod_r
 .text.strtod   0x000034f0       0x10 c:/program files (x86)/cypress/psoc creator/4.2/psoc creator/import/gnu/arm/5.4.1/bin/../lib/gcc/arm-none-eabi/5.4.1/../../../../arm-none-eabi/lib/armv7-m\libg_nano.a(lib_a-strtod.o)
                0x000034f0                strtod
 .text._strtol_r
                0x00003500      0x10c c:/program files (x86)/cypress/psoc creator/4.2/psoc creator/import/gnu/arm/5.4.1/bin/../lib/gcc/arm-none-eabi/5.4.1/../../../../arm-none-eabi/lib/armv7-m\libg_nano.a(lib_a-strtol.o)
                0x00003500                _strtol_r
 .text.strtol   0x0000360c       0x14 c:/program files (x86)/cypress/psoc creator/4.2/psoc creator/import/gnu/arm/5.4.1/bin/../lib/gcc/arm-none-eabi/5.4.1/../../../../arm-none-eabi/lib/armv7-m\libg_nano.a(lib_a-strtol.o)
                0x0000360c                strtol
 .text.quorem   0x00003620      0x116 c:/program files (x86)/cypress/psoc creator/4.2/psoc creator/import/gnu/arm/5.4.1/bin/../lib/gcc/arm-none-eabi/5.4.1/../../../../arm-none-eabi/lib/armv7-m\libg_nano.a(lib_a-dtoa.o)
 *fill*         0x00003736        0x2 
 .text._dtoa_r  0x00003738      0xb30 c:/program files (x86)/cypress/psoc creator/4.2/psoc creator/import/gnu/arm/5.4.1/bin/../lib/gcc/arm-none-eabi/5.4.1/../../../../arm-none-eabi/lib/armv7-m\libg_nano.a(lib_a-dtoa.o)
                0x00003738                _dtoa_r
 .text.rshift   0x00004268       0x6c c:/program files (x86)/cypress/psoc creator/4.2/psoc creator/import/gnu/arm/5.4.1/bin/../lib/gcc/arm-none-eabi/5.4.1/../../../../arm-none-eabi/lib/armv7-m\libg_nano.a(lib_a-gdtoa-gethex.o)
 .text.__hexdig_fun
                0x000042d4       0x2a c:/program files (x86)/cypress/psoc creator/4.2/psoc creator/import/gnu/arm/5.4.1/bin/../lib/gcc/arm-none-eabi/5.4.1/../../../../arm-none-eabi/lib/armv7-m\libg_nano.a(lib_a-gdtoa-gethex.o)
                0x000042d4                __hexdig_fun
 .text.__gethex
                0x000042fe      0x43e c:/program files (x86)/cypress/psoc creator/4.2/psoc creator/import/gnu/arm/5.4.1/bin/../lib/gcc/arm-none-eabi/5.4.1/../../../../arm-none-eabi/lib/armv7-m\libg_nano.a(lib_a-gdtoa-gethex.o)
                0x000042fe                __gethex
 .text.L_shift  0x0000473c       0x24 c:/program files (x86)/cypress/psoc creator/4.2/psoc creator/import/gnu/arm/5.4.1/bin/../lib/gcc/arm-none-eabi/5.4.1/../../../../arm-none-eabi/lib/armv7-m\libg_nano.a(lib_a-gdtoa-hexnan.o)
 .text.__match  0x00004760       0x26 c:/program files (x86)/cypress/psoc creator/4.2/psoc creator/import/gnu/arm/5.4.1/bin/../lib/gcc/arm-none-eabi/5.4.1/../../../../arm-none-eabi/lib/armv7-m\libg_nano.a(lib_a-gdtoa-hexnan.o)
                0x00004760                __match
 .text.__hexnan
                0x00004786      0x11c c:/program files (x86)/cypress/psoc creator/4.2/psoc creator/import/gnu/arm/5.4.1/bin/../lib/gcc/arm-none-eabi/5.4.1/../../../../arm-none-eabi/lib/armv7-m\libg_nano.a(lib_a-gdtoa-hexnan.o)
                0x00004786                __hexnan
 *fill*         0x000048a2        0x2 
 .text._localeconv_r
                0x000048a4        0x8 c:/program files (x86)/cypress/psoc creator/4.2/psoc creator/import/gnu/arm/5.4.1/bin/../lib/gcc/arm-none-eabi/5.4.1/../../../../arm-none-eabi/lib/armv7-m\libg_nano.a(lib_a-locale.o)
                0x000048a4                _localeconv_r
 .text.malloc   0x000048ac       0x10 c:/program files (x86)/cypress/psoc creator/4.2/psoc creator/import/gnu/arm/5.4.1/bin/../lib/gcc/arm-none-eabi/5.4.1/../../../../arm-none-eabi/lib/armv7-m\libg_nano.a(lib_a-malloc.o)
                0x000048ac                malloc
 .text.memchr   0x000048bc       0x1c c:/program files (x86)/cypress/psoc creator/4.2/psoc creator/import/gnu/arm/5.4.1/bin/../lib/gcc/arm-none-eabi/5.4.1/../../../../arm-none-eabi/lib/armv7-m\libg_nano.a(lib_a-memchr-stub.o)
                0x000048bc                memchr
 .text._Balloc  0x000048d8       0x6a c:/program files (x86)/cypress/psoc creator/4.2/psoc creator/import/gnu/arm/5.4.1/bin/../lib/gcc/arm-none-eabi/5.4.1/../../../../arm-none-eabi/lib/armv7-m\libg_nano.a(lib_a-mprec.o)
                0x000048d8                _Balloc
 .text._Bfree   0x00004942       0x2e c:/program files (x86)/cypress/psoc creator/4.2/psoc creator/import/gnu/arm/5.4.1/bin/../lib/gcc/arm-none-eabi/5.4.1/../../../../arm-none-eabi/lib/armv7-m\libg_nano.a(lib_a-mprec.o)
                0x00004942                _Bfree
 .text.__multadd
                0x00004970       0x76 c:/program files (x86)/cypress/psoc creator/4.2/psoc creator/import/gnu/arm/5.4.1/bin/../lib/gcc/arm-none-eabi/5.4.1/../../../../arm-none-eabi/lib/armv7-m\libg_nano.a(lib_a-mprec.o)
                0x00004970                __multadd
 .text.__s2b    0x000049e6       0x7c c:/program files (x86)/cypress/psoc creator/4.2/psoc creator/import/gnu/arm/5.4.1/bin/../lib/gcc/arm-none-eabi/5.4.1/../../../../arm-none-eabi/lib/armv7-m\libg_nano.a(lib_a-mprec.o)
                0x000049e6                __s2b
 .text.__hi0bits
                0x00004a62       0x40 c:/program files (x86)/cypress/psoc creator/4.2/psoc creator/import/gnu/arm/5.4.1/bin/../lib/gcc/arm-none-eabi/5.4.1/../../../../arm-none-eabi/lib/armv7-m\libg_nano.a(lib_a-mprec.o)
                0x00004a62                __hi0bits
 .text.__lo0bits
                0x00004aa2       0x5a c:/program files (x86)/cypress/psoc creator/4.2/psoc creator/import/gnu/arm/5.4.1/bin/../lib/gcc/arm-none-eabi/5.4.1/../../../../arm-none-eabi/lib/armv7-m\libg_nano.a(lib_a-mprec.o)
                0x00004aa2                __lo0bits
 .text.__i2b    0x00004afc       0x12 c:/program files (x86)/cypress/psoc creator/4.2/psoc creator/import/gnu/arm/5.4.1/bin/../lib/gcc/arm-none-eabi/5.4.1/../../../../arm-none-eabi/lib/armv7-m\libg_nano.a(lib_a-mprec.o)
                0x00004afc                __i2b
 .text.__multiply
                0x00004b0e      0x120 c:/program files (x86)/cypress/psoc creator/4.2/psoc creator/import/gnu/arm/5.4.1/bin/../lib/gcc/arm-none-eabi/5.4.1/../../../../arm-none-eabi/lib/armv7-m\libg_nano.a(lib_a-mprec.o)
                0x00004b0e                __multiply
 *fill*         0x00004c2e        0x2 
 .text.__pow5mult
                0x00004c30       0x9c c:/program files (x86)/cypress/psoc creator/4.2/psoc creator/import/gnu/arm/5.4.1/bin/../lib/gcc/arm-none-eabi/5.4.1/../../../../arm-none-eabi/lib/armv7-m\libg_nano.a(lib_a-mprec.o)
                0x00004c30                __pow5mult
 .text.__lshift
                0x00004ccc       0xa2 c:/program files (x86)/cypress/psoc creator/4.2/psoc creator/import/gnu/arm/5.4.1/bin/../lib/gcc/arm-none-eabi/5.4.1/../../../../arm-none-eabi/lib/armv7-m\libg_nano.a(lib_a-mprec.o)
                0x00004ccc                __lshift
 .text.__mcmp   0x00004d6e       0x38 c:/program files (x86)/cypress/psoc creator/4.2/psoc creator/import/gnu/arm/5.4.1/bin/../lib/gcc/arm-none-eabi/5.4.1/../../../../arm-none-eabi/lib/armv7-m\libg_nano.a(lib_a-mprec.o)
                0x00004d6e                __mcmp
 .text.__mdiff  0x00004da6       0xbe c:/program files (x86)/cypress/psoc creator/4.2/psoc creator/import/gnu/arm/5.4.1/bin/../lib/gcc/arm-none-eabi/5.4.1/../../../../arm-none-eabi/lib/armv7-m\libg_nano.a(lib_a-mprec.o)
                0x00004da6                __mdiff
 .text.__ulp    0x00004e64       0x48 c:/program files (x86)/cypress/psoc creator/4.2/psoc creator/import/gnu/arm/5.4.1/bin/../lib/gcc/arm-none-eabi/5.4.1/../../../../arm-none-eabi/lib/armv7-m\libg_nano.a(lib_a-mprec.o)
                0x00004e64                __ulp
 .text.__b2d    0x00004eac       0x9a c:/program files (x86)/cypress/psoc creator/4.2/psoc creator/import/gnu/arm/5.4.1/bin/../lib/gcc/arm-none-eabi/5.4.1/../../../../arm-none-eabi/lib/armv7-m\libg_nano.a(lib_a-mprec.o)
                0x00004eac                __b2d
 .text.__d2b    0x00004f46       0x9c c:/program files (x86)/cypress/psoc creator/4.2/psoc creator/import/gnu/arm/5.4.1/bin/../lib/gcc/arm-none-eabi/5.4.1/../../../../arm-none-eabi/lib/armv7-m\libg_nano.a(lib_a-mprec.o)
                0x00004f46                __d2b
 .text.__ratio  0x00004fe2       0x50 c:/program files (x86)/cypress/psoc creator/4.2/psoc creator/import/gnu/arm/5.4.1/bin/../lib/gcc/arm-none-eabi/5.4.1/../../../../arm-none-eabi/lib/armv7-m\libg_nano.a(lib_a-mprec.o)
                0x00004fe2                __ratio
 .text.__copybits
                0x00005032       0x34 c:/program files (x86)/cypress/psoc creator/4.2/psoc creator/import/gnu/arm/5.4.1/bin/../lib/gcc/arm-none-eabi/5.4.1/../../../../arm-none-eabi/lib/armv7-m\libg_nano.a(lib_a-mprec.o)
                0x00005032                __copybits
 .text.__any_on
                0x00005066       0x44 c:/program files (x86)/cypress/psoc creator/4.2/psoc creator/import/gnu/arm/5.4.1/bin/../lib/gcc/arm-none-eabi/5.4.1/../../../../arm-none-eabi/lib/armv7-m\libg_nano.a(lib_a-mprec.o)
                0x00005066                __any_on
 .text._calloc_r
                0x000050aa       0x1c c:/program files (x86)/cypress/psoc creator/4.2/psoc creator/import/gnu/arm/5.4.1/bin/../lib/gcc/arm-none-eabi/5.4.1/../../../../arm-none-eabi/lib/armv7-m\libg_nano.a(lib_a-nano-callocr.o)
                0x000050aa                _calloc_r
 *fill*         0x000050c6        0x2 
 .text._free_r  0x000050c8       0x98 c:/program files (x86)/cypress/psoc creator/4.2/psoc creator/import/gnu/arm/5.4.1/bin/../lib/gcc/arm-none-eabi/5.4.1/../../../../arm-none-eabi/lib/armv7-m\libg_nano.a(lib_a-nano-freer.o)
                0x000050c8                _free_r
 .text._malloc_r
                0x00005160       0xbc c:/program files (x86)/cypress/psoc creator/4.2/psoc creator/import/gnu/arm/5.4.1/bin/../lib/gcc/arm-none-eabi/5.4.1/../../../../arm-none-eabi/lib/armv7-m\libg_nano.a(lib_a-nano-mallocr.o)
                0x00005160                _malloc_r
 .text.__ssputs_r
                0x0000521c       0xb2 c:/program files (x86)/cypress/psoc creator/4.2/psoc creator/import/gnu/arm/5.4.1/bin/../lib/gcc/arm-none-eabi/5.4.1/../../../../arm-none-eabi/lib/armv7-m\libg_nano.a(lib_a-nano-svfprintf.o)
                0x0000521c                __ssputs_r
 *fill*         0x000052ce        0x2 
 .text._svfprintf_r
                0x000052d0      0x1e8 c:/program files (x86)/cypress/psoc creator/4.2/psoc creator/import/gnu/arm/5.4.1/bin/../lib/gcc/arm-none-eabi/5.4.1/../../../../arm-none-eabi/lib/armv7-m\libg_nano.a(lib_a-nano-svfprintf.o)
                0x000052d0                _svfiprintf_r
                0x000052d0                _svfprintf_r
 .text._sbrk_r  0x000054b8       0x20 c:/program files (x86)/cypress/psoc creator/4.2/psoc creator/import/gnu/arm/5.4.1/bin/../lib/gcc/arm-none-eabi/5.4.1/../../../../arm-none-eabi/lib/armv7-m\libg_nano.a(lib_a-sbrkr.o)
                0x000054b8                _sbrk_r
 .text.strncmp  0x000054d8       0x2a c:/program files (x86)/cypress/psoc creator/4.2/psoc creator/import/gnu/arm/5.4.1/bin/../lib/gcc/arm-none-eabi/5.4.1/../../../../arm-none-eabi/lib/armv7-m\libg_nano.a(lib_a-strncmp.o)
                0x000054d8                strncmp
 .text.memmove  0x00005502       0x36 c:/program files (x86)/cypress/psoc creator/4.2/psoc creator/import/gnu/arm/5.4.1/bin/../lib/gcc/arm-none-eabi/5.4.1/../../../../arm-none-eabi/lib/armv7-m\libg_nano.a(lib_a-memmove.o)
                0x00005502                memmove
 .text.__malloc_lock
                0x00005538        0x2 c:/program files (x86)/cypress/psoc creator/4.2/psoc creator/import/gnu/arm/5.4.1/bin/../lib/gcc/arm-none-eabi/5.4.1/../../../../arm-none-eabi/lib/armv7-m\libg_nano.a(lib_a-mlock.o)
                0x00005538                __malloc_lock
 .text.__malloc_unlock
                0x0000553a        0x2 c:/program files (x86)/cypress/psoc creator/4.2/psoc creator/import/gnu/arm/5.4.1/bin/../lib/gcc/arm-none-eabi/5.4.1/../../../../arm-none-eabi/lib/armv7-m\libg_nano.a(lib_a-mlock.o)
                0x0000553a                __malloc_unlock
 .text._realloc_r
                0x0000553c       0x4c c:/program files (x86)/cypress/psoc creator/4.2/psoc creator/import/gnu/arm/5.4.1/bin/../lib/gcc/arm-none-eabi/5.4.1/../../../../arm-none-eabi/lib/armv7-m\libg_nano.a(lib_a-nano-reallocr.o)
                0x0000553c                _realloc_r
 .text._malloc_usable_size_r
                0x00005588       0x14 c:/program files (x86)/cypress/psoc creator/4.2/psoc creator/import/gnu/arm/5.4.1/bin/../lib/gcc/arm-none-eabi/5.4.1/../../../../arm-none-eabi/lib/armv7-m\libg_nano.a(lib_a-nano-msizer.o)
                0x00005588                _malloc_usable_size_r
 .text          0x0000559c      0x370 c:/program files (x86)/cypress/psoc creator/4.2/psoc creator/import/gnu/arm/5.4.1/bin/../lib/gcc/arm-none-eabi/5.4.1/armv7-m\libgcc.a(_arm_addsubdf3.o)
                0x0000559c                __aeabi_drsub
                0x000055a4                __aeabi_dsub
                0x000055a4                __subdf3
                0x000055a8                __aeabi_dadd
                0x000055a8                __adddf3
                0x00005820                __floatunsidf
                0x00005820                __aeabi_ui2d
                0x00005840                __floatsidf
                0x00005840                __aeabi_i2d
                0x00005864                __aeabi_f2d
                0x00005864                __extendsfdf2
                0x000058a0                __floatundidf
                0x000058a0                __aeabi_ul2d
                0x000058b0                __floatdidf
                0x000058b0                __aeabi_l2d
 .text          0x0000590c      0x424 c:/program files (x86)/cypress/psoc creator/4.2/psoc creator/import/gnu/arm/5.4.1/bin/../lib/gcc/arm-none-eabi/5.4.1/armv7-m\libgcc.a(_arm_muldivdf3.o)
                0x0000590c                __aeabi_dmul
                0x0000590c                __muldf3
                0x00005b60                __divdf3
                0x00005b60                __aeabi_ddiv
 .text          0x00005d30      0x110 c:/program files (x86)/cypress/psoc creator/4.2/psoc creator/import/gnu/arm/5.4.1/bin/../lib/gcc/arm-none-eabi/5.4.1/armv7-m\libgcc.a(_arm_cmpdf2.o)
                0x00005d30                __gtdf2
                0x00005d30                __gedf2
                0x00005d38                __ltdf2
                0x00005d38                __ledf2
                0x00005d40                __nedf2
                0x00005d40                __eqdf2
                0x00005d40                __cmpdf2
                0x00005dbc                __aeabi_cdrcmple
                0x00005dcc                __aeabi_cdcmpeq
                0x00005dcc                __aeabi_cdcmple
                0x00005ddc                __aeabi_dcmpeq
                0x00005df0                __aeabi_dcmplt
                0x00005e04                __aeabi_dcmple
                0x00005e18                __aeabi_dcmpge
                0x00005e2c                __aeabi_dcmpgt
 .text          0x00005e40       0x2c c:/program files (x86)/cypress/psoc creator/4.2/psoc creator/import/gnu/arm/5.4.1/bin/../lib/gcc/arm-none-eabi/5.4.1/armv7-m\libgcc.a(_arm_unorddf2.o)
                0x00005e40                __unorddf2
                0x00005e40                __aeabi_dcmpun
 .text          0x00005e6c       0x50 c:/program files (x86)/cypress/psoc creator/4.2/psoc creator/import/gnu/arm/5.4.1/bin/../lib/gcc/arm-none-eabi/5.4.1/armv7-m\libgcc.a(_arm_fixdfsi.o)
                0x00005e6c                __aeabi_d2iz
                0x00005e6c                __fixdfsi
 .text          0x00005ebc       0x40 c:/program files (x86)/cypress/psoc creator/4.2/psoc creator/import/gnu/arm/5.4.1/bin/../lib/gcc/arm-none-eabi/5.4.1/armv7-m\libgcc.a(_arm_fixunsdfsi.o)
                0x00005ebc                __aeabi_d2uiz
                0x00005ebc                __fixunsdfsi
 *(.plt)
 *(.gnu.warning)
 *(.glue_7t)
 .glue_7t       0x00005efc        0x0 linker stubs
 *(.glue_7)
 .glue_7        0x00005efc        0x0 linker stubs
 *(.vfp11_veneer)
 .vfp11_veneer  0x00005efc        0x0 linker stubs
 *(.bootloader)
 *(.ARM.extab* .gnu.linkonce.armextab.*)
 *(.gcc_except_table)

.v4_bx          0x00005efc        0x0
 .v4_bx         0x00005efc        0x0 linker stubs

.iplt           0x00005efc        0x0
 .iplt          0x00005efc        0x0 c:/program files (x86)/cypress/psoc creator/4.2/psoc creator/import/gnu/arm/5.4.1/bin/../lib/gcc/arm-none-eabi/5.4.1/armv7-m/crtbegin.o

.eh_frame_hdr
 *(.eh_frame_hdr)

.eh_frame       0x00005efc        0x4
 *(.eh_frame)
 .eh_frame      0x00005efc        0x0 c:/program files (x86)/cypress/psoc creator/4.2/psoc creator/import/gnu/arm/5.4.1/bin/../lib/gcc/arm-none-eabi/5.4.1/armv7-m/crtbegin.o
 .eh_frame      0x00005efc        0x4 c:/program files (x86)/cypress/psoc creator/4.2/psoc creator/import/gnu/arm/5.4.1/bin/../lib/gcc/arm-none-eabi/5.4.1/armv7-m/crtend.o
                [!provide]                PROVIDE (__exidx_start, .)

.ARM.exidx
 *(.ARM.exidx* .gnu.linkonce.armexidx.*)
                0x00005f00                __exidx_end = .

.rodata         0x00005f00      0x368
 *(.rodata .rodata.* .gnu.linkonce.r.*)
 .rodata        0x00005f00       0x18 .\CortexM3\ARM_GCC_541\Debug\main.o
 .rodata        0x00005f18       0x66 .\CortexM3\ARM_GCC_541\Debug\cyfitter_cfg.o
 .rodata.str1.1
                0x00005f7e        0x2 c:/program files (x86)/cypress/psoc creator/4.2/psoc creator/import/gnu/arm/5.4.1/bin/../lib/gcc/arm-none-eabi/5.4.1/../../../../arm-none-eabi/lib/armv7-m\libg_nano.a(lib_a-impure.o)
 .rodata.str1.1
                0x00005f80       0x12 c:/program files (x86)/cypress/psoc creator/4.2/psoc creator/import/gnu/arm/5.4.1/bin/../lib/gcc/arm-none-eabi/5.4.1/../../../../arm-none-eabi/lib/armv7-m\libg_nano.a(lib_a-nano-vfprintf_float.o)
 .rodata.str1.1
                0x00005f92       0x22 c:/program files (x86)/cypress/psoc creator/4.2/psoc creator/import/gnu/arm/5.4.1/bin/../lib/gcc/arm-none-eabi/5.4.1/../../../../arm-none-eabi/lib/armv7-m\libg_nano.a(lib_a-nano-vfprintf_i.o)
 .rodata.fpinan.5401
                0x00005fb4       0x14 c:/program files (x86)/cypress/psoc creator/4.2/psoc creator/import/gnu/arm/5.4.1/bin/../lib/gcc/arm-none-eabi/5.4.1/../../../../arm-none-eabi/lib/armv7-m\libg_nano.a(lib_a-strtod.o)
 .rodata.str1.1
                0x00005fc8       0x22 c:/program files (x86)/cypress/psoc creator/4.2/psoc creator/import/gnu/arm/5.4.1/bin/../lib/gcc/arm-none-eabi/5.4.1/../../../../arm-none-eabi/lib/armv7-m\libg_nano.a(lib_a-strtod.o)
                                  0xc (size before relaxing)
 .rodata.fpi.5365
                0x00005fc8       0x14 c:/program files (x86)/cypress/psoc creator/4.2/psoc creator/import/gnu/arm/5.4.1/bin/../lib/gcc/arm-none-eabi/5.4.1/../../../../arm-none-eabi/lib/armv7-m\libg_nano.a(lib_a-strtod.o)
 *fill*         0x00005fdc        0x4 
 .rodata.tinytens
                0x00005fe0       0x28 c:/program files (x86)/cypress/psoc creator/4.2/psoc creator/import/gnu/arm/5.4.1/bin/../lib/gcc/arm-none-eabi/5.4.1/../../../../arm-none-eabi/lib/armv7-m\libg_nano.a(lib_a-strtod.o)
 .rodata._ctype_
                0x00006008      0x101 c:/program files (x86)/cypress/psoc creator/4.2/psoc creator/import/gnu/arm/5.4.1/bin/../lib/gcc/arm-none-eabi/5.4.1/../../../../arm-none-eabi/lib/armv7-m\libg_nano.a(lib_a-ctype_.o)
                0x00006008                _ctype_
 .rodata.str1.1
                0x00006109        0xd c:/program files (x86)/cypress/psoc creator/4.2/psoc creator/import/gnu/arm/5.4.1/bin/../lib/gcc/arm-none-eabi/5.4.1/../../../../arm-none-eabi/lib/armv7-m\libg_nano.a(lib_a-dtoa.o)
                                  0xf (size before relaxing)
 .rodata.str1.1
                0x00006116        0x8 c:/program files (x86)/cypress/psoc creator/4.2/psoc creator/import/gnu/arm/5.4.1/bin/../lib/gcc/arm-none-eabi/5.4.1/../../../../arm-none-eabi/lib/armv7-m\libg_nano.a(lib_a-locale.o)
                                  0xb (size before relaxing)
 *fill*         0x0000611e        0x2 
 .rodata.__mprec_tens
                0x00006120       0xc8 c:/program files (x86)/cypress/psoc creator/4.2/psoc creator/import/gnu/arm/5.4.1/bin/../lib/gcc/arm-none-eabi/5.4.1/../../../../arm-none-eabi/lib/armv7-m\libg_nano.a(lib_a-mprec.o)
                0x00006120                __mprec_tens
 .rodata.p05.5408
                0x000061e8        0xc c:/program files (x86)/cypress/psoc creator/4.2/psoc creator/import/gnu/arm/5.4.1/bin/../lib/gcc/arm-none-eabi/5.4.1/../../../../arm-none-eabi/lib/armv7-m\libg_nano.a(lib_a-mprec.o)
 *fill*         0x000061f4        0x4 
 .rodata.__mprec_bigtens
                0x000061f8       0x28 c:/program files (x86)/cypress/psoc creator/4.2/psoc creator/import/gnu/arm/5.4.1/bin/../lib/gcc/arm-none-eabi/5.4.1/../../../../arm-none-eabi/lib/armv7-m\libg_nano.a(lib_a-mprec.o)
                0x000061f8                __mprec_bigtens
 .rodata.str1.1
                0x00006220       0x11 c:/program files (x86)/cypress/psoc creator/4.2/psoc creator/import/gnu/arm/5.4.1/bin/../lib/gcc/arm-none-eabi/5.4.1/../../../../arm-none-eabi/lib/armv7-m\libg_nano.a(lib_a-nano-svfprintf.o)
                0x00006234                . = ALIGN (0x4)
 *fill*         0x00006231        0x3 
 *(.init)
 .init          0x00006234        0x4 c:/program files (x86)/cypress/psoc creator/4.2/psoc creator/import/gnu/arm/5.4.1/bin/../lib/gcc/arm-none-eabi/5.4.1/armv7-m/crti.o
                0x00006234                _init
 .init          0x00006238        0x8 c:/program files (x86)/cypress/psoc creator/4.2/psoc creator/import/gnu/arm/5.4.1/bin/../lib/gcc/arm-none-eabi/5.4.1/armv7-m/crtn.o
                0x00006240                . = ALIGN (0x4)
                0x00006240                __preinit_array_start = .
 *(.preinit_array)
                0x00006240                __preinit_array_end = .
                0x00006240                . = ALIGN (0x4)
                0x00006240                __init_array_start = .
 *(SORT(.init_array.*))
 *(.init_array)
 .init_array    0x00006240        0x4 c:/program files (x86)/cypress/psoc creator/4.2/psoc creator/import/gnu/arm/5.4.1/bin/../lib/gcc/arm-none-eabi/5.4.1/armv7-m/crtbegin.o
 .init_array    0x00006244        0x4 .\CortexM3\ARM_GCC_541\Debug\Cm3Start.o
                0x00006248                __init_array_end = .
                0x00006248                . = ALIGN (0x4)
 *(.fini)
 .fini          0x00006248        0x4 c:/program files (x86)/cypress/psoc creator/4.2/psoc creator/import/gnu/arm/5.4.1/bin/../lib/gcc/arm-none-eabi/5.4.1/armv7-m/crti.o
                0x00006248                _fini
 .fini          0x0000624c        0x8 c:/program files (x86)/cypress/psoc creator/4.2/psoc creator/import/gnu/arm/5.4.1/bin/../lib/gcc/arm-none-eabi/5.4.1/armv7-m/crtn.o
                0x00006254                . = ALIGN (0x4)
                0x00006254                __fini_array_start = .
 *(.fini_array)
 .fini_array    0x00006254        0x4 c:/program files (x86)/cypress/psoc creator/4.2/psoc creator/import/gnu/arm/5.4.1/bin/../lib/gcc/arm-none-eabi/5.4.1/armv7-m/crtbegin.o
 *(SORT(.fini_array.*))
                0x00006258                __fini_array_end = .
                0x00006258                . = ALIGN (0x4)
 *crtbegin.o(.ctors)
 *(EXCLUDE_FILE(*crtend.o) .ctors)
 *(SORT(.ctors.*))
 *crtend.o(.ctors)
                0x00006258                . = ALIGN (0x4)
 *crtbegin.o(.dtors)
 *(EXCLUDE_FILE(*crtend.o) .dtors)
 *(SORT(.dtors.*))
 *crtend.o(.dtors)
                0x00006258                . = ALIGN (0x4)
                0x00006258                __cy_regions = .
                0x00006258        0x4 LONG 0x6268 __cy_region_init_ram
                0x0000625c        0x4 LONG 0x1fff80c8 __cy_region_start_data
                0x00006260        0x4 LONG 0xf8 __cy_region_init_size_ram
                0x00006264        0x4 LONG 0x368 __cy_region_zero_size_ram
                0x00006268                __cy_regions_end = .
                0x00006268                . = ALIGN (0x8)
                0x00006268                _etext = .

.cy_checksum_exclude
                0x00006268        0x0
 *(.cy_checksum_exclude)

.ramvectors     0x1fff8000       0xc0
                0x1fff8000                __cy_region_start_ram = .
 *(.ramvectors)
 .ramvectors    0x1fff8000       0xc0 .\CortexM3\ARM_GCC_541\Debug\Cm3Start.o
                0x1fff8000                CyRamVectors

.noinit         0x1fff80c0        0x5
 *(.noinit)
 .noinit        0x1fff80c0        0x4 .\CortexM3\ARM_GCC_541\Debug\Cm3Start.o
 .noinit        0x1fff80c4        0x1 .\CortexM3\ARM_GCC_541\Debug\PSOC_arm_project.a(CyLib.o)
                0x1fff80c4                CyResetStatus

.data           0x1fff80c8       0xf8 load address 0x00006268
                0x1fff80c8                __cy_region_start_data = .
 *(.jcr)
 .jcr           0x1fff80c8        0x0 c:/program files (x86)/cypress/psoc creator/4.2/psoc creator/import/gnu/arm/5.4.1/bin/../lib/gcc/arm-none-eabi/5.4.1/armv7-m/crtbegin.o
 .jcr           0x1fff80c8        0x4 c:/program files (x86)/cypress/psoc creator/4.2/psoc creator/import/gnu/arm/5.4.1/bin/../lib/gcc/arm-none-eabi/5.4.1/armv7-m/crtend.o
 *(.got.plt)
 *(.got)
 *(.shdata)
 *(.data .data.* .gnu.linkonce.d.*)
 *fill*         0x1fff80cc        0x4 
 .data          0x1fff80d0       0x38 .\CortexM3\ARM_GCC_541\Debug\main.o
                0x1fff80d0                offsets
                0x1fff80f0                pid
 .data          0x1fff8108        0x4 .\CortexM3\ARM_GCC_541\Debug\Cm3Start.o
 .data          0x1fff810c       0x10 .\CortexM3\ARM_GCC_541\Debug\PSOC_arm_project.a(CyLib.o)
                0x1fff810c                cydelay_freq_hz
                0x1fff8110                cydelay_freq_khz
                0x1fff8114                cydelay_freq_mhz
                0x1fff8118                cydelay_32k_ms
 .data          0x1fff811c        0x1 .\CortexM3\ARM_GCC_541\Debug\PSOC_arm_project.a(AMux_0.o)
 *fill*         0x1fff811d        0x3 
 .data.impure_data
                0x1fff8120       0x60 c:/program files (x86)/cypress/psoc creator/4.2/psoc creator/import/gnu/arm/5.4.1/bin/../lib/gcc/arm-none-eabi/5.4.1/../../../../arm-none-eabi/lib/armv7-m\libg_nano.a(lib_a-impure.o)
 .data._impure_ptr
                0x1fff8180        0x4 c:/program files (x86)/cypress/psoc creator/4.2/psoc creator/import/gnu/arm/5.4.1/bin/../lib/gcc/arm-none-eabi/5.4.1/../../../../arm-none-eabi/lib/armv7-m\libg_nano.a(lib_a-impure.o)
                0x1fff8180                _impure_ptr
 .data.__ctype_ptr__
                0x1fff8184        0x4 c:/program files (x86)/cypress/psoc creator/4.2/psoc creator/import/gnu/arm/5.4.1/bin/../lib/gcc/arm-none-eabi/5.4.1/../../../../arm-none-eabi/lib/armv7-m\libg_nano.a(lib_a-ctype_.o)
                0x1fff8184                __ctype_ptr__
 .data.lconv    0x1fff8188       0x38 c:/program files (x86)/cypress/psoc creator/4.2/psoc creator/import/gnu/arm/5.4.1/bin/../lib/gcc/arm-none-eabi/5.4.1/../../../../arm-none-eabi/lib/armv7-m\libg_nano.a(lib_a-locale.o)
                0x1fff81c0                . = ALIGN (0x8)
 *(.ram)
                0x1fff81c0                _edata = .

.igot.plt       0x1fff81c0        0x0 load address 0x00006360
 .igot.plt      0x1fff81c0        0x0 c:/program files (x86)/cypress/psoc creator/4.2/psoc creator/import/gnu/arm/5.4.1/bin/../lib/gcc/arm-none-eabi/5.4.1/armv7-m/crtbegin.o

.bss            0x1fff81c0      0x368 load address 0x00006360
                0x1fff81c0                PROVIDE (__bss_start__, .)
 *(.shbss)
 *(.bss .bss.* .gnu.linkonce.b.*)
 .bss           0x1fff81c0       0x1c c:/program files (x86)/cypress/psoc creator/4.2/psoc creator/import/gnu/arm/5.4.1/bin/../lib/gcc/arm-none-eabi/5.4.1/armv7-m/crtbegin.o
 .bss           0x1fff81dc       0x58 .\CortexM3\ARM_GCC_541\Debug\main.o
                0x1fff81dc                errorStatus
                0x1fff81e0                data_read_mode
                0x1fff81e4                cyl_set
                0x1fff81e8                dts_ct
                0x1fff81ec                nn
                0x1fff81f0                tt
                0x1fff81f4                start_calib
                0x1fff81f8                cyl_no
                0x1fff81fc                moving_median
 .bss           0x1fff8234        0x6 .\CortexM3\ARM_GCC_541\Debug\cyfitter_cfg.o
 .bss           0x1fff823a        0x2 .\CortexM3\ARM_GCC_541\Debug\PSOC_arm_project.a(UART.o)
                0x1fff823a                UART_initVar
 .bss           0x1fff823c        0x1 .\CortexM3\ARM_GCC_541\Debug\PSOC_arm_project.a(PWM_1.o)
                0x1fff823c                PWM_1_initVar
 .bss           0x1fff823d        0x1 .\CortexM3\ARM_GCC_541\Debug\PSOC_arm_project.a(Timer_1.o)
                0x1fff823d                Timer_1_initVar
 .bss           0x1fff823e        0x1 .\CortexM3\ARM_GCC_541\Debug\PSOC_arm_project.a(median_timer.o)
                0x1fff823e                median_timer_initVar
 .bss           0x1fff823f        0x1 .\CortexM3\ARM_GCC_541\Debug\PSOC_arm_project.a(PWM_0.o)
                0x1fff823f                PWM_0_initVar
 .bss           0x1fff8240        0x1 .\CortexM3\ARM_GCC_541\Debug\PSOC_arm_project.a(ADC_0.o)
                0x1fff8240                ADC_0_initVar
 .bss           0x1fff8241        0x1 .\CortexM3\ARM_GCC_541\Debug\PSOC_arm_project.a(PWM_2.o)
                0x1fff8241                PWM_2_initVar
 .bss           0x1fff8242        0x1 .\CortexM3\ARM_GCC_541\Debug\PSOC_arm_project.a(PWM_3.o)
                0x1fff8242                PWM_3_initVar
 *fill*         0x1fff8243        0x1 
 .bss.__malloc_sbrk_start
                0x1fff8244        0x4 c:/program files (x86)/cypress/psoc creator/4.2/psoc creator/import/gnu/arm/5.4.1/bin/../lib/gcc/arm-none-eabi/5.4.1/../../../../arm-none-eabi/lib/armv7-m\libg_nano.a(lib_a-nano-mallocr.o)
                0x1fff8244                __malloc_sbrk_start
 .bss.__malloc_free_list
                0x1fff8248        0x4 c:/program files (x86)/cypress/psoc creator/4.2/psoc creator/import/gnu/arm/5.4.1/bin/../lib/gcc/arm-none-eabi/5.4.1/../../../../arm-none-eabi/lib/armv7-m\libg_nano.a(lib_a-nano-mallocr.o)
                0x1fff8248                __malloc_free_list
 *(COMMON)
 *fill*         0x1fff824c        0x4 
 COMMON         0x1fff8250      0x2c8 .\CortexM3\ARM_GCC_541\Debug\main.o
                0x1fff8250                tmp
                0x1fff8254                cyl_tmp
                0x1fff8258                new_pos
                0x1fff8268                pos
                0x1fff8278                temp
                0x1fff8290                prev_err
                0x1fff82b0                pulse_temp
                0x1fff82c0                pulse
                0x1fff82d0                err
                0x1fff82f0                pid_integral
                0x1fff8310                help
                0x1fff8378                dts
                0x1fff8468                sendValue
                0x1fff84d0                der
                0x1fff84f0                tempArray
                0x1fff8500                adcValue
                0x1fff8508                new_pos_set
 COMMON         0x1fff8518        0xc .\CortexM3\ARM_GCC_541\Debug\PSOC_arm_project.a(ADC_0.o)
                0x1fff8518                ADC_0_offset
                0x1fff851a                ADC_0_countsPerVolt
                0x1fff851c                ADC_0_shift
                0x1fff8520                ADC_0_countsPer10Volt
 COMMON         0x1fff8524        0x4 c:/program files (x86)/cypress/psoc creator/4.2/psoc creator/import/gnu/arm/5.4.1/bin/../lib/gcc/arm-none-eabi/5.4.1/../../../../arm-none-eabi/lib/armv7-m\libg_nano.a(lib_a-reent.o)
                0x1fff8524                errno
                0x1fff8528                . = ALIGN (0x8)
 *(.ram.b)
                0x1fff8528                _end = .
                0x1fff8528                __end = .
                0x1fff8528                PROVIDE (end, .)
                0x1fff8528                PROVIDE (__bss_end__, .)
                0x00006268                __cy_region_init_ram = LOADADDR (.data)
                0x000000f8                __cy_region_init_size_ram = (_edata - ADDR (.data))
                0x00000368                __cy_region_zero_size_ram = (_end - _edata)

.heap           0x1fff8528      0x300 load address 0x00006360
                0x1fff8528                . = _end
                0x1fff8828                . = (. + 0x300)
 *fill*         0x1fff8528      0x300 
                0x1fff8828                __cy_heap_limit = .

.stack          0x20007800      0x800
                0x20007800                __cy_stack_limit = .
                0x20008000                . = (. + 0x800)
 *fill*         0x20007800      0x800 
                0x00000001                ASSERT ((__cy_stack_limit >= __cy_heap_limit), region RAM overflowed with stack)
                0x00000000                cy_checksum_exclude_size = (CY_APPL_LOADABLE == 0x1)?SIZEOF (.cy_checksum_exclude):0x0
                0x00000001                ASSERT ((cy_checksum_exclude_size <= CY_CHECKSUM_EXCLUDE_SIZE), CY_BOOT: Section .cy_checksum_exclude size exceedes specified limit.)

.cyloadermeta
 *(.cyloadermeta)

.cyloadablemeta
 *(.cyloadablemeta)

.cyconfigecc    0x80000000      0x7b4
 *(.cyconfigecc)
 .cyconfigecc   0x80000000      0x7b4 .\CortexM3\ARM_GCC_541\Debug\cymetadata.o
                0x80000000                cy_meta_configecc

.cycustnvl      0x90000000        0x4
 *(.cycustnvl)
 .cycustnvl     0x90000000        0x4 .\CortexM3\ARM_GCC_541\Debug\cymetadata.o
                0x90000000                cy_meta_custnvl

.cywolatch      0x90100000        0x4
 *(.cywolatch)
 .cywolatch     0x90100000        0x4 .\CortexM3\ARM_GCC_541\Debug\cymetadata.o
                0x90100000                cy_meta_wonvl

.cyeeprom       0x90200000        0x0
 *(.cyeeprom)
                0x00000001                ASSERT ((. <= ((0x90200000 + ee_offset) + ee_size)), .cyeeprom data will not fit in EEPROM)

.cyflashprotect
                0x90400000      0x100
 *(.cyflashprotect)
 .cyflashprotect
                0x90400000      0x100 .\CortexM3\ARM_GCC_541\Debug\cymetadata.o
                0x90400000                cy_meta_flashprotect

.cymeta         0x90500000        0xc
 *(.cymeta)
 .cymeta        0x90500000        0xc .\CortexM3\ARM_GCC_541\Debug\cymetadata.o
                0x90500000                cy_metadata

.rel.dyn        0x00006360        0x0 load address 0x9050000c
 .rel.iplt      0x00006360        0x0 c:/program files (x86)/cypress/psoc creator/4.2/psoc creator/import/gnu/arm/5.4.1/bin/../lib/gcc/arm-none-eabi/5.4.1/armv7-m/crtbegin.o

.stab
 *(.stab)

.stabstr
 *(.stabstr)

.debug
 *(.debug)

.line
 *(.line)

.debug_srcinfo
 *(.debug_srcinfo)

.debug_sfnames
 *(.debug_sfnames)

.debug_aranges  0x00000000      0xd58
 *(.debug_aranges)
 .debug_aranges
                0x00000000       0x40 .\CortexM3\ARM_GCC_541\Debug\main.o
 .debug_aranges
                0x00000040       0x20 .\CortexM3\ARM_GCC_541\Debug\debug.o
 .debug_aranges
                0x00000060       0x70 .\CortexM3\ARM_GCC_541\Debug\cyfitter_cfg.o
 .debug_aranges
                0x000000d0       0x18 .\CortexM3\ARM_GCC_541\Debug\cymetadata.o
 .debug_aranges
                0x000000e8       0x48 .\CortexM3\ARM_GCC_541\Debug\Cm3Start.o
 .debug_aranges
                0x00000130       0xf0 .\CortexM3\ARM_GCC_541\Debug\PSOC_arm_project.a(UART.o)
 .debug_aranges
                0x00000220       0x80 .\CortexM3\ARM_GCC_541\Debug\PSOC_arm_project.a(isr_rx.o)
 .debug_aranges
                0x000002a0       0x70 .\CortexM3\ARM_GCC_541\Debug\PSOC_arm_project.a(UART_IntClock.o)
 .debug_aranges
                0x00000310      0x2a8 .\CortexM3\ARM_GCC_541\Debug\PSOC_arm_project.a(CyLib.o)
 .debug_aranges
                0x000005b8       0x98 .\CortexM3\ARM_GCC_541\Debug\PSOC_arm_project.a(cyPm.o)
 .debug_aranges
                0x00000650       0x98 .\CortexM3\ARM_GCC_541\Debug\PSOC_arm_project.a(PWM_1.o)
 .debug_aranges
                0x000006e8       0x90 .\CortexM3\ARM_GCC_541\Debug\PSOC_arm_project.a(Timer_1.o)
 .debug_aranges
                0x00000778       0x88 .\CortexM3\ARM_GCC_541\Debug\PSOC_arm_project.a(median_timer.o)
 .debug_aranges
                0x00000800       0x80 .\CortexM3\ARM_GCC_541\Debug\PSOC_arm_project.a(update_median_isr.o)
 .debug_aranges
                0x00000880       0x98 .\CortexM3\ARM_GCC_541\Debug\PSOC_arm_project.a(PWM_0.o)
 .debug_aranges
                0x00000918       0xa8 .\CortexM3\ARM_GCC_541\Debug\PSOC_arm_project.a(ADC_0.o)
 .debug_aranges
                0x000009c0       0x20 .\CortexM3\ARM_GCC_541\Debug\PSOC_arm_project.a(ADC_0_INT.o)
 .debug_aranges
                0x000009e0       0x30 .\CortexM3\ARM_GCC_541\Debug\PSOC_arm_project.a(AMux_0.o)
 .debug_aranges
                0x00000a10       0x98 .\CortexM3\ARM_GCC_541\Debug\PSOC_arm_project.a(PWM_2.o)
 .debug_aranges
                0x00000aa8       0x98 .\CortexM3\ARM_GCC_541\Debug\PSOC_arm_project.a(PWM_3.o)
 .debug_aranges
                0x00000b40       0x80 .\CortexM3\ARM_GCC_541\Debug\PSOC_arm_project.a(ADC_0_theACLK.o)
 .debug_aranges
                0x00000bc0       0x20 .\CortexM3\ARM_GCC_541\Debug\PSOC_arm_project.a(CyBootAsmGnu.o)
 .debug_aranges
                0x00000be0       0x80 .\CortexM3\ARM_GCC_541\Debug\PSOC_arm_project.a(CyScBoostClk.o)
 .debug_aranges
                0x00000c60       0x80 .\CortexM3\ARM_GCC_541\Debug\PSOC_arm_project.a(CyFlash.o)
 .debug_aranges
                0x00000ce0       0x78 .\CortexM3\ARM_GCC_541\Debug\PSOC_arm_project.a(CySpc.o)

.debug_pubnames
 *(.debug_pubnames)

.debug_info     0x00000000     0x539a
 *(.debug_info .gnu.linkonce.wi.*)
 .debug_info    0x00000000      0x575 .\CortexM3\ARM_GCC_541\Debug\main.o
 .debug_info    0x00000575      0x10c .\CortexM3\ARM_GCC_541\Debug\debug.o
 .debug_info    0x00000681      0x5ef .\CortexM3\ARM_GCC_541\Debug\cyfitter_cfg.o
 .debug_info    0x00000c70      0x139 .\CortexM3\ARM_GCC_541\Debug\cymetadata.o
 .debug_info    0x00000da9      0x32b .\CortexM3\ARM_GCC_541\Debug\Cm3Start.o
 .debug_info    0x000010d4      0x50a .\CortexM3\ARM_GCC_541\Debug\PSOC_arm_project.a(UART.o)
 .debug_info    0x000015de      0x241 .\CortexM3\ARM_GCC_541\Debug\PSOC_arm_project.a(isr_rx.o)
 .debug_info    0x0000181f      0x25d .\CortexM3\ARM_GCC_541\Debug\PSOC_arm_project.a(UART_IntClock.o)
 .debug_info    0x00001a7c      0xe88 .\CortexM3\ARM_GCC_541\Debug\PSOC_arm_project.a(CyLib.o)
 .debug_info    0x00002904      0x57a .\CortexM3\ARM_GCC_541\Debug\PSOC_arm_project.a(cyPm.o)
 .debug_info    0x00002e7e      0x2a7 .\CortexM3\ARM_GCC_541\Debug\PSOC_arm_project.a(PWM_1.o)
 .debug_info    0x00003125      0x25b .\CortexM3\ARM_GCC_541\Debug\PSOC_arm_project.a(Timer_1.o)
 .debug_info    0x00003380      0x245 .\CortexM3\ARM_GCC_541\Debug\PSOC_arm_project.a(median_timer.o)
 .debug_info    0x000035c5      0x241 .\CortexM3\ARM_GCC_541\Debug\PSOC_arm_project.a(update_median_isr.o)
 .debug_info    0x00003806      0x2a7 .\CortexM3\ARM_GCC_541\Debug\PSOC_arm_project.a(PWM_0.o)
 .debug_info    0x00003aad      0x47f .\CortexM3\ARM_GCC_541\Debug\PSOC_arm_project.a(ADC_0.o)
 .debug_info    0x00003f2c       0x92 .\CortexM3\ARM_GCC_541\Debug\PSOC_arm_project.a(ADC_0_INT.o)
 .debug_info    0x00003fbe       0xf7 .\CortexM3\ARM_GCC_541\Debug\PSOC_arm_project.a(AMux_0.o)
 .debug_info    0x000040b5      0x2a7 .\CortexM3\ARM_GCC_541\Debug\PSOC_arm_project.a(PWM_2.o)
 .debug_info    0x0000435c      0x2a7 .\CortexM3\ARM_GCC_541\Debug\PSOC_arm_project.a(PWM_3.o)
 .debug_info    0x00004603      0x299 .\CortexM3\ARM_GCC_541\Debug\PSOC_arm_project.a(ADC_0_theACLK.o)
 .debug_info    0x0000489c       0x9a .\CortexM3\ARM_GCC_541\Debug\PSOC_arm_project.a(CyBootAsmGnu.o)
 .debug_info    0x00004936      0x299 .\CortexM3\ARM_GCC_541\Debug\PSOC_arm_project.a(CyScBoostClk.o)
 .debug_info    0x00004bcf      0x371 .\CortexM3\ARM_GCC_541\Debug\PSOC_arm_project.a(CyFlash.o)
 .debug_info    0x00004f40      0x45a .\CortexM3\ARM_GCC_541\Debug\PSOC_arm_project.a(CySpc.o)

.debug_abbrev   0x00000000     0x1cae
 *(.debug_abbrev)
 .debug_abbrev  0x00000000      0x13d .\CortexM3\ARM_GCC_541\Debug\main.o
 .debug_abbrev  0x0000013d       0xa1 .\CortexM3\ARM_GCC_541\Debug\debug.o
 .debug_abbrev  0x000001de      0x1b9 .\CortexM3\ARM_GCC_541\Debug\cyfitter_cfg.o
 .debug_abbrev  0x00000397       0x77 .\CortexM3\ARM_GCC_541\Debug\cymetadata.o
 .debug_abbrev  0x0000040e      0x1d6 .\CortexM3\ARM_GCC_541\Debug\Cm3Start.o
 .debug_abbrev  0x000005e4      0x163 .\CortexM3\ARM_GCC_541\Debug\PSOC_arm_project.a(UART.o)
 .debug_abbrev  0x00000747      0x172 .\CortexM3\ARM_GCC_541\Debug\PSOC_arm_project.a(isr_rx.o)
 .debug_abbrev  0x000008b9      0x11d .\CortexM3\ARM_GCC_541\Debug\PSOC_arm_project.a(UART_IntClock.o)
 .debug_abbrev  0x000009d6      0x217 .\CortexM3\ARM_GCC_541\Debug\PSOC_arm_project.a(CyLib.o)
 .debug_abbrev  0x00000bed      0x161 .\CortexM3\ARM_GCC_541\Debug\PSOC_arm_project.a(cyPm.o)
 .debug_abbrev  0x00000d4e      0x12e .\CortexM3\ARM_GCC_541\Debug\PSOC_arm_project.a(PWM_1.o)
 .debug_abbrev  0x00000e7c      0x11b .\CortexM3\ARM_GCC_541\Debug\PSOC_arm_project.a(Timer_1.o)
 .debug_abbrev  0x00000f97       0xe9 .\CortexM3\ARM_GCC_541\Debug\PSOC_arm_project.a(median_timer.o)
 .debug_abbrev  0x00001080      0x172 .\CortexM3\ARM_GCC_541\Debug\PSOC_arm_project.a(update_median_isr.o)
 .debug_abbrev  0x000011f2      0x12e .\CortexM3\ARM_GCC_541\Debug\PSOC_arm_project.a(PWM_0.o)
 .debug_abbrev  0x00001320      0x173 .\CortexM3\ARM_GCC_541\Debug\PSOC_arm_project.a(ADC_0.o)
 .debug_abbrev  0x00001493       0x42 .\CortexM3\ARM_GCC_541\Debug\PSOC_arm_project.a(ADC_0_INT.o)
 .debug_abbrev  0x000014d5       0x87 .\CortexM3\ARM_GCC_541\Debug\PSOC_arm_project.a(AMux_0.o)
 .debug_abbrev  0x0000155c      0x12e .\CortexM3\ARM_GCC_541\Debug\PSOC_arm_project.a(PWM_2.o)
 .debug_abbrev  0x0000168a      0x12e .\CortexM3\ARM_GCC_541\Debug\PSOC_arm_project.a(PWM_3.o)
 .debug_abbrev  0x000017b8      0x11d .\CortexM3\ARM_GCC_541\Debug\PSOC_arm_project.a(ADC_0_theACLK.o)
 .debug_abbrev  0x000018d5       0x14 .\CortexM3\ARM_GCC_541\Debug\PSOC_arm_project.a(CyBootAsmGnu.o)
 .debug_abbrev  0x000018e9      0x11d .\CortexM3\ARM_GCC_541\Debug\PSOC_arm_project.a(CyScBoostClk.o)
 .debug_abbrev  0x00001a06      0x13c .\CortexM3\ARM_GCC_541\Debug\PSOC_arm_project.a(CyFlash.o)
 .debug_abbrev  0x00001b42      0x16c .\CortexM3\ARM_GCC_541\Debug\PSOC_arm_project.a(CySpc.o)

.debug_line     0x00000000     0x31cf
 *(.debug_line)
 .debug_line    0x00000000      0x34d .\CortexM3\ARM_GCC_541\Debug\main.o
 .debug_line    0x0000034d      0x16e .\CortexM3\ARM_GCC_541\Debug\debug.o
 .debug_line    0x000004bb      0x26e .\CortexM3\ARM_GCC_541\Debug\cyfitter_cfg.o
 .debug_line    0x00000729      0x141 .\CortexM3\ARM_GCC_541\Debug\cymetadata.o
 .debug_line    0x0000086a      0x1dc .\CortexM3\ARM_GCC_541\Debug\Cm3Start.o
 .debug_line    0x00000a46      0x2e2 .\CortexM3\ARM_GCC_541\Debug\PSOC_arm_project.a(UART.o)
 .debug_line    0x00000d28      0x151 .\CortexM3\ARM_GCC_541\Debug\PSOC_arm_project.a(isr_rx.o)
 .debug_line    0x00000e79      0x1ac .\CortexM3\ARM_GCC_541\Debug\PSOC_arm_project.a(UART_IntClock.o)
 .debug_line    0x00001025      0x8b5 .\CortexM3\ARM_GCC_541\Debug\PSOC_arm_project.a(CyLib.o)
 .debug_line    0x000018da      0x38e .\CortexM3\ARM_GCC_541\Debug\PSOC_arm_project.a(cyPm.o)
 .debug_line    0x00001c68      0x189 .\CortexM3\ARM_GCC_541\Debug\PSOC_arm_project.a(PWM_1.o)
 .debug_line    0x00001df1      0x170 .\CortexM3\ARM_GCC_541\Debug\PSOC_arm_project.a(Timer_1.o)
 .debug_line    0x00001f61      0x164 .\CortexM3\ARM_GCC_541\Debug\PSOC_arm_project.a(median_timer.o)
 .debug_line    0x000020c5      0x15c .\CortexM3\ARM_GCC_541\Debug\PSOC_arm_project.a(update_median_isr.o)
 .debug_line    0x00002221      0x189 .\CortexM3\ARM_GCC_541\Debug\PSOC_arm_project.a(PWM_0.o)
 .debug_line    0x000023aa      0x207 .\CortexM3\ARM_GCC_541\Debug\PSOC_arm_project.a(ADC_0.o)
 .debug_line    0x000025b1       0x55 .\CortexM3\ARM_GCC_541\Debug\PSOC_arm_project.a(ADC_0_INT.o)
 .debug_line    0x00002606       0x9b .\CortexM3\ARM_GCC_541\Debug\PSOC_arm_project.a(AMux_0.o)
 .debug_line    0x000026a1      0x189 .\CortexM3\ARM_GCC_541\Debug\PSOC_arm_project.a(PWM_2.o)
 .debug_line    0x0000282a      0x189 .\CortexM3\ARM_GCC_541\Debug\PSOC_arm_project.a(PWM_3.o)
 .debug_line    0x000029b3      0x1d0 .\CortexM3\ARM_GCC_541\Debug\PSOC_arm_project.a(ADC_0_theACLK.o)
 .debug_line    0x00002b83       0x66 .\CortexM3\ARM_GCC_541\Debug\PSOC_arm_project.a(CyBootAsmGnu.o)
 .debug_line    0x00002be9      0x1cf .\CortexM3\ARM_GCC_541\Debug\PSOC_arm_project.a(CyScBoostClk.o)
 .debug_line    0x00002db8      0x205 .\CortexM3\ARM_GCC_541\Debug\PSOC_arm_project.a(CyFlash.o)
 .debug_line    0x00002fbd      0x212 .\CortexM3\ARM_GCC_541\Debug\PSOC_arm_project.a(CySpc.o)

.debug_frame    0x00000000     0x3f88
 *(.debug_frame)
 .debug_frame   0x00000000       0xdc .\CortexM3\ARM_GCC_541\Debug\main.o
 .debug_frame   0x000000dc       0x38 .\CortexM3\ARM_GCC_541\Debug\debug.o
 .debug_frame   0x00000114      0x1bc .\CortexM3\ARM_GCC_541\Debug\cyfitter_cfg.o
 .debug_frame   0x000002d0       0xd8 .\CortexM3\ARM_GCC_541\Debug\Cm3Start.o
 .debug_frame   0x000003a8      0x42c .\CortexM3\ARM_GCC_541\Debug\PSOC_arm_project.a(UART.o)
 .debug_frame   0x000007d4      0x1e8 .\CortexM3\ARM_GCC_541\Debug\PSOC_arm_project.a(isr_rx.o)
 .debug_frame   0x000009bc      0x1b4 .\CortexM3\ARM_GCC_541\Debug\PSOC_arm_project.a(UART_IntClock.o)
 .debug_frame   0x00000b70      0xc34 .\CortexM3\ARM_GCC_541\Debug\PSOC_arm_project.a(CyLib.o)
 .debug_frame   0x000017a4      0x234 .\CortexM3\ARM_GCC_541\Debug\PSOC_arm_project.a(cyPm.o)
 .debug_frame   0x000019d8      0x25c .\CortexM3\ARM_GCC_541\Debug\PSOC_arm_project.a(PWM_1.o)
 .debug_frame   0x00001c34      0x230 .\CortexM3\ARM_GCC_541\Debug\PSOC_arm_project.a(Timer_1.o)
 .debug_frame   0x00001e64      0x208 .\CortexM3\ARM_GCC_541\Debug\PSOC_arm_project.a(median_timer.o)
 .debug_frame   0x0000206c      0x1e8 .\CortexM3\ARM_GCC_541\Debug\PSOC_arm_project.a(update_median_isr.o)
 .debug_frame   0x00002254      0x25c .\CortexM3\ARM_GCC_541\Debug\PSOC_arm_project.a(PWM_0.o)
 .debug_frame   0x000024b0      0x2bc .\CortexM3\ARM_GCC_541\Debug\PSOC_arm_project.a(ADC_0.o)
 .debug_frame   0x0000276c       0x34 .\CortexM3\ARM_GCC_541\Debug\PSOC_arm_project.a(ADC_0_INT.o)
 .debug_frame   0x000027a0       0x7c .\CortexM3\ARM_GCC_541\Debug\PSOC_arm_project.a(AMux_0.o)
 .debug_frame   0x0000281c      0x25c .\CortexM3\ARM_GCC_541\Debug\PSOC_arm_project.a(PWM_2.o)
 .debug_frame   0x00002a78      0x25c .\CortexM3\ARM_GCC_541\Debug\PSOC_arm_project.a(PWM_3.o)
 .debug_frame   0x00002cd4      0x200 .\CortexM3\ARM_GCC_541\Debug\PSOC_arm_project.a(ADC_0_theACLK.o)
 .debug_frame   0x00002ed4      0x200 .\CortexM3\ARM_GCC_541\Debug\PSOC_arm_project.a(CyScBoostClk.o)
 .debug_frame   0x000030d4      0x210 .\CortexM3\ARM_GCC_541\Debug\PSOC_arm_project.a(CyFlash.o)
 .debug_frame   0x000032e4      0x1f8 .\CortexM3\ARM_GCC_541\Debug\PSOC_arm_project.a(CySpc.o)
 .debug_frame   0x000034dc       0x44 c:/program files (x86)/cypress/psoc creator/4.2/psoc creator/import/gnu/arm/5.4.1/bin/../lib/gcc/arm-none-eabi/5.4.1/armv7-m\libgcc.a(_aeabi_ldivmod.o)
 .debug_frame   0x00003520       0x38 c:/program files (x86)/cypress/psoc creator/4.2/psoc creator/import/gnu/arm/5.4.1/bin/../lib/gcc/arm-none-eabi/5.4.1/armv7-m\libgcc.a(_udivmoddi4.o)
 .debug_frame   0x00003558       0x20 c:/program files (x86)/cypress/psoc creator/4.2/psoc creator/import/gnu/arm/5.4.1/bin/../lib/gcc/arm-none-eabi/5.4.1/../../../../arm-none-eabi/lib/armv7-m\libg_nano.a(lib_a-errno.o)
 .debug_frame   0x00003578       0x28 c:/program files (x86)/cypress/psoc creator/4.2/psoc creator/import/gnu/arm/5.4.1/bin/../lib/gcc/arm-none-eabi/5.4.1/../../../../arm-none-eabi/lib/armv7-m\libg_nano.a(lib_a-exit.o)
 .debug_frame   0x000035a0       0x2c c:/program files (x86)/cypress/psoc creator/4.2/psoc creator/import/gnu/arm/5.4.1/bin/../lib/gcc/arm-none-eabi/5.4.1/../../../../arm-none-eabi/lib/armv7-m\libg_nano.a(lib_a-init.o)
 .debug_frame   0x000035cc       0x28 c:/program files (x86)/cypress/psoc creator/4.2/psoc creator/import/gnu/arm/5.4.1/bin/../lib/gcc/arm-none-eabi/5.4.1/../../../../arm-none-eabi/lib/armv7-m\libg_nano.a(lib_a-memcpy-stub.o)
 .debug_frame   0x000035f4       0x20 c:/program files (x86)/cypress/psoc creator/4.2/psoc creator/import/gnu/arm/5.4.1/bin/../lib/gcc/arm-none-eabi/5.4.1/../../../../arm-none-eabi/lib/armv7-m\libg_nano.a(lib_a-memset.o)
 .debug_frame   0x00003614       0x8c c:/program files (x86)/cypress/psoc creator/4.2/psoc creator/import/gnu/arm/5.4.1/bin/../lib/gcc/arm-none-eabi/5.4.1/../../../../arm-none-eabi/lib/armv7-m\libg_nano.a(lib_a-nano-vfprintf_float.o)
 .debug_frame   0x000036a0       0x60 c:/program files (x86)/cypress/psoc creator/4.2/psoc creator/import/gnu/arm/5.4.1/bin/../lib/gcc/arm-none-eabi/5.4.1/../../../../arm-none-eabi/lib/armv7-m\libg_nano.a(lib_a-nano-vfprintf_i.o)
 .debug_frame   0x00003700       0x70 c:/program files (x86)/cypress/psoc creator/4.2/psoc creator/import/gnu/arm/5.4.1/bin/../lib/gcc/arm-none-eabi/5.4.1/../../../../arm-none-eabi/lib/armv7-m\libg_nano.a(lib_a-sprintf.o)
 .debug_frame   0x00003770       0x98 c:/program files (x86)/cypress/psoc creator/4.2/psoc creator/import/gnu/arm/5.4.1/bin/../lib/gcc/arm-none-eabi/5.4.1/../../../../arm-none-eabi/lib/armv7-m\libg_nano.a(lib_a-strtod.o)
 .debug_frame   0x00003808       0x44 c:/program files (x86)/cypress/psoc creator/4.2/psoc creator/import/gnu/arm/5.4.1/bin/../lib/gcc/arm-none-eabi/5.4.1/../../../../arm-none-eabi/lib/armv7-m\libg_nano.a(lib_a-strtol.o)
 .debug_frame   0x0000384c       0x6c c:/program files (x86)/cypress/psoc creator/4.2/psoc creator/import/gnu/arm/5.4.1/bin/../lib/gcc/arm-none-eabi/5.4.1/../../../../arm-none-eabi/lib/armv7-m\libg_nano.a(lib_a-dtoa.o)
 .debug_frame   0x000038b8       0x70 c:/program files (x86)/cypress/psoc creator/4.2/psoc creator/import/gnu/arm/5.4.1/bin/../lib/gcc/arm-none-eabi/5.4.1/../../../../arm-none-eabi/lib/armv7-m\libg_nano.a(lib_a-gdtoa-gethex.o)
 .debug_frame   0x00003928       0x74 c:/program files (x86)/cypress/psoc creator/4.2/psoc creator/import/gnu/arm/5.4.1/bin/../lib/gcc/arm-none-eabi/5.4.1/../../../../arm-none-eabi/lib/armv7-m\libg_nano.a(lib_a-gdtoa-hexnan.o)
 .debug_frame   0x0000399c       0x98 c:/program files (x86)/cypress/psoc creator/4.2/psoc creator/import/gnu/arm/5.4.1/bin/../lib/gcc/arm-none-eabi/5.4.1/../../../../arm-none-eabi/lib/armv7-m\libg_nano.a(lib_a-locale.o)
 .debug_frame   0x00003a34       0x30 c:/program files (x86)/cypress/psoc creator/4.2/psoc creator/import/gnu/arm/5.4.1/bin/../lib/gcc/arm-none-eabi/5.4.1/../../../../arm-none-eabi/lib/armv7-m\libg_nano.a(lib_a-malloc.o)
 .debug_frame   0x00003a64       0x28 c:/program files (x86)/cypress/psoc creator/4.2/psoc creator/import/gnu/arm/5.4.1/bin/../lib/gcc/arm-none-eabi/5.4.1/../../../../arm-none-eabi/lib/armv7-m\libg_nano.a(lib_a-memchr-stub.o)
 .debug_frame   0x00003a8c      0x234 c:/program files (x86)/cypress/psoc creator/4.2/psoc creator/import/gnu/arm/5.4.1/bin/../lib/gcc/arm-none-eabi/5.4.1/../../../../arm-none-eabi/lib/armv7-m\libg_nano.a(lib_a-mprec.o)
 .debug_frame   0x00003cc0       0x2c c:/program files (x86)/cypress/psoc creator/4.2/psoc creator/import/gnu/arm/5.4.1/bin/../lib/gcc/arm-none-eabi/5.4.1/../../../../arm-none-eabi/lib/armv7-m\libg_nano.a(lib_a-nano-callocr.o)
 .debug_frame   0x00003cec       0x38 c:/program files (x86)/cypress/psoc creator/4.2/psoc creator/import/gnu/arm/5.4.1/bin/../lib/gcc/arm-none-eabi/5.4.1/../../../../arm-none-eabi/lib/armv7-m\libg_nano.a(lib_a-nano-freer.o)
 .debug_frame   0x00003d24       0x2c c:/program files (x86)/cypress/psoc creator/4.2/psoc creator/import/gnu/arm/5.4.1/bin/../lib/gcc/arm-none-eabi/5.4.1/../../../../arm-none-eabi/lib/armv7-m\libg_nano.a(lib_a-nano-mallocr.o)
 .debug_frame   0x00003d50       0x90 c:/program files (x86)/cypress/psoc creator/4.2/psoc creator/import/gnu/arm/5.4.1/bin/../lib/gcc/arm-none-eabi/5.4.1/../../../../arm-none-eabi/lib/armv7-m\libg_nano.a(lib_a-nano-svfprintf.o)
 .debug_frame   0x00003de0       0x2c c:/program files (x86)/cypress/psoc creator/4.2/psoc creator/import/gnu/arm/5.4.1/bin/../lib/gcc/arm-none-eabi/5.4.1/../../../../arm-none-eabi/lib/armv7-m\libg_nano.a(lib_a-sbrkr.o)
 .debug_frame   0x00003e0c       0x20 c:/program files (x86)/cypress/psoc creator/4.2/psoc creator/import/gnu/arm/5.4.1/bin/../lib/gcc/arm-none-eabi/5.4.1/../../../../arm-none-eabi/lib/armv7-m\libg_nano.a(lib_a-sf_nan.o)
 .debug_frame   0x00003e2c       0x20 c:/program files (x86)/cypress/psoc creator/4.2/psoc creator/import/gnu/arm/5.4.1/bin/../lib/gcc/arm-none-eabi/5.4.1/../../../../arm-none-eabi/lib/armv7-m\libg_nano.a(lib_a-strcmp.o)
 .debug_frame   0x00003e4c       0x2c c:/program files (x86)/cypress/psoc creator/4.2/psoc creator/import/gnu/arm/5.4.1/bin/../lib/gcc/arm-none-eabi/5.4.1/../../../../arm-none-eabi/lib/armv7-m\libg_nano.a(lib_a-strncmp.o)
 .debug_frame   0x00003e78       0x28 c:/program files (x86)/cypress/psoc creator/4.2/psoc creator/import/gnu/arm/5.4.1/bin/../lib/gcc/arm-none-eabi/5.4.1/../../../../arm-none-eabi/lib/armv7-m\libg_nano.a(lib_a-memmove.o)
 .debug_frame   0x00003ea0       0x30 c:/program files (x86)/cypress/psoc creator/4.2/psoc creator/import/gnu/arm/5.4.1/bin/../lib/gcc/arm-none-eabi/5.4.1/../../../../arm-none-eabi/lib/armv7-m\libg_nano.a(lib_a-mlock.o)
 .debug_frame   0x00003ed0       0x3c c:/program files (x86)/cypress/psoc creator/4.2/psoc creator/import/gnu/arm/5.4.1/bin/../lib/gcc/arm-none-eabi/5.4.1/../../../../arm-none-eabi/lib/armv7-m\libg_nano.a(lib_a-nano-reallocr.o)
 .debug_frame   0x00003f0c       0x5c c:/program files (x86)/cypress/psoc creator/4.2/psoc creator/import/gnu/arm/5.4.1/bin/../lib/gcc/arm-none-eabi/5.4.1/../../../../arm-none-eabi/lib/armv7-m\libg_nano.a(lib_a-reent.o)
 .debug_frame   0x00003f68       0x20 c:/program files (x86)/cypress/psoc creator/4.2/psoc creator/import/gnu/arm/5.4.1/bin/../lib/gcc/arm-none-eabi/5.4.1/../../../../arm-none-eabi/lib/armv7-m\libg_nano.a(lib_a-nano-msizer.o)

.debug_str      0x00000000     0x29b2
 *(.debug_str)
 .debug_str     0x00000000      0x28f .\CortexM3\ARM_GCC_541\Debug\main.o
                                0x2dc (size before relaxing)
 .debug_str     0x0000028f       0x14 .\CortexM3\ARM_GCC_541\Debug\debug.o
                                0x1b8 (size before relaxing)
 .debug_str     0x000002a3      0x23f .\CortexM3\ARM_GCC_541\Debug\cyfitter_cfg.o
                                0x3ea (size before relaxing)
 .debug_str     0x000004e2       0x7f .\CortexM3\ARM_GCC_541\Debug\cymetadata.o
                                0x1ee (size before relaxing)
 .debug_str     0x00000561      0x123 .\CortexM3\ARM_GCC_541\Debug\Cm3Start.o
                                0x2e1 (size before relaxing)
 .debug_str     0x00000684      0x270 .\CortexM3\ARM_GCC_541\Debug\PSOC_arm_project.a(UART.o)
                                0x42b (size before relaxing)
 .debug_str     0x000008f4      0x10c .\CortexM3\ARM_GCC_541\Debug\PSOC_arm_project.a(isr_rx.o)
                                0x2be (size before relaxing)
 .debug_str     0x00000a00      0x1b0 .\CortexM3\ARM_GCC_541\Debug\PSOC_arm_project.a(UART_IntClock.o)
                                0x340 (size before relaxing)
 .debug_str     0x00000bb0      0x7fe .\CortexM3\ARM_GCC_541\Debug\PSOC_arm_project.a(CyLib.o)
                                0xa18 (size before relaxing)
 .debug_str     0x000013ae      0x371 .\CortexM3\ARM_GCC_541\Debug\PSOC_arm_project.a(cyPm.o)
                                0x54d (size before relaxing)
 .debug_str     0x0000171f      0x196 .\CortexM3\ARM_GCC_541\Debug\PSOC_arm_project.a(PWM_1.o)
                                0x33b (size before relaxing)
 .debug_str     0x000018b5      0x17a .\CortexM3\ARM_GCC_541\Debug\PSOC_arm_project.a(Timer_1.o)
                                0x33c (size before relaxing)
 .debug_str     0x00001a2f      0x1ad .\CortexM3\ARM_GCC_541\Debug\PSOC_arm_project.a(median_timer.o)
                                0x36f (size before relaxing)
 .debug_str     0x00001bdc      0x18e .\CortexM3\ARM_GCC_541\Debug\PSOC_arm_project.a(update_median_isr.o)
                                0x358 (size before relaxing)
 .debug_str     0x00001d6a      0x165 .\CortexM3\ARM_GCC_541\Debug\PSOC_arm_project.a(PWM_0.o)
                                0x33b (size before relaxing)
 .debug_str     0x00001ecf      0x1e7 .\CortexM3\ARM_GCC_541\Debug\PSOC_arm_project.a(ADC_0.o)
                                0x3e7 (size before relaxing)
 .debug_str     0x000020b6       0x2d .\CortexM3\ARM_GCC_541\Debug\PSOC_arm_project.a(ADC_0_INT.o)
                                0x19d (size before relaxing)
 .debug_str     0x000020e3       0x6c .\CortexM3\ARM_GCC_541\Debug\PSOC_arm_project.a(AMux_0.o)
                                0x1ea (size before relaxing)
 .debug_str     0x0000214f      0x165 .\CortexM3\ARM_GCC_541\Debug\PSOC_arm_project.a(PWM_2.o)
                                0x33b (size before relaxing)
 .debug_str     0x000022b4      0x165 .\CortexM3\ARM_GCC_541\Debug\PSOC_arm_project.a(PWM_3.o)
                                0x33b (size before relaxing)
 .debug_str     0x00002419      0x1a6 .\CortexM3\ARM_GCC_541\Debug\PSOC_arm_project.a(ADC_0_theACLK.o)
                                0x387 (size before relaxing)
 .debug_str     0x000025bf      0x18f .\CortexM3\ARM_GCC_541\Debug\PSOC_arm_project.a(CyScBoostClk.o)
                                0x379 (size before relaxing)
 .debug_str     0x0000274e      0x145 .\CortexM3\ARM_GCC_541\Debug\PSOC_arm_project.a(CyFlash.o)
                                0x300 (size before relaxing)
 .debug_str     0x00002893      0x11f .\CortexM3\ARM_GCC_541\Debug\PSOC_arm_project.a(CySpc.o)
                                0x2fd (size before relaxing)

.debug_loc
 *(.debug_loc)

.debug_macinfo
 *(.debug_macinfo)

.debug_ranges   0x00000000      0xbb0
 *(.debug_ranges)
 .debug_ranges  0x00000000       0x30 .\CortexM3\ARM_GCC_541\Debug\main.o
 .debug_ranges  0x00000030       0x10 .\CortexM3\ARM_GCC_541\Debug\debug.o
 .debug_ranges  0x00000040       0x60 .\CortexM3\ARM_GCC_541\Debug\cyfitter_cfg.o
 .debug_ranges  0x000000a0       0x38 .\CortexM3\ARM_GCC_541\Debug\Cm3Start.o
 .debug_ranges  0x000000d8       0xe0 .\CortexM3\ARM_GCC_541\Debug\PSOC_arm_project.a(UART.o)
 .debug_ranges  0x000001b8       0x70 .\CortexM3\ARM_GCC_541\Debug\PSOC_arm_project.a(isr_rx.o)
 .debug_ranges  0x00000228       0x60 .\CortexM3\ARM_GCC_541\Debug\PSOC_arm_project.a(UART_IntClock.o)
 .debug_ranges  0x00000288      0x298 .\CortexM3\ARM_GCC_541\Debug\PSOC_arm_project.a(CyLib.o)
 .debug_ranges  0x00000520       0x88 .\CortexM3\ARM_GCC_541\Debug\PSOC_arm_project.a(cyPm.o)
 .debug_ranges  0x000005a8       0x88 .\CortexM3\ARM_GCC_541\Debug\PSOC_arm_project.a(PWM_1.o)
 .debug_ranges  0x00000630       0x80 .\CortexM3\ARM_GCC_541\Debug\PSOC_arm_project.a(Timer_1.o)
 .debug_ranges  0x000006b0       0x78 .\CortexM3\ARM_GCC_541\Debug\PSOC_arm_project.a(median_timer.o)
 .debug_ranges  0x00000728       0x70 .\CortexM3\ARM_GCC_541\Debug\PSOC_arm_project.a(update_median_isr.o)
 .debug_ranges  0x00000798       0x88 .\CortexM3\ARM_GCC_541\Debug\PSOC_arm_project.a(PWM_0.o)
 .debug_ranges  0x00000820       0x98 .\CortexM3\ARM_GCC_541\Debug\PSOC_arm_project.a(ADC_0.o)
 .debug_ranges  0x000008b8       0x10 .\CortexM3\ARM_GCC_541\Debug\PSOC_arm_project.a(ADC_0_INT.o)
 .debug_ranges  0x000008c8       0x20 .\CortexM3\ARM_GCC_541\Debug\PSOC_arm_project.a(AMux_0.o)
 .debug_ranges  0x000008e8       0x88 .\CortexM3\ARM_GCC_541\Debug\PSOC_arm_project.a(PWM_2.o)
 .debug_ranges  0x00000970       0x88 .\CortexM3\ARM_GCC_541\Debug\PSOC_arm_project.a(PWM_3.o)
 .debug_ranges  0x000009f8       0x70 .\CortexM3\ARM_GCC_541\Debug\PSOC_arm_project.a(ADC_0_theACLK.o)
 .debug_ranges  0x00000a68       0x70 .\CortexM3\ARM_GCC_541\Debug\PSOC_arm_project.a(CyScBoostClk.o)
 .debug_ranges  0x00000ad8       0x70 .\CortexM3\ARM_GCC_541\Debug\PSOC_arm_project.a(CyFlash.o)
 .debug_ranges  0x00000b48       0x68 .\CortexM3\ARM_GCC_541\Debug\PSOC_arm_project.a(CySpc.o)

.comment        0x00000000       0x6e
 .comment       0x00000000       0x6e .\CortexM3\ARM_GCC_541\Debug\main.o
                                 0x6f (size before relaxing)
 .comment       0x0000006e       0x6f .\CortexM3\ARM_GCC_541\Debug\debug.o
 .comment       0x0000006e       0x6f .\CortexM3\ARM_GCC_541\Debug\cyfitter_cfg.o
 .comment       0x0000006e       0x6f .\CortexM3\ARM_GCC_541\Debug\cymetadata.o
 .comment       0x0000006e       0x6f .\CortexM3\ARM_GCC_541\Debug\Cm3Start.o
 .comment       0x0000006e       0x6f .\CortexM3\ARM_GCC_541\Debug\PSOC_arm_project.a(UART.o)
 .comment       0x0000006e       0x6f .\CortexM3\ARM_GCC_541\Debug\PSOC_arm_project.a(isr_rx.o)
 .comment       0x0000006e       0x6f .\CortexM3\ARM_GCC_541\Debug\PSOC_arm_project.a(UART_IntClock.o)
 .comment       0x0000006e       0x6f .\CortexM3\ARM_GCC_541\Debug\PSOC_arm_project.a(CyLib.o)
 .comment       0x0000006e       0x6f .\CortexM3\ARM_GCC_541\Debug\PSOC_arm_project.a(cyPm.o)
 .comment       0x0000006e       0x6f .\CortexM3\ARM_GCC_541\Debug\PSOC_arm_project.a(PWM_1.o)
 .comment       0x0000006e       0x6f .\CortexM3\ARM_GCC_541\Debug\PSOC_arm_project.a(Timer_1.o)
 .comment       0x0000006e       0x6f .\CortexM3\ARM_GCC_541\Debug\PSOC_arm_project.a(median_timer.o)
 .comment       0x0000006e       0x6f .\CortexM3\ARM_GCC_541\Debug\PSOC_arm_project.a(update_median_isr.o)
 .comment       0x0000006e       0x6f .\CortexM3\ARM_GCC_541\Debug\PSOC_arm_project.a(PWM_0.o)
 .comment       0x0000006e       0x6f .\CortexM3\ARM_GCC_541\Debug\PSOC_arm_project.a(ADC_0.o)
 .comment       0x0000006e       0x6f .\CortexM3\ARM_GCC_541\Debug\PSOC_arm_project.a(ADC_0_INT.o)
 .comment       0x0000006e       0x6f .\CortexM3\ARM_GCC_541\Debug\PSOC_arm_project.a(AMux_0.o)
 .comment       0x0000006e       0x6f .\CortexM3\ARM_GCC_541\Debug\PSOC_arm_project.a(PWM_2.o)
 .comment       0x0000006e       0x6f .\CortexM3\ARM_GCC_541\Debug\PSOC_arm_project.a(PWM_3.o)
 .comment       0x0000006e       0x6f .\CortexM3\ARM_GCC_541\Debug\PSOC_arm_project.a(ADC_0_theACLK.o)
 .comment       0x0000006e       0x6f .\CortexM3\ARM_GCC_541\Debug\PSOC_arm_project.a(CyScBoostClk.o)
 .comment       0x0000006e       0x6f .\CortexM3\ARM_GCC_541\Debug\PSOC_arm_project.a(CyFlash.o)
 .comment       0x0000006e       0x6f .\CortexM3\ARM_GCC_541\Debug\PSOC_arm_project.a(CySpc.o)

.debug_weaknames
 *(.debug_weaknames)

.debug_funcnames
 *(.debug_funcnames)

.debug_typenames
 *(.debug_typenames)

.debug_varnames
 *(.debug_varnames)

.note.gnu.arm.ident
 *(.note.gnu.arm.ident)

.ARM.attributes
                0x00000000       0x29
 *(.ARM.attributes)
 .ARM.attributes
                0x00000000       0x1d c:/program files (x86)/cypress/psoc creator/4.2/psoc creator/import/gnu/arm/5.4.1/bin/../lib/gcc/arm-none-eabi/5.4.1/armv7-m/crti.o
 .ARM.attributes
                0x0000001d       0x2d c:/program files (x86)/cypress/psoc creator/4.2/psoc creator/import/gnu/arm/5.4.1/bin/../lib/gcc/arm-none-eabi/5.4.1/armv7-m/crtbegin.o
 .ARM.attributes
                0x0000004a       0x1b c:/program files (x86)/cypress/psoc creator/4.2/psoc creator/import/gnu/arm/5.4.1/bin/../lib/gcc/arm-none-eabi/5.4.1/../../../../arm-none-eabi/lib/armv7-m/crt0.o
 .ARM.attributes
                0x00000065       0x33 .\CortexM3\ARM_GCC_541\Debug\main.o
 .ARM.attributes
                0x00000098       0x33 .\CortexM3\ARM_GCC_541\Debug\debug.o
 .ARM.attributes
                0x000000cb       0x33 .\CortexM3\ARM_GCC_541\Debug\cyfitter_cfg.o
 .ARM.attributes
                0x000000fe       0x33 .\CortexM3\ARM_GCC_541\Debug\cymetadata.o
 .ARM.attributes
                0x00000131       0x33 .\CortexM3\ARM_GCC_541\Debug\Cm3Start.o
 .ARM.attributes
                0x00000164       0x33 .\CortexM3\ARM_GCC_541\Debug\PSOC_arm_project.a(UART.o)
 .ARM.attributes
                0x00000197       0x33 .\CortexM3\ARM_GCC_541\Debug\PSOC_arm_project.a(isr_rx.o)
 .ARM.attributes
                0x000001ca       0x33 .\CortexM3\ARM_GCC_541\Debug\PSOC_arm_project.a(UART_IntClock.o)
 .ARM.attributes
                0x000001fd       0x33 .\CortexM3\ARM_GCC_541\Debug\PSOC_arm_project.a(CyLib.o)
 .ARM.attributes
                0x00000230       0x33 .\CortexM3\ARM_GCC_541\Debug\PSOC_arm_project.a(cyPm.o)
 .ARM.attributes
                0x00000263       0x33 .\CortexM3\ARM_GCC_541\Debug\PSOC_arm_project.a(PWM_1.o)
 .ARM.attributes
                0x00000296       0x33 .\CortexM3\ARM_GCC_541\Debug\PSOC_arm_project.a(Timer_1.o)
 .ARM.attributes
                0x000002c9       0x33 .\CortexM3\ARM_GCC_541\Debug\PSOC_arm_project.a(median_timer.o)
 .ARM.attributes
                0x000002fc       0x33 .\CortexM3\ARM_GCC_541\Debug\PSOC_arm_project.a(update_median_isr.o)
 .ARM.attributes
                0x0000032f       0x33 .\CortexM3\ARM_GCC_541\Debug\PSOC_arm_project.a(PWM_0.o)
 .ARM.attributes
                0x00000362       0x33 .\CortexM3\ARM_GCC_541\Debug\PSOC_arm_project.a(ADC_0.o)
 .ARM.attributes
                0x00000395       0x33 .\CortexM3\ARM_GCC_541\Debug\PSOC_arm_project.a(ADC_0_INT.o)
 .ARM.attributes
                0x000003c8       0x33 .\CortexM3\ARM_GCC_541\Debug\PSOC_arm_project.a(AMux_0.o)
 .ARM.attributes
                0x000003fb       0x33 .\CortexM3\ARM_GCC_541\Debug\PSOC_arm_project.a(PWM_2.o)
 .ARM.attributes
                0x0000042e       0x33 .\CortexM3\ARM_GCC_541\Debug\PSOC_arm_project.a(PWM_3.o)
 .ARM.attributes
                0x00000461       0x33 .\CortexM3\ARM_GCC_541\Debug\PSOC_arm_project.a(ADC_0_theACLK.o)
 .ARM.attributes
                0x00000494       0x21 .\CortexM3\ARM_GCC_541\Debug\PSOC_arm_project.a(CyBootAsmGnu.o)
 .ARM.attributes
                0x000004b5       0x33 .\CortexM3\ARM_GCC_541\Debug\PSOC_arm_project.a(CyScBoostClk.o)
 .ARM.attributes
                0x000004e8       0x33 .\CortexM3\ARM_GCC_541\Debug\PSOC_arm_project.a(CyFlash.o)
 .ARM.attributes
                0x0000051b       0x33 .\CortexM3\ARM_GCC_541\Debug\PSOC_arm_project.a(CySpc.o)
 .ARM.attributes