Archive member included to satisfy reference by file (symbol)

.\CortexM3\ARM_GCC_541\Debug\PSOC_ADC_read.a(UART.o)
                              .\CortexM3\ARM_GCC_541\Debug\main.o (UART_Start)
.\CortexM3\ARM_GCC_541\Debug\PSOC_ADC_read.a(isr_rx.o)
                              .\CortexM3\ARM_GCC_541\Debug\main.o (isr_rx_StartEx)
.\CortexM3\ARM_GCC_541\Debug\PSOC_ADC_read.a(UART_IntClock.o)
                              .\CortexM3\ARM_GCC_541\Debug\PSOC_ADC_read.a(UART.o) (UART_IntClock_Start)
.\CortexM3\ARM_GCC_541\Debug\PSOC_ADC_read.a(CyLib.o)
                              .\CortexM3\ARM_GCC_541\Debug\Cm3Start.o (CyHalt)
.\CortexM3\ARM_GCC_541\Debug\PSOC_ADC_read.a(cyPm.o)
                              .\CortexM3\ARM_GCC_541\Debug\PSOC_ADC_read.a(CyLib.o) (CyPmReadStatus)
.\CortexM3\ARM_GCC_541\Debug\PSOC_ADC_read.a(ADC_SAR_1.o)
                              .\CortexM3\ARM_GCC_541\Debug\main.o (ADC_SAR_1_Start)
.\CortexM3\ARM_GCC_541\Debug\PSOC_ADC_read.a(ADC_SAR_1_INT.o)
                              .\CortexM3\ARM_GCC_541\Debug\PSOC_ADC_read.a(ADC_SAR_1.o) (ADC_SAR_1_ISR)
.\CortexM3\ARM_GCC_541\Debug\PSOC_ADC_read.a(ADC_SAR_1_theACLK.o)
                              .\CortexM3\ARM_GCC_541\Debug\PSOC_ADC_read.a(ADC_SAR_1.o) (ADC_SAR_1_theACLK_SetModeRegister)
.\CortexM3\ARM_GCC_541\Debug\PSOC_ADC_read.a(ADC_SAR_2.o)
                              .\CortexM3\ARM_GCC_541\Debug\main.o (ADC_SAR_2_Start)
.\CortexM3\ARM_GCC_541\Debug\PSOC_ADC_read.a(ADC_SAR_2_INT.o)
                              .\CortexM3\ARM_GCC_541\Debug\PSOC_ADC_read.a(ADC_SAR_2.o) (ADC_SAR_2_ISR)
.\CortexM3\ARM_GCC_541\Debug\PSOC_ADC_read.a(ADC_SAR_2_theACLK.o)
                              .\CortexM3\ARM_GCC_541\Debug\PSOC_ADC_read.a(ADC_SAR_2.o) (ADC_SAR_2_theACLK_SetModeRegister)
.\CortexM3\ARM_GCC_541\Debug\PSOC_ADC_read.a(CyBootAsmGnu.o)
                              .\CortexM3\ARM_GCC_541\Debug\cyfitter_cfg.o (CyDelayCycles)
.\CortexM3\ARM_GCC_541\Debug\PSOC_ADC_read.a(CyScBoostClk.o)
                              .\CortexM3\ARM_GCC_541\Debug\PSOC_ADC_read.a(CyLib.o) (CyScBoostClk_Start)
.\CortexM3\ARM_GCC_541\Debug\PSOC_ADC_read.a(CyFlash.o)
                              .\CortexM3\ARM_GCC_541\Debug\PSOC_ADC_read.a(cyPm.o) (CyFlash_SetWaitCycles)
.\CortexM3\ARM_GCC_541\Debug\PSOC_ADC_read.a(CySpc.o)
                              .\CortexM3\ARM_GCC_541\Debug\PSOC_ADC_read.a(CyFlash.o) (CySpcStart)
c:/program files (x86)/cypress/psoc creator/4.2/psoc creator/import/gnu/arm/5.4.1/bin/../lib/gcc/arm-none-eabi/5.4.1/armv7-m\libgcc.a(_arm_addsubsf3.o)
                              .\CortexM3\ARM_GCC_541\Debug\PSOC_ADC_read.a(ADC_SAR_1.o) (__aeabi_i2f)
c:/program files (x86)/cypress/psoc creator/4.2/psoc creator/import/gnu/arm/5.4.1/bin/../lib/gcc/arm-none-eabi/5.4.1/armv7-m\libgcc.a(_arm_muldivsf3.o)
                              .\CortexM3\ARM_GCC_541\Debug\PSOC_ADC_read.a(ADC_SAR_1.o) (__aeabi_fmul)
c:/program files (x86)/cypress/psoc creator/4.2/psoc creator/import/gnu/arm/5.4.1/bin/../lib/gcc/arm-none-eabi/5.4.1/armv7-m\libgcc.a(_aeabi_ldivmod.o)
                              .\CortexM3\ARM_GCC_541\Debug\PSOC_ADC_read.a(ADC_SAR_1.o) (__aeabi_ldivmod)
c:/program files (x86)/cypress/psoc creator/4.2/psoc creator/import/gnu/arm/5.4.1/bin/../lib/gcc/arm-none-eabi/5.4.1/armv7-m\libgcc.a(_udivmoddi4.o)
                              c:/program files (x86)/cypress/psoc creator/4.2/psoc creator/import/gnu/arm/5.4.1/bin/../lib/gcc/arm-none-eabi/5.4.1/armv7-m\libgcc.a(_aeabi_ldivmod.o) (__udivmoddi4)
c:/program files (x86)/cypress/psoc creator/4.2/psoc creator/import/gnu/arm/5.4.1/bin/../lib/gcc/arm-none-eabi/5.4.1/armv7-m\libgcc.a(_dvmd_tls.o)
                              c:/program files (x86)/cypress/psoc creator/4.2/psoc creator/import/gnu/arm/5.4.1/bin/../lib/gcc/arm-none-eabi/5.4.1/armv7-m\libgcc.a(_aeabi_ldivmod.o) (__aeabi_ldiv0)
c:/program files (x86)/cypress/psoc creator/4.2/psoc creator/import/gnu/arm/5.4.1/bin/../lib/gcc/arm-none-eabi/5.4.1/../../../../arm-none-eabi/lib/armv7-m\libg_nano.a(lib_a-errno.o)
                              .\CortexM3\ARM_GCC_541\Debug\Cm3Start.o (__errno)
c:/program files (x86)/cypress/psoc creator/4.2/psoc creator/import/gnu/arm/5.4.1/bin/../lib/gcc/arm-none-eabi/5.4.1/../../../../arm-none-eabi/lib/armv7-m\libg_nano.a(lib_a-exit.o)
                              c:/program files (x86)/cypress/psoc creator/4.2/psoc creator/import/gnu/arm/5.4.1/bin/../lib/gcc/arm-none-eabi/5.4.1/../../../../arm-none-eabi/lib/armv7-m/crt0.o (exit)
c:/program files (x86)/cypress/psoc creator/4.2/psoc creator/import/gnu/arm/5.4.1/bin/../lib/gcc/arm-none-eabi/5.4.1/../../../../arm-none-eabi/lib/armv7-m\libg_nano.a(lib_a-impure.o)
                              c:/program files (x86)/cypress/psoc creator/4.2/psoc creator/import/gnu/arm/5.4.1/bin/../lib/gcc/arm-none-eabi/5.4.1/../../../../arm-none-eabi/lib/armv7-m\libg_nano.a(lib_a-exit.o) (_global_impure_ptr)
[...]
Memory Configuration

Name             Origin             Length             Attributes
rom              0x00000000         0x00040000         xr
ram              0x1fff8000         0x00010000         xrw
*default*        0x00000000         0xffffffff

Linker script and memory map

LOAD c:/program files (x86)/cypress/psoc creator/4.2/psoc creator/import/gnu/arm/5.4.1/bin/../lib/gcc/arm-none-eabi/5.4.1/armv7-m/crti.o
LOAD c:/program files (x86)/cypress/psoc creator/4.2/psoc creator/import/gnu/arm/5.4.1/bin/../lib/gcc/arm-none-eabi/5.4.1/armv7-m/crtbegin.o
LOAD c:/program files (x86)/cypress/psoc creator/4.2/psoc creator/import/gnu/arm/5.4.1/bin/../lib/gcc/arm-none-eabi/5.4.1/../../../../arm-none-eabi/lib/armv7-m/crt0.o
START GROUP
LOAD .\CortexM3\ARM_GCC_541\Debug\main.o
LOAD .\CortexM3\ARM_GCC_541\Debug\debug.o
LOAD .\CortexM3\ARM_GCC_541\Debug\cyfitter_cfg.o
LOAD .\CortexM3\ARM_GCC_541\Debug\cymetadata.o
LOAD .\CortexM3\ARM_GCC_541\Debug\Cm3Start.o
LOAD .\CortexM3\ARM_GCC_541\Debug\PSOC_ADC_read.a
LOAD C:\Program Files (x86)\Cypress\PSoC Creator\4.2\PSoC Creator\psoc\content\cycomponentlibrary\CyComponentLibrary.cylib\CortexM3\ARM_GCC_541\Debug\CyComponentLibrary.a
LOAD c:/program files (x86)/cypress/psoc creator/4.2/psoc creator/import/gnu/arm/5.4.1/bin/../lib/gcc/arm-none-eabi/5.4.1/../../../../arm-none-eabi/lib/armv7-m\libm.a
END GROUP
START GROUP
LOAD c:/program files (x86)/cypress/psoc creator/4.2/psoc creator/import/gnu/arm/5.4.1/bin/../lib/gcc/arm-none-eabi/5.4.1/armv7-m\libgcc.a
LOAD c:/program files (x86)/cypress/psoc creator/4.2/psoc creator/import/gnu/arm/5.4.1/bin/../lib/gcc/arm-none-eabi/5.4.1/../../../../arm-none-eabi/lib/armv7-m\libg_nano.a
LOAD c:/program files (x86)/cypress/psoc creator/4.2/psoc creator/import/gnu/arm/5.4.1/bin/../lib/gcc/arm-none-eabi/5.4.1/../../../../arm-none-eabi/lib/armv7-m\libc_nano.a
END GROUP
START GROUP
LOAD c:/program files (x86)/cypress/psoc creator/4.2/psoc creator/import/gnu/arm/5.4.1/bin/../lib/gcc/arm-none-eabi/5.4.1/armv7-m\libgcc.a
LOAD c:/program files (x86)/cypress/psoc creator/4.2/psoc creator/import/gnu/arm/5.4.1/bin/../lib/gcc/arm-none-eabi/5.4.1/../../../../arm-none-eabi/lib/armv7-m\libc_nano.a
END GROUP
LOAD c:/program files (x86)/cypress/psoc creator/4.2/psoc creator/import/gnu/arm/5.4.1/bin/../lib/gcc/arm-none-eabi/5.4.1/armv7-m/crtend.o
LOAD c:/program files (x86)/cypress/psoc creator/4.2/psoc creator/import/gnu/arm/5.4.1/bin/../lib/gcc/arm-none-eabi/5.4.1/armv7-m/crtn.o
START GROUP
LOAD c:/program files (x86)/cypress/psoc creator/4.2/psoc creator/import/gnu/arm/5.4.1/bin/../lib/gcc/arm-none-eabi/5.4.1/armv7-m\libgcc.a
LOAD c:/program files (x86)/cypress/psoc creator/4.2/psoc creator/import/gnu/arm/5.4.1/bin/../lib/gcc/arm-none-eabi/5.4.1/../../../../arm-none-eabi/lib/armv7-m\libc.a
LOAD c:/program files (x86)/cypress/psoc creator/4.2/psoc creator/import/gnu/arm/5.4.1/bin/../lib/gcc/arm-none-eabi/5.4.1/../../../../arm-none-eabi/lib/armv7-m\libnosys.a
END GROUP
                0x00000000                CY_APPL_ORIGIN = 0x0
                0x00000100                CY_FLASH_ROW_SIZE = 0x100
                0x00000020                CY_ECC_ROW_SIZE = 0x20
                0x00000000                CY_EE_IN_BTLDR = 0x0
                0x00000000                CY_APPL_LOADABLE = 0x0
                0x00000800                CY_EE_SIZE = 0x800
                0x00000001                CY_APPL_NUM = 0x1
                0x00000001                CY_APPL_MAX = 0x1
                0x00000040                CY_METADATA_SIZE = 0x40
                0x00000000                CY_APPL_LOADABLE = 0x0
                0x00000000                CY_CHECKSUM_EXCLUDE_SIZE = ALIGN (0x0, CY_FLASH_ROW_SIZE)
                [!provide]                PROVIDE (__cy_heap_start, _end)
                0x00000001                PROVIDE (__cy_region_num, ((__cy_regions_end - __cy_regions) / 0x10))
                0x20008000                PROVIDE (__cy_stack, (ORIGIN (ram) + LENGTH (ram)))
                [!provide]                PROVIDE (__cy_heap_end, (__cy_stack - 0x800))

.cybootloader   0x00000000        0x0
 *(.cybootloader)
                0x00000000                appl1_start = CY_APPL_ORIGIN?CY_APPL_ORIGIN:ALIGN (CY_FLASH_ROW_SIZE)
                0x0001ff00                appl2_start = (appl1_start + ALIGN ((((LENGTH (rom) - appl1_start) - (0x2 * CY_FLASH_ROW_SIZE)) / 0x2), CY_FLASH_ROW_SIZE))
                0x00000000                appl_start = (CY_APPL_NUM == 0x1)?appl1_start:appl2_start
                0x00000000                ecc_offset = ((appl_start / CY_FLASH_ROW_SIZE) * CY_ECC_ROW_SIZE)
                0x00000000                ee_offset = (CY_APPL_LOADABLE && ! (CY_EE_IN_BTLDR))?((CY_EE_SIZE / CY_APPL_MAX) * (CY_APPL_NUM - 0x1)):0x0
                0x00000800                ee_size = (CY_APPL_LOADABLE && ! (CY_EE_IN_BTLDR))?(CY_EE_SIZE / CY_APPL_MAX):CY_EE_SIZE
                [!provide]                PROVIDE (CY_ECC_OFFSET, ecc_offset)

.text           0x00000000     0x34a0
 CREATE_OBJECT_SYMBOLS
                0x00000000                PROVIDE (__cy_interrupt_vector, RomVectors)
 *(.romvectors)
 .romvectors    0x00000000       0x10 .\CortexM3\ARM_GCC_541\Debug\Cm3Start.o
                0x00000000                RomVectors
                0x00000001                ASSERT ((. != __cy_interrupt_vector), No interrupt vector)
                0x00000001                ASSERT (CY_APPL_ORIGIN?(SIZEOF (.cybootloader) <= CY_APPL_ORIGIN):0x1, Wrong image location)
                0x00000010                PROVIDE (__cy_reset, Reset)
 *(.text.Reset)
 .text.Reset    0x00000010       0x18 .\CortexM3\ARM_GCC_541\Debug\Cm3Start.o
                0x00000010                Reset
                0x00000001                ASSERT ((. != __cy_reset), No reset code)
 *(.dma_init)
                0x00000001                ASSERT ((((appl_start + .) <= 0x10000) || 0x1), DMA Init must be within the first 64k of flash)
 *(.text .text.* .gnu.linkonce.t.*)
 .text          0x00000028       0x5c c:/program files (x86)/cypress/psoc creator/4.2/psoc creator/import/gnu/arm/5.4.1/bin/../lib/gcc/arm-none-eabi/5.4.1/armv7-m/crtbegin.o
 .text.RxIsr    0x00000084       0x38 .\CortexM3\ARM_GCC_541\Debug\main.o
                0x00000084                RxIsr
 .text.main     0x000000bc       0x84 .\CortexM3\ARM_GCC_541\Debug\main.o
                0x000000bc                main
 .text.CyClockStartupError
                0x00000140        0x4 .\CortexM3\ARM_GCC_541\Debug\cyfitter_cfg.o
 .text.cfg_write_bytes32
                0x00000144       0x34 .\CortexM3\ARM_GCC_541\Debug\cyfitter_cfg.o
 .text.CYMEMZERO
                0x00000178        0xc .\CortexM3\ARM_GCC_541\Debug\cyfitter_cfg.o
 .text.AnalogSetDefault
                0x00000184       0x98 .\CortexM3\ARM_GCC_541\Debug\cyfitter_cfg.o
 .text.CYCONFIGCPY
                0x0000021c        0x8 .\CortexM3\ARM_GCC_541\Debug\cyfitter_cfg.o
 .text.ClockSetup
                0x00000224       0xe4 .\CortexM3\ARM_GCC_541\Debug\cyfitter_cfg.o
 .text.cyfitter_cfg
                0x00000308      0x114 .\CortexM3\ARM_GCC_541\Debug\cyfitter_cfg.o
                0x00000308                cyfitter_cfg
 .text.IntDefaultHandler
                0x0000041c       0x10 .\CortexM3\ARM_GCC_541\Debug\Cm3Start.o
                0x0000041c                IntDefaultHandler
 .text._sbrk    0x0000042c       0x30 .\CortexM3\ARM_GCC_541\Debug\Cm3Start.o
                0x0000042c                _sbrk
 .text.Start_c  0x0000045c       0x4c .\CortexM3\ARM_GCC_541\Debug\Cm3Start.o
                0x0000045c                Start_c
 .text.initialize_psoc
                0x000004a8       0x68 .\CortexM3\ARM_GCC_541\Debug\Cm3Start.o
                0x000004a8                initialize_psoc
 .text.UART_Init
                0x00000510       0x24 .\CortexM3\ARM_GCC_541\Debug\PSOC_ADC_read.a(UART.o)
                0x00000510                UART_Init
 .text.UART_Enable
                0x00000534       0x38 .\CortexM3\ARM_GCC_541\Debug\PSOC_ADC_read.a(UART.o)
                0x00000534                UART_Enable
 .text.UART_Start
                0x0000056c       0x1c .\CortexM3\ARM_GCC_541\Debug\PSOC_ADC_read.a(UART.o)
                0x0000056c                UART_Start
 .text.UART_PutChar
                0x00000588       0x18 .\CortexM3\ARM_GCC_541\Debug\PSOC_ADC_read.a(UART.o)
                0x00000588                UART_PutChar
 .text.UART_PutString
                0x000005a0       0x24 .\CortexM3\ARM_GCC_541\Debug\PSOC_ADC_read.a(UART.o)
                0x000005a0                UART_PutString
 .text.isr_rx_SetVector
                0x000005c4        0xc .\CortexM3\ARM_GCC_541\Debug\PSOC_ADC_read.a(isr_rx.o)
                0x000005c4                isr_rx_SetVector
 .text.isr_rx_SetPriority
                0x000005d0       0x10 .\CortexM3\ARM_GCC_541\Debug\PSOC_ADC_read.a(isr_rx.o)
                0x000005d0                isr_rx_SetPriority
 .text.isr_rx_Enable
                0x000005e0        0xc .\CortexM3\ARM_GCC_541\Debug\PSOC_ADC_read.a(isr_rx.o)
                0x000005e0                isr_rx_Enable
 .text.isr_rx_Disable
                0x000005ec        0xc .\CortexM3\ARM_GCC_541\Debug\PSOC_ADC_read.a(isr_rx.o)
                0x000005ec                isr_rx_Disable
 .text.isr_rx_StartEx
                0x000005f8       0x1c .\CortexM3\ARM_GCC_541\Debug\PSOC_ADC_read.a(isr_rx.o)
                0x000005f8                isr_rx_StartEx
 .text.UART_IntClock_Start
                0x00000614       0x1c .\CortexM3\ARM_GCC_541\Debug\PSOC_ADC_read.a(UART_IntClock.o)
                0x00000614                UART_IntClock_Start
 .text.CyHalt   0x00000630        0x4 .\CortexM3\ARM_GCC_541\Debug\PSOC_ADC_read.a(CyLib.o)
                0x00000630                CyHalt
 .text.CyDelay  0x00000634       0x2c .\CortexM3\ARM_GCC_541\Debug\PSOC_ADC_read.a(CyLib.o)
                0x00000634                CyDelay
 .text.CyDelayUs
                0x00000660       0x14 .\CortexM3\ARM_GCC_541\Debug\PSOC_ADC_read.a(CyLib.o)
                0x00000660                CyDelayUs
 .text.CyIntSetVector
                0x00000674       0x28 .\CortexM3\ARM_GCC_541\Debug\PSOC_ADC_read.a(CyLib.o)
                0x00000674                CyIntSetVector
 .text.CyIntSetPriority
                0x0000069c       0x30 .\CortexM3\ARM_GCC_541\Debug\PSOC_ADC_read.a(CyLib.o)
                0x0000069c                CyIntSetPriority
 .text.ADC_SAR_1_CalcGain
                0x000006cc       0x64 .\CortexM3\ARM_GCC_541\Debug\PSOC_ADC_read.a(ADC_SAR_1.o)
 .text.ADC_SAR_1_Enable
                0x00000730       0x94 .\CortexM3\ARM_GCC_541\Debug\PSOC_ADC_read.a(ADC_SAR_1.o)
                0x00000730                ADC_SAR_1_Enable
 .text.ADC_SAR_1_SetResolution
                0x000007c4       0x38 .\CortexM3\ARM_GCC_541\Debug\PSOC_ADC_read.a(ADC_SAR_1.o)
                0x000007c4                ADC_SAR_1_SetResolution
 .text.ADC_SAR_1_Init
                0x000007fc       0x3c .\CortexM3\ARM_GCC_541\Debug\PSOC_ADC_read.a(ADC_SAR_1.o)
                0x000007fc                ADC_SAR_1_Init
 .text.ADC_SAR_1_Start
                0x00000838       0x1c .\CortexM3\ARM_GCC_541\Debug\PSOC_ADC_read.a(ADC_SAR_1.o)
                0x00000838                ADC_SAR_1_Start
 .text.ADC_SAR_1_StartConvert
                0x00000854       0x18 .\CortexM3\ARM_GCC_541\Debug\PSOC_ADC_read.a(ADC_SAR_1.o)
                0x00000854                ADC_SAR_1_StartConvert
 .text.ADC_SAR_1_IsEndConversion
                0x0000086c       0x24 .\CortexM3\ARM_GCC_541\Debug\PSOC_ADC_read.a(ADC_SAR_1.o)
                0x0000086c                ADC_SAR_1_IsEndConversion
 .text.ADC_SAR_1_GetResult16
                0x00000890       0x18 .\CortexM3\ARM_GCC_541\Debug\PSOC_ADC_read.a(ADC_SAR_1.o)
                0x00000890                ADC_SAR_1_GetResult16
 .text.ADC_SAR_1_ISR
                0x000008a8        0x4 .\CortexM3\ARM_GCC_541\Debug\PSOC_ADC_read.a(ADC_SAR_1_INT.o)
                0x000008a8                ADC_SAR_1_ISR
 .text.ADC_SAR_1_theACLK_SetModeRegister
                0x000008ac       0x14 .\CortexM3\ARM_GCC_541\Debug\PSOC_ADC_read.a(ADC_SAR_1_theACLK.o)
                0x000008ac                ADC_SAR_1_theACLK_SetModeRegister
 .text.ADC_SAR_2_CalcGain
                0x000008c0       0x64 .\CortexM3\ARM_GCC_541\Debug\PSOC_ADC_read.a(ADC_SAR_2.o)
 .text.ADC_SAR_2_Enable
                0x00000924       0x94 .\CortexM3\ARM_GCC_541\Debug\PSOC_ADC_read.a(ADC_SAR_2.o)
                0x00000924                ADC_SAR_2_Enable
 .text.ADC_SAR_2_SetResolution
                0x000009b8       0x38 .\CortexM3\ARM_GCC_541\Debug\PSOC_ADC_read.a(ADC_SAR_2.o)
                0x000009b8                ADC_SAR_2_SetResolution
 .text.ADC_SAR_2_Init
                0x000009f0       0x3c .\CortexM3\ARM_GCC_541\Debug\PSOC_ADC_read.a(ADC_SAR_2.o)
                0x000009f0                ADC_SAR_2_Init
 .text.ADC_SAR_2_Start
                0x00000a2c       0x1c .\CortexM3\ARM_GCC_541\Debug\PSOC_ADC_read.a(ADC_SAR_2.o)
                0x00000a2c                ADC_SAR_2_Start
 .text.ADC_SAR_2_StartConvert
                0x00000a48       0x18 .\CortexM3\ARM_GCC_541\Debug\PSOC_ADC_read.a(ADC_SAR_2.o)
                0x00000a48                ADC_SAR_2_StartConvert
 .text.ADC_SAR_2_IsEndConversion
                0x00000a60       0x24 .\CortexM3\ARM_GCC_541\Debug\PSOC_ADC_read.a(ADC_SAR_2.o)
                0x00000a60                ADC_SAR_2_IsEndConversion
 .text.ADC_SAR_2_GetResult16
                0x00000a84       0x18 .\CortexM3\ARM_GCC_541\Debug\PSOC_ADC_read.a(ADC_SAR_2.o)
                0x00000a84                ADC_SAR_2_GetResult16
 .text.ADC_SAR_2_ISR
                0x00000a9c        0x4 .\CortexM3\ARM_GCC_541\Debug\PSOC_ADC_read.a(ADC_SAR_2_INT.o)
                0x00000a9c                ADC_SAR_2_ISR
 .text.ADC_SAR_2_theACLK_SetModeRegister
                0x00000aa0       0x14 .\CortexM3\ARM_GCC_541\Debug\PSOC_ADC_read.a(ADC_SAR_2_theACLK.o)
                0x00000aa0                ADC_SAR_2_theACLK_SetModeRegister
 *fill*         0x00000ab4        0x4 
 .text          0x00000ab8       0x20 .\CortexM3\ARM_GCC_541\Debug\PSOC_ADC_read.a(CyBootAsmGnu.o)
                0x00000ab8                CyDelayCycles
                0x00000ac8                CyEnterCriticalSection
                0x00000ad0                CyExitCriticalSection
 .text.__errno  0x00000ad8        0xc c:/program files (x86)/cypress/psoc creator/4.2/psoc creator/import/gnu/arm/5.4.1/bin/../lib/gcc/arm-none-eabi/5.4.1/../../../../arm-none-eabi/lib/armv7-m\libg_nano.a(lib_a-errno.o)
                0x00000ad8                __errno
 .text.__libc_init_array
                0x00000ae4       0x4c c:/program files (x86)/cypress/psoc creator/4.2/psoc creator/import/gnu/arm/5.4.1/bin/../lib/gcc/arm-none-eabi/5.4.1/../../../../arm-none-eabi/lib/armv7-m\libg_nano.a(lib_a-init.o)
                0x00000ae4                __libc_init_array
 .text.memcpy   0x00000b30       0x16 c:/program files (x86)/cypress/psoc creator/4.2/psoc creator/import/gnu/arm/5.4.1/bin/../lib/gcc/arm-none-eabi/5.4.1/../../../../arm-none-eabi/lib/armv7-m\libg_nano.a(lib_a-memcpy-stub.o)
                0x00000b30                memcpy
 .text.memset   0x00000b46       0x10 c:/program files (x86)/cypress/psoc creator/4.2/psoc creator/import/gnu/arm/5.4.1/bin/../lib/gcc/arm-none-eabi/5.4.1/../../../../arm-none-eabi/lib/armv7-m\libg_nano.a(lib_a-memset.o)
                0x00000b46                memset
 .text.__cvt    0x00000b56       0xc0 c:/program files (x86)/cypress/psoc creator/4.2/psoc creator/import/gnu/arm/5.4.1/bin/../lib/gcc/arm-none-eabi/5.4.1/../../../../arm-none-eabi/lib/armv7-m\libg_nano.a(lib_a-nano-vfprintf_float.o)
                0x00000b56                __cvt
 .text.__exponent
                0x00000c16       0x62 c:/program files (x86)/cypress/psoc creator/4.2/psoc creator/import/gnu/arm/5.4.1/bin/../lib/gcc/arm-none-eabi/5.4.1/../../../../arm-none-eabi/lib/armv7-m\libg_nano.a(lib_a-nano-vfprintf_float.o)
                0x00000c16                __exponent
 .text._printf_float
                0x00000c78      0x488 c:/program files (x86)/cypress/psoc creator/4.2/psoc creator/import/gnu/arm/5.4.1/bin/../lib/gcc/arm-none-eabi/5.4.1/../../../../arm-none-eabi/lib/armv7-m\libg_nano.a(lib_a-nano-vfprintf_float.o)
                0x00000c78                _printf_float
 .text._printf_common
                0x00001100       0xec c:/program files (x86)/cypress/psoc creator/4.2/psoc creator/import/gnu/arm/5.4.1/bin/../lib/gcc/arm-none-eabi/5.4.1/../../../../arm-none-eabi/lib/armv7-m\libg_nano.a(lib_a-nano-vfprintf_i.o)
                0x00001100                _printf_common
 .text._printf_i
                0x000011ec      0x24c c:/program files (x86)/cypress/psoc creator/4.2/psoc creator/import/gnu/arm/5.4.1/bin/../lib/gcc/arm-none-eabi/5.4.1/../../../../arm-none-eabi/lib/armv7-m\libg_nano.a(lib_a-nano-vfprintf_i.o)
                0x000011ec                _printf_i
 .text.sprintf  0x00001438       0x48 c:/program files (x86)/cypress/psoc creator/4.2/psoc creator/import/gnu/arm/5.4.1/bin/../lib/gcc/arm-none-eabi/5.4.1/../../../../arm-none-eabi/lib/armv7-m\libg_nano.a(lib_a-sprintf.o)
                0x00001438                siprintf
                0x00001438                sprintf
 .text          0x00001480       0x10 c:/program files (x86)/cypress/psoc creator/4.2/psoc creator/import/gnu/arm/5.4.1/bin/../lib/gcc/arm-none-eabi/5.4.1/../../../../arm-none-eabi/lib/armv7-m\libg_nano.a(lib_a-strlen.o)
                0x00001480                strlen
 .text.quorem   0x00001490      0x116 c:/program files (x86)/cypress/psoc creator/4.2/psoc creator/import/gnu/arm/5.4.1/bin/../lib/gcc/arm-none-eabi/5.4.1/../../../../arm-none-eabi/lib/armv7-m\libg_nano.a(lib_a-dtoa.o)
 *fill*         0x000015a6        0x2 
 .text._dtoa_r  0x000015a8      0xb30 c:/program files (x86)/cypress/psoc creator/4.2/psoc creator/import/gnu/arm/5.4.1/bin/../lib/gcc/arm-none-eabi/5.4.1/../../../../arm-none-eabi/lib/armv7-m\libg_nano.a(lib_a-dtoa.o)
                0x000015a8                _dtoa_r
 .text._localeconv_r
                0x000020d8        0x8 c:/program files (x86)/cypress/psoc creator/4.2/psoc creator/import/gnu/arm/5.4.1/bin/../lib/gcc/arm-none-eabi/5.4.1/../../../../arm-none-eabi/lib/armv7-m\libg_nano.a(lib_a-locale.o)
                0x000020d8                _localeconv_r
 .text.malloc   0x000020e0       0x10 c:/program files (x86)/cypress/psoc creator/4.2/psoc creator/import/gnu/arm/5.4.1/bin/../lib/gcc/arm-none-eabi/5.4.1/../../../../arm-none-eabi/lib/armv7-m\libg_nano.a(lib_a-malloc.o)
                0x000020e0                malloc
 .text.memchr   0x000020f0       0x1c c:/program files (x86)/cypress/psoc creator/4.2/psoc creator/import/gnu/arm/5.4.1/bin/../lib/gcc/arm-none-eabi/5.4.1/../../../../arm-none-eabi/lib/armv7-m\libg_nano.a(lib_a-memchr-stub.o)
                0x000020f0                memchr
 .text._Balloc  0x0000210c       0x6a c:/program files (x86)/cypress/psoc creator/4.2/psoc creator/import/gnu/arm/5.4.1/bin/../lib/gcc/arm-none-eabi/5.4.1/../../../../arm-none-eabi/lib/armv7-m\libg_nano.a(lib_a-mprec.o)
                0x0000210c                _Balloc
 .text._Bfree   0x00002176       0x2e c:/program files (x86)/cypress/psoc creator/4.2/psoc creator/import/gnu/arm/5.4.1/bin/../lib/gcc/arm-none-eabi/5.4.1/../../../../arm-none-eabi/lib/armv7-m\libg_nano.a(lib_a-mprec.o)
                0x00002176                _Bfree
 .text.__multadd
                0x000021a4       0x76 c:/program files (x86)/cypress/psoc creator/4.2/psoc creator/import/gnu/arm/5.4.1/bin/../lib/gcc/arm-none-eabi/5.4.1/../../../../arm-none-eabi/lib/armv7-m\libg_nano.a(lib_a-mprec.o)
                0x000021a4                __multadd
 .text.__hi0bits
                0x0000221a       0x40 c:/program files (x86)/cypress/psoc creator/4.2/psoc creator/import/gnu/arm/5.4.1/bin/../lib/gcc/arm-none-eabi/5.4.1/../../../../arm-none-eabi/lib/armv7-m\libg_nano.a(lib_a-mprec.o)
                0x0000221a                __hi0bits
 .text.__lo0bits
                0x0000225a       0x5a c:/program files (x86)/cypress/psoc creator/4.2/psoc creator/import/gnu/arm/5.4.1/bin/../lib/gcc/arm-none-eabi/5.4.1/../../../../arm-none-eabi/lib/armv7-m\libg_nano.a(lib_a-mprec.o)
                0x0000225a                __lo0bits
 .text.__i2b    0x000022b4       0x12 c:/program files (x86)/cypress/psoc creator/4.2/psoc creator/import/gnu/arm/5.4.1/bin/../lib/gcc/arm-none-eabi/5.4.1/../../../../arm-none-eabi/lib/armv7-m\libg_nano.a(lib_a-mprec.o)
                0x000022b4                __i2b
 .text.__multiply
                0x000022c6      0x120 c:/program files (x86)/cypress/psoc creator/4.2/psoc creator/import/gnu/arm/5.4.1/bin/../lib/gcc/arm-none-eabi/5.4.1/../../../../arm-none-eabi/lib/armv7-m\libg_nano.a(lib_a-mprec.o)
                0x000022c6                __multiply
 *fill*         0x000023e6        0x2 
 .text.__pow5mult
                0x000023e8       0x9c c:/program files (x86)/cypress/psoc creator/4.2/psoc creator/import/gnu/arm/5.4.1/bin/../lib/gcc/arm-none-eabi/5.4.1/../../../../arm-none-eabi/lib/armv7-m\libg_nano.a(lib_a-mprec.o)
                0x000023e8                __pow5mult
 .text.__lshift
                0x00002484       0xa2 c:/program files (x86)/cypress/psoc creator/4.2/psoc creator/import/gnu/arm/5.4.1/bin/../lib/gcc/arm-none-eabi/5.4.1/../../../../arm-none-eabi/lib/armv7-m\libg_nano.a(lib_a-mprec.o)
                0x00002484                __lshift
 .text.__mcmp   0x00002526       0x38 c:/program files (x86)/cypress/psoc creator/4.2/psoc creator/import/gnu/arm/5.4.1/bin/../lib/gcc/arm-none-eabi/5.4.1/../../../../arm-none-eabi/lib/armv7-m\libg_nano.a(lib_a-mprec.o)
                0x00002526                __mcmp
 .text.__mdiff  0x0000255e       0xbe c:/program files (x86)/cypress/psoc creator/4.2/psoc creator/import/gnu/arm/5.4.1/bin/../lib/gcc/arm-none-eabi/5.4.1/../../../../arm-none-eabi/lib/armv7-m\libg_nano.a(lib_a-mprec.o)
                0x0000255e                __mdiff
 .text.__d2b    0x0000261c       0x9c c:/program files (x86)/cypress/psoc creator/4.2/psoc creator/import/gnu/arm/5.4.1/bin/../lib/gcc/arm-none-eabi/5.4.1/../../../../arm-none-eabi/lib/armv7-m\libg_nano.a(lib_a-mprec.o)
                0x0000261c                __d2b
 .text._calloc_r
                0x000026b8       0x1c c:/program files (x86)/cypress/psoc creator/4.2/psoc creator/import/gnu/arm/5.4.1/bin/../lib/gcc/arm-none-eabi/5.4.1/../../../../arm-none-eabi/lib/armv7-m\libg_nano.a(lib_a-nano-callocr.o)
                0x000026b8                _calloc_r
 .text._free_r  0x000026d4       0x98 c:/program files (x86)/cypress/psoc creator/4.2/psoc creator/import/gnu/arm/5.4.1/bin/../lib/gcc/arm-none-eabi/5.4.1/../../../../arm-none-eabi/lib/armv7-m\libg_nano.a(lib_a-nano-freer.o)
                0x000026d4                _free_r
 .text._malloc_r
                0x0000276c       0xbc c:/program files (x86)/cypress/psoc creator/4.2/psoc creator/import/gnu/arm/5.4.1/bin/../lib/gcc/arm-none-eabi/5.4.1/../../../../arm-none-eabi/lib/armv7-m\libg_nano.a(lib_a-nano-mallocr.o)
                0x0000276c                _malloc_r
 .text.__ssputs_r
                0x00002828       0xb2 c:/program files (x86)/cypress/psoc creator/4.2/psoc creator/import/gnu/arm/5.4.1/bin/../lib/gcc/arm-none-eabi/5.4.1/../../../../arm-none-eabi/lib/armv7-m\libg_nano.a(lib_a-nano-svfprintf.o)
                0x00002828                __ssputs_r
 *fill*         0x000028da        0x2 
 .text._svfprintf_r
                0x000028dc      0x1e8 c:/program files (x86)/cypress/psoc creator/4.2/psoc creator/import/gnu/arm/5.4.1/bin/../lib/gcc/arm-none-eabi/5.4.1/../../../../arm-none-eabi/lib/armv7-m\libg_nano.a(lib_a-nano-svfprintf.o)
                0x000028dc                _svfiprintf_r
                0x000028dc                _svfprintf_r
 .text._sbrk_r  0x00002ac4       0x20 c:/program files (x86)/cypress/psoc creator/4.2/psoc creator/import/gnu/arm/5.4.1/bin/../lib/gcc/arm-none-eabi/5.4.1/../../../../arm-none-eabi/lib/armv7-m\libg_nano.a(lib_a-sbrkr.o)
                0x00002ac4                _sbrk_r
 .text.memmove  0x00002ae4       0x36 c:/program files (x86)/cypress/psoc creator/4.2/psoc creator/import/gnu/arm/5.4.1/bin/../lib/gcc/arm-none-eabi/5.4.1/../../../../arm-none-eabi/lib/armv7-m\libg_nano.a(lib_a-memmove.o)
                0x00002ae4                memmove
 .text.__malloc_lock
                0x00002b1a        0x2 c:/program files (x86)/cypress/psoc creator/4.2/psoc creator/import/gnu/arm/5.4.1/bin/../lib/gcc/arm-none-eabi/5.4.1/../../../../arm-none-eabi/lib/armv7-m\libg_nano.a(lib_a-mlock.o)
                0x00002b1a                __malloc_lock
 .text.__malloc_unlock
                0x00002b1c        0x2 c:/program files (x86)/cypress/psoc creator/4.2/psoc creator/import/gnu/arm/5.4.1/bin/../lib/gcc/arm-none-eabi/5.4.1/../../../../arm-none-eabi/lib/armv7-m\libg_nano.a(lib_a-mlock.o)
                0x00002b1c                __malloc_unlock
 .text._realloc_r
                0x00002b1e       0x4c c:/program files (x86)/cypress/psoc creator/4.2/psoc creator/import/gnu/arm/5.4.1/bin/../lib/gcc/arm-none-eabi/5.4.1/../../../../arm-none-eabi/lib/armv7-m\libg_nano.a(lib_a-nano-reallocr.o)
                0x00002b1e                _realloc_r
 .text._malloc_usable_size_r
                0x00002b6a       0x14 c:/program files (x86)/cypress/psoc creator/4.2/psoc creator/import/gnu/arm/5.4.1/bin/../lib/gcc/arm-none-eabi/5.4.1/../../../../arm-none-eabi/lib/armv7-m\libg_nano.a(lib_a-nano-msizer.o)
                0x00002b6a                _malloc_usable_size_r
 *fill*         0x00002b7e        0x2 
 .text          0x00002b80      0x370 c:/program files (x86)/cypress/psoc creator/4.2/psoc creator/import/gnu/arm/5.4.1/bin/../lib/gcc/arm-none-eabi/5.4.1/armv7-m\libgcc.a(_arm_addsubdf3.o)
                0x00002b80                __aeabi_drsub
                0x00002b88                __aeabi_dsub
                0x00002b88                __subdf3
                0x00002b8c                __aeabi_dadd
                0x00002b8c                __adddf3
                0x00002e04                __floatunsidf
                0x00002e04                __aeabi_ui2d
                0x00002e24                __floatsidf
                0x00002e24                __aeabi_i2d
                0x00002e48                __aeabi_f2d
                0x00002e48                __extendsfdf2
                0x00002e84                __floatundidf
                0x00002e84                __aeabi_ul2d
                0x00002e94                __floatdidf
                0x00002e94                __aeabi_l2d
 .text          0x00002ef0      0x424 c:/program files (x86)/cypress/psoc creator/4.2/psoc creator/import/gnu/arm/5.4.1/bin/../lib/gcc/arm-none-eabi/5.4.1/armv7-m\libgcc.a(_arm_muldivdf3.o)
                0x00002ef0                __aeabi_dmul
                0x00002ef0                __muldf3
                0x00003144                __divdf3
                0x00003144                __aeabi_ddiv
 .text          0x00003314      0x110 c:/program files (x86)/cypress/psoc creator/4.2/psoc creator/import/gnu/arm/5.4.1/bin/../lib/gcc/arm-none-eabi/5.4.1/armv7-m\libgcc.a(_arm_cmpdf2.o)
                0x00003314                __gtdf2
                0x00003314                __gedf2
                0x0000331c                __ltdf2
                0x0000331c                __ledf2
                0x00003324                __nedf2
                0x00003324                __eqdf2
                0x00003324                __cmpdf2
                0x000033a0                __aeabi_cdrcmple
                0x000033b0                __aeabi_cdcmpeq
                0x000033b0                __aeabi_cdcmple
                0x000033c0                __aeabi_dcmpeq
                0x000033d4                __aeabi_dcmplt
                0x000033e8                __aeabi_dcmple
                0x000033fc                __aeabi_dcmpge
                0x00003410                __aeabi_dcmpgt
 .text          0x00003424       0x2c c:/program files (x86)/cypress/psoc creator/4.2/psoc creator/import/gnu/arm/5.4.1/bin/../lib/gcc/arm-none-eabi/5.4.1/armv7-m\libgcc.a(_arm_unorddf2.o)
                0x00003424                __unorddf2
                0x00003424                __aeabi_dcmpun
 .text          0x00003450       0x50 c:/program files (x86)/cypress/psoc creator/4.2/psoc creator/import/gnu/arm/5.4.1/bin/../lib/gcc/arm-none-eabi/5.4.1/armv7-m\libgcc.a(_arm_fixdfsi.o)
                0x00003450                __aeabi_d2iz
                0x00003450                __fixdfsi
 *(.plt)
 *(.gnu.warning)
 *(.glue_7t)
 .glue_7t       0x000034a0        0x0 linker stubs
 *(.glue_7)
 .glue_7        0x000034a0        0x0 linker stubs
 *(.vfp11_veneer)
 .vfp11_veneer  0x000034a0        0x0 linker stubs
 *(.bootloader)
 *(.ARM.extab* .gnu.linkonce.armextab.*)
 *(.gcc_except_table)

.v4_bx          0x000034a0        0x0
 .v4_bx         0x000034a0        0x0 linker stubs

.iplt           0x000034a0        0x0
 .iplt          0x000034a0        0x0 c:/program files (x86)/cypress/psoc creator/4.2/psoc creator/import/gnu/arm/5.4.1/bin/../lib/gcc/arm-none-eabi/5.4.1/armv7-m/crtbegin.o

.eh_frame_hdr
 *(.eh_frame_hdr)

.eh_frame       0x000034a0        0x4
 *(.eh_frame)
 .eh_frame      0x000034a0        0x0 c:/program files (x86)/cypress/psoc creator/4.2/psoc creator/import/gnu/arm/5.4.1/bin/../lib/gcc/arm-none-eabi/5.4.1/armv7-m/crtbegin.o
 .eh_frame      0x000034a0        0x4 c:/program files (x86)/cypress/psoc creator/4.2/psoc creator/import/gnu/arm/5.4.1/bin/../lib/gcc/arm-none-eabi/5.4.1/armv7-m/crtend.o
                [!provide]                PROVIDE (__exidx_start, .)

.ARM.exidx
 *(.ARM.exidx* .gnu.linkonce.armexidx.*)
                0x000034a4                __exidx_end = .

.rodata         0x000034a8      0x1f0
 *(.rodata .rodata.* .gnu.linkonce.r.*)
 .rodata.str1.4
                0x000034a8       0x1c .\CortexM3\ARM_GCC_541\Debug\main.o
                                 0x1b (size before relaxing)
 .rodata        0x000034c4       0x3a .\CortexM3\ARM_GCC_541\Debug\cyfitter_cfg.o
 .rodata.str1.1
                0x000034fe        0x2 c:/program files (x86)/cypress/psoc creator/4.2/psoc creator/import/gnu/arm/5.4.1/bin/../lib/gcc/arm-none-eabi/5.4.1/../../../../arm-none-eabi/lib/armv7-m\libg_nano.a(lib_a-impure.o)
 .rodata.str1.1
                0x00003500       0x12 c:/program files (x86)/cypress/psoc creator/4.2/psoc creator/import/gnu/arm/5.4.1/bin/../lib/gcc/arm-none-eabi/5.4.1/../../../../arm-none-eabi/lib/armv7-m\libg_nano.a(lib_a-nano-vfprintf_float.o)
 .rodata.str1.1
                0x00003512       0x22 c:/program files (x86)/cypress/psoc creator/4.2/psoc creator/import/gnu/arm/5.4.1/bin/../lib/gcc/arm-none-eabi/5.4.1/../../../../arm-none-eabi/lib/armv7-m\libg_nano.a(lib_a-nano-vfprintf_i.o)
 .rodata.str1.1
                0x00003534        0xd c:/program files (x86)/cypress/psoc creator/4.2/psoc creator/import/gnu/arm/5.4.1/bin/../lib/gcc/arm-none-eabi/5.4.1/../../../../arm-none-eabi/lib/armv7-m\libg_nano.a(lib_a-dtoa.o)
                                  0xf (size before relaxing)
 .rodata.str1.1
                0x00003541        0x8 c:/program files (x86)/cypress/psoc creator/4.2/psoc creator/import/gnu/arm/5.4.1/bin/../lib/gcc/arm-none-eabi/5.4.1/../../../../arm-none-eabi/lib/armv7-m\libg_nano.a(lib_a-locale.o)
                                  0xb (size before relaxing)
 *fill*         0x00003549        0x7 
 .rodata.__mprec_tens
                0x00003550       0xc8 c:/program files (x86)/cypress/psoc creator/4.2/psoc creator/import/gnu/arm/5.4.1/bin/../lib/gcc/arm-none-eabi/5.4.1/../../../../arm-none-eabi/lib/armv7-m\libg_nano.a(lib_a-mprec.o)
                0x00003550                __mprec_tens
 .rodata.p05.5408
                0x00003618        0xc c:/program files (x86)/cypress/psoc creator/4.2/psoc creator/import/gnu/arm/5.4.1/bin/../lib/gcc/arm-none-eabi/5.4.1/../../../../arm-none-eabi/lib/armv7-m\libg_nano.a(lib_a-mprec.o)
 *fill*         0x00003624        0x4 
 .rodata.__mprec_bigtens
                0x00003628       0x28 c:/program files (x86)/cypress/psoc creator/4.2/psoc creator/import/gnu/arm/5.4.1/bin/../lib/gcc/arm-none-eabi/5.4.1/../../../../arm-none-eabi/lib/armv7-m\libg_nano.a(lib_a-mprec.o)
                0x00003628                __mprec_bigtens
 .rodata.str1.1
                0x00003650       0x11 c:/program files (x86)/cypress/psoc creator/4.2/psoc creator/import/gnu/arm/5.4.1/bin/../lib/gcc/arm-none-eabi/5.4.1/../../../../arm-none-eabi/lib/armv7-m\libg_nano.a(lib_a-nano-svfprintf.o)
                0x00003664                . = ALIGN (0x4)
 *fill*         0x00003661        0x3 
 *(.init)
 .init          0x00003664        0x4 c:/program files (x86)/cypress/psoc creator/4.2/psoc creator/import/gnu/arm/5.4.1/bin/../lib/gcc/arm-none-eabi/5.4.1/armv7-m/crti.o
                0x00003664                _init
 .init          0x00003668        0x8 c:/program files (x86)/cypress/psoc creator/4.2/psoc creator/import/gnu/arm/5.4.1/bin/../lib/gcc/arm-none-eabi/5.4.1/armv7-m/crtn.o
                0x00003670                . = ALIGN (0x4)
                0x00003670                __preinit_array_start = .
 *(.preinit_array)
                0x00003670                __preinit_array_end = .
                0x00003670                . = ALIGN (0x4)
                0x00003670                __init_array_start = .
 *(SORT(.init_array.*))
 *(.init_array)
 .init_array    0x00003670        0x4 c:/program files (x86)/cypress/psoc creator/4.2/psoc creator/import/gnu/arm/5.4.1/bin/../lib/gcc/arm-none-eabi/5.4.1/armv7-m/crtbegin.o
 .init_array    0x00003674        0x4 .\CortexM3\ARM_GCC_541\Debug\Cm3Start.o
                0x00003678                __init_array_end = .
                0x00003678                . = ALIGN (0x4)
 *(.fini)
 .fini          0x00003678        0x4 c:/program files (x86)/cypress/psoc creator/4.2/psoc creator/import/gnu/arm/5.4.1/bin/../lib/gcc/arm-none-eabi/5.4.1/armv7-m/crti.o
                0x00003678                _fini
 .fini          0x0000367c        0x8 c:/program files (x86)/cypress/psoc creator/4.2/psoc creator/import/gnu/arm/5.4.1/bin/../lib/gcc/arm-none-eabi/5.4.1/armv7-m/crtn.o
                0x00003684                . = ALIGN (0x4)
                0x00003684                __fini_array_start = .
 *(.fini_array)
 .fini_array    0x00003684        0x4 c:/program files (x86)/cypress/psoc creator/4.2/psoc creator/import/gnu/arm/5.4.1/bin/../lib/gcc/arm-none-eabi/5.4.1/armv7-m/crtbegin.o
 *(SORT(.fini_array.*))
                0x00003688                __fini_array_end = .
                0x00003688                . = ALIGN (0x4)
 *crtbegin.o(.ctors)
 *(EXCLUDE_FILE(*crtend.o) .ctors)
 *(SORT(.ctors.*))
 *crtend.o(.ctors)
                0x00003688                . = ALIGN (0x4)
 *crtbegin.o(.dtors)
 *(EXCLUDE_FILE(*crtend.o) .dtors)
 *(SORT(.dtors.*))
 *crtend.o(.dtors)
                0x00003688                . = ALIGN (0x4)
                0x00003688                __cy_regions = .
                0x00003688        0x4 LONG 0x3698 __cy_region_init_ram
                0x0000368c        0x4 LONG 0x1fff80c8 __cy_region_start_data
                0x00003690        0x4 LONG 0xb8 __cy_region_init_size_ram
                0x00003694        0x4 LONG 0xb0 __cy_region_zero_size_ram
                0x00003698                __cy_regions_end = .
                0x00003698                . = ALIGN (0x8)
                0x00003698                _etext = .

.cy_checksum_exclude
                0x00003698        0x0
 *(.cy_checksum_exclude)

.ramvectors     0x1fff8000       0xc0
                0x1fff8000                __cy_region_start_ram = .
 *(.ramvectors)
 .ramvectors    0x1fff8000       0xc0 .\CortexM3\ARM_GCC_541\Debug\Cm3Start.o
                0x1fff8000                CyRamVectors

.noinit         0x1fff80c0        0x1
 *(.noinit)
 .noinit        0x1fff80c0        0x1 .\CortexM3\ARM_GCC_541\Debug\PSOC_ADC_read.a(CyLib.o)
                0x1fff80c0                CyResetStatus

.data           0x1fff80c8       0xb8 load address 0x00003698
                0x1fff80c8                __cy_region_start_data = .
 *(.jcr)
 .jcr           0x1fff80c8        0x0 c:/program files (x86)/cypress/psoc creator/4.2/psoc creator/import/gnu/arm/5.4.1/bin/../lib/gcc/arm-none-eabi/5.4.1/armv7-m/crtbegin.o
 .jcr           0x1fff80c8        0x4 c:/program files (x86)/cypress/psoc creator/4.2/psoc creator/import/gnu/arm/5.4.1/bin/../lib/gcc/arm-none-eabi/5.4.1/armv7-m/crtend.o
 *(.got.plt)
 *(.got)
 *(.shdata)
 *(.data .data.* .gnu.linkonce.d.*)
 .data          0x1fff80cc        0x4 .\CortexM3\ARM_GCC_541\Debug\Cm3Start.o
 .data          0x1fff80d0       0x10 .\CortexM3\ARM_GCC_541\Debug\PSOC_ADC_read.a(CyLib.o)
                0x1fff80d0                cydelay_32k_ms
                0x1fff80d4                cydelay_freq_khz
                0x1fff80d8                cydelay_freq_mhz
                0x1fff80dc                cydelay_freq_hz
 .data.impure_data
                0x1fff80e0       0x60 c:/program files (x86)/cypress/psoc creator/4.2/psoc creator/import/gnu/arm/5.4.1/bin/../lib/gcc/arm-none-eabi/5.4.1/../../../../arm-none-eabi/lib/armv7-m\libg_nano.a(lib_a-impure.o)
 .data._impure_ptr
                0x1fff8140        0x4 c:/program files (x86)/cypress/psoc creator/4.2/psoc creator/import/gnu/arm/5.4.1/bin/../lib/gcc/arm-none-eabi/5.4.1/../../../../arm-none-eabi/lib/armv7-m\libg_nano.a(lib_a-impure.o)
                0x1fff8140                _impure_ptr
 .data.lconv    0x1fff8144       0x38 c:/program files (x86)/cypress/psoc creator/4.2/psoc creator/import/gnu/arm/5.4.1/bin/../lib/gcc/arm-none-eabi/5.4.1/../../../../arm-none-eabi/lib/armv7-m\libg_nano.a(lib_a-locale.o)
                0x1fff8180                . = ALIGN (0x8)
 *fill*         0x1fff817c        0x4 
 *(.ram)
                0x1fff8180                _edata = .

.igot.plt       0x1fff8180        0x0 load address 0x00003750
 .igot.plt      0x1fff8180        0x0 c:/program files (x86)/cypress/psoc creator/4.2/psoc creator/import/gnu/arm/5.4.1/bin/../lib/gcc/arm-none-eabi/5.4.1/armv7-m/crtbegin.o

.bss            0x1fff8180       0xb0 load address 0x00003750
                0x1fff8180                PROVIDE (__bss_start__, .)
 *(.shbss)
 *(.bss .bss.* .gnu.linkonce.b.*)
 .bss           0x1fff8180       0x1c c:/program files (x86)/cypress/psoc creator/4.2/psoc creator/import/gnu/arm/5.4.1/bin/../lib/gcc/arm-none-eabi/5.4.1/armv7-m/crtbegin.o
 .bss           0x1fff819c        0x1 .\CortexM3\ARM_GCC_541\Debug\main.o
                0x1fff819c                errorStatus
 .bss           0x1fff819d        0x2 .\CortexM3\ARM_GCC_541\Debug\PSOC_ADC_read.a(UART.o)
                0x1fff819d                UART_initVar
 .bss           0x1fff819f        0x1 .\CortexM3\ARM_GCC_541\Debug\PSOC_ADC_read.a(ADC_SAR_1.o)
                0x1fff819f                ADC_SAR_1_initVar
 .bss           0x1fff81a0        0x1 .\CortexM3\ARM_GCC_541\Debug\PSOC_ADC_read.a(ADC_SAR_2.o)
                0x1fff81a0                ADC_SAR_2_initVar
 *fill*         0x1fff81a1        0x3 
 .bss.__malloc_sbrk_start
                0x1fff81a4        0x4 c:/program files (x86)/cypress/psoc creator/4.2/psoc creator/import/gnu/arm/5.4.1/bin/../lib/gcc/arm-none-eabi/5.4.1/../../../../arm-none-eabi/lib/armv7-m\libg_nano.a(lib_a-nano-mallocr.o)
                0x1fff81a4                __malloc_sbrk_start
 .bss.__malloc_free_list
                0x1fff81a8        0x4 c:/program files (x86)/cypress/psoc creator/4.2/psoc creator/import/gnu/arm/5.4.1/bin/../lib/gcc/arm-none-eabi/5.4.1/../../../../arm-none-eabi/lib/armv7-m\libg_nano.a(lib_a-nano-mallocr.o)
                0x1fff81a8                __malloc_free_list
 *(COMMON)
 COMMON         0x1fff81ac       0x68 .\CortexM3\ARM_GCC_541\Debug\main.o
                0x1fff81ac                proximal_adc
                0x1fff81ae                mid_adc
                0x1fff81b0                sendValue
 COMMON         0x1fff8214        0xa .\CortexM3\ARM_GCC_541\Debug\PSOC_ADC_read.a(ADC_SAR_1.o)
                0x1fff8214                ADC_SAR_1_countsPerVolt
                0x1fff8216                ADC_SAR_1_shift
                0x1fff8218                ADC_SAR_1_countsPer10Volt
                0x1fff821c                ADC_SAR_1_offset
 *fill*         0x1fff821e        0x2 
 COMMON         0x1fff8220        0xa .\CortexM3\ARM_GCC_541\Debug\PSOC_ADC_read.a(ADC_SAR_2.o)
                0x1fff8220                ADC_SAR_2_countsPer10Volt
                0x1fff8224                ADC_SAR_2_shift
                0x1fff8226                ADC_SAR_2_offset
                0x1fff8228                ADC_SAR_2_countsPerVolt
 *fill*         0x1fff822a        0x2 
 COMMON         0x1fff822c        0x4 c:/program files (x86)/cypress/psoc creator/4.2/psoc creator/import/gnu/arm/5.4.1/bin/../lib/gcc/arm-none-eabi/5.4.1/../../../../arm-none-eabi/lib/armv7-m\libg_nano.a(lib_a-reent.o)
                0x1fff822c                errno
                0x1fff8230                . = ALIGN (0x8)
 *(.ram.b)
                0x1fff8230                _end = .
                0x1fff8230                __end = .
                0x1fff8230                PROVIDE (end, .)
                0x1fff8230                PROVIDE (__bss_end__, .)
                0x00003698                __cy_region_init_ram = LOADADDR (.data)
                0x000000b8                __cy_region_init_size_ram = (_edata - ADDR (.data))
                0x000000b0                __cy_region_zero_size_ram = (_end - _edata)

.heap           0x1fff8230      0x300 load address 0x00003750
                0x1fff8230                . = _end
                0x1fff8530                . = (. + 0x300)
 *fill*         0x1fff8230      0x300 
                0x1fff8530                __cy_heap_limit = .

.stack          0x20007800      0x800
                0x20007800                __cy_stack_limit = .
                0x20008000                . = (. + 0x800)
 *fill*         0x20007800      0x800 
                0x00000001                ASSERT ((__cy_stack_limit >= __cy_heap_limit), region RAM overflowed with stack)
                0x00000000                cy_checksum_exclude_size = (CY_APPL_LOADABLE == 0x1)?SIZEOF (.cy_checksum_exclude):0x0
                0x00000001                ASSERT ((cy_checksum_exclude_size <= CY_CHECKSUM_EXCLUDE_SIZE), CY_BOOT: Section .cy_checksum_exclude size exceedes specified limit.)

.cyloadermeta
 *(.cyloadermeta)

.cyloadablemeta
 *(.cyloadablemeta)

.cyconfigecc    0x80000000      0x3a4
 *(.cyconfigecc)
 .cyconfigecc   0x80000000      0x3a4 .\CortexM3\ARM_GCC_541\Debug\cymetadata.o
                0x80000000                cy_meta_configecc

.cycustnvl      0x90000000        0x4
 *(.cycustnvl)
 .cycustnvl     0x90000000        0x4 .\CortexM3\ARM_GCC_541\Debug\cymetadata.o
                0x90000000                cy_meta_custnvl

.cywolatch      0x90100000        0x4
 *(.cywolatch)
 .cywolatch     0x90100000        0x4 .\CortexM3\ARM_GCC_541\Debug\cymetadata.o
                0x90100000                cy_meta_wonvl

.cyeeprom       0x90200000        0x0
 *(.cyeeprom)
                0x00000001                ASSERT ((. <= ((0x90200000 + ee_offset) + ee_size)), .cyeeprom data will not fit in EEPROM)

.cyflashprotect
                0x90400000      0x100
 *(.cyflashprotect)
 .cyflashprotect
                0x90400000      0x100 .\CortexM3\ARM_GCC_541\Debug\cymetadata.o
                0x90400000                cy_meta_flashprotect

.cymeta         0x90500000        0xc
 *(.cymeta)
 .cymeta        0x90500000        0xc .\CortexM3\ARM_GCC_541\Debug\cymetadata.o
                0x90500000                cy_metadata

.rel.dyn        0x00003750        0x0 load address 0x9050000c
 .rel.iplt      0x00003750        0x0 c:/program files (x86)/cypress/psoc creator/4.2/psoc creator/import/gnu/arm/5.4.1/bin/../lib/gcc/arm-none-eabi/5.4.1/armv7-m/crtbegin.o

.stab
 *(.stab)

.stabstr
 *(.stabstr)

.debug
 *(.debug)

.line
 *(.line)

.debug_srcinfo
 *(.debug_srcinfo)

.debug_sfnames
 *(.debug_sfnames)

.debug_aranges  0x00000000      0xa48
 *(.debug_aranges)
 .debug_aranges
                0x00000000       0x28 .\CortexM3\ARM_GCC_541\Debug\main.o
 .debug_aranges
                0x00000028       0x20 .\CortexM3\ARM_GCC_541\Debug\debug.o
 .debug_aranges
                0x00000048       0x58 .\CortexM3\ARM_GCC_541\Debug\cyfitter_cfg.o
 .debug_aranges
                0x000000a0       0x18 .\CortexM3\ARM_GCC_541\Debug\cymetadata.o
 .debug_aranges
                0x000000b8       0x48 .\CortexM3\ARM_GCC_541\Debug\Cm3Start.o
 .debug_aranges
                0x00000100       0xf0 .\CortexM3\ARM_GCC_541\Debug\PSOC_ADC_read.a(UART.o)
 .debug_aranges
                0x000001f0       0x80 .\CortexM3\ARM_GCC_541\Debug\PSOC_ADC_read.a(isr_rx.o)
 .debug_aranges
                0x00000270       0x70 .\CortexM3\ARM_GCC_541\Debug\PSOC_ADC_read.a(UART_IntClock.o)
 .debug_aranges
                0x000002e0      0x2a8 .\CortexM3\ARM_GCC_541\Debug\PSOC_ADC_read.a(CyLib.o)
 .debug_aranges
                0x00000588       0x98 .\CortexM3\ARM_GCC_541\Debug\PSOC_ADC_read.a(cyPm.o)
 .debug_aranges
                0x00000620       0xa8 .\CortexM3\ARM_GCC_541\Debug\PSOC_ADC_read.a(ADC_SAR_1.o)
 .debug_aranges
                0x000006c8       0x20 .\CortexM3\ARM_GCC_541\Debug\PSOC_ADC_read.a(ADC_SAR_1_INT.o)
 .debug_aranges
                0x000006e8       0x80 .\CortexM3\ARM_GCC_541\Debug\PSOC_ADC_read.a(ADC_SAR_1_theACLK.o)
 .debug_aranges
                0x00000768       0xa8 .\CortexM3\ARM_GCC_541\Debug\PSOC_ADC_read.a(ADC_SAR_2.o)
 .debug_aranges
                0x00000810       0x20 .\CortexM3\ARM_GCC_541\Debug\PSOC_ADC_read.a(ADC_SAR_2_INT.o)
 .debug_aranges
                0x00000830       0x80 .\CortexM3\ARM_GCC_541\Debug\PSOC_ADC_read.a(ADC_SAR_2_theACLK.o)
 .debug_aranges
                0x000008b0       0x20 .\CortexM3\ARM_GCC_541\Debug\PSOC_ADC_read.a(CyBootAsmGnu.o)
 .debug_aranges
                0x000008d0       0x80 .\CortexM3\ARM_GCC_541\Debug\PSOC_ADC_read.a(CyScBoostClk.o)
 .debug_aranges
                0x00000950       0x80 .\CortexM3\ARM_GCC_541\Debug\PSOC_ADC_read.a(CyFlash.o)
 .debug_aranges
                0x000009d0       0x78 .\CortexM3\ARM_GCC_541\Debug\PSOC_ADC_read.a(CySpc.o)

.debug_pubnames
 *(.debug_pubnames)

.debug_info     0x00000000     0x5894
 *(.debug_info .gnu.linkonce.wi.*)
 .debug_info    0x00000000      0x2e0 .\CortexM3\ARM_GCC_541\Debug\main.o
 .debug_info    0x000002e0      0x124 .\CortexM3\ARM_GCC_541\Debug\debug.o
 .debug_info    0x00000404      0x619 .\CortexM3\ARM_GCC_541\Debug\cyfitter_cfg.o
 .debug_info    0x00000a1d      0x135 .\CortexM3\ARM_GCC_541\Debug\cymetadata.o
 .debug_info    0x00000b52      0x3bb .\CortexM3\ARM_GCC_541\Debug\Cm3Start.o
 .debug_info    0x00000f0d      0x60c .\CortexM3\ARM_GCC_541\Debug\PSOC_ADC_read.a(UART.o)
 .debug_info    0x00001519      0x2d2 .\CortexM3\ARM_GCC_541\Debug\PSOC_ADC_read.a(isr_rx.o)
 .debug_info    0x000017eb      0x283 .\CortexM3\ARM_GCC_541\Debug\PSOC_ADC_read.a(UART_IntClock.o)
 .debug_info    0x00001a6e     0x13d4 .\CortexM3\ARM_GCC_541\Debug\PSOC_ADC_read.a(CyLib.o)
 .debug_info    0x00002e42      0xa2a .\CortexM3\ARM_GCC_541\Debug\PSOC_ADC_read.a(cyPm.o)
 .debug_info    0x0000386c      0x5c0 .\CortexM3\ARM_GCC_541\Debug\PSOC_ADC_read.a(ADC_SAR_1.o)
 .debug_info    0x00003e2c       0x92 .\CortexM3\ARM_GCC_541\Debug\PSOC_ADC_read.a(ADC_SAR_1_INT.o)
 .debug_info    0x00003ebe      0x2c4 .\CortexM3\ARM_GCC_541\Debug\PSOC_ADC_read.a(ADC_SAR_1_theACLK.o)
 .debug_info    0x00004182      0x5c0 .\CortexM3\ARM_GCC_541\Debug\PSOC_ADC_read.a(ADC_SAR_2.o)
 .debug_info    0x00004742       0x92 .\CortexM3\ARM_GCC_541\Debug\PSOC_ADC_read.a(ADC_SAR_2_INT.o)
 .debug_info    0x000047d4      0x2c4 .\CortexM3\ARM_GCC_541\Debug\PSOC_ADC_read.a(ADC_SAR_2_theACLK.o)
 .debug_info    0x00004a98       0x97 .\CortexM3\ARM_GCC_541\Debug\PSOC_ADC_read.a(CyBootAsmGnu.o)
 .debug_info    0x00004b2f      0x2c4 .\CortexM3\ARM_GCC_541\Debug\PSOC_ADC_read.a(CyScBoostClk.o)
 .debug_info    0x00004df3      0x5b8 .\CortexM3\ARM_GCC_541\Debug\PSOC_ADC_read.a(CyFlash.o)
 .debug_info    0x000053ab      0x4e9 .\CortexM3\ARM_GCC_541\Debug\PSOC_ADC_read.a(CySpc.o)

.debug_abbrev   0x00000000     0x18c9
 *(.debug_abbrev)
 .debug_abbrev  0x00000000      0x112 .\CortexM3\ARM_GCC_541\Debug\main.o
 .debug_abbrev  0x00000112       0xbd .\CortexM3\ARM_GCC_541\Debug\debug.o
 .debug_abbrev  0x000001cf      0x20d .\CortexM3\ARM_GCC_541\Debug\cyfitter_cfg.o
 .debug_abbrev  0x000003dc       0x66 .\CortexM3\ARM_GCC_541\Debug\cymetadata.o
 .debug_abbrev  0x00000442      0x1e8 .\CortexM3\ARM_GCC_541\Debug\Cm3Start.o
 .debug_abbrev  0x0000062a      0x175 .\CortexM3\ARM_GCC_541\Debug\PSOC_ADC_read.a(UART.o)
 .debug_abbrev  0x0000079f      0x173 .\CortexM3\ARM_GCC_541\Debug\PSOC_ADC_read.a(isr_rx.o)
 .debug_abbrev  0x00000912      0x139 .\CortexM3\ARM_GCC_541\Debug\PSOC_ADC_read.a(UART_IntClock.o)
 .debug_abbrev  0x00000a4b      0x254 .\CortexM3\ARM_GCC_541\Debug\PSOC_ADC_read.a(CyLib.o)
 .debug_abbrev  0x00000c9f      0x1ab .\CortexM3\ARM_GCC_541\Debug\PSOC_ADC_read.a(cyPm.o)
 .debug_abbrev  0x00000e4a      0x1ac .\CortexM3\ARM_GCC_541\Debug\PSOC_ADC_read.a(ADC_SAR_1.o)
 .debug_abbrev  0x00000ff6       0x42 .\CortexM3\ARM_GCC_541\Debug\PSOC_ADC_read.a(ADC_SAR_1_INT.o)
 .debug_abbrev  0x00001038      0x121 .\CortexM3\ARM_GCC_541\Debug\PSOC_ADC_read.a(ADC_SAR_1_theACLK.o)
 .debug_abbrev  0x00001159      0x1ac .\CortexM3\ARM_GCC_541\Debug\PSOC_ADC_read.a(ADC_SAR_2.o)
 .debug_abbrev  0x00001305       0x42 .\CortexM3\ARM_GCC_541\Debug\PSOC_ADC_read.a(ADC_SAR_2_INT.o)
 .debug_abbrev  0x00001347      0x121 .\CortexM3\ARM_GCC_541\Debug\PSOC_ADC_read.a(ADC_SAR_2_theACLK.o)
 .debug_abbrev  0x00001468       0x14 .\CortexM3\ARM_GCC_541\Debug\PSOC_ADC_read.a(CyBootAsmGnu.o)
 .debug_abbrev  0x0000147c      0x121 .\CortexM3\ARM_GCC_541\Debug\PSOC_ADC_read.a(CyScBoostClk.o)
 .debug_abbrev  0x0000159d      0x198 .\CortexM3\ARM_GCC_541\Debug\PSOC_ADC_read.a(CyFlash.o)
 .debug_abbrev  0x00001735      0x194 .\CortexM3\ARM_GCC_541\Debug\PSOC_ADC_read.a(CySpc.o)

.debug_line     0x00000000     0x28d9
 *(.debug_line)
 .debug_line    0x00000000      0x260 .\CortexM3\ARM_GCC_541\Debug\main.o
 .debug_line    0x00000260      0x17a .\CortexM3\ARM_GCC_541\Debug\debug.o
 .debug_line    0x000003da      0x209 .\CortexM3\ARM_GCC_541\Debug\cyfitter_cfg.o
 .debug_line    0x000005e3      0x141 .\CortexM3\ARM_GCC_541\Debug\cymetadata.o
 .debug_line    0x00000724      0x234 .\CortexM3\ARM_GCC_541\Debug\Cm3Start.o
 .debug_line    0x00000958      0x2bc .\CortexM3\ARM_GCC_541\Debug\PSOC_ADC_read.a(UART.o)
 .debug_line    0x00000c14      0x133 .\CortexM3\ARM_GCC_541\Debug\PSOC_ADC_read.a(isr_rx.o)
 .debug_line    0x00000d47      0x17c .\CortexM3\ARM_GCC_541\Debug\PSOC_ADC_read.a(UART_IntClock.o)
 .debug_line    0x00000ec3      0x854 .\CortexM3\ARM_GCC_541\Debug\PSOC_ADC_read.a(CyLib.o)
 .debug_line    0x00001717      0x367 .\CortexM3\ARM_GCC_541\Debug\PSOC_ADC_read.a(cyPm.o)
 .debug_line    0x00001a7e      0x220 .\CortexM3\ARM_GCC_541\Debug\PSOC_ADC_read.a(ADC_SAR_1.o)
 .debug_line    0x00001c9e       0x56 .\CortexM3\ARM_GCC_541\Debug\PSOC_ADC_read.a(ADC_SAR_1_INT.o)
 .debug_line    0x00001cf4      0x1a3 .\CortexM3\ARM_GCC_541\Debug\PSOC_ADC_read.a(ADC_SAR_1_theACLK.o)
 .debug_line    0x00001e97      0x220 .\CortexM3\ARM_GCC_541\Debug\PSOC_ADC_read.a(ADC_SAR_2.o)
 .debug_line    0x000020b7       0x56 .\CortexM3\ARM_GCC_541\Debug\PSOC_ADC_read.a(ADC_SAR_2_INT.o)
 .debug_line    0x0000210d      0x1a3 .\CortexM3\ARM_GCC_541\Debug\PSOC_ADC_read.a(ADC_SAR_2_theACLK.o)
 .debug_line    0x000022b0       0x66 .\CortexM3\ARM_GCC_541\Debug\PSOC_ADC_read.a(CyBootAsmGnu.o)
 .debug_line    0x00002316      0x19e .\CortexM3\ARM_GCC_541\Debug\PSOC_ADC_read.a(CyScBoostClk.o)
 .debug_line    0x000024b4      0x1e9 .\CortexM3\ARM_GCC_541\Debug\PSOC_ADC_read.a(CyFlash.o)
 .debug_line    0x0000269d      0x23c .\CortexM3\ARM_GCC_541\Debug\PSOC_ADC_read.a(CySpc.o)

.debug_frame    0x00000000     0x21b8
 *(.debug_frame)
 .debug_frame   0x00000000       0x3c .\CortexM3\ARM_GCC_541\Debug\main.o
 .debug_frame   0x0000003c       0x30 .\CortexM3\ARM_GCC_541\Debug\debug.o
 .debug_frame   0x0000006c       0xfc .\CortexM3\ARM_GCC_541\Debug\cyfitter_cfg.o
 .debug_frame   0x00000168       0xb8 .\CortexM3\ARM_GCC_541\Debug\Cm3Start.o
 .debug_frame   0x00000220      0x250 .\CortexM3\ARM_GCC_541\Debug\PSOC_ADC_read.a(UART.o)
 .debug_frame   0x00000470      0x104 .\CortexM3\ARM_GCC_541\Debug\PSOC_ADC_read.a(isr_rx.o)
 .debug_frame   0x00000574       0xe0 .\CortexM3\ARM_GCC_541\Debug\PSOC_ADC_read.a(UART_IntClock.o)
 .debug_frame   0x00000654      0x754 .\CortexM3\ARM_GCC_541\Debug\PSOC_ADC_read.a(CyLib.o)
 .debug_frame   0x00000da8      0x1f8 .\CortexM3\ARM_GCC_541\Debug\PSOC_ADC_read.a(cyPm.o)
 .debug_frame   0x00000fa0      0x1b0 .\CortexM3\ARM_GCC_541\Debug\PSOC_ADC_read.a(ADC_SAR_1.o)
 .debug_frame   0x00001150       0x20 .\CortexM3\ARM_GCC_541\Debug\PSOC_ADC_read.a(ADC_SAR_1_INT.o)
 .debug_frame   0x00001170      0x100 .\CortexM3\ARM_GCC_541\Debug\PSOC_ADC_read.a(ADC_SAR_1_theACLK.o)
 .debug_frame   0x00001270      0x1b4 .\CortexM3\ARM_GCC_541\Debug\PSOC_ADC_read.a(ADC_SAR_2.o)
 .debug_frame   0x00001424       0x20 .\CortexM3\ARM_GCC_541\Debug\PSOC_ADC_read.a(ADC_SAR_2_INT.o)
 .debug_frame   0x00001444      0x100 .\CortexM3\ARM_GCC_541\Debug\PSOC_ADC_read.a(ADC_SAR_2_theACLK.o)
 .debug_frame   0x00001544      0x100 .\CortexM3\ARM_GCC_541\Debug\PSOC_ADC_read.a(CyScBoostClk.o)
 .debug_frame   0x00001644      0x174 .\CortexM3\ARM_GCC_541\Debug\PSOC_ADC_read.a(CyFlash.o)
 .debug_frame   0x000017b8      0x160 .\CortexM3\ARM_GCC_541\Debug\PSOC_ADC_read.a(CySpc.o)
 .debug_frame   0x00001918       0x44 c:/program files (x86)/cypress/psoc creator/4.2/psoc creator/import/gnu/arm/5.4.1/bin/../lib/gcc/arm-none-eabi/5.4.1/armv7-m\libgcc.a(_aeabi_ldivmod.o)
 .debug_frame   0x0000195c       0x38 c:/program files (x86)/cypress/psoc creator/4.2/psoc creator/import/gnu/arm/5.4.1/bin/../lib/gcc/arm-none-eabi/5.4.1/armv7-m\libgcc.a(_udivmoddi4.o)
 .debug_frame   0x00001994       0x20 c:/program files (x86)/cypress/psoc creator/4.2/psoc creator/import/gnu/arm/5.4.1/bin/../lib/gcc/arm-none-eabi/5.4.1/../../../../arm-none-eabi/lib/armv7-m\libg_nano.a(lib_a-errno.o)
 .debug_frame   0x000019b4       0x28 c:/program files (x86)/cypress/psoc creator/4.2/psoc creator/import/gnu/arm/5.4.1/bin/../lib/gcc/arm-none-eabi/5.4.1/../../../../arm-none-eabi/lib/armv7-m\libg_nano.a(lib_a-exit.o)
 .debug_frame   0x000019dc       0x2c c:/program files (x86)/cypress/psoc creator/4.2/psoc creator/import/gnu/arm/5.4.1/bin/../lib/gcc/arm-none-eabi/5.4.1/../../../../arm-none-eabi/lib/armv7-m\libg_nano.a(lib_a-init.o)
 .debug_frame   0x00001a08       0x28 c:/program files (x86)/cypress/psoc creator/4.2/psoc creator/import/gnu/arm/5.4.1/bin/../lib/gcc/arm-none-eabi/5.4.1/../../../../arm-none-eabi/lib/armv7-m\libg_nano.a(lib_a-memcpy-stub.o)
 .debug_frame   0x00001a30       0x20 c:/program files (x86)/cypress/psoc creator/4.2/psoc creator/import/gnu/arm/5.4.1/bin/../lib/gcc/arm-none-eabi/5.4.1/../../../../arm-none-eabi/lib/armv7-m\libg_nano.a(lib_a-memset.o)
 .debug_frame   0x00001a50       0x8c c:/program files (x86)/cypress/psoc creator/4.2/psoc creator/import/gnu/arm/5.4.1/bin/../lib/gcc/arm-none-eabi/5.4.1/../../../../arm-none-eabi/lib/armv7-m\libg_nano.a(lib_a-nano-vfprintf_float.o)
 .debug_frame   0x00001adc       0x60 c:/program files (x86)/cypress/psoc creator/4.2/psoc creator/import/gnu/arm/5.4.1/bin/../lib/gcc/arm-none-eabi/5.4.1/../../../../arm-none-eabi/lib/armv7-m\libg_nano.a(lib_a-nano-vfprintf_i.o)
 .debug_frame   0x00001b3c       0x70 c:/program files (x86)/cypress/psoc creator/4.2/psoc creator/import/gnu/arm/5.4.1/bin/../lib/gcc/arm-none-eabi/5.4.1/../../../../arm-none-eabi/lib/armv7-m\libg_nano.a(lib_a-sprintf.o)
 .debug_frame   0x00001bac       0x6c c:/program files (x86)/cypress/psoc creator/4.2/psoc creator/import/gnu/arm/5.4.1/bin/../lib/gcc/arm-none-eabi/5.4.1/../../../../arm-none-eabi/lib/armv7-m\libg_nano.a(lib_a-dtoa.o)
 .debug_frame   0x00001c18       0x98 c:/program files (x86)/cypress/psoc creator/4.2/psoc creator/import/gnu/arm/5.4.1/bin/../lib/gcc/arm-none-eabi/5.4.1/../../../../arm-none-eabi/lib/armv7-m\libg_nano.a(lib_a-locale.o)
 .debug_frame   0x00001cb0       0x30 c:/program files (x86)/cypress/psoc creator/4.2/psoc creator/import/gnu/arm/5.4.1/bin/../lib/gcc/arm-none-eabi/5.4.1/../../../../arm-none-eabi/lib/armv7-m\libg_nano.a(lib_a-malloc.o)
 .debug_frame   0x00001ce0       0x28 c:/program files (x86)/cypress/psoc creator/4.2/psoc creator/import/gnu/arm/5.4.1/bin/../lib/gcc/arm-none-eabi/5.4.1/../../../../arm-none-eabi/lib/armv7-m\libg_nano.a(lib_a-memchr-stub.o)
 .debug_frame   0x00001d08      0x234 c:/program files (x86)/cypress/psoc creator/4.2/psoc creator/import/gnu/arm/5.4.1/bin/../lib/gcc/arm-none-eabi/5.4.1/../../../../arm-none-eabi/lib/armv7-m\libg_nano.a(lib_a-mprec.o)
 .debug_frame   0x00001f3c       0x2c c:/program files (x86)/cypress/psoc creator/4.2/psoc creator/import/gnu/arm/5.4.1/bin/../lib/gcc/arm-none-eabi/5.4.1/../../../../arm-none-eabi/lib/armv7-m\libg_nano.a(lib_a-nano-callocr.o)
 .debug_frame   0x00001f68       0x38 c:/program files (x86)/cypress/psoc creator/4.2/psoc creator/import/gnu/arm/5.4.1/bin/../lib/gcc/arm-none-eabi/5.4.1/../../../../arm-none-eabi/lib/armv7-m\libg_nano.a(lib_a-nano-freer.o)
 .debug_frame   0x00001fa0       0x2c c:/program files (x86)/cypress/psoc creator/4.2/psoc creator/import/gnu/arm/5.4.1/bin/../lib/gcc/arm-none-eabi/5.4.1/../../../../arm-none-eabi/lib/armv7-m\libg_nano.a(lib_a-nano-mallocr.o)
 .debug_frame   0x00001fcc       0x90 c:/program files (x86)/cypress/psoc creator/4.2/psoc creator/import/gnu/arm/5.4.1/bin/../lib/gcc/arm-none-eabi/5.4.1/../../../../arm-none-eabi/lib/armv7-m\libg_nano.a(lib_a-nano-svfprintf.o)
 .debug_frame   0x0000205c       0x2c c:/program files (x86)/cypress/psoc creator/4.2/psoc creator/import/gnu/arm/5.4.1/bin/../lib/gcc/arm-none-eabi/5.4.1/../../../../arm-none-eabi/lib/armv7-m\libg_nano.a(lib_a-sbrkr.o)
 .debug_frame   0x00002088       0x20 c:/program files (x86)/cypress/psoc creator/4.2/psoc creator/import/gnu/arm/5.4.1/bin/../lib/gcc/arm-none-eabi/5.4.1/../../../../arm-none-eabi/lib/armv7-m\libg_nano.a(lib_a-strcmp.o)
 .debug_frame   0x000020a8       0x28 c:/program files (x86)/cypress/psoc creator/4.2/psoc creator/import/gnu/arm/5.4.1/bin/../lib/gcc/arm-none-eabi/5.4.1/../../../../arm-none-eabi/lib/armv7-m\libg_nano.a(lib_a-memmove.o)
 .debug_frame   0x000020d0       0x30 c:/program files (x86)/cypress/psoc creator/4.2/psoc creator/import/gnu/arm/5.4.1/bin/../lib/gcc/arm-none-eabi/5.4.1/../../../../arm-none-eabi/lib/armv7-m\libg_nano.a(lib_a-mlock.o)
 .debug_frame   0x00002100       0x3c c:/program files (x86)/cypress/psoc creator/4.2/psoc creator/import/gnu/arm/5.4.1/bin/../lib/gcc/arm-none-eabi/5.4.1/../../../../arm-none-eabi/lib/armv7-m\libg_nano.a(lib_a-nano-reallocr.o)
 .debug_frame   0x0000213c       0x5c c:/program files (x86)/cypress/psoc creator/4.2/psoc creator/import/gnu/arm/5.4.1/bin/../lib/gcc/arm-none-eabi/5.4.1/../../../../arm-none-eabi/lib/armv7-m\libg_nano.a(lib_a-reent.o)
 .debug_frame   0x00002198       0x20 c:/program files (x86)/cypress/psoc creator/4.2/psoc creator/import/gnu/arm/5.4.1/bin/../lib/gcc/arm-none-eabi/5.4.1/../../../../arm-none-eabi/lib/armv7-m\libg_nano.a(lib_a-nano-msizer.o)

.debug_str      0x00000000     0x2262
 *(.debug_str)
 .debug_str     0x00000000      0x29f .\CortexM3\ARM_GCC_541\Debug\main.o
                                0x2e7 (size before relaxing)
 .debug_str     0x0000029f       0x21 .\CortexM3\ARM_GCC_541\Debug\debug.o
                                0x1c2 (size before relaxing)
 .debug_str     0x000002c0      0x1ad .\CortexM3\ARM_GCC_541\Debug\cyfitter_cfg.o
                                0x355 (size before relaxing)
 .debug_str     0x0000046d       0x7f .\CortexM3\ARM_GCC_541\Debug\cymetadata.o
                                0x1eb (size before relaxing)
 .debug_str     0x000004ec      0x144 .\CortexM3\ARM_GCC_541\Debug\Cm3Start.o
                                0x311 (size before relaxing)
 .debug_str     0x00000630      0x29d .\CortexM3\ARM_GCC_541\Debug\PSOC_ADC_read.a(UART.o)
                                0x47c (size before relaxing)
 .debug_str     0x000008cd       0xfd .\CortexM3\ARM_GCC_541\Debug\PSOC_ADC_read.a(isr_rx.o)
                                0x2bb (size before relaxing)
 .debug_str     0x000009ca      0x189 .\CortexM3\ARM_GCC_541\Debug\PSOC_ADC_read.a(UART_IntClock.o)
                                0x33d (size before relaxing)
 .debug_str     0x00000b53      0x840 .\CortexM3\ARM_GCC_541\Debug\PSOC_ADC_read.a(CyLib.o)
                                0xa97 (size before relaxing)
 .debug_str     0x00001393      0x365 .\CortexM3\ARM_GCC_541\Debug\PSOC_ADC_read.a(cyPm.o)
                                0x73a (size before relaxing)
 .debug_str     0x000016f8      0x212 .\CortexM3\ARM_GCC_541\Debug\PSOC_ADC_read.a(ADC_SAR_1.o)
                                0x4c4 (size before relaxing)
 .debug_str     0x0000190a       0x35 .\CortexM3\ARM_GCC_541\Debug\PSOC_ADC_read.a(ADC_SAR_1_INT.o)
                                0x1a2 (size before relaxing)
 .debug_str     0x0000193f      0x1bc .\CortexM3\ARM_GCC_541\Debug\PSOC_ADC_read.a(ADC_SAR_1_theACLK.o)
                                0x3bc (size before relaxing)
 .debug_str     0x00001afb      0x1cd .\CortexM3\ARM_GCC_541\Debug\PSOC_ADC_read.a(ADC_SAR_2.o)
                                0x4c4 (size before relaxing)
 .debug_str     0x00001cc8       0x35 .\CortexM3\ARM_GCC_541\Debug\PSOC_ADC_read.a(ADC_SAR_2_INT.o)
                                0x1a2 (size before relaxing)
 .debug_str     0x00001cfd      0x1b3 .\CortexM3\ARM_GCC_541\Debug\PSOC_ADC_read.a(ADC_SAR_2_theACLK.o)
                                0x3bc (size before relaxing)
 .debug_str     0x00001eb0      0x16a .\CortexM3\ARM_GCC_541\Debug\PSOC_ADC_read.a(CyScBoostClk.o)
                                0x376 (size before relaxing)
 .debug_str     0x0000201a      0x19c .\CortexM3\ARM_GCC_541\Debug\PSOC_ADC_read.a(CyFlash.o)
                                0x3a8 (size before relaxing)
 .debug_str     0x000021b6       0xac .\CortexM3\ARM_GCC_541\Debug\PSOC_ADC_read.a(CySpc.o)
                                0x331 (size before relaxing)

.debug_loc      0x00000000     0x26af
 *(.debug_loc)
 .debug_loc     0x00000000       0x13 .\CortexM3\ARM_GCC_541\Debug\main.o
 .debug_loc     0x00000013       0x87 .\CortexM3\ARM_GCC_541\Debug\debug.o
 .debug_loc     0x0000009a      0x280 .\CortexM3\ARM_GCC_541\Debug\cyfitter_cfg.o
 .debug_loc     0x0000031a      0x144 .\CortexM3\ARM_GCC_541\Debug\Cm3Start.o
 .debug_loc     0x0000045e      0x258 .\CortexM3\ARM_GCC_541\Debug\PSOC_ADC_read.a(UART.o)
 .debug_loc     0x000006b6       0x56 .\CortexM3\ARM_GCC_541\Debug\PSOC_ADC_read.a(isr_rx.o)
 .debug_loc     0x0000070c      0x12c .\CortexM3\ARM_GCC_541\Debug\PSOC_ADC_read.a(UART_IntClock.o)
 .debug_loc     0x00000838      0xa4b .\CortexM3\ARM_GCC_541\Debug\PSOC_ADC_read.a(CyLib.o)
 .debug_loc     0x00001283      0x1e4 .\CortexM3\ARM_GCC_541\Debug\PSOC_ADC_read.a(cyPm.o)
 .debug_loc     0x00001467      0x295 .\CortexM3\ARM_GCC_541\Debug\PSOC_ADC_read.a(ADC_SAR_1.o)
 .debug_loc     0x000016fc      0x149 .\CortexM3\ARM_GCC_541\Debug\PSOC_ADC_read.a(ADC_SAR_1_theACLK.o)
 .debug_loc     0x00001845      0x295 .\CortexM3\ARM_GCC_541\Debug\PSOC_ADC_read.a(ADC_SAR_2.o)
 .debug_loc     0x00001ada      0x149 .\CortexM3\ARM_GCC_541\Debug\PSOC_ADC_read.a(ADC_SAR_2_theACLK.o)
 .debug_loc     0x00001c23      0x14d .\CortexM3\ARM_GCC_541\Debug\PSOC_ADC_read.a(CyScBoostClk.o)
 .debug_loc     0x00001d70      0x2f2 .\CortexM3\ARM_GCC_541\Debug\PSOC_ADC_read.a(CyFlash.o)
 .debug_loc     0x00002062      0x64d .\CortexM3\ARM_GCC_541\Debug\PSOC_ADC_read.a(CySpc.o)

.debug_macinfo
 *(.debug_macinfo)

.debug_ranges   0x00000000      0x8f0
 *(.debug_ranges)
 .debug_ranges  0x00000000       0x18 .\CortexM3\ARM_GCC_541\Debug\main.o
 .debug_ranges  0x00000018       0x10 .\CortexM3\ARM_GCC_541\Debug\debug.o
 .debug_ranges  0x00000028       0x48 .\CortexM3\ARM_GCC_541\Debug\cyfitter_cfg.o
 .debug_ranges  0x00000070       0x38 .\CortexM3\ARM_GCC_541\Debug\Cm3Start.o
 .debug_ranges  0x000000a8       0xe0 .\CortexM3\ARM_GCC_541\Debug\PSOC_ADC_read.a(UART.o)
 .debug_ranges  0x00000188       0x70 .\CortexM3\ARM_GCC_541\Debug\PSOC_ADC_read.a(isr_rx.o)
 .debug_ranges  0x000001f8       0x60 .\CortexM3\ARM_GCC_541\Debug\PSOC_ADC_read.a(UART_IntClock.o)
 .debug_ranges  0x00000258      0x298 .\CortexM3\ARM_GCC_541\Debug\PSOC_ADC_read.a(CyLib.o)
 .debug_ranges  0x000004f0       0x88 .\CortexM3\ARM_GCC_541\Debug\PSOC_ADC_read.a(cyPm.o)
 .debug_ranges  0x00000578       0x98 .\CortexM3\ARM_GCC_541\Debug\PSOC_ADC_read.a(ADC_SAR_1.o)
 .debug_ranges  0x00000610       0x10 .\CortexM3\ARM_GCC_541\Debug\PSOC_ADC_read.a(ADC_SAR_1_INT.o)
 .debug_ranges  0x00000620       0x70 .\CortexM3\ARM_GCC_541\Debug\PSOC_ADC_read.a(ADC_SAR_1_theACLK.o)
 .debug_ranges  0x00000690       0x98 .\CortexM3\ARM_GCC_541\Debug\PSOC_ADC_read.a(ADC_SAR_2.o)
 .debug_ranges  0x00000728       0x10 .\CortexM3\ARM_GCC_541\Debug\PSOC_ADC_read.a(ADC_SAR_2_INT.o)
 .debug_ranges  0x00000738       0x70 .\CortexM3\ARM_GCC_541\Debug\PSOC_ADC_read.a(ADC_SAR_2_theACLK.o)
 .debug_ranges  0x000007a8       0x70 .\CortexM3\ARM_GCC_541\Debug\PSOC_ADC_read.a(CyScBoostClk.o)
 .debug_ranges  0x00000818       0x70 .\CortexM3\ARM_GCC_541\Debug\PSOC_ADC_read.a(CyFlash.o)
 .debug_ranges  0x00000888       0x68 .\CortexM3\ARM_GCC_541\Debug\PSOC_ADC_read.a(CySpc.o)

.comment        0x00000000       0x6e
 .comment       0x00000000       0x6e .\CortexM3\ARM_GCC_541\Debug\main.o
                                 0x6f (size before relaxing)
 .comment       0x0000006e       0x6f .\CortexM3\ARM_GCC_541\Debug\debug.o
 .comment       0x0000006e       0x6f .\CortexM3\ARM_GCC_541\Debug\cyfitter_cfg.o
 .comment       0x0000006e       0x6f .\CortexM3\ARM_GCC_541\Debug\cymetadata.o
 .comment       0x0000006e       0x6f .\CortexM3\ARM_GCC_541\Debug\Cm3Start.o
 .comment       0x0000006e       0x6f .\CortexM3\ARM_GCC_541\Debug\PSOC_ADC_read.a(UART.o)
 .comment       0x0000006e       0x6f .\CortexM3\ARM_GCC_541\Debug\PSOC_ADC_read.a(isr_rx.o)
 .comment       0x0000006e       0x6f .\CortexM3\ARM_GCC_541\Debug\PSOC_ADC_read.a(UART_IntClock.o)
 .comment       0x0000006e       0x6f .\CortexM3\ARM_GCC_541\Debug\PSOC_ADC_read.a(CyLib.o)
 .comment       0x0000006e       0x6f .\CortexM3\ARM_GCC_541\Debug\PSOC_ADC_read.a(cyPm.o)
 .comment       0x0000006e       0x6f .\CortexM3\ARM_GCC_541\Debug\PSOC_ADC_read.a(ADC_SAR_1.o)
 .comment       0x0000006e       0x6f .\CortexM3\ARM_GCC_541\Debug\PSOC_ADC_read.a(ADC_SAR_1_INT.o)
 .comment       0x0000006e       0x6f .\CortexM3\ARM_GCC_541\Debug\PSOC_ADC_read.a(ADC_SAR_1_theACLK.o)
 .comment       0x0000006e       0x6f .\CortexM3\ARM_GCC_541\Debug\PSOC_ADC_read.a(ADC_SAR_2.o)
 .comment       0x0000006e       0x6f .\CortexM3\ARM_GCC_541\Debug\PSOC_ADC_read.a(ADC_SAR_2_INT.o)
 .comment       0x0000006e       0x6f .\CortexM3\ARM_GCC_541\Debug\PSOC_ADC_read.a(ADC_SAR_2_theACLK.o)
 .comment       0x0000006e       0x6f .\CortexM3\ARM_GCC_541\Debug\PSOC_ADC_read.a(CyScBoostClk.o)
 .comment       0x0000006e       0x6f .\CortexM3\ARM_GCC_541\Debug\PSOC_ADC_read.a(CyFlash.o)
 .comment       0x0000006e       0x6f .\CortexM3\ARM_GCC_541\Debug\PSOC_ADC_read.a(CySpc.o)

.debug_weaknames
 *(.debug_weaknames)

.debug_funcnames
 *(.debug_funcnames)

.debug_typenames
 *(.debug_typenames)

.debug_varnames
 *(.debug_varnames)

.note.gnu.arm.ident
 *(.note.gnu.arm.ident)

.ARM.attributes
                0x00000000       0x29
 *(.ARM.attributes)
 .ARM.attributes
                0x00000000       0x1d c:/program files (x86)/cypress/psoc creator/4.2/psoc creator/import/gnu/arm/5.4.1/bin/../lib/gcc/arm-none-eabi/5.4.1/armv7-m/crti.o
 .ARM.attributes
                0x0000001d       0x2d c:/program files (x86)/cypress/psoc creator/4.2/psoc creator/import/gnu/arm/5.4.1/bin/../lib/gcc/arm-none-eabi/5.4.1/armv7-m/crtbegin.o
 .ARM.attributes
                0x0000004a       0x1b c:/program files (x86)/cypress/psoc creator/4.2/psoc creator/import/gnu/arm/5.4.1/bin/../lib/gcc/arm-none-eabi/5.4.1/../../../../arm-none-eabi/lib/armv7-m/crt0.o
 .ARM.attributes
                0x00000065       0x33 .\CortexM3\ARM_GCC_541\Debug\main.o
 .ARM.attributes
                0x00000098       0x33 .\CortexM3\ARM_GCC_541\Debug\debug.o
 .ARM.attributes
                0x000000cb       0x33 .\CortexM3\ARM_GCC_541\Debug\cyfitter_cfg.o
 .ARM.attributes
                0x000000fe       0x33 .\CortexM3\ARM_GCC_541\Debug\cymetadata.o
 .ARM.attributes
                0x00000131       0x33 .\CortexM3\ARM_GCC_541\Debug\Cm3Start.o
 .ARM.attributes
                0x00000164       0x33 .\CortexM3\ARM_GCC_541\Debug\PSOC_ADC_read.a(UART.o)
 .ARM.attributes
                0x00000197       0x33 .\CortexM3\ARM_GCC_541\Debug\PSOC_ADC_read.a(isr_rx.o)
 .ARM.attributes
                0x000001ca       0x33 .\CortexM3\ARM_GCC_541\Debug\PSOC_ADC_read.a(UART_IntClock.o)
 .ARM.attributes
                0x000001fd       0x33 .\CortexM3\ARM_GCC_541\Debug\PSOC_ADC_read.a(CyLib.o)
 .ARM.attributes
                0x00000230       0x33 .\CortexM3\ARM_GCC_541\Debug\PSOC_ADC_read.a(cyPm.o)
 .ARM.attributes
                0x00000263       0x33 .\CortexM3\ARM_GCC_541\Debug\PSOC_ADC_read.a(ADC_SAR_1.o)
 .ARM.attributes
                0x00000296       0x33 .\CortexM3\ARM_GCC_541\Debug\PSOC_ADC_read.a(ADC_SAR_1_INT.o)
 .ARM.attributes
                0x000002c9       0x33 .\CortexM3\ARM_GCC_541\Debug\PSOC_ADC_read.a(ADC_SAR_1_theACLK.o)
 .ARM.attributes
                0x000002fc       0x33 .\CortexM3\ARM_GCC_541\Debug\PSOC_ADC_read.a(ADC_SAR_2.o)
 .ARM.attributes
                0x0000032f       0x33 .\CortexM3\ARM_GCC_541\Debug\PSOC_ADC_read.a(ADC_SAR_2_INT.o)
 .ARM.attributes
                0x00000362       0x33 .\CortexM3\ARM_GCC_541\Debug\PSOC_ADC_read.a(ADC_SAR_2_theACLK.o)
 .ARM.attributes
                0x00000395       0x21 .\CortexM3\ARM_GCC_541\Debug\PSOC_ADC_read.a(CyBootAsmGnu.o)
 .ARM.attributes
                0x000003b6       0x33 .\CortexM3\ARM_GCC_541\Debug\PSOC_ADC_read.a(CyScBoostClk.o)
 .ARM.attributes
                0x000003e9       0x33 .\CortexM3\ARM_GCC_541\Debug\PSOC_ADC_read.a(CyFlash.o)
 .ARM.attributes
                0x0000041c       0x33 .\CortexM3\ARM_GCC_541\Debug\PSOC_ADC_read.a(CySpc.o)
 .ARM.attributes
                0x0000044f       0x1d c:/program files (x86)/cypress/psoc creator/4.2/psoc creator/import/gnu/arm/5.4.1/bin/../lib/gcc/arm-none-eabi/5.4.1/armv7-m\libgcc.a(_arm_addsubsf3.o)
 .ARM.attributes
                0x0000046c       0x1d c:/program files (x86)/cypress/psoc creator/4.2/psoc creator/import/gnu/arm/5.4.1/bin/../lib/gcc/arm-none-eabi/5.4.1/armv7-m\libgcc.a(_arm_muldivsf3.o)
 .ARM.attributes
                0x00000489       0x1d c:/program files (x86)/cypress/psoc creator/4.2/psoc creator/import/gnu/arm/5.4.1/bin/../lib/gcc/arm-none-eabi/5.4.1/armv7-m\libgcc.a(_aeabi_ldivmod.o)
 .ARM.attributes
                0x000004a6       0x2d c:/program files (x86)/cypress/psoc creator/4.2/psoc creator/import/gnu/arm/5.4.1/bin/../lib/gcc/arm-none-eabi/5.4.1/armv7-m\libgcc.a(_udivmoddi4.o)
 .ARM.attributes
                0x000004d3       0x1d c:/program files (x86)/cypress/psoc creator/4.2/psoc creator/import/gnu/arm/5.4.1/bin/../lib/gcc/arm-none-eabi/5.4.1/armv7-m\libgcc.a(_dvmd_tls.o)
 .ARM.attributes
                0x000004f0       0x2d c:/program files (x86)/cypress/psoc creator/4.2/psoc creator/import/gnu/arm/5.4.1/bin/../lib/gcc/arm-none-eabi/5.4.1/../../../../arm-none-eabi/lib/armv7-m\libg_nano.a(lib_a-errno.o)
 .ARM.attributes
                0x0000051d       0x2d c:/program files (x86)/cypress/psoc creator/4.2/psoc creator/import/gnu/arm/5.4.1/bin/../lib/gcc/arm-none-eabi/5.4.1/../../../../arm-none-eabi/lib/armv7-m\libg_nano.a(lib_a-exit.o)
 .ARM.attributes
                0x0000054a       0x2d c:/program files (x86)/cypress/psoc creator/4.2/psoc creator/import/gnu/arm/5.4.1/bin/../lib/gcc/arm-none-eabi/5.4.1/../../../../arm-none-eabi/lib/armv7-m\libg_nano.a(lib_a-impure.o)
 .ARM.attributes
                0x00000577       0x2d c:/program files (x86)/cypress/psoc creator/4.2/psoc creator/import/gnu/arm/5.4.1/bin/../lib/gcc/arm-none-eabi/5.4.1/../../../../arm-none-eabi/lib/armv7-m\libg_nano.a(lib_a-init.o)
 .ARM.attributes
                0x000005a4       0x2d c:/program files (x86)/cypress/psoc creator/4.2/psoc creator/import/gnu/arm/5.4.1/bin/../lib/gcc/arm-none-eabi/5.4.1/../../../../arm-none-eabi/lib/armv7-m\libg_nano.a(lib_a-memcpy-stub.o)
 .ARM.attributes
                0x000005d1       0x2d c:/program files (x86)/cypress/psoc creator/4.2/psoc creator/import/gnu/arm/5.4.1/bin/../lib/gcc/arm-none-eabi/5.4.1/../../../../arm-none-eabi/lib/armv7-m\libg_nano.a(lib_a-memset.o)
 .ARM.attributes
                0x000005fe       0x2d c:/program files (x86)/cypress/psoc creator/4.2/psoc creator/import/gnu/arm/5.4.1/bin/../lib/gcc/arm-none-eabi/5.4.1/../../../../arm-none-eabi/lib/armv7-m\libg_nano.a(lib_a-nano-vfprintf_float.o)
 .ARM.attributes
                0x0000062b       0x2d c:/program files (x86)/cypress/psoc creator/4.2/psoc creator/import/gnu/arm/5.4.1/bin/../lib/gcc/arm-none-eabi/5.4.1/../../../../arm-none-eabi/lib/armv7-m\libg_nano.a(lib_a-nano-vfprintf_i.o)
 .ARM.attributes
                0x00000658       0x2d c:/program files (x86)/cypress/psoc creator/4.2/psoc creator/import/gnu/arm/5.4.1/bin/../lib/gcc/arm-none-eabi/5.4.1/../../../../arm-none-eabi/lib/armv7-m\libg_nano.a(lib_a-sprintf.o)
 .ARM.attributes
                0x00000685       0x17 c:/program files (x86)/cypress/psoc creator/4.2/psoc creator/import/gnu/arm/5.4.1/bin/../lib/gcc/arm-none-eabi/5.4.1/../../../../arm-none-eabi/lib/armv7-m\libg_nano.a(lib_a-strlen.o)
 .ARM.attributes
                0x0000069c       0x2d c:/program files (x86)/cypress/psoc creator/4.2/psoc creator/import/gnu/arm/5.4.1/bin/../lib/gcc/arm-none-eabi/5.4.1/../../../../arm-none-eabi/lib/armv7-m\libg_nano.a(lib_a-dtoa.o)
 .ARM.attributes
                0x000006c9       0x2d c:/program files (x86)/cypress/psoc creator/4.2/psoc creator/import/gnu/arm/5.4.1/bin/../lib/gcc/arm-none-eabi/5.4.1/../../../../arm-none-eabi/lib/armv7-m\libg_nano.a(lib_a-locale.o)
 .ARM.attributes
                0x000006f6       0x2d c:/program files (x86)/cypress/psoc creator/4.2/psoc creator/import/gnu/arm/5.4.1/bin/../lib/gcc/arm-none-eabi/5.4.1/../../../../arm-none-eabi/lib/armv7-m\libg_nano.a(lib_a-malloc.o)
 .ARM.attributes
                0x00000723       0x2d c:/program files (x86)/cypress/psoc creator/4.2/psoc creator/import/gnu/arm/5.4.1/bin/../lib/gcc/arm-none-eabi/5.4.1/../../../../arm-none-eabi/lib/armv7-m\libg_nano.a(lib_a-memchr-stub.o)
 .ARM.attributes
                0x00000750       0x2d c:/program files (x86)/cypress/psoc creator/4.2/psoc creator/import/gnu/arm/5.4.1/bin/../lib/gcc/arm-none-eabi/5.4.1/../../../../arm-none-eabi/lib/armv7-m\libg_nano.a(lib_a-mprec.o)
 .ARM.attributes
                0x0000077d       0x2d c:/program files (x86)/cypress/psoc creator/4.2/psoc creator/import/gnu/arm/5.4.1/bin/../lib/gcc/arm-none-eabi/5.4.1/../../../../arm-none-eabi/lib/armv7-m\libg_nano.a(lib_a-nano-callocr.o)
 .ARM.attributes
                0x000007aa       0x2d c:/program files (x86)/cypress/psoc creator/4.2/psoc creator/import/gnu/arm/5.4.1/bin/../lib/gcc/arm-none-eabi/5.4.1/../../../../arm-none-eabi/lib/armv7-m\libg_nano.a(lib_a-nano-freer.o)
 .ARM.attributes
                0x000007d7       0x2d c:/program files (x86)/cypress/psoc creator/4.2/psoc creator/import/gnu/arm/5.4.1/bin/../lib/gcc/arm-none-eabi/5.4.1/../../../../arm-none-eabi/lib/armv7-m\libg_nano.a(lib_a-nano-mallocr.o)
 .ARM.attributes
                0x00000804       0x2d c:/program files (x86)/cypress/psoc creator/4.2/psoc creator/import/gnu/arm/5.4.1/bin/../lib/gcc/arm-none-eabi/5.4.1/../../../../arm-none-eabi/lib/armv7-m\libg_nano.a(lib_a-nano-svfprintf.o)
 .ARM.attributes
                0x00000831       0x2d c:/program files (x86)/cypress/psoc creator/4.2/psoc creator/import/gnu/arm/5.4.1/bin/../lib/gcc/arm-none-eabi/5.4.1/../../../../arm-none-eabi/lib/armv7-m\libg_nano.a(lib_a-sbrkr.o)
 .ARM.attributes
                0x0000085e       0x1b c:/program files (x86)/cypress/psoc creator/4.2/psoc creator/import/gnu/arm/5.4.1/bin/../lib/gcc/arm-none-eabi/5.4.1/../../../../arm-none-eabi/lib/armv7-m\libg_nano.a(lib_a-strcmp.o)
 .ARM.attributes
                0x00000879       0x2d c:/program files (x86)/cypress/psoc creator/4.2/psoc creator/import/gnu/arm/5.4.1/bin/../lib/gcc/arm-none-eabi/5.4.1/../../../../arm-none-eabi/lib/armv7-m\libg_nano.a(lib_a-memmove.o)
 .ARM.attributes
                0x000008a6       0x2d c:/program files (x86)/cypress/psoc creator/4.2/psoc creator/import/gnu/arm/5.4.1/bin/../lib/gcc/arm-none-eabi/5.4.1/../../../../arm-none-eabi/lib/armv7-m\libg_nano.a(lib_a-mlock.o)
 .ARM.attributes
                0x000008d3       0x2d c:/program files (x86)/cypress/psoc creator/4.2/psoc creator/import/gnu/arm/5.4.1/bin/../lib/gcc/arm-none-eabi/5.4.1/../../../../arm-none-eabi/lib/armv7-m\libg_nano.a(lib_a-nano-reallocr.o)
 .ARM.attributes
                0x00000900       0x2d c:/program files (x86)/cypress/psoc creator/4.2/psoc creator/import/gnu/arm/5.4.1/bin/../lib/gcc/arm-none-eabi/5.4.1/../../../../arm-none-eabi/lib/armv7-m\libg_nano.a(lib_a-reent.o)
 .ARM.attributes
                0x0000092d       0x2d c:/program files (x86)/cypress/psoc creator/4.2/psoc creator/import/gnu/arm/5.4.1/bin/../lib/gcc/arm-none-eabi/5.4.1/../../../../arm-none-eabi/lib/armv7-m\libg_nano.a(lib_a-nano-msizer.o)
 .ARM.attributes
                0x0000095a       0x1d c:/program files (x86)/cypress/psoc creator/4.2/psoc creator/import/gnu/arm/5.4.1/bin/../lib/gcc/arm-none-eabi/5.4.1/armv7-m\libgcc.a(_arm_addsubdf3.o)
 .ARM.attributes
                0x00000977       0x1d c:/program files (x86)/cypress/psoc creator/4.2/psoc creator/import/gnu/arm/5.4.1/bin/../lib/gcc/arm-none-eabi/5.4.1/armv7-m\libgcc.a(_arm_muldivdf3.o)
 .ARM.attributes
                0x00000994       0x1d c:/program files (x86)/cypress/psoc creator/4.2/psoc creator/import/gnu/arm/5.4.1/bin/../lib/gcc/arm-none-eabi/5.4.1/armv7-m\libgcc.a(_arm_cmpdf2.o)
 .ARM.attributes
                0x000009b1       0x1d c:/program files (x86)/cypress/psoc creator/4.2/psoc creator/import/gnu/arm/5.4.1/bin/../lib/gcc/arm-none-eabi/5.4.1/armv7-m\libgcc.a(_arm_unorddf2.o)
 .ARM.attributes
                0x000009ce       0x1d c:/program files (x86)/cypress/psoc creator/4.2/psoc creator/import/gnu/arm/5.4.1/bin/../lib/gcc/arm-none-eabi/5.4.1/armv7-m\libgcc.a(_arm_fixdfsi.o)
 .ARM.attributes
                0x000009eb       0x2d c:/program files (x86)/cypress/psoc creator/4.2/psoc creator/import/gnu/arm/5.4.1/bin/../lib/gcc/arm-none-eabi/5.4.1/armv7-m/crtend.o
 .ARM.attributes
                0x00000a18       0x1d c:/program files (x86)/cypress/psoc creator/4.2/psoc creator/import/gnu/arm/5.4.1/bin/../lib/gcc/arm-none-eabi/5.4.1/armv7-m/crtn.o

/DISCARD/
 *(.note.GNU-stack)
OUTPUT(C:\Users\Andrew\Documents\GitHub\Hydraulic-Mimic-Arm\PSOC_ADC_read.cydsn\CortexM3\ARM_GCC_541\Debug\PSOC_ADC_read.elf elf32-littlearm)
